
> revos@0.1.0 test:run
> vitest run


[1m[46m RUN [49m[22m [36mv4.0.17 [39m[90m/home/jitin-m-nair/Desktop/RevOS[39m

[90mstdout[2m | tests/api/employees/concurrent.test.ts[2m > [22m[2mPOST /api/employees - Concurrent Request Tests[2m > [22m[2mRace Conditions[2m > [22m[2mshould handle concurrent requests with identical data
[22m[39mFetching parent user details for UID: 123e4567-e89b-12d3-a456-426614174000
Fetching parent user details for UID: 123e4567-e89b-12d3-a456-426614174000
Fetching parent user details for UID: 123e4567-e89b-12d3-a456-426614174000
Parent user data: {
  garageUid: [32m'garage-uid-123'[39m,
  garageId: [32m'GARAGE001'[39m,
  garageName: [32m'Test Garage'[39m
}
Generated login ID: john.doe@testgarage
Parent user data: {
  garageUid: [32m'garage-uid-123'[39m,
  garageId: [32m'GARAGE001'[39m,
  garageName: [32m'Test Garage'[39m
}
Generated login ID: john.doe@testgarage
Parent user data: {
  garageUid: [32m'garage-uid-123'[39m,
  garageId: [32m'GARAGE001'[39m,
  garageName: [32m'Test Garage'[39m
}
Generated login ID: john.doe@testgarage
Inserting new user data: {
  user_uid: [32m'***'[39m,
  garage_uid: [32m'garage-uid-123'[39m,
  garage_id: [32m'GARAGE001'[39m,
  garage_name: [32m'Test Garage'[39m,
  first_name: [32m'John'[39m,
  last_name: [32m'Doe'[39m,
  login_id: [32m'john.doe@testgarage'[39m,
  user_role: [32m'mechanic'[39m,
  email: [32m'john.doe@example.com'[39m,
  phone_number: [32m'+1234567890'[39m,
  is_active: [33mtrue[39m,
  created_at: [32m'2026-01-16T16:33:18.696Z'[39m,
  updated_at: [32m'2026-01-16T16:33:18.696Z'[39m
}
Inserting new user data: {
  user_uid: [32m'***'[39m,
  garage_uid: [32m'garage-uid-123'[39m,
  garage_id: [32m'GARAGE001'[39m,
  garage_name: [32m'Test Garage'[39m,
  first_name: [32m'John'[39m,
  last_name: [32m'Doe'[39m,
  login_id: [32m'john.doe@testgarage'[39m,
  user_role: [32m'mechanic'[39m,
  email: [32m'john.doe@example.com'[39m,
  phone_number: [32m'+1234567890'[39m,
  is_active: [33mtrue[39m,
  created_at: [32m'2026-01-16T16:33:18.696Z'[39m,
  updated_at: [32m'2026-01-16T16:33:18.696Z'[39m
}
Inserting new user data: {
  user_uid: [32m'***'[39m,
  garage_uid: [32m'garage-uid-123'[39m,
  garage_id: [32m'GARAGE001'[39m,
  garage_name: [32m'Test Garage'[39m,
  first_name: [32m'John'[39m,
  last_name: [32m'Doe'[39m,
  login_id: [32m'john.doe@testgarage'[39m,
  user_role: [32m'mechanic'[39m,
  email: [32m'john.doe@example.com'[39m,
  phone_number: [32m'+1234567890'[39m,
  is_active: [33mtrue[39m,
  created_at: [32m'2026-01-16T16:33:18.697Z'[39m,
  updated_at: [32m'2026-01-16T16:33:18.697Z'[39m
}
User created successfully: { userUid: [32m'20412732-d67b-4185-aff3-f12f3b849bdb'[39m }
Inserting auth data...
User created successfully: { userUid: [32m'4df64267-59f2-4eed-890d-785b91627185'[39m }
Inserting auth data...
User created successfully: { userUid: [32m'09ed5cd4-3bb5-4bff-8a05-a758a73b358c'[39m }
Inserting auth data...
Auth record created successfully
Auth record created successfully
Auth record created successfully

[90mstdout[2m | tests/api/employees/concurrent.test.ts[2m > [22m[2mPOST /api/employees - Concurrent Request Tests[2m > [22m[2mRace Conditions[2m > [22m[2mshould handle concurrent requests with identical data
[22m[39mConcurrent requests: 3 succeeded, 0 failed

[90mstdout[2m | tests/api/employees/validation.test.ts[2m > [22m[2mPOST /api/employees - Validation Tests[2m > [22m[2mValid Input Cases[2m > [22m[2mshould create employee with all valid fields
[22m[39mFetching parent user details for UID: 123e4567-e89b-12d3-a456-426614174000

[90mstdout[2m | tests/api/employees/edge-cases.test.ts[2m > [22m[2mPOST /api/employees - Edge Cases Tests[2m > [22m[2mEmpty and Whitespace Tests[2m > [22m[2mshould handle empty string after trimming in firstName
[22m[39mFetching parent user details for UID: 123e4567-e89b-12d3-a456-426614174000

[90mstdout[2m | tests/api/employees/concurrent.test.ts[2m > [22m[2mPOST /api/employees - Concurrent Request Tests[2m > [22m[2mRace Conditions[2m > [22m[2mshould handle rapid sequential duplicate checks
[22m[39mFetching parent user details for UID: 123e4567-e89b-12d3-a456-426614174000
Fetching parent user details for UID: 123e4567-e89b-12d3-a456-426614174000
Fetching parent user details for UID: 123e4567-e89b-12d3-a456-426614174000
Fetching parent user details for UID: 123e4567-e89b-12d3-a456-426614174000
Fetching parent user details for UID: 123e4567-e89b-12d3-a456-426614174000
Fetching parent user details for UID: 123e4567-e89b-12d3-a456-426614174000
Fetching parent user details for UID: 123e4567-e89b-12d3-a456-426614174000
Fetching parent user details for UID: 123e4567-e89b-12d3-a456-426614174000
Fetching parent user details for UID: 123e4567-e89b-12d3-a456-426614174000
Fetching parent user details for UID: 123e4567-e89b-12d3-a456-426614174000
Parent user data: {
  garageUid: [32m'garage-uid-123'[39m,
  garageId: [32m'GARAGE001'[39m,
  garageName: [32m'Test Garage'[39m
}
Generated login ID: john.doe@testgarage
Parent user data: {
  garageUid: [32m'garage-uid-123'[39m,
  garageId: [32m'GARAGE001'[39m,
  garageName: [32m'Test Garage'[39m
}
Generated login ID: john.doe@testgarage
Parent user data: {
  garageUid: [32m'garage-uid-123'[39m,
  garageId: [32m'GARAGE001'[39m,
  garageName: [32m'Test Garage'[39m
}
Generated login ID: john.doe@testgarage
Parent user data: {
  garageUid: [32m'garage-uid-123'[39m,
  garageId: [32m'GARAGE001'[39m,
  garageName: [32m'Test Garage'[39m
}
Generated login ID: john.doe@testgarage
Parent user data: {
  garageUid: [32m'garage-uid-123'[39m,
  garageId: [32m'GARAGE001'[39m,
  garageName: [32m'Test Garage'[39m
}
Generated login ID: john.doe@testgarage
Parent user data: {
  garageUid: [32m'garage-uid-123'[39m,
  garageId: [32m'GARAGE001'[39m,
  garageName: [32m'Test Garage'[39m
}
Generated login ID: john.doe@testgarage
Parent user data: {
  garageUid: [32m'garage-uid-123'[39m,
  garageId: [32m'GARAGE001'[39m,
  garageName: [32m'Test Garage'[39m
}
Generated login ID: john.doe@testgarage
Parent user data: {
  garageUid: [32m'garage-uid-123'[39m,
  garageId: [32m'GARAGE001'[39m,
  garageName: [32m'Test Garage'[39m
}
Generated login ID: john.doe@testgarage
Parent user data: {
  garageUid: [32m'garage-uid-123'[39m,
  garageId: [32m'GARAGE001'[39m,
  garageName: [32m'Test Garage'[39m
}
Generated login ID: john.doe@testgarage
Parent user data: {
  garageUid: [32m'garage-uid-123'[39m,
  garageId: [32m'GARAGE001'[39m,
  garageName: [32m'Test Garage'[39m
}
Generated login ID: john.doe@testgarage
Inserting new user data: {
  user_uid: [32m'***'[39m,
  garage_uid: [32m'garage-uid-123'[39m,
  garage_id: [32m'GARAGE001'[39m,
  garage_name: [32m'Test Garage'[39m,
  first_name: [32m'John'[39m,
  last_name: [32m'Doe'[39m,
  login_id: [32m'john.doe@testgarage'[39m,
  user_role: [32m'mechanic'[39m,
  email: [32m'john.doe@example.com'[39m,
  phone_number: [32m'+1234567890'[39m,
  is_active: [33mtrue[39m,
  created_at: [32m'2026-01-16T16:33:18.699Z'[39m,
  updated_at: [32m'2026-01-16T16:33:18.699Z'[39m
}

[90mstdout[2m | tests/api/employees/validation.test.ts[2m > [22m[2mPOST /api/employees - Validation Tests[2m > [22m[2mValid Input Cases[2m > [22m[2mshould create employee with all valid fields
[22m[39mParent user data: {
  garageUid: [32m'garage-uid-123'[39m,
  garageId: [32m'GARAGE001'[39m,
  garageName: [32m'Test Garage'[39m
}
Generated login ID: john.doe@testgarage

[90mstdout[2m | tests/api/employees/concurrent.test.ts[2m > [22m[2mPOST /api/employees - Concurrent Request Tests[2m > [22m[2mRace Conditions[2m > [22m[2mshould handle rapid sequential duplicate checks
[22m[39mUser created successfully: { userUid: [32m'da0159ff-3fff-4084-9996-f9f2000659da'[39m }
Inserting auth data...

[90mstdout[2m | tests/api/employees/concurrent.test.ts[2m > [22m[2mPOST /api/employees - Concurrent Request Tests[2m > [22m[2mRace Conditions[2m > [22m[2mshould handle rapid sequential duplicate checks
[22m[39mAuth record created successfully

[90mstdout[2m | tests/api/employees/concurrent.test.ts[2m > [22m[2mPOST /api/employees - Concurrent Request Tests[2m > [22m[2mRace Conditions[2m > [22m[2mshould handle rapid sequential duplicate checks
[22m[39mRace condition test: 9/10 correctly rejected duplicates

[90mstdout[2m | tests/api/employees/validation.test.ts[2m > [22m[2mPOST /api/employees - Validation Tests[2m > [22m[2mValid Input Cases[2m > [22m[2mshould create employee with all valid fields
[22m[39mInserting new user data: {
  user_uid: [32m'***'[39m,
  garage_uid: [32m'garage-uid-123'[39m,
  garage_id: [32m'GARAGE001'[39m,
  garage_name: [32m'Test Garage'[39m,
  first_name: [32m'John'[39m,
  last_name: [32m'Doe'[39m,
  login_id: [32m'john.doe@testgarage'[39m,
  user_role: [32m'mechanic'[39m,
  email: [32m'john.doe@example.com'[39m,
  phone_number: [32m'+1234567890'[39m,
  is_active: [33mtrue[39m,
  created_at: [32m'2026-01-16T16:33:18.700Z'[39m,
  updated_at: [32m'2026-01-16T16:33:18.700Z'[39m
}

[90mstdout[2m | tests/api/employees/validation.test.ts[2m > [22m[2mPOST /api/employees - Validation Tests[2m > [22m[2mValid Input Cases[2m > [22m[2mshould create employee with all valid fields
[22m[39mUser created successfully: { userUid: [32m'37d1052b-351b-439f-bb1c-ebf8efc01cd2'[39m }
Inserting auth data...

[90mstdout[2m | tests/api/employees/security.test.ts[2m > [22m[2mPOST /api/employees - Security Tests[2m > [22m[2mSQL Injection Attempts[2m > [22m[2mshould handle SQL injection in firstName
[22m[39mFetching parent user details for UID: 123e4567-e89b-12d3-a456-426614174000

[90mstdout[2m | tests/api/employees/concurrent.test.ts[2m > [22m[2mPOST /api/employees - Concurrent Request Tests[2m > [22m[2mDatabase Connection Issues[2m > [22m[2mshould handle connection timeout during parent user fetch
[22m[39mFetching parent user details for UID: 123e4567-e89b-12d3-a456-426614174000

[90mstdout[2m | tests/api/employees/validation.test.ts[2m > [22m[2mPOST /api/employees - Validation Tests[2m > [22m[2mValid Input Cases[2m > [22m[2mshould create employee with all valid fields
[22m[39mAuth record created successfully

[90mstdout[2m | tests/api/employees/concurrent.test.ts[2m > [22m[2mPOST /api/employees - Concurrent Request Tests[2m > [22m[2mDatabase Connection Issues[2m > [22m[2mshould handle connection timeout during insert
[22m[39mFetching parent user details for UID: 123e4567-e89b-12d3-a456-426614174000

[90mstdout[2m | tests/api/employees/concurrent.test.ts[2m > [22m[2mPOST /api/employees - Concurrent Request Tests[2m > [22m[2mDatabase Connection Issues[2m > [22m[2mshould handle connection timeout during insert
[22m[39mParent user data: {
  garageUid: [32m'garage-uid-123'[39m,
  garageId: [32m'GARAGE001'[39m,
  garageName: [32m'Test Garage'[39m
}
Generated login ID: john.doe@testgarage

[90mstdout[2m | tests/api/employees/concurrent.test.ts[2m > [22m[2mPOST /api/employees - Concurrent Request Tests[2m > [22m[2mDatabase Connection Issues[2m > [22m[2mshould handle connection timeout during insert
[22m[39mInserting new user data: {
  user_uid: [32m'***'[39m,
  garage_uid: [32m'garage-uid-123'[39m,
  garage_id: [32m'GARAGE001'[39m,
  garage_name: [32m'Test Garage'[39m,
  first_name: [32m'John'[39m,
  last_name: [32m'Doe'[39m,
  login_id: [32m'john.doe@testgarage'[39m,
  user_role: [32m'mechanic'[39m,
  email: [32m'john.doe@example.com'[39m,
  phone_number: [32m'+1234567890'[39m,
  is_active: [33mtrue[39m,
  created_at: [32m'2026-01-16T16:33:18.702Z'[39m,
  updated_at: [32m'2026-01-16T16:33:18.702Z'[39m
}

[90mstdout[2m | tests/api/employees/validation.test.ts[2m > [22m[2mPOST /api/employees - Validation Tests[2m > [22m[2mValid Input Cases[2m > [22m[2mshould handle names with apostrophes (O'Neil)
[22m[39mFetching parent user details for UID: 123e4567-e89b-12d3-a456-426614174000

[90mstdout[2m | tests/api/employees/security.test.ts[2m > [22m[2mPOST /api/employees - Security Tests[2m > [22m[2mSQL Injection Attempts[2m > [22m[2mshould handle SQL injection in firstName
[22m[39mParent user data: {
  garageUid: [32m'garage-uid-123'[39m,
  garageId: [32m'GARAGE001'[39m,
  garageName: [32m'Test Garage'[39m
}
Generated login ID: ';droptableusers;--.doe@testgarage

[90mstdout[2m | tests/api/employees/validation.test.ts[2m > [22m[2mPOST /api/employees - Validation Tests[2m > [22m[2mValid Input Cases[2m > [22m[2mshould handle names with apostrophes (O'Neil)
[22m[39mParent user data: {
  garageUid: [32m'garage-uid-123'[39m,
  garageId: [32m'GARAGE001'[39m,
  garageName: [32m'Test Garage'[39m
}
Generated login ID: o'neil.smith@testgarage

[90mstdout[2m | tests/api/employees/validation.test.ts[2m > [22m[2mPOST /api/employees - Validation Tests[2m > [22m[2mValid Input Cases[2m > [22m[2mshould handle names with apostrophes (O'Neil)
[22m[39mInserting new user data: {
  user_uid: [32m'***'[39m,
  garage_uid: [32m'garage-uid-123'[39m,
  garage_id: [32m'GARAGE001'[39m,
  garage_name: [32m'Test Garage'[39m,
  first_name: [32m"O'Neil"[39m,
  last_name: [32m'Smith'[39m,
  login_id: [32m"o'neil.smith@testgarage"[39m,
  user_role: [32m'mechanic'[39m,
  email: [32m'john.doe@example.com'[39m,
  phone_number: [32m'+1234567890'[39m,
  is_active: [33mtrue[39m,
  created_at: [32m'2026-01-16T16:33:18.703Z'[39m,
  updated_at: [32m'2026-01-16T16:33:18.703Z'[39m
}

[90mstdout[2m | tests/api/employees/security.test.ts[2m > [22m[2mPOST /api/employees - Security Tests[2m > [22m[2mSQL Injection Attempts[2m > [22m[2mshould handle SQL injection in firstName
[22m[39mInserting new user data: {
  user_uid: [32m'***'[39m,
  garage_uid: [32m'garage-uid-123'[39m,
  garage_id: [32m'GARAGE001'[39m,
  garage_name: [32m'Test Garage'[39m,
  first_name: [32m"'; DROP TABLE users; --"[39m,
  last_name: [32m'Doe'[39m,
  login_id: [32m"';droptableusers;--.doe@testgarage"[39m,
  user_role: [32m'mechanic'[39m,
  email: [32m'john.doe@example.com'[39m,
  phone_number: [32m'+1234567890'[39m,
  is_active: [33mtrue[39m,
  created_at: [32m'2026-01-16T16:33:18.702Z'[39m,
  updated_at: [32m'2026-01-16T16:33:18.702Z'[39m
}

[90mstdout[2m | tests/api/employees/validation.test.ts[2m > [22m[2mPOST /api/employees - Validation Tests[2m > [22m[2mValid Input Cases[2m > [22m[2mshould handle names with apostrophes (O'Neil)
[22m[39mUser created successfully: { userUid: [32m'f85888e7-cc9d-462c-9e7b-141afcb4a579'[39m }
Inserting auth data...

[90mstdout[2m | tests/api/employees/validation.test.ts[2m > [22m[2mPOST /api/employees - Validation Tests[2m > [22m[2mValid Input Cases[2m > [22m[2mshould handle names with apostrophes (O'Neil)
[22m[39mAuth record created successfully

[90mstdout[2m | tests/api/employees/security.test.ts[2m > [22m[2mPOST /api/employees - Security Tests[2m > [22m[2mSQL Injection Attempts[2m > [22m[2mshould handle SQL injection in firstName
[22m[39mUser created successfully: { userUid: [32m'ac01a8b6-3862-497a-b9b4-35274a449dac'[39m }
Inserting auth data...

[90mstdout[2m | tests/api/employees/validation.test.ts[2m > [22m[2mPOST /api/employees - Validation Tests[2m > [22m[2mValid Input Cases[2m > [22m[2mshould handle international characters (José, Müller)
[22m[39mFetching parent user details for UID: 123e4567-e89b-12d3-a456-426614174000

[90mstdout[2m | tests/api/employees/validation.test.ts[2m > [22m[2mPOST /api/employees - Validation Tests[2m > [22m[2mValid Input Cases[2m > [22m[2mshould handle international characters (José, Müller)
[22m[39mParent user data: {
  garageUid: [32m'garage-uid-123'[39m,
  garageId: [32m'GARAGE001'[39m,
  garageName: [32m'Test Garage'[39m
}
Generated login ID: josé.müller@testgarage

[90mstdout[2m | tests/api/employees/validation.test.ts[2m > [22m[2mPOST /api/employees - Validation Tests[2m > [22m[2mValid Input Cases[2m > [22m[2mshould handle international characters (José, Müller)
[22m[39mInserting new user data: {
  user_uid: [32m'***'[39m,
  garage_uid: [32m'garage-uid-123'[39m,
  garage_id: [32m'GARAGE001'[39m,
  garage_name: [32m'Test Garage'[39m,
  first_name: [32m'José'[39m,
  last_name: [32m'Müller'[39m,
  login_id: [32m'josé.müller@testgarage'[39m,
  user_role: [32m'mechanic'[39m,
  email: [32m'john.doe@example.com'[39m,
  phone_number: [32m'+1234567890'[39m,
  is_active: [33mtrue[39m,
  created_at: [32m'2026-01-16T16:33:18.704Z'[39m,
  updated_at: [32m'2026-01-16T16:33:18.704Z'[39m
}

[90mstdout[2m | tests/api/employees/validation.test.ts[2m > [22m[2mPOST /api/employees - Validation Tests[2m > [22m[2mValid Input Cases[2m > [22m[2mshould handle international characters (José, Müller)
[22m[39mUser created successfully: { userUid: [32m'e59e4915-8a7a-4a1e-92b8-b4633b0a05fd'[39m }
Inserting auth data...

[90mstdout[2m | tests/api/employees/validation.test.ts[2m > [22m[2mPOST /api/employees - Validation Tests[2m > [22m[2mValid Input Cases[2m > [22m[2mshould handle international characters (José, Müller)
[22m[39mAuth record created successfully

[90mstdout[2m | tests/api/employees/security.test.ts[2m > [22m[2mPOST /api/employees - Security Tests[2m > [22m[2mSQL Injection Attempts[2m > [22m[2mshould handle SQL injection in firstName
[22m[39mAuth record created successfully

[90mstdout[2m | tests/api/employees/concurrent.test.ts[2m > [22m[2mPOST /api/employees - Concurrent Request Tests[2m > [22m[2mDatabase Connection Issues[2m > [22m[2mshould handle database connection drop between operations
[22m[39mFetching parent user details for UID: 123e4567-e89b-12d3-a456-426614174000

[90mstdout[2m | tests/api/employees/concurrent.test.ts[2m > [22m[2mPOST /api/employees - Concurrent Request Tests[2m > [22m[2mDatabase Connection Issues[2m > [22m[2mshould handle database connection drop between operations
[22m[39mParent user data: {
  garageUid: [32m'garage-uid-123'[39m,
  garageId: [32m'GARAGE001'[39m,
  garageName: [32m'Test Garage'[39m
}
Generated login ID: john.doe@testgarage

[90mstdout[2m | tests/api/employees/edge-cases.test.ts[2m > [22m[2mPOST /api/employees - Edge Cases Tests[2m > [22m[2mEmpty and Whitespace Tests[2m > [22m[2mshould handle empty string after trimming in lastName
[22m[39mFetching parent user details for UID: 123e4567-e89b-12d3-a456-426614174000

[90mstdout[2m | tests/api/employees/concurrent.test.ts[2m > [22m[2mPOST /api/employees - Concurrent Request Tests[2m > [22m[2mDatabase Connection Issues[2m > [22m[2mshould handle database connection drop between operations
[22m[39mInserting new user data: {
  user_uid: [32m'***'[39m,
  garage_uid: [32m'garage-uid-123'[39m,
  garage_id: [32m'GARAGE001'[39m,
  garage_name: [32m'Test Garage'[39m,
  first_name: [32m'John'[39m,
  last_name: [32m'Doe'[39m,
  login_id: [32m'john.doe@testgarage'[39m,
  user_role: [32m'mechanic'[39m,
  email: [32m'john.doe@example.com'[39m,
  phone_number: [32m'+1234567890'[39m,
  is_active: [33mtrue[39m,
  created_at: [32m'2026-01-16T16:33:18.705Z'[39m,
  updated_at: [32m'2026-01-16T16:33:18.705Z'[39m
}

[90mstdout[2m | tests/api/employees/concurrent.test.ts[2m > [22m[2mPOST /api/employees - Concurrent Request Tests[2m > [22m[2mDatabase Connection Issues[2m > [22m[2mshould handle database connection drop between operations
[22m[39mUser created successfully: { userUid: [32m'd08b9090-e2c1-487d-a10f-c17a4d6ea30f'[39m }
Inserting auth data...

[90mstdout[2m | tests/api/employees/edge-cases.test.ts[2m > [22m[2mPOST /api/employees - Edge Cases Tests[2m > [22m[2mEmpty and Whitespace Tests[2m > [22m[2mshould handle whitespace-only parentUserUid
[22m[39mFetching parent user details for UID:    

[90mstdout[2m | tests/api/employees/validation.test.ts[2m > [22m[2mPOST /api/employees - Validation Tests[2m > [22m[2mValid Input Cases[2m > [22m[2mshould handle phone numbers with various formats
[22m[39mFetching parent user details for UID: 123e4567-e89b-12d3-a456-426614174000

[90mstdout[2m | tests/api/employees/validation.test.ts[2m > [22m[2mPOST /api/employees - Validation Tests[2m > [22m[2mValid Input Cases[2m > [22m[2mshould handle phone numbers with various formats
[22m[39mParent user data: {
  garageUid: [32m'garage-uid-123'[39m,
  garageId: [32m'GARAGE001'[39m,
  garageName: [32m'Test Garage'[39m
}
Generated login ID: john.doe@testgarage

[90mstdout[2m | tests/api/employees/validation.test.ts[2m > [22m[2mPOST /api/employees - Validation Tests[2m > [22m[2mValid Input Cases[2m > [22m[2mshould handle phone numbers with various formats
[22m[39mInserting new user data: {
  user_uid: [32m'***'[39m,
  garage_uid: [32m'garage-uid-123'[39m,
  garage_id: [32m'GARAGE001'[39m,
  garage_name: [32m'Test Garage'[39m,
  first_name: [32m'John'[39m,
  last_name: [32m'Doe'[39m,
  login_id: [32m'john.doe@testgarage'[39m,
  user_role: [32m'mechanic'[39m,
  email: [32m'john.doe@example.com'[39m,
  phone_number: [32m'+1 (555) 123-4567'[39m,
  is_active: [33mtrue[39m,
  created_at: [32m'2026-01-16T16:33:18.708Z'[39m,
  updated_at: [32m'2026-01-16T16:33:18.708Z'[39m
}

[90mstdout[2m | tests/api/employees/validation.test.ts[2m > [22m[2mPOST /api/employees - Validation Tests[2m > [22m[2mValid Input Cases[2m > [22m[2mshould handle phone numbers with various formats
[22m[39mUser created successfully: { userUid: [32m'51702555-81d9-4aa0-bb1f-e00ca7b676b7'[39m }
Inserting auth data...

[90mstdout[2m | tests/api/employees/validation.test.ts[2m > [22m[2mPOST /api/employees - Validation Tests[2m > [22m[2mValid Input Cases[2m > [22m[2mshould handle phone numbers with various formats
[22m[39mAuth record created successfully

[90mstdout[2m | tests/api/employees/edge-cases.test.ts[2m > [22m[2mPOST /api/employees - Edge Cases Tests[2m > [22m[2mSingle Character Tests[2m > [22m[2mshould handle single character firstName
[22m[39mFetching parent user details for UID: 123e4567-e89b-12d3-a456-426614174000

[90mstdout[2m | tests/api/employees/edge-cases.test.ts[2m > [22m[2mPOST /api/employees - Edge Cases Tests[2m > [22m[2mSingle Character Tests[2m > [22m[2mshould handle single character firstName
[22m[39mParent user data: {
  garageUid: [32m'garage-uid-123'[39m,
  garageId: [32m'GARAGE001'[39m,
  garageName: [32m'Test Garage'[39m
}
Generated login ID: a.doe@testgarage

[90mstdout[2m | tests/api/employees/edge-cases.test.ts[2m > [22m[2mPOST /api/employees - Edge Cases Tests[2m > [22m[2mSingle Character Tests[2m > [22m[2mshould handle single character firstName
[22m[39mInserting new user data: {
  user_uid: [32m'***'[39m,
  garage_uid: [32m'garage-uid-123'[39m,
  garage_id: [32m'GARAGE001'[39m,
  garage_name: [32m'Test Garage'[39m,
  first_name: [32m'A'[39m,
  last_name: [32m'Doe'[39m,
  login_id: [32m'a.doe@testgarage'[39m,
  user_role: [32m'mechanic'[39m,
  email: [32m'john.doe@example.com'[39m,
  phone_number: [32m'+1234567890'[39m,
  is_active: [33mtrue[39m,
  created_at: [32m'2026-01-16T16:33:18.709Z'[39m,
  updated_at: [32m'2026-01-16T16:33:18.709Z'[39m
}

[90mstdout[2m | tests/api/employees/edge-cases.test.ts[2m > [22m[2mPOST /api/employees - Edge Cases Tests[2m > [22m[2mSingle Character Tests[2m > [22m[2mshould handle single character firstName
[22m[39mUser created successfully: { userUid: [32m'1486ee6f-91ef-4f50-8891-641a21509147'[39m }
Inserting auth data...

[90mstdout[2m | tests/api/employees/edge-cases.test.ts[2m > [22m[2mPOST /api/employees - Edge Cases Tests[2m > [22m[2mSingle Character Tests[2m > [22m[2mshould handle single character firstName
[22m[39mAuth record created successfully

[90mstdout[2m | tests/api/employees/edge-cases.test.ts[2m > [22m[2mPOST /api/employees - Edge Cases Tests[2m > [22m[2mSingle Character Tests[2m > [22m[2mshould handle single character lastName
[22m[39mFetching parent user details for UID: 123e4567-e89b-12d3-a456-426614174000

[90mstdout[2m | tests/api/employees/edge-cases.test.ts[2m > [22m[2mPOST /api/employees - Edge Cases Tests[2m > [22m[2mSingle Character Tests[2m > [22m[2mshould handle single character lastName
[22m[39mParent user data: {
  garageUid: [32m'garage-uid-123'[39m,
  garageId: [32m'GARAGE001'[39m,
  garageName: [32m'Test Garage'[39m
}
Generated login ID: john.b@testgarage

[90mstdout[2m | tests/api/employees/edge-cases.test.ts[2m > [22m[2mPOST /api/employees - Edge Cases Tests[2m > [22m[2mSingle Character Tests[2m > [22m[2mshould handle single character lastName
[22m[39mInserting new user data: {
  user_uid: [32m'***'[39m,
  garage_uid: [32m'garage-uid-123'[39m,
  garage_id: [32m'GARAGE001'[39m,
  garage_name: [32m'Test Garage'[39m,
  first_name: [32m'John'[39m,
  last_name: [32m'B'[39m,
  login_id: [32m'john.b@testgarage'[39m,
  user_role: [32m'mechanic'[39m,
  email: [32m'john.doe@example.com'[39m,
  phone_number: [32m'+1234567890'[39m,
  is_active: [33mtrue[39m,
  created_at: [32m'2026-01-16T16:33:18.711Z'[39m,
  updated_at: [32m'2026-01-16T16:33:18.711Z'[39m
}

[90mstdout[2m | tests/api/employees/security.test.ts[2m > [22m[2mPOST /api/employees - Security Tests[2m > [22m[2mSQL Injection Attempts[2m > [22m[2mshould handle SQL injection in lastName
[22m[39mFetching parent user details for UID: 123e4567-e89b-12d3-a456-426614174000

[90mstdout[2m | tests/api/employees/edge-cases.test.ts[2m > [22m[2mPOST /api/employees - Edge Cases Tests[2m > [22m[2mSingle Character Tests[2m > [22m[2mshould handle single character lastName
[22m[39mUser created successfully: { userUid: [32m'5f91fb2b-dfef-479a-b9ab-98c3f61aaef9'[39m }
Inserting auth data...

[90mstdout[2m | tests/api/employees/validation.test.ts[2m > [22m[2mPOST /api/employees - Validation Tests[2m > [22m[2mInvalid Data Types[2m > [22m[2mshould reject firstName as number
[22m[39mFetching parent user details for UID: 123e4567-e89b-12d3-a456-426614174000

[90mstdout[2m | tests/api/employees/security.test.ts[2m > [22m[2mPOST /api/employees - Security Tests[2m > [22m[2mSQL Injection Attempts[2m > [22m[2mshould handle SQL injection in lastName
[22m[39mParent user data: {
  garageUid: [32m'garage-uid-123'[39m,
  garageId: [32m'GARAGE001'[39m,
  garageName: [32m'Test Garage'[39m
}
Generated login ID: john.1'or'1'='1@testgarage

[90mstdout[2m | tests/api/employees/edge-cases.test.ts[2m > [22m[2mPOST /api/employees - Edge Cases Tests[2m > [22m[2mSingle Character Tests[2m > [22m[2mshould handle single character lastName
[22m[39mAuth record created successfully

[90mstdout[2m | tests/api/employees/security.test.ts[2m > [22m[2mPOST /api/employees - Security Tests[2m > [22m[2mSQL Injection Attempts[2m > [22m[2mshould handle SQL injection in lastName
[22m[39mInserting new user data: {
  user_uid: [32m'***'[39m,
  garage_uid: [32m'garage-uid-123'[39m,
  garage_id: [32m'GARAGE001'[39m,
  garage_name: [32m'Test Garage'[39m,
  first_name: [32m'John'[39m,
  last_name: [32m"1' OR '1'='1"[39m,
  login_id: [32m"john.1'or'1'='1@testgarage"[39m,
  user_role: [32m'mechanic'[39m,
  email: [32m'john.doe@example.com'[39m,
  phone_number: [32m'+1234567890'[39m,
  is_active: [33mtrue[39m,
  created_at: [32m'2026-01-16T16:33:18.712Z'[39m,
  updated_at: [32m'2026-01-16T16:33:18.712Z'[39m
}

[90mstdout[2m | tests/api/employees/security.test.ts[2m > [22m[2mPOST /api/employees - Security Tests[2m > [22m[2mSQL Injection Attempts[2m > [22m[2mshould handle SQL injection in lastName
[22m[39mUser created successfully: { userUid: [32m'6efee8ba-0dda-4209-87e0-7eff95e82432'[39m }
Inserting auth data...

[90mstdout[2m | tests/api/employees/edge-cases.test.ts[2m > [22m[2mPOST /api/employees - Edge Cases Tests[2m > [22m[2mUnicode and Special Characters[2m > [22m[2mshould handle emoji in firstName (VULNERABILITY)
[22m[39mFetching parent user details for UID: 123e4567-e89b-12d3-a456-426614174000

[90mstdout[2m | tests/api/employees/security.test.ts[2m > [22m[2mPOST /api/employees - Security Tests[2m > [22m[2mSQL Injection Attempts[2m > [22m[2mshould handle SQL injection in lastName
[22m[39mAuth record created successfully

[90mstdout[2m | tests/api/employees/edge-cases.test.ts[2m > [22m[2mPOST /api/employees - Edge Cases Tests[2m > [22m[2mUnicode and Special Characters[2m > [22m[2mshould handle emoji in firstName (VULNERABILITY)
[22m[39mParent user data: {
  garageUid: [32m'garage-uid-123'[39m,
  garageId: [32m'GARAGE001'[39m,
  garageName: [32m'Test Garage'[39m
}
Generated login ID: 😀🎉.doe@testgarage

[90mstdout[2m | tests/api/employees/edge-cases.test.ts[2m > [22m[2mPOST /api/employees - Edge Cases Tests[2m > [22m[2mUnicode and Special Characters[2m > [22m[2mshould handle emoji in firstName (VULNERABILITY)
[22m[39mInserting new user data: {
  user_uid: [32m'***'[39m,
  garage_uid: [32m'garage-uid-123'[39m,
  garage_id: [32m'GARAGE001'[39m,
  garage_name: [32m'Test Garage'[39m,
  first_name: [32m'😀🎉'[39m,
  last_name: [32m'Doe'[39m,
  login_id: [32m'😀🎉.doe@testgarage'[39m,
  user_role: [32m'mechanic'[39m,
  email: [32m'john.doe@example.com'[39m,
  phone_number: [32m'+1234567890'[39m,
  is_active: [33mtrue[39m,
  created_at: [32m'2026-01-16T16:33:18.713Z'[39m,
  updated_at: [32m'2026-01-16T16:33:18.713Z'[39m
}

[90mstdout[2m | tests/api/employees/edge-cases.test.ts[2m > [22m[2mPOST /api/employees - Edge Cases Tests[2m > [22m[2mUnicode and Special Characters[2m > [22m[2mshould handle emoji in firstName (VULNERABILITY)
[22m[39mUser created successfully: { userUid: [32m'0100f03e-a4c3-4fb6-9159-a5173131d096'[39m }
Inserting auth data...

[90mstdout[2m | tests/api/employees/validation.test.ts[2m > [22m[2mPOST /api/employees - Validation Tests[2m > [22m[2mInvalid Data Types[2m > [22m[2mshould reject lastName as array
[22m[39mFetching parent user details for UID: 123e4567-e89b-12d3-a456-426614174000

[90mstdout[2m | tests/api/employees/edge-cases.test.ts[2m > [22m[2mPOST /api/employees - Edge Cases Tests[2m > [22m[2mUnicode and Special Characters[2m > [22m[2mshould handle emoji in firstName (VULNERABILITY)
[22m[39mAuth record created successfully

[90mstdout[2m | tests/api/employees/edge-cases.test.ts[2m > [22m[2mPOST /api/employees - Edge Cases Tests[2m > [22m[2mUnicode and Special Characters[2m > [22m[2mshould handle zero-width characters
[22m[39mFetching parent user details for UID: 123e4567-e89b-12d3-a456-426614174000

[90mstdout[2m | tests/api/employees/edge-cases.test.ts[2m > [22m[2mPOST /api/employees - Edge Cases Tests[2m > [22m[2mUnicode and Special Characters[2m > [22m[2mshould handle zero-width characters
[22m[39mParent user data: {
  garageUid: [32m'garage-uid-123'[39m,
  garageId: [32m'GARAGE001'[39m,
  garageName: [32m'Test Garage'[39m
}
Generated login ID: john​‌‍.doe@testgarage

[90mstdout[2m | tests/api/employees/security.test.ts[2m > [22m[2mPOST /api/employees - Security Tests[2m > [22m[2mSQL Injection Attempts[2m > [22m[2mshould handle SQL injection in parentUserUid
[22m[39mFetching parent user details for UID: '; DROP TABLE users; --

[90mstdout[2m | tests/api/employees/edge-cases.test.ts[2m > [22m[2mPOST /api/employees - Edge Cases Tests[2m > [22m[2mUnicode and Special Characters[2m > [22m[2mshould handle zero-width characters
[22m[39mInserting new user data: {
  user_uid: [32m'***'[39m,
  garage_uid: [32m'garage-uid-123'[39m,
  garage_id: [32m'GARAGE001'[39m,
  garage_name: [32m'Test Garage'[39m,
  first_name: [32m'John​‌‍'[39m,
  last_name: [32m'Doe'[39m,
  login_id: [32m'john​‌‍.doe@testgarage'[39m,
  user_role: [32m'mechanic'[39m,
  email: [32m'john.doe@example.com'[39m,
  phone_number: [32m'+1234567890'[39m,
  is_active: [33mtrue[39m,
  created_at: [32m'2026-01-16T16:33:18.714Z'[39m,
  updated_at: [32m'2026-01-16T16:33:18.714Z'[39m
}

[90mstdout[2m | tests/api/employees/edge-cases.test.ts[2m > [22m[2mPOST /api/employees - Edge Cases Tests[2m > [22m[2mUnicode and Special Characters[2m > [22m[2mshould handle zero-width characters
[22m[39mUser created successfully: { userUid: [32m'3f7f210d-94d7-4f98-9599-223f4583c1b5'[39m }
Inserting auth data...

[90mstdout[2m | tests/api/employees/edge-cases.test.ts[2m > [22m[2mPOST /api/employees - Edge Cases Tests[2m > [22m[2mUnicode and Special Characters[2m > [22m[2mshould handle zero-width characters
[22m[39mAuth record created successfully

[90mstdout[2m | tests/api/employees/security.test.ts[2m > [22m[2mPOST /api/employees - Security Tests[2m > [22m[2mXSS (Cross-Site Scripting) Attempts[2m > [22m[2mshould handle XSS in firstName (VULNERABILITY)
[22m[39mFetching parent user details for UID: 123e4567-e89b-12d3-a456-426614174000

[90mstdout[2m | tests/api/employees/security.test.ts[2m > [22m[2mPOST /api/employees - Security Tests[2m > [22m[2mXSS (Cross-Site Scripting) Attempts[2m > [22m[2mshould handle XSS in firstName (VULNERABILITY)
[22m[39mParent user data: {
  garageUid: [32m'garage-uid-123'[39m,
  garageId: [32m'GARAGE001'[39m,
  garageName: [32m'Test Garage'[39m
}
Generated login ID: <script>alert("xss")</script>.doe@testgarage

[90mstdout[2m | tests/api/employees/security.test.ts[2m > [22m[2mPOST /api/employees - Security Tests[2m > [22m[2mXSS (Cross-Site Scripting) Attempts[2m > [22m[2mshould handle XSS in firstName (VULNERABILITY)
[22m[39mInserting new user data: {
  user_uid: [32m'***'[39m,
  garage_uid: [32m'garage-uid-123'[39m,
  garage_id: [32m'GARAGE001'[39m,
  garage_name: [32m'Test Garage'[39m,
  first_name: [32m'<script>alert("XSS")</script>'[39m,
  last_name: [32m'Doe'[39m,
  login_id: [32m'<script>alert("xss")</script>.doe@testgarage'[39m,
  user_role: [32m'mechanic'[39m,
  email: [32m'john.doe@example.com'[39m,
  phone_number: [32m'+1234567890'[39m,
  is_active: [33mtrue[39m,
  created_at: [32m'2026-01-16T16:33:18.715Z'[39m,
  updated_at: [32m'2026-01-16T16:33:18.715Z'[39m
}

[90mstdout[2m | tests/api/employees/security.test.ts[2m > [22m[2mPOST /api/employees - Security Tests[2m > [22m[2mXSS (Cross-Site Scripting) Attempts[2m > [22m[2mshould handle XSS in firstName (VULNERABILITY)
[22m[39mUser created successfully: { userUid: [32m'fde17c48-1972-4bdc-89fc-8d19055fe0d8'[39m }
Inserting auth data...

[90mstdout[2m | tests/api/employees/edge-cases.test.ts[2m > [22m[2mPOST /api/employees - Edge Cases Tests[2m > [22m[2mUnicode and Special Characters[2m > [22m[2mshould handle null bytes
[22m[39mFetching parent user details for UID: 123e4567-e89b-12d3-a456-426614174000

[90mstdout[2m | tests/api/employees/security.test.ts[2m > [22m[2mPOST /api/employees - Security Tests[2m > [22m[2mXSS (Cross-Site Scripting) Attempts[2m > [22m[2mshould handle XSS in firstName (VULNERABILITY)
[22m[39mAuth record created successfully

[90mstdout[2m | tests/api/employees/edge-cases.test.ts[2m > [22m[2mPOST /api/employees - Edge Cases Tests[2m > [22m[2mUnicode and Special Characters[2m > [22m[2mshould handle null bytes
[22m[39mParent user data: {
  garageUid: [32m'garage-uid-123'[39m,
  garageId: [32m'GARAGE001'[39m,
  garageName: [32m'Test Garage'[39m
}
Generated login ID: john doe.doe@testgarage

[90mstdout[2m | tests/api/employees/edge-cases.test.ts[2m > [22m[2mPOST /api/employees - Edge Cases Tests[2m > [22m[2mUnicode and Special Characters[2m > [22m[2mshould handle null bytes
[22m[39mInserting new user data: {
  user_uid: [32m'***'[39m,
  garage_uid: [32m'garage-uid-123'[39m,
  garage_id: [32m'GARAGE001'[39m,
  garage_name: [32m'Test Garage'[39m,
  first_name: [32m'John\x00Doe'[39m,
  last_name: [32m'Doe'[39m,
  login_id: [32m'john\x00doe.doe@testgarage'[39m,
  user_role: [32m'mechanic'[39m,
  email: [32m'john.doe@example.com'[39m,
  phone_number: [32m'+1234567890'[39m,
  is_active: [33mtrue[39m,
  created_at: [32m'2026-01-16T16:33:18.715Z'[39m,
  updated_at: [32m'2026-01-16T16:33:18.715Z'[39m
}

[90mstdout[2m | tests/api/employees/validation.test.ts[2m > [22m[2mPOST /api/employees - Validation Tests[2m > [22m[2mInvalid Email Formats[2m > [22m[2mshould reject email with consecutive dots
[22m[39mFetching parent user details for UID: 123e4567-e89b-12d3-a456-426614174000

[90mstdout[2m | tests/api/employees/edge-cases.test.ts[2m > [22m[2mPOST /api/employees - Edge Cases Tests[2m > [22m[2mUnicode and Special Characters[2m > [22m[2mshould handle null bytes
[22m[39mUser created successfully: { userUid: [32m'db00a826-b7f8-43e6-b5c2-a4bbe8bb89b3'[39m }
Inserting auth data...

[90mstdout[2m | tests/api/employees/security.test.ts[2m > [22m[2mPOST /api/employees - Security Tests[2m > [22m[2mXSS (Cross-Site Scripting) Attempts[2m > [22m[2mshould handle XSS in lastName (VULNERABILITY)
[22m[39mFetching parent user details for UID: 123e4567-e89b-12d3-a456-426614174000

[90mstdout[2m | tests/api/employees/security.test.ts[2m > [22m[2mPOST /api/employees - Security Tests[2m > [22m[2mXSS (Cross-Site Scripting) Attempts[2m > [22m[2mshould handle XSS in lastName (VULNERABILITY)
[22m[39mParent user data: {
  garageUid: [32m'garage-uid-123'[39m,
  garageId: [32m'GARAGE001'[39m,
  garageName: [32m'Test Garage'[39m
}
Generated login ID: john.<imgsrc=xonerror=alert("xss")>@testgarage

[90mstdout[2m | tests/api/employees/edge-cases.test.ts[2m > [22m[2mPOST /api/employees - Edge Cases Tests[2m > [22m[2mUnicode and Special Characters[2m > [22m[2mshould handle null bytes
[22m[39mAuth record created successfully

[90mstdout[2m | tests/api/employees/security.test.ts[2m > [22m[2mPOST /api/employees - Security Tests[2m > [22m[2mXSS (Cross-Site Scripting) Attempts[2m > [22m[2mshould handle XSS in lastName (VULNERABILITY)
[22m[39mInserting new user data: {
  user_uid: [32m'***'[39m,
  garage_uid: [32m'garage-uid-123'[39m,
  garage_id: [32m'GARAGE001'[39m,
  garage_name: [32m'Test Garage'[39m,
  first_name: [32m'John'[39m,
  last_name: [32m'<img src=x onerror=alert("XSS")>'[39m,
  login_id: [32m'john.<imgsrc=xonerror=alert("xss")>@testgarage'[39m,
  user_role: [32m'mechanic'[39m,
  email: [32m'john.doe@example.com'[39m,
  phone_number: [32m'+1234567890'[39m,
  is_active: [33mtrue[39m,
  created_at: [32m'2026-01-16T16:33:18.716Z'[39m,
  updated_at: [32m'2026-01-16T16:33:18.716Z'[39m
}

[90mstdout[2m | tests/api/employees/security.test.ts[2m > [22m[2mPOST /api/employees - Security Tests[2m > [22m[2mXSS (Cross-Site Scripting) Attempts[2m > [22m[2mshould handle XSS in lastName (VULNERABILITY)
[22m[39mUser created successfully: { userUid: [32m'80ecf570-dc38-46e8-8a89-8622c7594a9f'[39m }
Inserting auth data...

[90mstdout[2m | tests/api/employees/security.test.ts[2m > [22m[2mPOST /api/employees - Security Tests[2m > [22m[2mXSS (Cross-Site Scripting) Attempts[2m > [22m[2mshould handle XSS in lastName (VULNERABILITY)
[22m[39mAuth record created successfully

[90mstdout[2m | tests/api/employees/edge-cases.test.ts[2m > [22m[2mPOST /api/employees - Edge Cases Tests[2m > [22m[2mUnicode and Special Characters[2m > [22m[2mshould handle right-to-left override character
[22m[39mFetching parent user details for UID: 123e4567-e89b-12d3-a456-426614174000

[90mstdout[2m | tests/api/employees/edge-cases.test.ts[2m > [22m[2mPOST /api/employees - Edge Cases Tests[2m > [22m[2mUnicode and Special Characters[2m > [22m[2mshould handle right-to-left override character
[22m[39mParent user data: {
  garageUid: [32m'garage-uid-123'[39m,
  garageId: [32m'GARAGE001'[39m,
  garageName: [32m'Test Garage'[39m
}
Generated login ID: john‮.doe@testgarage

[90mstdout[2m | tests/api/employees/validation.test.ts[2m > [22m[2mPOST /api/employees - Validation Tests[2m > [22m[2mInvalid Email Formats[2m > [22m[2mshould reject very long email (>254 characters)
[22m[39mFetching parent user details for UID: 123e4567-e89b-12d3-a456-426614174000

[90mstdout[2m | tests/api/employees/edge-cases.test.ts[2m > [22m[2mPOST /api/employees - Edge Cases Tests[2m > [22m[2mUnicode and Special Characters[2m > [22m[2mshould handle right-to-left override character
[22m[39mInserting new user data: {
  user_uid: [32m'***'[39m,
  garage_uid: [32m'garage-uid-123'[39m,
  garage_id: [32m'GARAGE001'[39m,
  garage_name: [32m'Test Garage'[39m,
  first_name: [32m'John‮'[39m,
  last_name: [32m'Doe'[39m,
  login_id: [32m'john‮.doe@testgarage'[39m,
  user_role: [32m'mechanic'[39m,
  email: [32m'john.doe@example.com'[39m,
  phone_number: [32m'+1234567890'[39m,
  is_active: [33mtrue[39m,
  created_at: [32m'2026-01-16T16:33:18.717Z'[39m,
  updated_at: [32m'2026-01-16T16:33:18.717Z'[39m
}

[90mstdout[2m | tests/api/employees/edge-cases.test.ts[2m > [22m[2mPOST /api/employees - Edge Cases Tests[2m > [22m[2mUnicode and Special Characters[2m > [22m[2mshould handle right-to-left override character
[22m[39mUser created successfully: { userUid: [32m'b910615d-04b9-4e4a-b10d-5341082eeed5'[39m }
Inserting auth data...

[90mstdout[2m | tests/api/employees/edge-cases.test.ts[2m > [22m[2mPOST /api/employees - Edge Cases Tests[2m > [22m[2mUnicode and Special Characters[2m > [22m[2mshould handle right-to-left override character
[22m[39mAuth record created successfully

[90mstdout[2m | tests/api/employees/concurrent.test.ts[2m > [22m[2mPOST /api/employees - Concurrent Request Tests[2m > [22m[2mLoad Testing[2m > [22m[2mshould handle 50 concurrent requests (performance test)
[22m[39mFetching parent user details for UID: 123e4567-e89b-12d3-a456-426614174000
Fetching parent user details for UID: 123e4567-e89b-12d3-a456-426614174000
Fetching parent user details for UID: 123e4567-e89b-12d3-a456-426614174000
Fetching parent user details for UID: 123e4567-e89b-12d3-a456-426614174000
Fetching parent user details for UID: 123e4567-e89b-12d3-a456-426614174000
Fetching parent user details for UID: 123e4567-e89b-12d3-a456-426614174000
Fetching parent user details for UID: 123e4567-e89b-12d3-a456-426614174000
Fetching parent user details for UID: 123e4567-e89b-12d3-a456-426614174000
Fetching parent user details for UID: 123e4567-e89b-12d3-a456-426614174000
Fetching parent user details for UID: 123e4567-e89b-12d3-a456-426614174000
Fetching parent user details for UID: 123e4567-e89b-12d3-a456-426614174000
Fetching parent user details for UID: 123e4567-e89b-12d3-a456-426614174000
Fetching parent user details for UID: 123e4567-e89b-12d3-a456-426614174000
Fetching parent user details for UID: 123e4567-e89b-12d3-a456-426614174000
Fetching parent user details for UID: 123e4567-e89b-12d3-a456-426614174000
Fetching parent user details for UID: 123e4567-e89b-12d3-a456-426614174000
Fetching parent user details for UID: 123e4567-e89b-12d3-a456-426614174000
Fetching parent user details for UID: 123e4567-e89b-12d3-a456-426614174000
Fetching parent user details for UID: 123e4567-e89b-12d3-a456-426614174000
Fetching parent user details for UID: 123e4567-e89b-12d3-a456-426614174000
Fetching parent user details for UID: 123e4567-e89b-12d3-a456-426614174000
Fetching parent user details for UID: 123e4567-e89b-12d3-a456-426614174000
Fetching parent user details for UID: 123e4567-e89b-12d3-a456-426614174000
Fetching parent user details for UID: 123e4567-e89b-12d3-a456-426614174000
Fetching parent user details for UID: 123e4567-e89b-12d3-a456-426614174000
Fetching parent user details for UID: 123e4567-e89b-12d3-a456-426614174000
Fetching parent user details for UID: 123e4567-e89b-12d3-a456-426614174000
Fetching parent user details for UID: 123e4567-e89b-12d3-a456-426614174000
Fetching parent user details for UID: 123e4567-e89b-12d3-a456-426614174000
Fetching parent user details for UID: 123e4567-e89b-12d3-a456-426614174000
Fetching parent user details for UID: 123e4567-e89b-12d3-a456-426614174000
Fetching parent user details for UID: 123e4567-e89b-12d3-a456-426614174000
Fetching parent user details for UID: 123e4567-e89b-12d3-a456-426614174000
Fetching parent user details for UID: 123e4567-e89b-12d3-a456-426614174000
Fetching parent user details for UID: 123e4567-e89b-12d3-a456-426614174000
Fetching parent user details for UID: 123e4567-e89b-12d3-a456-426614174000
Fetching parent user details for UID: 123e4567-e89b-12d3-a456-426614174000
Fetching parent user details for UID: 123e4567-e89b-12d3-a456-426614174000
Fetching parent user details for UID: 123e4567-e89b-12d3-a456-426614174000
Fetching parent user details for UID: 123e4567-e89b-12d3-a456-426614174000
Fetching parent user details for UID: 123e4567-e89b-12d3-a456-426614174000
Fetching parent user details for UID: 123e4567-e89b-12d3-a456-426614174000
Fetching parent user details for UID: 123e4567-e89b-12d3-a456-426614174000
Fetching parent user details for UID: 123e4567-e89b-12d3-a456-426614174000
Fetching parent user details for UID: 123e4567-e89b-12d3-a456-426614174000
Fetching parent user details for UID: 123e4567-e89b-12d3-a456-426614174000
Fetching parent user details for UID: 123e4567-e89b-12d3-a456-426614174000
Fetching parent user details for UID: 123e4567-e89b-12d3-a456-426614174000
Fetching parent user details for UID: 123e4567-e89b-12d3-a456-426614174000
Fetching parent user details for UID: 123e4567-e89b-12d3-a456-426614174000
Parent user data: {
  garageUid: [32m'garage-uid-123'[39m,
  garageId: [32m'GARAGE001'[39m,
  garageName: [32m'Test Garage'[39m
}
Generated login ID: employee0.doe@testgarage
Parent user data: {
  garageUid: [32m'garage-uid-123'[39m,
  garageId: [32m'GARAGE001'[39m,
  garageName: [32m'Test Garage'[39m
}
Generated login ID: employee1.doe@testgarage
Parent user data: {
  garageUid: [32m'garage-uid-123'[39m,
  garageId: [32m'GARAGE001'[39m,
  garageName: [32m'Test Garage'[39m
}
Generated login ID: employee2.doe@testgarage
Parent user data: {
  garageUid: [32m'garage-uid-123'[39m,
  garageId: [32m'GARAGE001'[39m,
  garageName: [32m'Test Garage'[39m
}
Generated login ID: employee3.doe@testgarage
Parent user data: {
  garageUid: [32m'garage-uid-123'[39m,
  garageId: [32m'GARAGE001'[39m,
  garageName: [32m'Test Garage'[39m
}
Generated login ID: employee4.doe@testgarage
Parent user data: {
  garageUid: [32m'garage-uid-123'[39m,
  garageId: [32m'GARAGE001'[39m,
  garageName: [32m'Test Garage'[39m
}
Generated login ID: employee5.doe@testgarage
Parent user data: {
  garageUid: [32m'garage-uid-123'[39m,
  garageId: [32m'GARAGE001'[39m,
  garageName: [32m'Test Garage'[39m
}
Generated login ID: employee6.doe@testgarage
Parent user data: {
  garageUid: [32m'garage-uid-123'[39m,
  garageId: [32m'GARAGE001'[39m,
  garageName: [32m'Test Garage'[39m
}
Generated login ID: employee7.doe@testgarage
Parent user data: {
  garageUid: [32m'garage-uid-123'[39m,
  garageId: [32m'GARAGE001'[39m,
  garageName: [32m'Test Garage'[39m
}
Generated login ID: employee8.doe@testgarage
Parent user data: {
  garageUid: [32m'garage-uid-123'[39m,
  garageId: [32m'GARAGE001'[39m,
  garageName: [32m'Test Garage'[39m
}
Generated login ID: employee9.doe@testgarage
Parent user data: {
  garageUid: [32m'garage-uid-123'[39m,
  garageId: [32m'GARAGE001'[39m,
  garageName: [32m'Test Garage'[39m
}
Generated login ID: employee10.doe@testgarage
Parent user data: {
  garageUid: [32m'garage-uid-123'[39m,
  garageId: [32m'GARAGE001'[39m,
  garageName: [32m'Test Garage'[39m
}
Generated login ID: employee11.doe@testgarage
Parent user data: {
  garageUid: [32m'garage-uid-123'[39m,
  garageId: [32m'GARAGE001'[39m,
  garageName: [32m'Test Garage'[39m
}
Generated login ID: employee12.doe@testgarage
Parent user data: {
  garageUid: [32m'garage-uid-123'[39m,
  garageId: [32m'GARAGE001'[39m,
  garageName: [32m'Test Garage'[39m
}
Generated login ID: employee13.doe@testgarage
Parent user data: {
  garageUid: [32m'garage-uid-123'[39m,
  garageId: [32m'GARAGE001'[39m,
  garageName: [32m'Test Garage'[39m
}
Generated login ID: employee14.doe@testgarage
Parent user data: {
  garageUid: [32m'garage-uid-123'[39m,
  garageId: [32m'GARAGE001'[39m,
  garageName: [32m'Test Garage'[39m
}
Generated login ID: employee15.doe@testgarage
Parent user data: {
  garageUid: [32m'garage-uid-123'[39m,
  garageId: [32m'GARAGE001'[39m,
  garageName: [32m'Test Garage'[39m
}
Generated login ID: employee16.doe@testgarage
Parent user data: {
  garageUid: [32m'garage-uid-123'[39m,
  garageId: [32m'GARAGE001'[39m,
  garageName: [32m'Test Garage'[39m
}
Generated login ID: employee17.doe@testgarage
Parent user data: {
  garageUid: [32m'garage-uid-123'[39m,
  garageId: [32m'GARAGE001'[39m,
  garageName: [32m'Test Garage'[39m
}
Generated login ID: employee18.doe@testgarage
Parent user data: {
  garageUid: [32m'garage-uid-123'[39m,
  garageId: [32m'GARAGE001'[39m,
  garageName: [32m'Test Garage'[39m
}
Generated login ID: employee19.doe@testgarage
Parent user data: {
  garageUid: [32m'garage-uid-123'[39m,
  garageId: [32m'GARAGE001'[39m,
  garageName: [32m'Test Garage'[39m
}
Generated login ID: employee20.doe@testgarage
Parent user data: {
  garageUid: [32m'garage-uid-123'[39m,
  garageId: [32m'GARAGE001'[39m,
  garageName: [32m'Test Garage'[39m
}
Generated login ID: employee21.doe@testgarage
Parent user data: {
  garageUid: [32m'garage-uid-123'[39m,
  garageId: [32m'GARAGE001'[39m,
  garageName: [32m'Test Garage'[39m
}
Generated login ID: employee22.doe@testgarage
Parent user data: {
  garageUid: [32m'garage-uid-123'[39m,
  garageId: [32m'GARAGE001'[39m,
  garageName: [32m'Test Garage'[39m
}
Generated login ID: employee23.doe@testgarage
Parent user data: {
  garageUid: [32m'garage-uid-123'[39m,
  garageId: [32m'GARAGE001'[39m,
  garageName: [32m'Test Garage'[39m
}
Generated login ID: employee24.doe@testgarage
Parent user data: {
  garageUid: [32m'garage-uid-123'[39m,
  garageId: [32m'GARAGE001'[39m,
  garageName: [32m'Test Garage'[39m
}
Generated login ID: employee25.doe@testgarage
Parent user data: {
  garageUid: [32m'garage-uid-123'[39m,
  garageId: [32m'GARAGE001'[39m,
  garageName: [32m'Test Garage'[39m
}
Generated login ID: employee26.doe@testgarage
Parent user data: {
  garageUid: [32m'garage-uid-123'[39m,
  garageId: [32m'GARAGE001'[39m,
  garageName: [32m'Test Garage'[39m
}
Generated login ID: employee27.doe@testgarage
Parent user data: {
  garageUid: [32m'garage-uid-123'[39m,
  garageId: [32m'GARAGE001'[39m,
  garageName: [32m'Test Garage'[39m
}
Generated login ID: employee28.doe@testgarage
Parent user data: {
  garageUid: [32m'garage-uid-123'[39m,
  garageId: [32m'GARAGE001'[39m,
  garageName: [32m'Test Garage'[39m
}
Generated login ID: employee29.doe@testgarage
Parent user data: {
  garageUid: [32m'garage-uid-123'[39m,
  garageId: [32m'GARAGE001'[39m,
  garageName: [32m'Test Garage'[39m
}
Generated login ID: employee30.doe@testgarage
Parent user data: {
  garageUid: [32m'garage-uid-123'[39m,
  garageId: [32m'GARAGE001'[39m,
  garageName: [32m'Test Garage'[39m
}
Generated login ID: employee31.doe@testgarage
Parent user data: {
  garageUid: [32m'garage-uid-123'[39m,
  garageId: [32m'GARAGE001'[39m,
  garageName: [32m'Test Garage'[39m
}
Generated login ID: employee32.doe@testgarage
Parent user data: {
  garageUid: [32m'garage-uid-123'[39m,
  garageId: [32m'GARAGE001'[39m,
  garageName: [32m'Test Garage'[39m
}
Generated login ID: employee33.doe@testgarage
Parent user data: {
  garageUid: [32m'garage-uid-123'[39m,
  garageId: [32m'GARAGE001'[39m,
  garageName: [32m'Test Garage'[39m
}
Generated login ID: employee34.doe@testgarage
Parent user data: {
  garageUid: [32m'garage-uid-123'[39m,
  garageId: [32m'GARAGE001'[39m,
  garageName: [32m'Test Garage'[39m
}
Generated login ID: employee35.doe@testgarage
Parent user data: {
  garageUid: [32m'garage-uid-123'[39m,
  garageId: [32m'GARAGE001'[39m,
  garageName: [32m'Test Garage'[39m
}
Generated login ID: employee36.doe@testgarage
Parent user data: {
  garageUid: [32m'garage-uid-123'[39m,
  garageId: [32m'GARAGE001'[39m,
  garageName: [32m'Test Garage'[39m
}
Generated login ID: employee37.doe@testgarage
Parent user data: {
  garageUid: [32m'garage-uid-123'[39m,
  garageId: [32m'GARAGE001'[39m,
  garageName: [32m'Test Garage'[39m
}
Generated login ID: employee38.doe@testgarage
Parent user data: {
  garageUid: [32m'garage-uid-123'[39m,
  garageId: [32m'GARAGE001'[39m,
  garageName: [32m'Test Garage'[39m
}
Generated login ID: employee39.doe@testgarage
Parent user data: {
  garageUid: [32m'garage-uid-123'[39m,
  garageId: [32m'GARAGE001'[39m,
  garageName: [32m'Test Garage'[39m
}
Generated login ID: employee40.doe@testgarage
Parent user data: {
  garageUid: [32m'garage-uid-123'[39m,
  garageId: [32m'GARAGE001'[39m,
  garageName: [32m'Test Garage'[39m
}
Generated login ID: employee41.doe@testgarage
Parent user data: {
  garageUid: [32m'garage-uid-123'[39m,
  garageId: [32m'GARAGE001'[39m,
  garageName: [32m'Test Garage'[39m
}
Generated login ID: employee42.doe@testgarage
Parent user data: {
  garageUid: [32m'garage-uid-123'[39m,
  garageId: [32m'GARAGE001'[39m,
  garageName: [32m'Test Garage'[39m
}
Generated login ID: employee43.doe@testgarage
Parent user data: {
  garageUid: [32m'garage-uid-123'[39m,
  garageId: [32m'GARAGE001'[39m,
  garageName: [32m'Test Garage'[39m
}
Generated login ID: employee44.doe@testgarage
Parent user data: {
  garageUid: [32m'garage-uid-123'[39m,
  garageId: [32m'GARAGE001'[39m,
  garageName: [32m'Test Garage'[39m
}
Generated login ID: employee45.doe@testgarage
Parent user data: {
  garageUid: [32m'garage-uid-123'[39m,
  garageId: [32m'GARAGE001'[39m,
  garageName: [32m'Test Garage'[39m
}
Generated login ID: employee46.doe@testgarage
Parent user data: {
  garageUid: [32m'garage-uid-123'[39m,
  garageId: [32m'GARAGE001'[39m,
  garageName: [32m'Test Garage'[39m
}
Generated login ID: employee47.doe@testgarage
Parent user data: {
  garageUid: [32m'garage-uid-123'[39m,
  garageId: [32m'GARAGE001'[39m,
  garageName: [32m'Test Garage'[39m
}
Generated login ID: employee48.doe@testgarage
Parent user data: {
  garageUid: [32m'garage-uid-123'[39m,
  garageId: [32m'GARAGE001'[39m,
  garageName: [32m'Test Garage'[39m
}
Generated login ID: employee49.doe@testgarage
Inserting new user data: {
  user_uid: [32m'***'[39m,
  garage_uid: [32m'garage-uid-123'[39m,
  garage_id: [32m'GARAGE001'[39m,
  garage_name: [32m'Test Garage'[39m,
  first_name: [32m'Employee0'[39m,
  last_name: [32m'Doe'[39m,
  login_id: [32m'employee0.doe@testgarage'[39m,
  user_role: [32m'mechanic'[39m,
  email: [32m'john.doe@example.com'[39m,
  phone_number: [32m'+1234567890'[39m,
  is_active: [33mtrue[39m,
  created_at: [32m'2026-01-16T16:33:18.710Z'[39m,
  updated_at: [32m'2026-01-16T16:33:18.710Z'[39m
}
Inserting new user data: {
  user_uid: [32m'***'[39m,
  garage_uid: [32m'garage-uid-123'[39m,
  garage_id: [32m'GARAGE001'[39m,
  garage_name: [32m'Test Garage'[39m,
  first_name: [32m'Employee1'[39m,
  last_name: [32m'Doe'[39m,
  login_id: [32m'employee1.doe@testgarage'[39m,
  user_role: [32m'mechanic'[39m,
  email: [32m'john.doe@example.com'[39m,
  phone_number: [32m'+1234567890'[39m,
  is_active: [33mtrue[39m,
  created_at: [32m'2026-01-16T16:33:18.710Z'[39m,
  updated_at: [32m'2026-01-16T16:33:18.710Z'[39m
}
Inserting new user data: {
  user_uid: [32m'***'[39m,
  garage_uid: [32m'garage-uid-123'[39m,
  garage_id: [32m'GARAGE001'[39m,
  garage_name: [32m'Test Garage'[39m,
  first_name: [32m'Employee2'[39m,
  last_name: [32m'Doe'[39m,
  login_id: [32m'employee2.doe@testgarage'[39m,
  user_role: [32m'mechanic'[39m,
  email: [32m'john.doe@example.com'[39m,
  phone_number: [32m'+1234567890'[39m,
  is_active: [33mtrue[39m,
  created_at: [32m'2026-01-16T16:33:18.711Z'[39m,
  updated_at: [32m'2026-01-16T16:33:18.711Z'[39m
}
Inserting new user data: {
  user_uid: [32m'***'[39m,
  garage_uid: [32m'garage-uid-123'[39m,
  garage_id: [32m'GARAGE001'[39m,
  garage_name: [32m'Test Garage'[39m,
  first_name: [32m'Employee3'[39m,
  last_name: [32m'Doe'[39m,
  login_id: [32m'employee3.doe@testgarage'[39m,
  user_role: [32m'mechanic'[39m,
  email: [32m'john.doe@example.com'[39m,
  phone_number: [32m'+1234567890'[39m,
  is_active: [33mtrue[39m,
  created_at: [32m'2026-01-16T16:33:18.711Z'[39m,
  updated_at: [32m'2026-01-16T16:33:18.711Z'[39m
}
Inserting new user data: {
  user_uid: [32m'***'[39m,
  garage_uid: [32m'garage-uid-123'[39m,
  garage_id: [32m'GARAGE001'[39m,
  garage_name: [32m'Test Garage'[39m,
  first_name: [32m'Employee4'[39m,
  last_name: [32m'Doe'[39m,
  login_id: [32m'employee4.doe@testgarage'[39m,
  user_role: [32m'mechanic'[39m,
  email: [32m'john.doe@example.com'[39m,
  phone_number: [32m'+1234567890'[39m,
  is_active: [33mtrue[39m,
  created_at: [32m'2026-01-16T16:33:18.711Z'[39m,
  updated_at: [32m'2026-01-16T16:33:18.711Z'[39m
}
Inserting new user data: {
  user_uid: [32m'***'[39m,
  garage_uid: [32m'garage-uid-123'[39m,
  garage_id: [32m'GARAGE001'[39m,
  garage_name: [32m'Test Garage'[39m,
  first_name: [32m'Employee5'[39m,
  last_name: [32m'Doe'[39m,
  login_id: [32m'employee5.doe@testgarage'[39m,
  user_role: [32m'mechanic'[39m,
  email: [32m'john.doe@example.com'[39m,
  phone_number: [32m'+1234567890'[39m,
  is_active: [33mtrue[39m,
  created_at: [32m'2026-01-16T16:33:18.711Z'[39m,
  updated_at: [32m'2026-01-16T16:33:18.711Z'[39m
}
Inserting new user data: {
  user_uid: [32m'***'[39m,
  garage_uid: [32m'garage-uid-123'[39m,
  garage_id: [32m'GARAGE001'[39m,
  garage_name: [32m'Test Garage'[39m,
  first_name: [32m'Employee6'[39m,
  last_name: [32m'Doe'[39m,
  login_id: [32m'employee6.doe@testgarage'[39m,
  user_role: [32m'mechanic'[39m,
  email: [32m'john.doe@example.com'[39m,
  phone_number: [32m'+1234567890'[39m,
  is_active: [33mtrue[39m,
  created_at: [32m'2026-01-16T16:33:18.711Z'[39m,
  updated_at: [32m'2026-01-16T16:33:18.711Z'[39m
}
Inserting new user data: {
  user_uid: [32m'***'[39m,
  garage_uid: [32m'garage-uid-123'[39m,
  garage_id: [32m'GARAGE001'[39m,
  garage_name: [32m'Test Garage'[39m,
  first_name: [32m'Employee7'[39m,
  last_name: [32m'Doe'[39m,
  login_id: [32m'employee7.doe@testgarage'[39m,
  user_role: [32m'mechanic'[39m,
  email: [32m'john.doe@example.com'[39m,
  phone_number: [32m'+1234567890'[39m,
  is_active: [33mtrue[39m,
  created_at: [32m'2026-01-16T16:33:18.711Z'[39m,
  updated_at: [32m'2026-01-16T16:33:18.711Z'[39m
}
Inserting new user data: {
  user_uid: [32m'***'[39m,
  garage_uid: [32m'garage-uid-123'[39m,
  garage_id: [32m'GARAGE001'[39m,
  garage_name: [32m'Test Garage'[39m,
  first_name: [32m'Employee8'[39m,
  last_name: [32m'Doe'[39m,
  login_id: [32m'employee8.doe@testgarage'[39m,
  user_role: [32m'mechanic'[39m,
  email: [32m'john.doe@example.com'[39m,
  phone_number: [32m'+1234567890'[39m,
  is_active: [33mtrue[39m,
  created_at: [32m'2026-01-16T16:33:18.711Z'[39m,
  updated_at: [32m'2026-01-16T16:33:18.711Z'[39m
}
Inserting new user data: {
  user_uid: [32m'***'[39m,
  garage_uid: [32m'garage-uid-123'[39m,
  garage_id: [32m'GARAGE001'[39m,
  garage_name: [32m'Test Garage'[39m,
  first_name: [32m'Employee9'[39m,
  last_name: [32m'Doe'[39m,
  login_id: [32m'employee9.doe@testgarage'[39m,
  user_role: [32m'mechanic'[39m,
  email: [32m'john.doe@example.com'[39m,
  phone_number: [32m'+1234567890'[39m,
  is_active: [33mtrue[39m,
  created_at: [32m'2026-01-16T16:33:18.711Z'[39m,
  updated_at: [32m'2026-01-16T16:33:18.711Z'[39m
}
Inserting new user data: {
  user_uid: [32m'***'[39m,
  garage_uid: [32m'garage-uid-123'[39m,
  garage_id: [32m'GARAGE001'[39m,
  garage_name: [32m'Test Garage'[39m,
  first_name: [32m'Employee10'[39m,
  last_name: [32m'Doe'[39m,
  login_id: [32m'employee10.doe@testgarage'[39m,
  user_role: [32m'mechanic'[39m,
  email: [32m'john.doe@example.com'[39m,
  phone_number: [32m'+1234567890'[39m,
  is_active: [33mtrue[39m,
  created_at: [32m'2026-01-16T16:33:18.711Z'[39m,
  updated_at: [32m'2026-01-16T16:33:18.711Z'[39m
}
Inserting new user data: {
  user_uid: [32m'***'[39m,
  garage_uid: [32m'garage-uid-123'[39m,
  garage_id: [32m'GARAGE001'[39m,
  garage_name: [32m'Test Garage'[39m,
  first_name: [32m'Employee11'[39m,
  last_name: [32m'Doe'[39m,
  login_id: [32m'employee11.doe@testgarage'[39m,
  user_role: [32m'mechanic'[39m,
  email: [32m'john.doe@example.com'[39m,
  phone_number: [32m'+1234567890'[39m,
  is_active: [33mtrue[39m,
  created_at: [32m'2026-01-16T16:33:18.711Z'[39m,
  updated_at: [32m'2026-01-16T16:33:18.711Z'[39m
}
Inserting new user data: {
  user_uid: [32m'***'[39m,
  garage_uid: [32m'garage-uid-123'[39m,
  garage_id: [32m'GARAGE001'[39m,
  garage_name: [32m'Test Garage'[39m,
  first_name: [32m'Employee12'[39m,
  last_name: [32m'Doe'[39m,
  login_id: [32m'employee12.doe@testgarage'[39m,
  user_role: [32m'mechanic'[39m,
  email: [32m'john.doe@example.com'[39m,
  phone_number: [32m'+1234567890'[39m,
  is_active: [33mtrue[39m,
  created_at: [32m'2026-01-16T16:33:18.711Z'[39m,
  updated_at: [32m'2026-01-16T16:33:18.711Z'[39m
}
Inserting new user data: {
  user_uid: [32m'***'[39m,
  garage_uid: [32m'garage-uid-123'[39m,
  garage_id: [32m'GARAGE001'[39m,
  garage_name: [32m'Test Garage'[39m,
  first_name: [32m'Employee13'[39m,
  last_name: [32m'Doe'[39m,
  login_id: [32m'employee13.doe@testgarage'[39m,
  user_role: [32m'mechanic'[39m,
  email: [32m'john.doe@example.com'[39m,
  phone_number: [32m'+1234567890'[39m,
  is_active: [33mtrue[39m,
  created_at: [32m'2026-01-16T16:33:18.711Z'[39m,
  updated_at: [32m'2026-01-16T16:33:18.711Z'[39m
}
Inserting new user data: {
  user_uid: [32m'***'[39m,
  garage_uid: [32m'garage-uid-123'[39m,
  garage_id: [32m'GARAGE001'[39m,
  garage_name: [32m'Test Garage'[39m,
  first_name: [32m'Employee14'[39m,
  last_name: [32m'Doe'[39m,
  login_id: [32m'employee14.doe@testgarage'[39m,
  user_role: [32m'mechanic'[39m,
  email: [32m'john.doe@example.com'[39m,
  phone_number: [32m'+1234567890'[39m,
  is_active: [33mtrue[39m,
  created_at: [32m'2026-01-16T16:33:18.711Z'[39m,
  updated_at: [32m'2026-01-16T16:33:18.711Z'[39m
}
Inserting new user data: {
  user_uid: [32m'***'[39m,
  garage_uid: [32m'garage-uid-123'[39m,
  garage_id: [32m'GARAGE001'[39m,
  garage_name: [32m'Test Garage'[39m,
  first_name: [32m'Employee15'[39m,
  last_name: [32m'Doe'[39m,
  login_id: [32m'employee15.doe@testgarage'[39m,
  user_role: [32m'mechanic'[39m,
  email: [32m'john.doe@example.com'[39m,
  phone_number: [32m'+1234567890'[39m,
  is_active: [33mtrue[39m,
  created_at: [32m'2026-01-16T16:33:18.711Z'[39m,
  updated_at: [32m'2026-01-16T16:33:18.711Z'[39m
}
Inserting new user data: {
  user_uid: [32m'***'[39m,
  garage_uid: [32m'garage-uid-123'[39m,
  garage_id: [32m'GARAGE001'[39m,
  garage_name: [32m'Test Garage'[39m,
  first_name: [32m'Employee16'[39m,
  last_name: [32m'Doe'[39m,
  login_id: [32m'employee16.doe@testgarage'[39m,
  user_role: [32m'mechanic'[39m,
  email: [32m'john.doe@example.com'[39m,
  phone_number: [32m'+1234567890'[39m,
  is_active: [33mtrue[39m,
  created_at: [32m'2026-01-16T16:33:18.711Z'[39m,
  updated_at: [32m'2026-01-16T16:33:18.711Z'[39m
}
Inserting new user data: {
  user_uid: [32m'***'[39m,
  garage_uid: [32m'garage-uid-123'[39m,
  garage_id: [32m'GARAGE001'[39m,
  garage_name: [32m'Test Garage'[39m,
  first_name: [32m'Employee17'[39m,
  last_name: [32m'Doe'[39m,
  login_id: [32m'employee17.doe@testgarage'[39m,
  user_role: [32m'mechanic'[39m,
  email: [32m'john.doe@example.com'[39m,
  phone_number: [32m'+1234567890'[39m,
  is_active: [33mtrue[39m,
  created_at: [32m'2026-01-16T16:33:18.711Z'[39m,
  updated_at: [32m'2026-01-16T16:33:18.711Z'[39m
}
Inserting new user data: {
  user_uid: [32m'***'[39m,
  garage_uid: [32m'garage-uid-123'[39m,
  garage_id: [32m'GARAGE001'[39m,
  garage_name: [32m'Test Garage'[39m,
  first_name: [32m'Employee18'[39m,
  last_name: [32m'Doe'[39m,
  login_id: [32m'employee18.doe@testgarage'[39m,
  user_role: [32m'mechanic'[39m,
  email: [32m'john.doe@example.com'[39m,
  phone_number: [32m'+1234567890'[39m,
  is_active: [33mtrue[39m,
  created_at: [32m'2026-01-16T16:33:18.711Z'[39m,
  updated_at: [32m'2026-01-16T16:33:18.711Z'[39m
}
Inserting new user data: {
  user_uid: [32m'***'[39m,
  garage_uid: [32m'garage-uid-123'[39m,
  garage_id: [32m'GARAGE001'[39m,
  garage_name: [32m'Test Garage'[39m,
  first_name: [32m'Employee19'[39m,
  last_name: [32m'Doe'[39m,
  login_id: [32m'employee19.doe@testgarage'[39m,
  user_role: [32m'mechanic'[39m,
  email: [32m'john.doe@example.com'[39m,
  phone_number: [32m'+1234567890'[39m,
  is_active: [33mtrue[39m,
  created_at: [32m'2026-01-16T16:33:18.711Z'[39m,
  updated_at: [32m'2026-01-16T16:33:18.711Z'[39m
}
Inserting new user data: {
  user_uid: [32m'***'[39m,
  garage_uid: [32m'garage-uid-123'[39m,
  garage_id: [32m'GARAGE001'[39m,
  garage_name: [32m'Test Garage'[39m,
  first_name: [32m'Employee20'[39m,
  last_name: [32m'Doe'[39m,
  login_id: [32m'employee20.doe@testgarage'[39m,
  user_role: [32m'mechanic'[39m,
  email: [32m'john.doe@example.com'[39m,
  phone_number: [32m'+1234567890'[39m,
  is_active: [33mtrue[39m,
  created_at: [32m'2026-01-16T16:33:18.711Z'[39m,
  updated_at: [32m'2026-01-16T16:33:18.711Z'[39m
}
Inserting new user data: {
  user_uid: [32m'***'[39m,
  garage_uid: [32m'garage-uid-123'[39m,
  garage_id: [32m'GARAGE001'[39m,
  garage_name: [32m'Test Garage'[39m,
  first_name: [32m'Employee21'[39m,
  last_name: [32m'Doe'[39m,
  login_id: [32m'employee21.doe@testgarage'[39m,
  user_role: [32m'mechanic'[39m,
  email: [32m'john.doe@example.com'[39m,
  phone_number: [32m'+1234567890'[39m,
  is_active: [33mtrue[39m,
  created_at: [32m'2026-01-16T16:33:18.711Z'[39m,
  updated_at: [32m'2026-01-16T16:33:18.711Z'[39m
}
Inserting new user data: {
  user_uid: [32m'***'[39m,
  garage_uid: [32m'garage-uid-123'[39m,
  garage_id: [32m'GARAGE001'[39m,
  garage_name: [32m'Test Garage'[39m,
  first_name: [32m'Employee22'[39m,
  last_name: [32m'Doe'[39m,
  login_id: [32m'employee22.doe@testgarage'[39m,
  user_role: [32m'mechanic'[39m,
  email: [32m'john.doe@example.com'[39m,
  phone_number: [32m'+1234567890'[39m,
  is_active: [33mtrue[39m,
  created_at: [32m'2026-01-16T16:33:18.712Z'[39m,
  updated_at: [32m'2026-01-16T16:33:18.712Z'[39m
}
Inserting new user data: {
  user_uid: [32m'***'[39m,
  garage_uid: [32m'garage-uid-123'[39m,
  garage_id: [32m'GARAGE001'[39m,
  garage_name: [32m'Test Garage'[39m,
  first_name: [32m'Employee23'[39m,
  last_name: [32m'Doe'[39m,
  login_id: [32m'employee23.doe@testgarage'[39m,
  user_role: [32m'mechanic'[39m,
  email: [32m'john.doe@example.com'[39m,
  phone_number: [32m'+1234567890'[39m,
  is_active: [33mtrue[39m,
  created_at: [32m'2026-01-16T16:33:18.712Z'[39m,
  updated_at: [32m'2026-01-16T16:33:18.712Z'[39m
}
Inserting new user data: {
  user_uid: [32m'***'[39m,
  garage_uid: [32m'garage-uid-123'[39m,
  garage_id: [32m'GARAGE001'[39m,
  garage_name: [32m'Test Garage'[39m,
  first_name: [32m'Employee24'[39m,
  last_name: [32m'Doe'[39m,
  login_id: [32m'employee24.doe@testgarage'[39m,
  user_role: [32m'mechanic'[39m,
  email: [32m'john.doe@example.com'[39m,
  phone_number: [32m'+1234567890'[39m,
  is_active: [33mtrue[39m,
  created_at: [32m'2026-01-16T16:33:18.712Z'[39m,
  updated_at: [32m'2026-01-16T16:33:18.712Z'[39m
}
Inserting new user data: {
  user_uid: [32m'***'[39m,
  garage_uid: [32m'garage-uid-123'[39m,
  garage_id: [32m'GARAGE001'[39m,
  garage_name: [32m'Test Garage'[39m,
  first_name: [32m'Employee25'[39m,
  last_name: [32m'Doe'[39m,
  login_id: [32m'employee25.doe@testgarage'[39m,
  user_role: [32m'mechanic'[39m,
  email: [32m'john.doe@example.com'[39m,
  phone_number: [32m'+1234567890'[39m,
  is_active: [33mtrue[39m,
  created_at: [32m'2026-01-16T16:33:18.712Z'[39m,
  updated_at: [32m'2026-01-16T16:33:18.712Z'[39m
}
Inserting new user data: {
  user_uid: [32m'***'[39m,
  garage_uid: [32m'garage-uid-123'[39m,
  garage_id: [32m'GARAGE001'[39m,
  garage_name: [32m'Test Garage'[39m,
  first_name: [32m'Employee26'[39m,
  last_name: [32m'Doe'[39m,
  login_id: [32m'employee26.doe@testgarage'[39m,
  user_role: [32m'mechanic'[39m,
  email: [32m'john.doe@example.com'[39m,
  phone_number: [32m'+1234567890'[39m,
  is_active: [33mtrue[39m,
  created_at: [32m'2026-01-16T16:33:18.712Z'[39m,
  updated_at: [32m'2026-01-16T16:33:18.712Z'[39m
}
Inserting new user data: {
  user_uid: [32m'***'[39m,
  garage_uid: [32m'garage-uid-123'[39m,
  garage_id: [32m'GARAGE001'[39m,
  garage_name: [32m'Test Garage'[39m,
  first_name: [32m'Employee27'[39m,
  last_name: [32m'Doe'[39m,
  login_id: [32m'employee27.doe@testgarage'[39m,
  user_role: [32m'mechanic'[39m,
  email: [32m'john.doe@example.com'[39m,
  phone_number: [32m'+1234567890'[39m,
  is_active: [33mtrue[39m,
  created_at: [32m'2026-01-16T16:33:18.712Z'[39m,
  updated_at: [32m'2026-01-16T16:33:18.712Z'[39m
}
Inserting new user data: {
  user_uid: [32m'***'[39m,
  garage_uid: [32m'garage-uid-123'[39m,
  garage_id: [32m'GARAGE001'[39m,
  garage_name: [32m'Test Garage'[39m,
  first_name: [32m'Employee28'[39m,
  last_name: [32m'Doe'[39m,
  login_id: [32m'employee28.doe@testgarage'[39m,
  user_role: [32m'mechanic'[39m,
  email: [32m'john.doe@example.com'[39m,
  phone_number: [32m'+1234567890'[39m,
  is_active: [33mtrue[39m,
  created_at: [32m'2026-01-16T16:33:18.712Z'[39m,
  updated_at: [32m'2026-01-16T16:33:18.712Z'[39m
}
Inserting new user data: {
  user_uid: [32m'***'[39m,
  garage_uid: [32m'garage-uid-123'[39m,
  garage_id: [32m'GARAGE001'[39m,
  garage_name: [32m'Test Garage'[39m,
  first_name: [32m'Employee29'[39m,
  last_name: [32m'Doe'[39m,
  login_id: [32m'employee29.doe@testgarage'[39m,
  user_role: [32m'mechanic'[39m,
  email: [32m'john.doe@example.com'[39m,
  phone_number: [32m'+1234567890'[39m,
  is_active: [33mtrue[39m,
  created_at: [32m'2026-01-16T16:33:18.712Z'[39m,
  updated_at: [32m'2026-01-16T16:33:18.712Z'[39m
}
Inserting new user data: {
  user_uid: [32m'***'[39m,
  garage_uid: [32m'garage-uid-123'[39m,
  garage_id: [32m'GARAGE001'[39m,
  garage_name: [32m'Test Garage'[39m,
  first_name: [32m'Employee30'[39m,
  last_name: [32m'Doe'[39m,
  login_id: [32m'employee30.doe@testgarage'[39m,
  user_role: [32m'mechanic'[39m,
  email: [32m'john.doe@example.com'[39m,
  phone_number: [32m'+1234567890'[39m,
  is_active: [33mtrue[39m,
  created_at: [32m'2026-01-16T16:33:18.712Z'[39m,
  updated_at: [32m'2026-01-16T16:33:18.712Z'[39m
}
Inserting new user data: {
  user_uid: [32m'***'[39m,
  garage_uid: [32m'garage-uid-123'[39m,
  garage_id: [32m'GARAGE001'[39m,
  garage_name: [32m'Test Garage'[39m,
  first_name: [32m'Employee31'[39m,
  last_name: [32m'Doe'[39m,
  login_id: [32m'employee31.doe@testgarage'[39m,
  user_role: [32m'mechanic'[39m,
  email: [32m'john.doe@example.com'[39m,
  phone_number: [32m'+1234567890'[39m,
  is_active: [33mtrue[39m,
  created_at: [32m'2026-01-16T16:33:18.712Z'[39m,
  updated_at: [32m'2026-01-16T16:33:18.712Z'[39m
}
Inserting new user data: {
  user_uid: [32m'***'[39m,
  garage_uid: [32m'garage-uid-123'[39m,
  garage_id: [32m'GARAGE001'[39m,
  garage_name: [32m'Test Garage'[39m,
  first_name: [32m'Employee32'[39m,
  last_name: [32m'Doe'[39m,
  login_id: [32m'employee32.doe@testgarage'[39m,
  user_role: [32m'mechanic'[39m,
  email: [32m'john.doe@example.com'[39m,
  phone_number: [32m'+1234567890'[39m,
  is_active: [33mtrue[39m,
  created_at: [32m'2026-01-16T16:33:18.712Z'[39m,
  updated_at: [32m'2026-01-16T16:33:18.712Z'[39m
}
Inserting new user data: {
  user_uid: [32m'***'[39m,
  garage_uid: [32m'garage-uid-123'[39m,
  garage_id: [32m'GARAGE001'[39m,
  garage_name: [32m'Test Garage'[39m,
  first_name: [32m'Employee33'[39m,
  last_name: [32m'Doe'[39m,
  login_id: [32m'employee33.doe@testgarage'[39m,
  user_role: [32m'mechanic'[39m,
  email: [32m'john.doe@example.com'[39m,
  phone_number: [32m'+1234567890'[39m,
  is_active: [33mtrue[39m,
  created_at: [32m'2026-01-16T16:33:18.712Z'[39m,
  updated_at: [32m'2026-01-16T16:33:18.712Z'[39m
}
Inserting new user data: {
  user_uid: [32m'***'[39m,
  garage_uid: [32m'garage-uid-123'[39m,
  garage_id: [32m'GARAGE001'[39m,
  garage_name: [32m'Test Garage'[39m,
  first_name: [32m'Employee34'[39m,
  last_name: [32m'Doe'[39m,
  login_id: [32m'employee34.doe@testgarage'[39m,
  user_role: [32m'mechanic'[39m,
  email: [32m'john.doe@example.com'[39m,
  phone_number: [32m'+1234567890'[39m,
  is_active: [33mtrue[39m,
  created_at: [32m'2026-01-16T16:33:18.712Z'[39m,
  updated_at: [32m'2026-01-16T16:33:18.712Z'[39m
}
Inserting new user data: {
  user_uid: [32m'***'[39m,
  garage_uid: [32m'garage-uid-123'[39m,
  garage_id: [32m'GARAGE001'[39m,
  garage_name: [32m'Test Garage'[39m,
  first_name: [32m'Employee35'[39m,
  last_name: [32m'Doe'[39m,
  login_id: [32m'employee35.doe@testgarage'[39m,
  user_role: [32m'mechanic'[39m,
  email: [32m'john.doe@example.com'[39m,
  phone_number: [32m'+1234567890'[39m,
  is_active: [33mtrue[39m,
  created_at: [32m'2026-01-16T16:33:18.712Z'[39m,
  updated_at: [32m'2026-01-16T16:33:18.712Z'[39m
}
Inserting new user data: {
  user_uid: [32m'***'[39m,
  garage_uid: [32m'garage-uid-123'[39m,
  garage_id: [32m'GARAGE001'[39m,
  garage_name: [32m'Test Garage'[39m,
  first_name: [32m'Employee36'[39m,
  last_name: [32m'Doe'[39m,
  login_id: [32m'employee36.doe@testgarage'[39m,
  user_role: [32m'mechanic'[39m,
  email: [32m'john.doe@example.com'[39m,
  phone_number: [32m'+1234567890'[39m,
  is_active: [33mtrue[39m,
  created_at: [32m'2026-01-16T16:33:18.712Z'[39m,
  updated_at: [32m'2026-01-16T16:33:18.712Z'[39m
}
Inserting new user data: {
  user_uid: [32m'***'[39m,
  garage_uid: [32m'garage-uid-123'[39m,
  garage_id: [32m'GARAGE001'[39m,
  garage_name: [32m'Test Garage'[39m,
  first_name: [32m'Employee37'[39m,
  last_name: [32m'Doe'[39m,
  login_id: [32m'employee37.doe@testgarage'[39m,
  user_role: [32m'mechanic'[39m,
  email: [32m'john.doe@example.com'[39m,
  phone_number: [32m'+1234567890'[39m,
  is_active: [33mtrue[39m,
  created_at: [32m'2026-01-16T16:33:18.712Z'[39m,
  updated_at: [32m'2026-01-16T16:33:18.712Z'[39m
}
Inserting new user data: {
  user_uid: [32m'***'[39m,
  garage_uid: [32m'garage-uid-123'[39m,
  garage_id: [32m'GARAGE001'[39m,
  garage_name: [32m'Test Garage'[39m,
  first_name: [32m'Employee38'[39m,
  last_name: [32m'Doe'[39m,
  login_id: [32m'employee38.doe@testgarage'[39m,
  user_role: [32m'mechanic'[39m,
  email: [32m'john.doe@example.com'[39m,
  phone_number: [32m'+1234567890'[39m,
  is_active: [33mtrue[39m,
  created_at: [32m'2026-01-16T16:33:18.712Z'[39m,
  updated_at: [32m'2026-01-16T16:33:18.712Z'[39m
}
Inserting new user data: {
  user_uid: [32m'***'[39m,
  garage_uid: [32m'garage-uid-123'[39m,
  garage_id: [32m'GARAGE001'[39m,
  garage_name: [32m'Test Garage'[39m,
  first_name: [32m'Employee39'[39m,
  last_name: [32m'Doe'[39m,
  login_id: [32m'employee39.doe@testgarage'[39m,
  user_role: [32m'mechanic'[39m,
  email: [32m'john.doe@example.com'[39m,
  phone_number: [32m'+1234567890'[39m,
  is_active: [33mtrue[39m,
  created_at: [32m'2026-01-16T16:33:18.712Z'[39m,
  updated_at: [32m'2026-01-16T16:33:18.712Z'[39m
}
Inserting new user data: {
  user_uid: [32m'***'[39m,
  garage_uid: [32m'garage-uid-123'[39m,
  garage_id: [32m'GARAGE001'[39m,
  garage_name: [32m'Test Garage'[39m,
  first_name: [32m'Employee40'[39m,
  last_name: [32m'Doe'[39m,
  login_id: [32m'employee40.doe@testgarage'[39m,
  user_role: [32m'mechanic'[39m,
  email: [32m'john.doe@example.com'[39m,
  phone_number: [32m'+1234567890'[39m,
  is_active: [33mtrue[39m,
  created_at: [32m'2026-01-16T16:33:18.712Z'[39m,
  updated_at: [32m'2026-01-16T16:33:18.712Z'[39m
}
Inserting new user data: {
  user_uid: [32m'***'[39m,
  garage_uid: [32m'garage-uid-123'[39m,
  garage_id: [32m'GARAGE001'[39m,
  garage_name: [32m'Test Garage'[39m,
  first_name: [32m'Employee41'[39m,
  last_name: [32m'Doe'[39m,
  login_id: [32m'employee41.doe@testgarage'[39m,
  user_role: [32m'mechanic'[39m,
  email: [32m'john.doe@example.com'[39m,
  phone_number: [32m'+1234567890'[39m,
  is_active: [33mtrue[39m,
  created_at: [32m'2026-01-16T16:33:18.712Z'[39m,
  updated_at: [32m'2026-01-16T16:33:18.712Z'[39m
}
Inserting new user data: {
  user_uid: [32m'***'[39m,
  garage_uid: [32m'garage-uid-123'[39m,
  garage_id: [32m'GARAGE001'[39m,
  garage_name: [32m'Test Garage'[39m,
  first_name: [32m'Employee42'[39m,
  last_name: [32m'Doe'[39m,
  login_id: [32m'employee42.doe@testgarage'[39m,
  user_role: [32m'mechanic'[39m,
  email: [32m'john.doe@example.com'[39m,
  phone_number: [32m'+1234567890'[39m,
  is_active: [33mtrue[39m,
  created_at: [32m'2026-01-16T16:33:18.712Z'[39m,
  updated_at: [32m'2026-01-16T16:33:18.712Z'[39m
}
Inserting new user data: {
  user_uid: [32m'***'[39m,
  garage_uid: [32m'garage-uid-123'[39m,
  garage_id: [32m'GARAGE001'[39m,
  garage_name: [32m'Test Garage'[39m,
  first_name: [32m'Employee43'[39m,
  last_name: [32m'Doe'[39m,
  login_id: [32m'employee43.doe@testgarage'[39m,
  user_role: [32m'mechanic'[39m,
  email: [32m'john.doe@example.com'[39m,
  phone_number: [32m'+1234567890'[39m,
  is_active: [33mtrue[39m,
  created_at: [32m'2026-01-16T16:33:18.713Z'[39m,
  updated_at: [32m'2026-01-16T16:33:18.713Z'[39m
}
Inserting new user data: {
  user_uid: [32m'***'[39m,
  garage_uid: [32m'garage-uid-123'[39m,
  garage_id: [32m'GARAGE001'[39m,
  garage_name: [32m'Test Garage'[39m,
  first_name: [32m'Employee44'[39m,
  last_name: [32m'Doe'[39m,
  login_id: [32m'employee44.doe@testgarage'[39m,
  user_role: [32m'mechanic'[39m,
  email: [32m'john.doe@example.com'[39m,
  phone_number: [32m'+1234567890'[39m,
  is_active: [33mtrue[39m,
  created_at: [32m'2026-01-16T16:33:18.713Z'[39m,
  updated_at: [32m'2026-01-16T16:33:18.713Z'[39m
}
Inserting new user data: {
  user_uid: [32m'***'[39m,
  garage_uid: [32m'garage-uid-123'[39m,
  garage_id: [32m'GARAGE001'[39m,
  garage_name: [32m'Test Garage'[39m,
  first_name: [32m'Employee45'[39m,
  last_name: [32m'Doe'[39m,
  login_id: [32m'employee45.doe@testgarage'[39m,
  user_role: [32m'mechanic'[39m,
  email: [32m'john.doe@example.com'[39m,
  phone_number: [32m'+1234567890'[39m,
  is_active: [33mtrue[39m,
  created_at: [32m'2026-01-16T16:33:18.713Z'[39m,
  updated_at: [32m'2026-01-16T16:33:18.713Z'[39m
}
Inserting new user data: {
  user_uid: [32m'***'[39m,
  garage_uid: [32m'garage-uid-123'[39m,
  garage_id: [32m'GARAGE001'[39m,
  garage_name: [32m'Test Garage'[39m,
  first_name: [32m'Employee46'[39m,
  last_name: [32m'Doe'[39m,
  login_id: [32m'employee46.doe@testgarage'[39m,
  user_role: [32m'mechanic'[39m,
  email: [32m'john.doe@example.com'[39m,
  phone_number: [32m'+1234567890'[39m,
  is_active: [33mtrue[39m,
  created_at: [32m'2026-01-16T16:33:18.713Z'[39m,
  updated_at: [32m'2026-01-16T16:33:18.713Z'[39m
}
Inserting new user data: {
  user_uid: [32m'***'[39m,
  garage_uid: [32m'garage-uid-123'[39m,
  garage_id: [32m'GARAGE001'[39m,
  garage_name: [32m'Test Garage'[39m,
  first_name: [32m'Employee47'[39m,
  last_name: [32m'Doe'[39m,
  login_id: [32m'employee47.doe@testgarage'[39m,
  user_role: [32m'mechanic'[39m,
  email: [32m'john.doe@example.com'[39m,
  phone_number: [32m'+1234567890'[39m,
  is_active: [33mtrue[39m,
  created_at: [32m'2026-01-16T16:33:18.713Z'[39m,
  updated_at: [32m'2026-01-16T16:33:18.713Z'[39m
}
Inserting new user data: {
  user_uid: [32m'***'[39m,
  garage_uid: [32m'garage-uid-123'[39m,
  garage_id: [32m'GARAGE001'[39m,
  garage_name: [32m'Test Garage'[39m,
  first_name: [32m'Employee48'[39m,
  last_name: [32m'Doe'[39m,
  login_id: [32m'employee48.doe@testgarage'[39m,
  user_role: [32m'mechanic'[39m,
  email: [32m'john.doe@example.com'[39m,
  phone_number: [32m'+1234567890'[39m,
  is_active: [33mtrue[39m,
  created_at: [32m'2026-01-16T16:33:18.713Z'[39m,
  updated_at: [32m'2026-01-16T16:33:18.713Z'[39m
}
Inserting new user data: {
  user_uid: [32m'***'[39m,
  garage_uid: [32m'garage-uid-123'[39m,
  garage_id: [32m'GARAGE001'[39m,
  garage_name: [32m'Test Garage'[39m,
  first_name: [32m'Employee49'[39m,
  last_name: [32m'Doe'[39m,
  login_id: [32m'employee49.doe@testgarage'[39m,
  user_role: [32m'mechanic'[39m,
  email: [32m'john.doe@example.com'[39m,
  phone_number: [32m'+1234567890'[39m,
  is_active: [33mtrue[39m,
  created_at: [32m'2026-01-16T16:33:18.713Z'[39m,
  updated_at: [32m'2026-01-16T16:33:18.713Z'[39m
}
User created successfully: { userUid: [32m'875a9552-750c-4197-b78d-d49ee78523f3'[39m }
Inserting auth data...
User created successfully: { userUid: [32m'704afc92-d4bd-4ceb-a74a-3a2d1caff34c'[39m }
Inserting auth data...
User created successfully: { userUid: [32m'483d3ab8-cb99-4b44-8c36-9b56657f1eb2'[39m }
Inserting auth data...
User created successfully: { userUid: [32m'663dbc82-135f-4f28-aaca-6d917c61f616'[39m }
Inserting auth data...
User created successfully: { userUid: [32m'c4f35465-74bc-4e0c-9afa-95b9a6468f7d'[39m }
Inserting auth data...
User created successfully: { userUid: [32m'c24c6046-4c33-4eda-8750-8b87b36b702f'[39m }
Inserting auth data...
User created successfully: { userUid: [32m'29892c8c-bca9-45d0-bc1f-fd4e2e68a4be'[39m }
Inserting auth data...
User created successfully: { userUid: [32m'e12c27be-24e1-488b-81ee-baa481f9cbac'[39m }
Inserting auth data...
User created successfully: { userUid: [32m'eef85b16-d0ea-4fe0-9a60-0dc7fa639bba'[39m }
Inserting auth data...
User created successfully: { userUid: [32m'b5e909d0-f866-4a97-b8fa-453ff3416cb3'[39m }
Inserting auth data...
User created successfully: { userUid: [32m'5b5207c3-1628-4944-b09a-ec3f97feb194'[39m }
Inserting auth data...
User created successfully: { userUid: [32m'7bd1d9fe-611d-49be-bd49-bdb9ebed67a2'[39m }
Inserting auth data...
User created successfully: { userUid: [32m'3df36237-34e9-4563-bf69-fb0454eb3aa0'[39m }
Inserting auth data...
User created successfully: { userUid: [32m'8d05ec95-466b-4c56-9a40-520e146b2ddb'[39m }
Inserting auth data...
User created successfully: { userUid: [32m'b9b4d5e4-46cb-426f-a2c9-37116cbc14c5'[39m }
Inserting auth data...
User created successfully: { userUid: [32m'56deaa7a-815f-40ad-83a2-9db28c7191de'[39m }
Inserting auth data...
User created successfully: { userUid: [32m'3df436a0-841b-4326-a3ba-421542f9f0bd'[39m }
Inserting auth data...
User created successfully: { userUid: [32m'93633d52-39ff-4ccb-8464-35b5c9698c2d'[39m }
Inserting auth data...
User created successfully: { userUid: [32m'48014082-c133-421f-8057-c06518e9f2e7'[39m }
Inserting auth data...
User created successfully: { userUid: [32m'd77979e0-8645-4deb-85bc-3bcd35188926'[39m }
Inserting auth data...
User created successfully: { userUid: [32m'251182fb-40df-4e99-8cfb-c61491d2896c'[39m }
Inserting auth data...
User created successfully: { userUid: [32m'405acbc1-de56-41c3-b784-a0d048ec73b4'[39m }
Inserting auth data...
User created successfully: { userUid: [32m'6f00331c-9b20-46d5-86f0-ec5735bc07d6'[39m }
Inserting auth data...
User created successfully: { userUid: [32m'd1c12c72-bb79-49ce-a538-b3144c13654a'[39m }
Inserting auth data...
User created successfully: { userUid: [32m'f1a9b21b-23b0-44d8-850e-dfb590c49c3c'[39m }
Inserting auth data...
User created successfully: { userUid: [32m'7db5d34d-cd43-4da9-a66e-eb065d151c74'[39m }
Inserting auth data...
User created successfully: { userUid: [32m'355ca0ed-b855-4c8e-81e0-d73872616aa5'[39m }
Inserting auth data...
User created successfully: { userUid: [32m'8563a0e6-0d0b-4cf5-8ed7-72357d9f5fbf'[39m }
Inserting auth data...
User created successfully: { userUid: [32m'5cdfea77-e6bc-4f69-a6e2-58626801ae24'[39m }
Inserting auth data...
User created successfully: { userUid: [32m'443fd03d-26d8-4fd2-a825-3b72a31c8a39'[39m }
Inserting auth data...
User created successfully: { userUid: [32m'56a01108-5973-44d9-9324-60df95031b60'[39m }
Inserting auth data...
User created successfully: { userUid: [32m'd7cc2032-029c-4590-add1-53b53dc00476'[39m }
Inserting auth data...
User created successfully: { userUid: [32m'58c01bb1-f763-4c01-8d10-27537b4dcbc7'[39m }
Inserting auth data...
User created successfully: { userUid: [32m'82a801dc-62f4-4024-bbdf-aaf96bfe209d'[39m }
Inserting auth data...
User created successfully: { userUid: [32m'ece8568e-1b0c-4f7b-b6e2-63e07be4a359'[39m }
Inserting auth data...
User created successfully: { userUid: [32m'909692d6-6570-46fd-8a30-97fbc9449167'[39m }
Inserting auth data...
User created successfully: { userUid: [32m'49af8daf-7bd6-4855-a761-6887dcefae2a'[39m }
Inserting auth data...
User created successfully: { userUid: [32m'3645d473-382e-4959-9fa5-8f641061beac'[39m }
Inserting auth data...
User created successfully: { userUid: [32m'bc33ec75-65ee-436e-b0e4-050e564d1fe9'[39m }
Inserting auth data...
User created successfully: { userUid: [32m'a34b94d4-caf5-427b-9b0e-912944ce20e9'[39m }
Inserting auth data...
User created successfully: { userUid: [32m'b85b131b-dc1d-4491-af30-4088ece3c71f'[39m }
Inserting auth data...
User created successfully: { userUid: [32m'd2f9de47-7731-401d-a67d-0619284931dd'[39m }
Inserting auth data...
User created successfully: { userUid: [32m'c3407b63-ee5b-4064-8b2e-ff1f30062c7b'[39m }
Inserting auth data...
User created successfully: { userUid: [32m'f7c9a33a-18bc-4b35-8c1c-054933afbdd4'[39m }
Inserting auth data...
User created successfully: { userUid: [32m'd1cf164e-e31a-463b-a560-fc923d71daf7'[39m }
Inserting auth data...
User created successfully: { userUid: [32m'fd849a88-3e06-4fae-82ef-6606bbfda5c9'[39m }
Inserting auth data...
User created successfully: { userUid: [32m'e36f5c75-c03d-49ef-803d-9ac317359b90'[39m }
Inserting auth data...
User created successfully: { userUid: [32m'43fd60a6-ef05-400c-9ea4-d5f1bd6cf445'[39m }
Inserting auth data...
User created successfully: { userUid: [32m'c6becfee-1142-480a-b40e-da8f8abbcb0c'[39m }
Inserting auth data...
User created successfully: { userUid: [32m'b36ad3d1-39dd-4d13-b0e8-3e0d1856fdaf'[39m }
Inserting auth data...
Auth record created successfully
Auth record created successfully
Auth record created successfully
Auth record created successfully
Auth record created successfully
Auth record created successfully
Auth record created successfully
Auth record created successfully
Auth record created successfully
Auth record created successfully
Auth record created successfully
Auth record created successfully
Auth record created successfully
Auth record created successfully
Auth record created successfully
Auth record created successfully
Auth record created successfully
Auth record created successfully
Auth record created successfully
Auth record created successfully
Auth record created successfully
Auth record created successfully
Auth record created successfully
Auth record created successfully
Auth record created successfully
Auth record created successfully
Auth record created successfully
Auth record created successfully
Auth record created successfully
Auth record created successfully
Auth record created successfully
Auth record created successfully
Auth record created successfully
Auth record created successfully
Auth record created successfully
Auth record created successfully
Auth record created successfully
Auth record created successfully
Auth record created successfully
Auth record created successfully
Auth record created successfully
Auth record created successfully
Auth record created successfully
Auth record created successfully
Auth record created successfully
Auth record created successfully
Auth record created successfully
Auth record created successfully
Auth record created successfully
Auth record created successfully

[90mstdout[2m | tests/api/employees/concurrent.test.ts[2m > [22m[2mPOST /api/employees - Concurrent Request Tests[2m > [22m[2mLoad Testing[2m > [22m[2mshould handle 50 concurrent requests (performance test)
[22m[39m50 concurrent requests completed in 11ms
Average: 0.22ms per request

[90mstdout[2m | tests/api/employees/security.test.ts[2m > [22m[2mPOST /api/employees - Security Tests[2m > [22m[2mXSS (Cross-Site Scripting) Attempts[2m > [22m[2mshould handle XSS in email (caught by validation)
[22m[39mFetching parent user details for UID: 123e4567-e89b-12d3-a456-426614174000

[90mstdout[2m | tests/api/employees/edge-cases.test.ts[2m > [22m[2mPOST /api/employees - Edge Cases Tests[2m > [22m[2mDuplicate Login ID Scenarios[2m > [22m[2mshould reject duplicate login_id (same name, same garage)
[22m[39mFetching parent user details for UID: 123e4567-e89b-12d3-a456-426614174000

[90mstdout[2m | tests/api/employees/edge-cases.test.ts[2m > [22m[2mPOST /api/employees - Edge Cases Tests[2m > [22m[2mDuplicate Login ID Scenarios[2m > [22m[2mshould reject duplicate login_id (same name, same garage)
[22m[39mParent user data: {
  garageUid: [32m'garage-uid-123'[39m,
  garageId: [32m'GARAGE001'[39m,
  garageName: [32m'Test Garage'[39m
}
Generated login ID: john.doe@testgarage

[90mstdout[2m | tests/api/employees/validation.test.ts[2m > [22m[2mPOST /api/employees - Validation Tests[2m > [22m[2mInvalid Phone Numbers[2m > [22m[2mshould reject phone number with only special characters
[22m[39mFetching parent user details for UID: 123e4567-e89b-12d3-a456-426614174000

[90mstdout[2m | tests/api/employees/concurrent.test.ts[2m > [22m[2mPOST /api/employees - Concurrent Request Tests[2m > [22m[2mLoad Testing[2m > [22m[2mshould handle mixed valid and invalid requests concurrently
[22m[39mFetching parent user details for UID: 123e4567-e89b-12d3-a456-426614174000
Fetching parent user details for UID: 123e4567-e89b-12d3-a456-426614174000
Parent user data: {
  garageUid: [32m'garage-uid-123'[39m,
  garageId: [32m'GARAGE001'[39m,
  garageName: [32m'Test Garage'[39m
}
Generated login ID: john.doe@testgarage
Parent user data: {
  garageUid: [32m'garage-uid-123'[39m,
  garageId: [32m'GARAGE001'[39m,
  garageName: [32m'Test Garage'[39m
}
Generated login ID: john.doe@testgarage
Inserting new user data: {
  user_uid: [32m'***'[39m,
  garage_uid: [32m'garage-uid-123'[39m,
  garage_id: [32m'GARAGE001'[39m,
  garage_name: [32m'Test Garage'[39m,
  first_name: [32m'John'[39m,
  last_name: [32m'Doe'[39m,
  login_id: [32m'john.doe@testgarage'[39m,
  user_role: [32m'mechanic'[39m,
  email: [32m'john.doe@example.com'[39m,
  phone_number: [32m'+1234567890'[39m,
  is_active: [33mtrue[39m,
  created_at: [32m'2026-01-16T16:33:18.718Z'[39m,
  updated_at: [32m'2026-01-16T16:33:18.718Z'[39m
}
Inserting new user data: {
  user_uid: [32m'***'[39m,
  garage_uid: [32m'garage-uid-123'[39m,
  garage_id: [32m'GARAGE001'[39m,
  garage_name: [32m'Test Garage'[39m,
  first_name: [32m'John'[39m,
  last_name: [32m'Doe'[39m,
  login_id: [32m'john.doe@testgarage'[39m,
  user_role: [32m'mechanic'[39m,
  email: [32m'john.doe@example.com'[39m,
  phone_number: [32m'+1234567890'[39m,
  is_active: [33mtrue[39m,
  created_at: [32m'2026-01-16T16:33:18.718Z'[39m,
  updated_at: [32m'2026-01-16T16:33:18.718Z'[39m
}
User created successfully: { userUid: [32m'50ba7e68-0632-4a1b-ad80-fbe9c7b90608'[39m }
Inserting auth data...
User created successfully: { userUid: [32m'08116651-e486-442e-b038-a8e55f6099f1'[39m }
Inserting auth data...
Auth record created successfully
Auth record created successfully

[90mstdout[2m | tests/api/employees/edge-cases.test.ts[2m > [22m[2mPOST /api/employees - Edge Cases Tests[2m > [22m[2mDuplicate Login ID Scenarios[2m > [22m[2mshould handle case sensitivity variations
[22m[39mFetching parent user details for UID: 123e4567-e89b-12d3-a456-426614174000

[90mstdout[2m | tests/api/employees/edge-cases.test.ts[2m > [22m[2mPOST /api/employees - Edge Cases Tests[2m > [22m[2mDuplicate Login ID Scenarios[2m > [22m[2mshould handle case sensitivity variations
[22m[39mParent user data: {
  garageUid: [32m'garage-uid-123'[39m,
  garageId: [32m'GARAGE001'[39m,
  garageName: [32m'Test Garage'[39m
}
Generated login ID: john.doe@testgarage

[90mstdout[2m | tests/api/employees/security.test.ts[2m > [22m[2mPOST /api/employees - Security Tests[2m > [22m[2mXSS (Cross-Site Scripting) Attempts[2m > [22m[2mshould handle polyglot XSS payload (VULNERABILITY)
[22m[39mFetching parent user details for UID: 123e4567-e89b-12d3-a456-426614174000

[90mstdout[2m | tests/api/employees/security.test.ts[2m > [22m[2mPOST /api/employees - Security Tests[2m > [22m[2mXSS (Cross-Site Scripting) Attempts[2m > [22m[2mshould handle polyglot XSS payload (VULNERABILITY)
[22m[39mParent user data: {
  garageUid: [32m'garage-uid-123'[39m,
  garageId: [32m'GARAGE001'[39m,
  garageName: [32m'Test Garage'[39m
}
Generated login ID: javascript:/*--></title></style></textarea></script></xmp><svg/onload='+/"/+/onmouseover=1/+/[*/[]/+alert(1)//'>.doe@testgarage

[90mstdout[2m | tests/api/employees/concurrent.test.ts[2m > [22m[2mPOST /api/employees - Concurrent Request Tests[2m > [22m[2mUUID Generation Collisions[2m > [22m[2mshould handle extremely unlikely UUID collision
[22m[39mFetching parent user details for UID: 123e4567-e89b-12d3-a456-426614174000

[90mstdout[2m | tests/api/employees/validation.test.ts[2m > [22m[2mPOST /api/employees - Validation Tests[2m > [22m[2mInvalid Phone Numbers[2m > [22m[2mshould reject phone number with only brackets
[22m[39mFetching parent user details for UID: 123e4567-e89b-12d3-a456-426614174000

[90mstdout[2m | tests/api/employees/concurrent.test.ts[2m > [22m[2mPOST /api/employees - Concurrent Request Tests[2m > [22m[2mUUID Generation Collisions[2m > [22m[2mshould handle extremely unlikely UUID collision
[22m[39mParent user data: {
  garageUid: [32m'garage-uid-123'[39m,
  garageId: [32m'GARAGE001'[39m,
  garageName: [32m'Test Garage'[39m
}
Generated login ID: john.doe@testgarage

[90mstdout[2m | tests/api/employees/security.test.ts[2m > [22m[2mPOST /api/employees - Security Tests[2m > [22m[2mXSS (Cross-Site Scripting) Attempts[2m > [22m[2mshould handle polyglot XSS payload (VULNERABILITY)
[22m[39mInserting new user data: {
  user_uid: [32m'***'[39m,
  garage_uid: [32m'garage-uid-123'[39m,
  garage_id: [32m'GARAGE001'[39m,
  garage_name: [32m'Test Garage'[39m,
  first_name: [32m`javascript:/*--></title></style></textarea></script></xmp><svg/onload='+/"/+/onmouseover=1/+/[*/[]/+alert(1)//'>`[39m,
  last_name: [32m'Doe'[39m,
  login_id: [32m`javascript:/*--></title></style></textarea></script></xmp><svg/onload='+/"/+/onmouseover=1/+/[*/[]/+alert(1)//'>.doe@testgarage`[39m,
  user_role: [32m'mechanic'[39m,
  email: [32m'john.doe@example.com'[39m,
  phone_number: [32m'+1234567890'[39m,
  is_active: [33mtrue[39m,
  created_at: [32m'2026-01-16T16:33:18.719Z'[39m,
  updated_at: [32m'2026-01-16T16:33:18.719Z'[39m
}

[90mstdout[2m | tests/api/employees/security.test.ts[2m > [22m[2mPOST /api/employees - Security Tests[2m > [22m[2mXSS (Cross-Site Scripting) Attempts[2m > [22m[2mshould handle polyglot XSS payload (VULNERABILITY)
[22m[39mUser created successfully: { userUid: [32m'212d4b43-cd95-4054-9ae2-a7645f7b417f'[39m }
Inserting auth data...

[90mstdout[2m | tests/api/employees/concurrent.test.ts[2m > [22m[2mPOST /api/employees - Concurrent Request Tests[2m > [22m[2mUUID Generation Collisions[2m > [22m[2mshould handle extremely unlikely UUID collision
[22m[39mInserting new user data: {
  user_uid: [32m'***'[39m,
  garage_uid: [32m'garage-uid-123'[39m,
  garage_id: [32m'GARAGE001'[39m,
  garage_name: [32m'Test Garage'[39m,
  first_name: [32m'John'[39m,
  last_name: [32m'Doe'[39m,
  login_id: [32m'john.doe@testgarage'[39m,
  user_role: [32m'mechanic'[39m,
  email: [32m'john.doe@example.com'[39m,
  phone_number: [32m'+1234567890'[39m,
  is_active: [33mtrue[39m,
  created_at: [32m'2026-01-16T16:33:18.719Z'[39m,
  updated_at: [32m'2026-01-16T16:33:18.719Z'[39m
}

[90mstdout[2m | tests/api/employees/security.test.ts[2m > [22m[2mPOST /api/employees - Security Tests[2m > [22m[2mXSS (Cross-Site Scripting) Attempts[2m > [22m[2mshould handle polyglot XSS payload (VULNERABILITY)
[22m[39mAuth record created successfully

[90mstdout[2m | tests/api/employees/edge-cases.test.ts[2m > [22m[2mPOST /api/employees - Edge Cases Tests[2m > [22m[2mDuplicate Login ID Scenarios[2m > [22m[2mshould handle whitespace variations in names
[22m[39mFetching parent user details for UID: 123e4567-e89b-12d3-a456-426614174000

[90mstdout[2m | tests/api/employees/validation.test.ts[2m > [22m[2mPOST /api/employees - Validation Tests[2m > [22m[2mParent User Validation[2m > [22m[2mshould reject request with non-existent parent user
[22m[39mFetching parent user details for UID: 123e4567-e89b-12d3-a456-426614174000

[90mstdout[2m | tests/api/employees/edge-cases.test.ts[2m > [22m[2mPOST /api/employees - Edge Cases Tests[2m > [22m[2mDuplicate Login ID Scenarios[2m > [22m[2mshould handle whitespace variations in names
[22m[39mParent user data: {
  garageUid: [32m'garage-uid-123'[39m,
  garageId: [32m'GARAGE001'[39m,
  garageName: [32m'Test Garage'[39m
}
Generated login ID: johndoe.smith@testgarage

[90mstdout[2m | tests/api/employees/security.test.ts[2m > [22m[2mPOST /api/employees - Security Tests[2m > [22m[2mCommand Injection Attempts[2m > [22m[2mshould handle command injection in firstName (VULNERABILITY)
[22m[39mFetching parent user details for UID: 123e4567-e89b-12d3-a456-426614174000

[90mstdout[2m | tests/api/employees/security.test.ts[2m > [22m[2mPOST /api/employees - Security Tests[2m > [22m[2mCommand Injection Attempts[2m > [22m[2mshould handle command injection in firstName (VULNERABILITY)
[22m[39mParent user data: {
  garageUid: [32m'garage-uid-123'[39m,
  garageId: [32m'GARAGE001'[39m,
  garageName: [32m'Test Garage'[39m
}
Generated login ID: ;cat/etc/passwd.doe@testgarage

[90mstdout[2m | tests/api/employees/security.test.ts[2m > [22m[2mPOST /api/employees - Security Tests[2m > [22m[2mCommand Injection Attempts[2m > [22m[2mshould handle command injection in firstName (VULNERABILITY)
[22m[39mInserting new user data: {
  user_uid: [32m'***'[39m,
  garage_uid: [32m'garage-uid-123'[39m,
  garage_id: [32m'GARAGE001'[39m,
  garage_name: [32m'Test Garage'[39m,
  first_name: [32m'; cat /etc/passwd'[39m,
  last_name: [32m'Doe'[39m,
  login_id: [32m';cat/etc/passwd.doe@testgarage'[39m,
  user_role: [32m'mechanic'[39m,
  email: [32m'john.doe@example.com'[39m,
  phone_number: [32m'+1234567890'[39m,
  is_active: [33mtrue[39m,
  created_at: [32m'2026-01-16T16:33:18.720Z'[39m,
  updated_at: [32m'2026-01-16T16:33:18.720Z'[39m
}

[90mstdout[2m | tests/api/employees/security.test.ts[2m > [22m[2mPOST /api/employees - Security Tests[2m > [22m[2mCommand Injection Attempts[2m > [22m[2mshould handle command injection in firstName (VULNERABILITY)
[22m[39mUser created successfully: { userUid: [32m'3423fb11-183d-4eb1-9a2f-671bc4e4e51e'[39m }
Inserting auth data...

[90mstdout[2m | tests/api/employees/edge-cases.test.ts[2m > [22m[2mPOST /api/employees - Edge Cases Tests[2m > [22m[2mDuplicate Login ID Scenarios[2m > [22m[2mshould handle whitespace variations in names
[22m[39mInserting new user data: {
  user_uid: [32m'***'[39m,
  garage_uid: [32m'garage-uid-123'[39m,
  garage_id: [32m'GARAGE001'[39m,
  garage_name: [32m'Test Garage'[39m,
  first_name: [32m'John  Doe'[39m,
  last_name: [32m'Smith'[39m,
  login_id: [32m'johndoe.smith@testgarage'[39m,
  user_role: [32m'mechanic'[39m,
  email: [32m'john.doe@example.com'[39m,
  phone_number: [32m'+1234567890'[39m,
  is_active: [33mtrue[39m,
  created_at: [32m'2026-01-16T16:33:18.720Z'[39m,
  updated_at: [32m'2026-01-16T16:33:18.720Z'[39m
}

[90mstdout[2m | tests/api/employees/security.test.ts[2m > [22m[2mPOST /api/employees - Security Tests[2m > [22m[2mCommand Injection Attempts[2m > [22m[2mshould handle command injection in firstName (VULNERABILITY)
[22m[39mAuth record created successfully

[90mstdout[2m | tests/api/employees/edge-cases.test.ts[2m > [22m[2mPOST /api/employees - Edge Cases Tests[2m > [22m[2mDuplicate Login ID Scenarios[2m > [22m[2mshould handle whitespace variations in names
[22m[39mUser created successfully: { userUid: [32m'36f7a1e5-3a3f-44a0-b552-484ec421f6fe'[39m }
Inserting auth data...

[90mstdout[2m | tests/api/employees/validation.test.ts[2m > [22m[2mPOST /api/employees - Validation Tests[2m > [22m[2mParent User Validation[2m > [22m[2mshould reject request with invalid UUID format
[22m[39mFetching parent user details for UID: not-a-uuid

 [31m❯[39m tests/api/employees/concurrent.test.ts [2m([22m[2m8 tests[22m[2m | [22m[31m2 failed[39m[2m)[22m[32m 29[2mms[22m[39m
       [32m✓[39m should handle concurrent requests with identical data[32m 7[2mms[22m[39m
       [32m✓[39m should handle rapid sequential duplicate checks[32m 2[2mms[22m[39m
       [32m✓[39m should handle connection timeout during parent user fetch[32m 1[2mms[22m[39m
[31m       [31m×[31m should handle connection timeout during insert[39m[32m 3[2mms[22m[39m
       [32m✓[39m should handle database connection drop between operations[32m 1[2mms[22m[39m
       [32m✓[39m should handle 50 concurrent requests (performance test)[32m 12[2mms[22m[39m
       [32m✓[39m should handle mixed valid and invalid requests concurrently[32m 1[2mms[22m[39m
[31m       [31m×[31m should handle extremely unlikely UUID collision[39m[32m 1[2mms[22m[39m
[90mstdout[2m | tests/api/employees/security.test.ts[2m > [22m[2mPOST /api/employees - Security Tests[2m > [22m[2mCommand Injection Attempts[2m > [22m[2mshould handle pipe command injection
[22m[39mFetching parent user details for UID: 123e4567-e89b-12d3-a456-426614174000

[90mstdout[2m | tests/api/employees/security.test.ts[2m > [22m[2mPOST /api/employees - Security Tests[2m > [22m[2mCommand Injection Attempts[2m > [22m[2mshould handle pipe command injection
[22m[39mParent user data: {
  garageUid: [32m'garage-uid-123'[39m,
  garageId: [32m'GARAGE001'[39m,
  garageName: [32m'Test Garage'[39m
}
Generated login ID: |rm-rf/.doe@testgarage

[90mstdout[2m | tests/api/employees/security.test.ts[2m > [22m[2mPOST /api/employees - Security Tests[2m > [22m[2mCommand Injection Attempts[2m > [22m[2mshould handle pipe command injection
[22m[39mInserting new user data: {
  user_uid: [32m'***'[39m,
  garage_uid: [32m'garage-uid-123'[39m,
  garage_id: [32m'GARAGE001'[39m,
  garage_name: [32m'Test Garage'[39m,
  first_name: [32m'| rm -rf /'[39m,
  last_name: [32m'Doe'[39m,
  login_id: [32m'|rm-rf/.doe@testgarage'[39m,
  user_role: [32m'mechanic'[39m,
  email: [32m'john.doe@example.com'[39m,
  phone_number: [32m'+1234567890'[39m,
  is_active: [33mtrue[39m,
  created_at: [32m'2026-01-16T16:33:18.721Z'[39m,
  updated_at: [32m'2026-01-16T16:33:18.721Z'[39m
}

[90mstdout[2m | tests/api/employees/security.test.ts[2m > [22m[2mPOST /api/employees - Security Tests[2m > [22m[2mCommand Injection Attempts[2m > [22m[2mshould handle pipe command injection
[22m[39mUser created successfully: { userUid: [32m'2ef63b74-e3a9-4816-9cd9-e21dab53619a'[39m }
Inserting auth data...

[90mstdout[2m | tests/api/employees/security.test.ts[2m > [22m[2mPOST /api/employees - Security Tests[2m > [22m[2mCommand Injection Attempts[2m > [22m[2mshould handle pipe command injection
[22m[39mAuth record created successfully

[90mstdout[2m | tests/api/employees/security.test.ts[2m > [22m[2mPOST /api/employees - Security Tests[2m > [22m[2mPath Traversal Attempts[2m > [22m[2mshould handle path traversal in firstName (VULNERABILITY)
[22m[39mFetching parent user details for UID: 123e4567-e89b-12d3-a456-426614174000

[90mstdout[2m | tests/api/employees/security.test.ts[2m > [22m[2mPOST /api/employees - Security Tests[2m > [22m[2mPath Traversal Attempts[2m > [22m[2mshould handle path traversal in firstName (VULNERABILITY)
[22m[39mParent user data: {
  garageUid: [32m'garage-uid-123'[39m,
  garageId: [32m'GARAGE001'[39m,
  garageName: [32m'Test Garage'[39m
}
Generated login ID: ../../../etc/passwd.doe@testgarage

[90mstdout[2m | tests/api/employees/security.test.ts[2m > [22m[2mPOST /api/employees - Security Tests[2m > [22m[2mPath Traversal Attempts[2m > [22m[2mshould handle path traversal in firstName (VULNERABILITY)
[22m[39mInserting new user data: {
  user_uid: [32m'***'[39m,
  garage_uid: [32m'garage-uid-123'[39m,
  garage_id: [32m'GARAGE001'[39m,
  garage_name: [32m'Test Garage'[39m,
  first_name: [32m'../../../etc/passwd'[39m,
  last_name: [32m'Doe'[39m,
  login_id: [32m'../../../etc/passwd.doe@testgarage'[39m,
  user_role: [32m'mechanic'[39m,
  email: [32m'john.doe@example.com'[39m,
  phone_number: [32m'+1234567890'[39m,
  is_active: [33mtrue[39m,
  created_at: [32m'2026-01-16T16:33:18.722Z'[39m,
  updated_at: [32m'2026-01-16T16:33:18.722Z'[39m
}

[90mstdout[2m | tests/api/employees/security.test.ts[2m > [22m[2mPOST /api/employees - Security Tests[2m > [22m[2mPath Traversal Attempts[2m > [22m[2mshould handle path traversal in firstName (VULNERABILITY)
[22m[39mUser created successfully: { userUid: [32m'09939bbf-b9b7-46e6-9966-8c1878e9c9a5'[39m }
Inserting auth data...

[90mstdout[2m | tests/api/employees/security.test.ts[2m > [22m[2mPOST /api/employees - Security Tests[2m > [22m[2mPath Traversal Attempts[2m > [22m[2mshould handle path traversal in firstName (VULNERABILITY)
[22m[39mAuth record created successfully

[90mstdout[2m | tests/api/employees/security.test.ts[2m > [22m[2mPOST /api/employees - Security Tests[2m > [22m[2mPath Traversal Attempts[2m > [22m[2mshould handle URL-encoded path traversal
[22m[39mFetching parent user details for UID: 123e4567-e89b-12d3-a456-426614174000

[90mstdout[2m | tests/api/employees/security.test.ts[2m > [22m[2mPOST /api/employees - Security Tests[2m > [22m[2mPath Traversal Attempts[2m > [22m[2mshould handle URL-encoded path traversal
[22m[39mParent user data: {
  garageUid: [32m'garage-uid-123'[39m,
  garageId: [32m'GARAGE001'[39m,
  garageName: [32m'Test Garage'[39m
}
Generated login ID: %2e%2e%2fetc%2fpasswd.doe@testgarage

[90mstdout[2m | tests/api/employees/security.test.ts[2m > [22m[2mPOST /api/employees - Security Tests[2m > [22m[2mPath Traversal Attempts[2m > [22m[2mshould handle URL-encoded path traversal
[22m[39mInserting new user data: {
  user_uid: [32m'***'[39m,
  garage_uid: [32m'garage-uid-123'[39m,
  garage_id: [32m'GARAGE001'[39m,
  garage_name: [32m'Test Garage'[39m,
  first_name: [32m'%2e%2e%2fetc%2fpasswd'[39m,
  last_name: [32m'Doe'[39m,
  login_id: [32m'%2e%2e%2fetc%2fpasswd.doe@testgarage'[39m,
  user_role: [32m'mechanic'[39m,
  email: [32m'john.doe@example.com'[39m,
  phone_number: [32m'+1234567890'[39m,
  is_active: [33mtrue[39m,
  created_at: [32m'2026-01-16T16:33:18.722Z'[39m,
  updated_at: [32m'2026-01-16T16:33:18.722Z'[39m
}

[90mstdout[2m | tests/api/employees/security.test.ts[2m > [22m[2mPOST /api/employees - Security Tests[2m > [22m[2mPath Traversal Attempts[2m > [22m[2mshould handle URL-encoded path traversal
[22m[39mUser created successfully: { userUid: [32m'79537a2b-16ab-402b-91ba-12c1e9c14012'[39m }
Inserting auth data...

[90mstdout[2m | tests/api/employees/security.test.ts[2m > [22m[2mPOST /api/employees - Security Tests[2m > [22m[2mPath Traversal Attempts[2m > [22m[2mshould handle URL-encoded path traversal
[22m[39mAuth record created successfully

[90mstdout[2m | tests/api/employees/security.test.ts[2m > [22m[2mPOST /api/employees - Security Tests[2m > [22m[2mBuffer Overflow Attempts[2m > [22m[2mshould handle very long firstName (10,000 characters)
[22m[39mFetching parent user details for UID: 123e4567-e89b-12d3-a456-426614174000

[90mstdout[2m | tests/api/employees/security.test.ts[2m > [22m[2mPOST /api/employees - Security Tests[2m > [22m[2mBuffer Overflow Attempts[2m > [22m[2mshould handle very long firstName (10,000 characters)
[22m[39mParent user data: {
  garageUid: [32m'garage-uid-123'[39m,
  garageId: [32m'GARAGE001'[39m,
  garageName: [32m'Test Garage'[39m
}
Generated login ID: aaaaaaaaaaaaaaaaaaaaaaaaaaaaaaaaaaaaaaaaaaaaaaaaaaaaaaaaaaaaaaaaaaaaaaaaaaaaaaaaaaaaaaaaaaaaaaaaaaaaaaaaaaaaaaaaaaaaaaaaaaaaaaaaaaaaaaaaaaaaaaaaaaaaaaaaaaaaaaaaaaaaaaaaaaaaaaaaaaaaaaaaaaaaaaaaaaaaaaaaaaaaaaaaaaaaaaaaaaaaaaaaaaaaaaaaaaaaaaaaaaaaaaaaaaaaaaaaaaaaaaaaaaaaaaaaaaaaaaaaaaaaaaaaaaaaaaaaaaaaaaaaaaaaaaaaaaaaaaaaaaaaaaaaaaaaaaaaaaaaaaaaaaaaaaaaaaaaaaaaaaaaaaaaaaaaaaaaaaaaaaaaaaaaaaaaaaaaaaaaaaaaaaaaaaaaaaaaaaaaaaaaaaaaaaaaaaaaaaaaaaaaaaaaaaaaaaaaaaaaaaaaaaaaaaaaaaaaaaaaaaaaaaaaaaaaaaaaaaaaaaaaaaaaaaaaaaaaaaaaaaaaaaaaaaaaaaaaaaaaaaaaaaaaaaaaaaaaaaaaaaaaaaaaaaaaaaaaaaaaaaaaaaaaaaaaaaaaaaaaaaaaaaaaaaaaaaaaaaaaaaaaaaaaaaaaaaaaaaaaaaaaaaaaaaaaaaaaaaaaaaaaaaaaaaaaaaaaaaaaaaaaaaaaaaaaaaaaaaaaaaaaaaaaaaaaaaaaaaaaaaaaaaaaaaaaaaaaaaaaaaaaaaaaaaaaaaaaaaaaaaaaaaaaaaaaaaaaaaaaaaaaaaaaaaaaaaaaaaaaaaaaaaaaaaaaaaaaaaaaaaaaaaaaaaaaaaaaaaaaaaaaaaaaaaaaaaaaaaaaaaaaaaaaaaaaaaaaaaaaaaaaaaaaaaaaaaaaaaaaaaaaaaaaaaaaaaaaaaaaaaaaaaaaaaaaaaaaaaaaaaaaaaaaaaaaaaaaaaaaaaaaaaaaaaaaaaaaaaaaaaaaaaaaaaaaaaaaaaaaaaaaaaaaaaaaaaaaaaaaaaaaaaaaaaaaaaaaaaaaaaaaaaaaaaaaaaaaaaaaaaaaaaaaaaaaaaaaaaaaaaaaaaaaaaaaaaaaaaaaaaaaaaaaaaaaaaaaaaaaaaaaaaaaaaaaaaaaaaaaaaaaaaaaaaaaaaaaaaaaaaaaaaaaaaaaaaaaaaaaaaaaaaaaaaaaaaaaaaaaaaaaaaaaaaaaaaaaaaaaaaaaaaaaaaaaaaaaaaaaaaaaaaaaaaaaaaaaaaaaaaaaaaaaaaaaaaaaaaaaaaaaaaaaaaaaaaaaaaaaaaaaaaaaaaaaaaaaaaaaaaaaaaaaaaaaaaaaaaaaaaaaaaaaaaaaaaaaaaaaaaaaaaaaaaaaaaaaaaaaaaaaaaaaaaaaaaaaaaaaaaaaaaaaaaaaaaaaaaaaaaaaaaaaaaaaaaaaaaaaaaaaaaaaaaaaaaaaaaaaaaaaaaaaaaaaaaaaaaaaaaaaaaaaaaaaaaaaaaaaaaaaaaaaaaaaaaaaaaaaaaaaaaaaaaaaaaaaaaaaaaaaaaaaaaaaaaaaaaaaaaaaaaaaaaaaaaaaaaaaaaaaaaaaaaaaaaaaaaaaaaaaaaaaaaaaaaaaaaaaaaaaaaaaaaaaaaaaaaaaaaaaaaaaaaaaaaaaaaaaaaaaaaaaaaaaaaaaaaaaaaaaaaaaaaaaaaaaaaaaaaaaaaaaaaaaaaaaaaaaaaaaaaaaaaaaaaaaaaaaaaaaaaaaaaaaaaaaaaaaaaaaaaaaaaaaaaaaaaaaaaaaaaaaaaaaaaaaaaaaaaaaaaaaaaaaaaaaaaaaaaaaaaaaaaaaaaaaaaaaaaaaaaaaaaaaaaaaaaaaaaaaaaaaaaaaaaaaaaaaaaaaaaaaaaaaaaaaaaaaaaaaaaaaaaaaaaaaaaaaaaaaaaaaaaaaaaaaaaaaaaaaaaaaaaaaaaaaaaaaaaaaaaaaaaaaaaaaaaaaaaaaaaaaaaaaaaaaaaaaaaaaaaaaaaaaaaaaaaaaaaaaaaaaaaaaaaaaaaaaaaaaaaaaaaaaaaaaaaaaaaaaaaaaaaaaaaaaaaaaaaaaaaaaaaaaaaaaaaaaaaaaaaaaaaaaaaaaaaaaaaaaaaaaaaaaaaaaaaaaaaaaaaaaaaaaaaaaaaaaaaaaaaaaaaaaaaaaaaaaaaaaaaaaaaaaaaaaaaaaaaaaaaaaaaaaaaaaaaaaaaaaaaaaaaaaaaaaaaaaaaaaaaaaaaaaaaaaaaaaaaaaaaaaaaaaaaaaaaaaaaaaaaaaaaaaaaaaaaaaaaaaaaaaaaaaaaaaaaaaaaaaaaaaaaaaaaaaaaaaaaaaaaaaaaaaaaaaaaaaaaaaaaaaaaaaaaaaaaaaaaaaaaaaaaaaaaaaaaaaaaaaaaaaaaaaaaaaaaaaaaaaaaaaaaaaaaaaaaaaaaaaaaaaaaaaaaaaaaaaaaaaaaaaaaaaaaaaaaaaaaaaaaaaaaaaaaaaaaaaaaaaaaaaaaaaaaaaaaaaaaaaaaaaaaaaaaaaaaaaaaaaaaaaaaaaaaaaaaaaaaaaaaaaaaaaaaaaaaaaaaaaaaaaaaaaaaaaaaaaaaaaaaaaaaaaaaaaaaaaaaaaaaaaaaaaaaaaaaaaaaaaaaaaaaaaaaaaaaaaaaaaaaaaaaaaaaaaaaaaaaaaaaaaaaaaaaaaaaaaaaaaaaaaaaaaaaaaaaaaaaaaaaaaaaaaaaaaaaaaaaaaaaaaaaaaaaaaaaaaaaaaaaaaaaaaaaaaaaaaaaaaaaaaaaaaaaaaaaaaaaaaaaaaaaaaaaaaaaaaaaaaaaaaaaaaaaaaaaaaaaaaaaaaaaaaaaaaaaaaaaaaaaaaaaaaaaaaaaaaaaaaaaaaaaaaaaaaaaaaaaaaaaaaaaaaaaaaaaaaaaaaaaaaaaaaaaaaaaaaaaaaaaaaaaaaaaaaaaaaaaaaaaaaaaaaaaaaaaaaaaaaaaaaaaaaaaaaaaaaaaaaaaaaaaaaaaaaaaaaaaaaaaaaaaaaaaaaaaaaaaaaaaaaaaaaaaaaaaaaaaaaaaaaaaaaaaaaaaaaaaaaaaaaaaaaaaaaaaaaaaaaaaaaaaaaaaaaaaaaaaaaaaaaaaaaaaaaaaaaaaaaaaaaaaaaaaaaaaaaaaaaaaaaaaaaaaaaaaaaaaaaaaaaaaaaaaaaaaaaaaaaaaaaaaaaaaaaaaaaaaaaaaaaaaaaaaaaaaaaaaaaaaaaaaaaaaaaaaaaaaaaaaaaaaaaaaaaaaaaaaaaaaaaaaaaaaaaaaaaaaaaaaaaaaaaaaaaaaaaaaaaaaaaaaaaaaaaaaaaaaaaaaaaaaaaaaaaaaaaaaaaaaaaaaaaaaaaaaaaaaaaaaaaaaaaaaaaaaaaaaaaaaaaaaaaaaaaaaaaaaaaaaaaaaaaaaaaaaaaaaaaaaaaaaaaaaaaaaaaaaaaaaaaaaaaaaaaaaaaaaaaaaaaaaaaaaaaaaaaaaaaaaaaaaaaaaaaaaaaaaaaaaaaaaaaaaaaaaaaaaaaaaaaaaaaaaaaaaaaaaaaaaaaaaaaaaaaaaaaaaaaaaaaaaaaaaaaaaaaaaaaaaaaaaaaaaaaaaaaaaaaaaaaaaaaaaaaaaaaaaaaaaaaaaaaaaaaaaaaaaaaaaaaaaaaaaaaaaaaaaaaaaaaaaaaaaaaaaaaaaaaaaaaaaaaaaaaaaaaaaaaaaaaaaaaaaaaaaaaaaaaaaaaaaaaaaaaaaaaaaaaaaaaaaaaaaaaaaaaaaaaaaaaaaaaaaaaaaaaaaaaaaaaaaaaaaaaaaaaaaaaaaaaaaaaaaaaaaaaaaaaaaaaaaaaaaaaaaaaaaaaaaaaaaaaaaaaaaaaaaaaaaaaaaaaaaaaaaaaaaaaaaaaaaaaaaaaaaaaaaaaaaaaaaaaaaaaaaaaaaaaaaaaaaaaaaaaaaaaaaaaaaaaaaaaaaaaaaaaaaaaaaaaaaaaaaaaaaaaaaaaaaaaaaaaaaaaaaaaaaaaaaaaaaaaaaaaaaaaaaaaaaaaaaaaaaaaaaaaaaaaaaaaaaaaaaaaaaaaaaaaaaaaaaaaaaaaaaaaaaaaaaaaaaaaaaaaaaaaaaaaaaaaaaaaaaaaaaaaaaaaaaaaaaaaaaaaaaaaaaaaaaaaaaaaaaaaaaaaaaaaaaaaaaaaaaaaaaaaaaaaaaaaaaaaaaaaaaaaaaaaaaaaaaaaaaaaaaaaaaaaaaaaaaaaaaaaaaaaaaaaaaaaaaaaaaaaaaaaaaaaaaaaaaaaaaaaaaaaaaaaaaaaaaaaaaaaaaaaaaaaaaaaaaaaaaaaaaaaaaaaaaaaaaaaaaaaaaaaaaaaaaaaaaaaaaaaaaaaaaaaaaaaaaaaaaaaaaaaaaaaaaaaaaaaaaaaaaaaaaaaaaaaaaaaaaaaaaaaaaaaaaaaaaaaaaaaaaaaaaaaaaaaaaaaaaaaaaaaaaaaaaaaaaaaaaaaaaaaaaaaaaaaaaaaaaaaaaaaaaaaaaaaaaaaaaaaaaaaaaaaaaaaaaaaaaaaaaaaaaaaaaaaaaaaaaaaaaaaaaaaaaaaaaaaaaaaaaaaaaaaaaaaaaaaaaaaaaaaaaaaaaaaaaaaaaaaaaaaaaaaaaaaaaaaaaaaaaaaaaaaaaaaaaaaaaaaaaaaaaaaaaaaaaaaaaaaaaaaaaaaaaaaaaaaaaaaaaaaaaaaaaaaaaaaaaaaaaaaaaaaaaaaaaaaaaaaaaaaaaaaaaaaaaaaaaaaaaaaaaaaaaaaaaaaaaaaaaaaaaaaaaaaaaaaaaaaaaaaaaaaaaaaaaaaaaaaaaaaaaaaaaaaaaaaaaaaaaaaaaaaaaaaaaaaaaaaaaaaaaaaaaaaaaaaaaaaaaaaaaaaaaaaaaaaaaaaaaaaaaaaaaaaaaaaaaaaaaaaaaaaaaaaaaaaaaaaaaaaaaaaaaaaaaaaaaaaaaaaaaaaaaaaaaaaaaaaaaaaaaaaaaaaaaaaaaaaaaaaaaaaaaaaaaaaaaaaaaaaaaaaaaaaaaaaaaaaaaaaaaaaaaaaaaaaaaaaaaaaaaaaaaaaaaaaaaaaaaaaaaaaaaaaaaaaaaaaaaaaaaaaaaaaaaaaaaaaaaaaaaaaaaaaaaaaaaaaaaaaaaaaaaaaaaaaaaaaaaaaaaaaaaaaaaaaaaaaaaaaaaaaaaaaaaaaaaaaaaaaaaaaaaaaaaaaaaaaaaaaaaaaaaaaaaaaaaaaaaaaaaaaaaaaaaaaaaaaaaaaaaaaaaaaaaaaaaaaaaaaaaaaaaaaaaaaaaaaaaaaaaaaaaaaaaaaaaaaaaaaaaaaaaaaaaaaaaaaaaaaaaaaaaaaaaaaaaaaaaaaaaaaaaaaaaaaaaaaaaaaaaaaaaaaaaaaaaaaaaaaaaaaaaaaaaaaaaaaaaaaaaaaaaaaaaaaaaaaaaaaaaaaaaaaaaaaaaaaaaaaaaaaaaaaaaaaaaaaaaaaaaaaaaaaaaaaaaaaaaaaaaaaaaaaaaaaaaaaaaaaaaaaaaaaaaaaaaaaaaaaaaaaaaaaaaaaaaaaaaaaaaaaaaaaaaaaaaaaaaaaaaaaaaaaaaaaaaaaaaaaaaaaaaaaaaaaaaaaaaaaaaaaaaaaaaaaaaaaaaaaaaaaaaaaaaaaaaaaaaaaaaaaaaaaaaaaaaaaaaaaaaaaaaaaaaaaaaaaaaaaaaaaaaaaaaaaaaaaaaaaaaaaaaaaaaaaaaaaaaaaaaaaaaaaaaaaaaaaaaaaaaaaaaaaaaaaaaaaaaaaaaaaaaaaaaaaaaaaaaaaaaaaaaaaaaaaaaaaaaaaaaaaaaaaaaaaaaaaaaaaaaaaaaaaaaaaaaaaaaaaaaaaaaaaaaaaaaaaaaaaaaaaaaaaaaaaaaaaaaaaaaaaaaaaaaaaaaaaaaaaaaaaaaaaaaaaaaaaaaaaaaaaaaaaaaaaaaaaaaaaaaaaaaaaaaaaaaaaaaaaaaaaaaaaaaaaaaaaaaaaaaaaaaaaaaaaaaaaaaaaaaaaaaaaaaaaaaaaaaaaaaaaaaaaaaaaaaaaaaaaaaaaaaaaaaaaaaaaaaaaaaaaaaaaaaaaaaaaaaaaaaaaaaaaaaaaaaaaaaaaaaaaaaaaaaaaaaaaaaaaaaaaaaaaaaaaaaaaaaaaaaaaaaaaaaaaaaaaaaaaaaaaaaaaaaaaaaaaaaaaaaaaaaaaaaaaaaaaaaaaaaaaaaaaaaaaaaaaaaaaaaaaaaaaaaaaaaaaaaaaaaaaaaaaaaaaaaaaaaaaaaaaaaaaaaaaaaaaaaaaaaaaaaaaaaaaaaaaaaaaaaaaaaaaaaaaaaaaaaaaaaaaaaaaaaaaaaaaaaaaaaaaaaaaaaaaaaaaaaaaaaaaaaaaaaaaaaaaaaaaaaaaaaaaaaaaaaaaaaaaaaaaaaaaaaaaaaaaaaaaaaaaaaaaaaaaaaaaaaaaaaaaaaaaaaaaaaaaaaaaaaaaaaaaaaaaaaaaaaaaaaaaaaaaaaaaaaaaaaaaaaaaaaaaaaaaaaaaaaaaaaaaaaaaaaaaaaaaaaaaaaaaaaaaaaaaaaaaaaaaaaaaaaaaaaaaaaaaaaaaaaaaaaaaaaaaaaaaaaaaaaaaaaaaaaaaaaaaaaaaaaaaaaaaaaaaaaaaaaaaaaaaaaaaaaaaaaaaaaaaaaaaaaaaaaaaaaaaaaaaaaaaaaaaaaaaaaaaaaaaaaaaaaaaaaaaaaaaaaaaaaaaaaaaaaaaaaaaaaaaaaaaaaaaaaaaaaaaaaaaaaaaaaaaaaaaaaaaaaaaaaaaaaaaaaaaaaaaaaaaaaaaaaaaaaaaaaaaaaaaaaaaaaaaaaaaaaaaaaaaaaaaaaaaaaaaaaaaaaaaaaaaaaaaaaaaaaaaaaaaaaaaaaaaaaaaaaaaaaaaaaaaaaaaaaaaaaaaaaaaaaaaaaaaaaaaaaaaaaaaaaaaaaaaaaaaaaaaaaaaaaaaaaaaaaaaaaaaaaaaaaaaaaaaaaaaaaaaaaaaaaaaaaaaaaaaaaaaaaaaaaaaaaaaaaaaaaaaaaaaaaaaaaaaaaaaaaaaaaaaaaaaaaaaaaaaaaaaaaaaaaaaaaaaaaaaaaaaaaaaaaaaaaaaaaaaaaaaaaaaaaaaaaaaaaaaaaaaaaaaaaaaaaaaaaaaaaaaaaaaaaaaaaaaaaaaaaaaaaaaaaaaaaaaaaaaaaaaaaaaaaaaaaaaaaaaaaaaaaaaaaaaaaaaaaaaaaaaaaaaaaaaaaaaaaaaaaaaaaaaaaaaaaaaaaaaaaaaaaaaaaaaaaaaaaaaaaaaaaaaaaaaaaaaaaaaaaaaaaaaaaaaaaaaaaaaaaaaaaaaaaaaaaaaaaaaaaaaaaaaaaaaaaaaaaaaaaaaaaaaaaaaaaaaaaaaaaaaaaaaaaaaaaaaaaaaaaaaaaaaaaaaaaaaaaaaaaaaaaaaaaaaaaaaaaaaaaaaaaaaaaaaaaaaaaaaaaaaaaaaaaaaaaaaaaaaaaaaaaaaaaaaaaaaaaaaaaaaaaaaaaaaaaaaaaaaaaaaaaaaaaaaaaaaaaaaaaaaaaaaaaaaaaaaaaaaaaaaaaaaaaaaaaaaaaaaaaaaaaaaaaaaaaaaaaaaaaaaaaaaaaaaaaaaaaaaaaaaaaaaaaaaaaaaaaaaaaaaaaaaaaaaaaaaaaaaaaaaaaaaaaaaaaaaaaaaaaaaaaaaaaaaaaaaaaaaaaaaaaaaaaaaaaaaaaaaaaaaaaaaaaaaaaaaaaaaaaaaaaaaaaaaaaaaaaaaaaaaaaaaaaaaaaaaaaaaaaaaaaaaaaaaaaaaaaaaaaaaaaaaaaaaaaaaaaaaaaaaaaaaaaaaaaaaaaaaaaaaaaaaaaaaaaaaaaaaaaaaaaaaaaaaaaaaaaaaaaaaaaaaaaaaaaaaaaaaaaaaaaaaaaaaaaaaaaaaaaaaaaaaaaaaaaaaaaaaaaaaaaaaaaaaaaaaaaaaaaaaaaaaaaaaaaaaaaaaaaaaaaaaaaaaaaaaaaaaaaaaaaaaaaaaaaaaaaaaaaaaaaaaaaaaaaaaaaaaaaaaaaaaaaaaaaaaaaaaaaaaaaaaaaaaaaaaaaaaaaaaaaaaaaaaaaaaaaaaaaaaaaaaaaaaaaaaaaaaaaaaaaaaaaaaaaaaaaaaaaaaaaaaaaaaaaaaaaaaaaaaaaaaaaaaaaaaaaaaaaaaaaaaaaaaaaaaaaaaaaaaaaaaaaaaaaaaaaaaaaaaaaaaaaaaaaaaaaaaaaaaaaaaaaaaaaaaaaaaaaaaaaaaaaaaaaaaaaaaaaaaaaaaaaaaaaaaaaaaaaaaaaaaaaaaaaaaaaaaaaaaaaaaaaaaaaaaaaaaaaaaaaaaaaaaaaaaaaaaaaaaaaaaaaaaaaaaaaaaaaaaaaaaaaaaaaaaaaaaaaaaaaaaaaaaaaaaaaaaaaaaaaaaaaaaaaaaaaaaaaaaaaaaaaaaaaaaaaaaaaaaaaaaaaaaaaaaaaaaaaaaaaaaaaaaaaaaaaaaaaaaaaaaaaaaaaaaaaaaaaaaaaaaaaaaaaaaaaaaaaaaaaaaaaaaaaaaaaaaaaaaaaaaaaaaaaaaaaaaaaaaaaaaaaaaaaaaaaaaaaaaaaaaaaaaaaaaaaaaaaaaaaaaaaaaaaaaaaaaaaaaaaaaaaaaaaaaaaaaaaaaaaaaaaaaaaaaaaaaaaaaaaaaaaaaaaaaaaaaaaaaaaaaaaaaaaaaaaaaaaaaaaaaaaaaaaaaaaaaaaaaaaaaaaaaaaaaaaaaaaaaaaaaaaaaaaaaaaaaaaaaaaaaaaaaaaaaaaaaaaaaaaaaaaaaaaaaaaaaaaaaaaaaaaaaaaaaaaaaaaaaaaaaaaaaaaaaaaaaaaaaaaaaaaaaaaaaaaaaaaaaaaaaaaaaaaaaaaaaaaaaaaaaaaaaaaaaaaaaaaaaaaaaaaaaaaaaaaaaaaaaaaaaaaaaaaaaaaaaaaaaaaaaaaaaaaaaaaaaaaaaaaaaaaaaaaaaaaaaaaaaaaaaaaaaaaaaaaaaaaaaaaaaaaaaaaaaaaaaaaaaaaaaaaaaaaaaaaaaaaaaaaaaaaaaaaaaaaaaaaaaaaaaaaaaaaaaaaaaaaaaaaaaaaaaaaaaaaaaaaaaaaaaaaaaaaaaaaaaaaaaaaaaaaaaaaaaaaaaaaaaaaaaaaaaaaaaaaaaaaaaaaaaaaaaaaaaaaaaaaaaaaaaaaaaaaaaaaaaaaaaaaaaaaaaaaaaaaaaaaaaaaaaaaaaaaaaaaaaaaaaaaaaaaaaaaaaaaaaaaaaaaaaaaaaaaaaaaaaaaaaaaaaaaaaaaaaaaaaaaaaaaaaaaaaaaaaaaaaaaaaaaaaaaaaaaaaaaaaaaaaaaaaaaaaaaaaaaaaaaaaaaaaaaaaaaaaaaaaaaaaaaaaaaaaaaaaaaaaaaaaaaaaaaaaaaaaaaaaaaaaaaaaaaaaaaaaaaaaaaaaaaaaaaaaaaaaaaaaaaaaaaaaaaaaaaaaaaaaaaaaaaaaaaaaaaaaaaaaaaaaaaaaaaaaaaaaaaaaaaaaaaaaaaaaaaaaaaaaaaaaaaaaaaaaaaaaaaaaaaaaaaaaaaaaaaaaaaaaaaaaaaaaaaaaaaaaaaaaaaaaaaaaaaaaaaaaaaaaaaaaaaaaaaaaaaaaaaaaaaaaaaaaaaaaaaaaaaaaaaaaaaaaaaaaaaaaaaaaaaaaaaaaaaaaaaaaaaaaaaaaaaaaaaaaaaaaaaaaaaaaaaaaaaaaaaaaaaaaaaaaaaaaaaaaaaaaaaaaaaaaaaaaaaaaaaaaaaaaaaaaaaaaaaaaaaaaaaaaaaaaaaaaaaaaaaaaaaaaaaaaaaaaaaaaaaaaaaaaaaaaaaaaaaaaaaaaaaaaaaaaaaaaaaaaaaaaaaaaaaaaaaaaaaaaaaaaaaaaaaaaaaaaaaaaaaaaaaaaaaaaaaaa.doe@testgarage

[90mstdout[2m | tests/api/employees/validation.test.ts[2m > [22m[2mPOST /api/employees - Validation Tests[2m > [22m[2mUserRole Validation[2m > [22m[2mshould accept any string as userRole (no validation - VULNERABILITY)
[22m[39mFetching parent user details for UID: 123e4567-e89b-12d3-a456-426614174000

[90mstdout[2m | tests/api/employees/validation.test.ts[2m > [22m[2mPOST /api/employees - Validation Tests[2m > [22m[2mUserRole Validation[2m > [22m[2mshould accept any string as userRole (no validation - VULNERABILITY)
[22m[39mParent user data: {
  garageUid: [32m'garage-uid-123'[39m,
  garageId: [32m'GARAGE001'[39m,
  garageName: [32m'Test Garage'[39m
}
Generated login ID: john.doe@testgarage

[90mstdout[2m | tests/api/employees/validation.test.ts[2m > [22m[2mPOST /api/employees - Validation Tests[2m > [22m[2mUserRole Validation[2m > [22m[2mshould accept any string as userRole (no validation - VULNERABILITY)
[22m[39mInserting new user data: {
  user_uid: [32m'***'[39m,
  garage_uid: [32m'garage-uid-123'[39m,
  garage_id: [32m'GARAGE001'[39m,
  garage_name: [32m'Test Garage'[39m,
  first_name: [32m'John'[39m,
  last_name: [32m'Doe'[39m,
  login_id: [32m'john.doe@testgarage'[39m,
  user_role: [32m'hacker'[39m,
  email: [32m'john.doe@example.com'[39m,
  phone_number: [32m'+1234567890'[39m,
  is_active: [33mtrue[39m,
  created_at: [32m'2026-01-16T16:33:18.721Z'[39m,
  updated_at: [32m'2026-01-16T16:33:18.721Z'[39m
}

[90mstdout[2m | tests/api/employees/validation.test.ts[2m > [22m[2mPOST /api/employees - Validation Tests[2m > [22m[2mUserRole Validation[2m > [22m[2mshould accept any string as userRole (no validation - VULNERABILITY)
[22m[39mUser created successfully: { userUid: [32m'b1ae14ca-664b-4c3e-bd9d-12cd0bdd9873'[39m }
Inserting auth data...

[90mstdout[2m | tests/api/employees/validation.test.ts[2m > [22m[2mPOST /api/employees - Validation Tests[2m > [22m[2mUserRole Validation[2m > [22m[2mshould accept any string as userRole (no validation - VULNERABILITY)
[22m[39mAuth record created successfully

[90mstdout[2m | tests/api/employees/validation.test.ts[2m > [22m[2mPOST /api/employees - Validation Tests[2m > [22m[2mUserRole Validation[2m > [22m[2mshould accept SQL injection as userRole (VULNERABILITY)
[22m[39mFetching parent user details for UID: 123e4567-e89b-12d3-a456-426614174000

[90mstdout[2m | tests/api/employees/validation.test.ts[2m > [22m[2mPOST /api/employees - Validation Tests[2m > [22m[2mUserRole Validation[2m > [22m[2mshould accept SQL injection as userRole (VULNERABILITY)
[22m[39mParent user data: {
  garageUid: [32m'garage-uid-123'[39m,
  garageId: [32m'GARAGE001'[39m,
  garageName: [32m'Test Garage'[39m
}
Generated login ID: john.doe@testgarage

[90mstdout[2m | tests/api/employees/validation.test.ts[2m > [22m[2mPOST /api/employees - Validation Tests[2m > [22m[2mUserRole Validation[2m > [22m[2mshould accept SQL injection as userRole (VULNERABILITY)
[22m[39mInserting new user data: {
  user_uid: [32m'***'[39m,
  garage_uid: [32m'garage-uid-123'[39m,
  garage_id: [32m'GARAGE001'[39m,
  garage_name: [32m'Test Garage'[39m,
  first_name: [32m'John'[39m,
  last_name: [32m'Doe'[39m,
  login_id: [32m'john.doe@testgarage'[39m,
  user_role: [32m"'; DROP TABLE users; --"[39m,
  email: [32m'john.doe@example.com'[39m,
  phone_number: [32m'+1234567890'[39m,
  is_active: [33mtrue[39m,
  created_at: [32m'2026-01-16T16:33:18.721Z'[39m,
  updated_at: [32m'2026-01-16T16:33:18.721Z'[39m
}

[90mstdout[2m | tests/api/employees/validation.test.ts[2m > [22m[2mPOST /api/employees - Validation Tests[2m > [22m[2mUserRole Validation[2m > [22m[2mshould accept SQL injection as userRole (VULNERABILITY)
[22m[39mUser created successfully: { userUid: [32m'8d8aa51a-ce11-4358-9339-7ab94f560196'[39m }
Inserting auth data...

[90mstdout[2m | tests/api/employees/validation.test.ts[2m > [22m[2mPOST /api/employees - Validation Tests[2m > [22m[2mUserRole Validation[2m > [22m[2mshould accept SQL injection as userRole (VULNERABILITY)
[22m[39mAuth record created successfully

[90mstdout[2m | tests/api/employees/edge-cases.test.ts[2m > [22m[2mPOST /api/employees - Edge Cases Tests[2m > [22m[2mDuplicate Login ID Scenarios[2m > [22m[2mshould handle whitespace variations in names
[22m[39mAuth record created successfully

[90mstdout[2m | tests/api/employees/edge-cases.test.ts[2m > [22m[2mPOST /api/employees - Edge Cases Tests[2m > [22m[2mSpecial Character Processing[2m > [22m[2mshould process garage name with special characters
[22m[39mFetching parent user details for UID: 123e4567-e89b-12d3-a456-426614174000

[90mstdout[2m | tests/api/employees/edge-cases.test.ts[2m > [22m[2mPOST /api/employees - Edge Cases Tests[2m > [22m[2mSpecial Character Processing[2m > [22m[2mshould process garage name with special characters
[22m[39mParent user data: {
  garageUid: [32m'garage-uid-123'[39m,
  garageId: [32m'GARAGE001'[39m,
  garageName: [32m"O'Neil's Garage"[39m
}
Generated login ID: john.doe@o'neil'sgarage

[90mstdout[2m | tests/api/employees/edge-cases.test.ts[2m > [22m[2mPOST /api/employees - Edge Cases Tests[2m > [22m[2mSpecial Character Processing[2m > [22m[2mshould process garage name with special characters
[22m[39mInserting new user data: {
  user_uid: [32m'***'[39m,
  garage_uid: [32m'garage-uid-123'[39m,
  garage_id: [32m'GARAGE001'[39m,
  garage_name: [32m"O'Neil's Garage"[39m,
  first_name: [32m'John'[39m,
  last_name: [32m'Doe'[39m,
  login_id: [32m"john.doe@o'neil'sgarage"[39m,
  user_role: [32m'mechanic'[39m,
  email: [32m'john.doe@example.com'[39m,
  phone_number: [32m'+1234567890'[39m,
  is_active: [33mtrue[39m,
  created_at: [32m'2026-01-16T16:33:18.723Z'[39m,
  updated_at: [32m'2026-01-16T16:33:18.723Z'[39m
}

[90mstdout[2m | tests/api/employees/edge-cases.test.ts[2m > [22m[2mPOST /api/employees - Edge Cases Tests[2m > [22m[2mSpecial Character Processing[2m > [22m[2mshould process garage name with special characters
[22m[39mUser created successfully: { userUid: [32m'89d32fbf-d374-4cde-835a-edac6b3f72aa'[39m }
Inserting auth data...

[90mstdout[2m | tests/api/employees/edge-cases.test.ts[2m > [22m[2mPOST /api/employees - Edge Cases Tests[2m > [22m[2mSpecial Character Processing[2m > [22m[2mshould process garage name with special characters
[22m[39mAuth record created successfully

[90mstdout[2m | tests/api/employees/security.test.ts[2m > [22m[2mPOST /api/employees - Security Tests[2m > [22m[2mBuffer Overflow Attempts[2m > [22m[2mshould handle very long firstName (10,000 characters)
[22m[39mInserting new user data: {
  user_uid: [32m'***'[39m,
  garage_uid: [32m'garage-uid-123'[39m,
  garage_id: [32m'GARAGE001'[39m,
  garage_name: [32m'Test Garage'[39m,
  first_name: [32m'AAAAAAAAAAAAAAAAAAAAAAAAAAAAAAAAAAAAAAAAAAAAAAAAAAAAAAAAAAAAAAAAAAAAAAAAAAAAAAAAAAAAAAAAAAAAAAAAAAAAAAAAAAAAAAAAAAAAAAAAAAAAAAAAAAAAAAAAAAAAAAAAAAAAAAAAAAAAAAAAAAAAAAAAAAAAAAAAAAAAAAAAAAAAAAAAAAAAAAAAAAAAAAAAAAAAAAAAAAAAAAAAAAAAAAAAAAAAAAAAAAAAAAAAAAAAAAAAAAAAAAAAAAAAAAAAAAAAAAAAAAAAAAAAAAAAAAAAAAAAAAAAAAAAAAAAAAAAAAAAAAAAAAAAAAAAAAAAAAAAAAAAAAAAAAAAAAAAAAAAAAAAAAAAAAAAAAAAAAAAAAAAAAAAAAAAAAAAAAAAAAAAAAAAAAAAAAAAAAAAAAAAAAAAAAAAAAAAAAAAAAAAAAAAAAAAAAAAAAAAAAAAAAAAAAAAAAAAAAAAAAAAAAAAAAAAAAAAAAAAAAAAAAAAAAAAAAAAAAAAAAAAAAAAAAAAAAAAAAAAAAAAAAAAAAAAAAAAAAAAAAAAAAAAAAAAAAAAAAAAAAAAAAAAAAAAAAAAAAAAAAAAAAAAAAAAAAAAAAAAAAAAAAAAAAAAAAAAAAAAAAAAAAAAAAAAAAAAAAAAAAAAAAAAAAAAAAAAAAAAAAAAAAAAAAAAAAAAAAAAAAAAAAAAAAAAAAAAAAAAAAAAAAAAAAAAAAAAAAAAAAAAAAAAAAAAAAAAAAAAAAAAAAAAAAAAAAAAAAAAAAAAAAAAAAAAAAAAAAAAAAAAAAAAAAAAAAAAAAAAAAAAAAAAAAAAAAAAAAAAAAAAAAAAAAAAAAAAAAAAAAAAAAAAAAAAAAAAAAAAAAAAAAAAAAAAAAAAAAAAAAAAAAAAAAAAAAAAAAAAAAAAAAAAAAAAAAAAAAAAAAAAAAAAAAAAAAAAAAAAAAAAAAAAAAAAAAAAAAAAAAAAAAAAAAAAAAAAAAAAAAAAAAAAAAAAAAAAAAAAAAAAAAAAAAAAAAAAAAAAAAAAAAAAAAAAAAAAAAAAAAAAAAAAAAAAAAAAAAAAAAAAAAAAAAAAAAAAAAAAAAAAAAAAAAAAAAAAAAAAAAAAAAAAAAAAAAAAAAAAAAAAAAAAAAAAAAAAAAAAAAAAAAAAAAAAAAAAAAAAAAAAAAAAAAAAAAAAAAAAAAAAAAAAAAAAAAAAAAAAAAAAAAAAAAAAAAAAAAAAAAAAAAAAAAAAAAAAAAAAAAAAAAAAAAAAAAAAAAAAAAAAAAAAAAAAAAAAAAAAAAAAAAAAAAAAAAAAAAAAAAAAAAAAAAAAAAAAAAAAAAAAAAAAAAAAAAAAAAAAAAAAAAAAAAAAAAAAAAAAAAAAAAAAAAAAAAAAAAAAAAAAAAAAAAAAAAAAAAAAAAAAAAAAAAAAAAAAAAAAAAAAAAAAAAAAAAAAAAAAAAAAAAAAAAAAAAAAAAAAAAAAAAAAAAAAAAAAAAAAAAAAAAAAAAAAAAAAAAAAAAAAAAAAAAAAAAAAAAAAAAAAAAAAAAAAAAAAAAAAAAAAAAAAAAAAAAAAAAAAAAAAAAAAAAAAAAAAAAAAAAAAAAAAAAAAAAAAAAAAAAAAAAAAAAAAAAAAAAAAAAAAAAAAAAAAAAAAAAAAAAAAAAAAAAAAAAAAAAAAAAAAAAAAAAAAAAAAAAAAAAAAAAAAAAAAAAAAAAAAAAAAAAAAAAAAAAAAAAAAAAAAAAAAAAAAAAAAAAAAAAAAAAAAAAAAAAAAAAAAAAAAAAAAAAAAAAAAAAAAAAAAAAAAAAAAAAAAAAAAAAAAAAAAAAAAAAAAAAAAAAAAAAAAAAAAAAAAAAAAAAAAAAAAAAAAAAAAAAAAAAAAAAAAAAAAAAAAAAAAAAAAAAAAAAAAAAAAAAAAAAAAAAAAAAAAAAAAAAAAAAAAAAAAAAAAAAAAAAAAAAAAAAAAAAAAAAAAAAAAAAAAAAAAAAAAAAAAAAAAAAAAAAAAAAAAAAAAAAAAAAAAAAAAAAAAAAAAAAAAAAAAAAAAAAAAAAAAAAAAAAAAAAAAAAAAAAAAAAAAAAAAAAAAAAAAAAAAAAAAAAAAAAAAAAAAAAAAAAAAAAAAAAAAAAAAAAAAAAAAAAAAAAAAAAAAAAAAAAAAAAAAAAAAAAAAAAAAAAAAAAAAAAAAAAAAAAAAAAAAAAAAAAAAAAAAAAAAAAAAAAAAAAAAAAAAAAAAAAAAAAAAAAAAAAAAAAAAAAAAAAAAAAAAAAAAAAAAAAAAAAAAAAAAAAAAAAAAAAAAAAAAAAAAAAAAAAAAAAAAAAAAAAAAAAAAAAAAAAAAAAAAAAAAAAAAAAAAAAAAAAAAAAAAAAAAAAAAAAAAAAAAAAAAAAAAAAAAAAAAAAAAAAAAAAAAAAAAAAAAAAAAAAAAAAAAAAAAAAAAAAAAAAAAAAAAAAAAAAAAAAAAAAAAAAAAAAAAAAAAAAAAAAAAAAAAAAAAAAAAAAAAAAAAAAAAAAAAAAAAAAAAAAAAAAAAAAAAAAAAAAAAAAAAAAAAAAAAAAAAAAAAAAAAAAAAAAAAAAAAAAAAAAAAAAAAAAAAAAAAAAAAAAAAAAAAAAAAAAAAAAAAAAAAAAAAAAAAAAAAAAAAAAAAAAAAAAAAAAAAAAAAAAAAAAAAAAAAAAAAAAAAAAAAAAAAAAAAAAAAAAAAAAAAAAAAAAAAAAAAAAAAAAAAAAAAAAAAAAAAAAAAAAAAAAAAAAAAAAAAAAAAAAAAAAAAAAAAAAAAAAAAAAAAAAAAAAAAAAAAAAAAAAAAAAAAAAAAAAAAAAAAAAAAAAAAAAAAAAAAAAAAAAAAAAAAAAAAAAAAAAAAAAAAAAAAAAAAAAAAAAAAAAAAAAAAAAAAAAAAAAAAAAAAAAAAAAAAAAAAAAAAAAAAAAAAAAAAAAAAAAAAAAAAAAAAAAAAAAAAAAAAAAAAAAAAAAAAAAAAAAAAAAAAAAAAAAAAAAAAAAAAAAAAAAAAAAAAAAAAAAAAAAAAAAAAAAAAAAAAAAAAAAAAAAAAAAAAAAAAAAAAAAAAAAAAAAAAAAAAAAAAAAAAAAAAAAAAAAAAAAAAAAAAAAAAAAAAAAAAAAAAAAAAAAAAAAAAAAAAAAAAAAAAAAAAAAAAAAAAAAAAAAAAAAAAAAAAAAAAAAAAAAAAAAAAAAAAAAAAAAAAAAAAAAAAAAAAAAAAAAAAAAAAAAAAAAAAAAAAAAAAAAAAAAAAAAAAAAAAAAAAAAAAAAAAAAAAAAAAAAAAAAAAAAAAAAAAAAAAAAAAAAAAAAAAAAAAAAAAAAAAAAAAAAAAAAAAAAAAAAAAAAAAAAAAAAAAAAAAAAAAAAAAAAAAAAAAAAAAAAAAAAAAAAAAAAAAAAAAAAAAAAAAAAAAAAAAAAAAAAAAAAAAAAAAAAAAAAAAAAAAAAAAAAAAAAAAAAAAAAAAAAAAAAAAAAAAAAAAAAAAAAAAAAAAAAAAAAAAAAAAAAAAAAAAAAAAAAAAAAAAAAAAAAAAAAAAAAAAAAAAAAAAAAAAAAAAAAAAAAAAAAAAAAAAAAAAAAAAAAAAAAAAAAAAAAAAAAAAAAAAAAAAAAAAAAAAAAAAAAAAAAAAAAAAAAAAAAAAAAAAAAAAAAAAAAAAAAAAAAAAAAAAAAAAAAAAAAAAAAAAAAAAAAAAAAAAAAAAAAAAAAAAAAAAAAAAAAAAAAAAAAAAAAAAAAAAAAAAAAAAAAAAAAAAAAAAAAAAAAAAAAAAAAAAAAAAAAAAAAAAAAAAAAAAAAAAAAAAAAAAAAAAAAAAAAAAAAAAAAAAAAAAAAAAAAAAAAAAAAAAAAAAAAAAAAAAAAAAAAAAAAAAAAAAAAAAAAAAAAAAAAAAAAAAAAAAAAAAAAAAAAAAAAAAAAAAAAAAAAAAAAAAAAAAAAAAAAAAAAAAAAAAAAAAAAAAAAAAAAAAAAAAAAAAAAAAAAAAAAAAAAAAAAAAAAAAAAAAAAAAAAAAAAAAAAAAAAAAAAAAAAAAAAAAAAAAAAAAAAAAAAAAAAAAAAAAAAAAAAAAAAAAAAAAAAAAAAAAAAAAAAAAAAAAAAAAAAAAAAAAAAAAAAAAAAAAAAAAAAAAAAAAAAAAAAAAAAAAAAAAAAAAAAAAAAAAAAAAAAAAAAAAAAAAAAAAAAAAAAAAAAAAAAAAAAAAAAAAAAAAAAAAAAAAAAAAAAAAAAAAAAAAAAAAAAAAAAAAAAAAAAAAAAAAAAAAAAAAAAAAAAAAAAAAAAAAAAAAAAAAAAAAAAAAAAAAAAAAAAAAAAAAAAAAAAAAAAAAAAAAAAAAAAAAAAAAAAAAAAAAAAAAAAAAAAAAAAAAAAAAAAAAAAAAAAAAAAAAAAAAAAAAAAAAAAAAAAAAAAAAAAAAAAAAAAAAAAAAAAAAAAAAAAAAAAAAAAAAAAAAAAAAAAAAAAAAAAAAAAAAAAAAAAAAAAAAAAAAAAAAAAAAAAAAAAAAAAAAAAAAAAAAAAAAAAAAAAAAAAAAAAAAAAAAAAAAAAAAAAAAAAAAAAAAAAAAAAAAAAAAAAAAAAAAAAAAAAAAAAAAAAAAAAAAAAAAAAAAAAAAAAAAAAAAAAAAAAAAAAAAAAAAAAAAAAAAAAAAAAAAAAAAAAAAAAAAAAAAAAAAAAAAAAAAAAAAAAAAAAAAAAAAAAAAAAAAAAAAAAAAAAAAAAAAAAAAAAAAAAAAAAAAAAAAAAAAAAAAAAAAAAAAAAAAAAAAAAAAAAAAAAAAAAAAAAAAAAAAAAAAAAAAAAAAAAAAAAAAAAAAAAAAAAAAAAAAAAAAAAAAAAAAAAAAAAAAAAAAAAAAAAAAAAAAAAAAAAAAAAAAAAAAAAAAAAAAAAAAAAAAAAAAAAAAAAAAAAAAAAAAAAAAAAAAAAAAAAAAAAAAAAAAAAAAAAAAAAAAAAAAAAAAAAAAAAAAAAAAAAAAAAAAAAAAAAAAAAAAAAAAAAAAAAAAAAAAAAAAAAAAAAAAAAAAAAAAAAAAAAAAAAAAAAAAAAAAAAAAAAAAAAAAAAAAAAAAAAAAAAAAAAAAAAAAAAAAAAAAAAAAAAAAAAAAAAAAAAAAAAAAAAAAAAAAAAAAAAAAAAAAAAAAAAAAAAAAAAAAAAAAAAAAAAAAAAAAAAAAAAAAAAAAAAAAAAAAAAAAAAAAAAAAAAAAAAAAAAAAAAAAAAAAAAAAAAAAAAAAAAAAAAAAAAAAAAAAAAAAAAAAAAAAAAAAAAAAAAAAAAAAAAAAAAAAAAAAAAAAAAAAAAAAAAAAAAAAAAAAAAAAAAAAAAAAAAAAAAAAAAAAAAAAAAAAAAAAAAAAAAAAAAAAAAAAAAAAAAAAAAAAAAAAAAAAAAAAAAAAAAAAAAAAAAAAAAAAAAAAAAAAAAAAAAAAAAAAAAAAAAAAAAAAAAAAAAAAAAAAAAAAAAAAAAAAAAAAAAAAAAAAAAAAAAAAAAAAAAAAAAAAAAAAAAAAAAAAAAAAAAAAAAAAAAAAAAAAAAAAAAAAAAAAAAAAAAAAAAAAAAAAAAAAAAAAAAAAAAAAAAAAAAAAAAAAAAAAAAAAAAAAAAAAAAAAAAAAAAAAAAAAAAAAAAAAAAAAAAAAAAAAAAAAAAAAAAAAAAAAAAAAAAAAAAAAAAAAAAAAAAAAAAAAAAAAAAAAAAAAAAAAAAAAAAAAAAAAAAAAAAAAAAAAAAAAAAAAAAAAAAAAAAAAAAAAAAAAAAAAAAAAAAAAAAAAAAAAAAAAAAAAAAAAAAAAAAAAAAAAAAAAAAAAAAAAAAAAAAAAAAAAAAAAAAAAAAAAAAAAAAAAAAAAAAAAAAAAAAAAAAAAAAAAAAAAAAAAAAAAAAAAAAAAAAAAAAAAAAAAAAAAAAAAAAAAAAAAAAAAAAAAAAAAAAAAAAAAAAAAAAAAAAAAAAAAAAAAAAAAAAAAAAAAAAAAAAAAAAAAAAAAAAAAAAAAAAAAAAAAAAAAAAAAAAAAAAAAAAAAAAAAAAAAAAAAAAAAAAAAAAAAAAAAAAAAAAAAAAAAAAAAAAAAAAAAAAAAAAAAAAAAAAAAAAAAAAAAAAAAAAAAAAAAAAAAAAAAAAAAAAAAAAAAAAAAAAAAAAAAAAAAAAAAAAAAAAAAAAAAAAAAAAAAAAAAAAAAAAAAAAAAAAAAAAAAAAAAAAAAAAAAAAAAAAAAAAAAAAAAAAAAAAAAAAAAAAAAAAAAAAAAAAAAAAAAAAAAAAAAAAAAAAAAAAAAAAAAAAAAAAAAAAAAAAAAAAAAAAAAAAAAAAAAAAAAAAAAAAAAAAAAAAAAAAAAAAAAAAAAAAAAAAAAAAAAAAAAAAAAAAAAAAAAAAAAAAAAAAAAAAAAAAAAAAAAAAAAAAAAAAAAAAAAAAAAAAAAAAAAAAAAAAAAAAAAAAAAAAAAAAAAAAAAAAAAAAAAAAAAAAAAAAAAAAAAAAAAAAAAAAAAAAAAAAAAAAAAAAAAAAAAAAAAAAAAAAAAAAAAAAAAAAAAAAAAAAAAAAAAAAAAAAAAAAAAAAAAAAAAAAAAAAAAAAAAAAAAAAAAAAAAAAAAAAAAAAAAAAAAAAAAAAAAAAAAAAAAAAAAAAAAAAAAAAAAAAAAAAAAAAAAAAAAAAAAAAAAAAAAAAAAAAAAAAAAAAAAAAAAAAAAAAAAAAAAAAAAAAAAAAAAAAAAAAAAAAAAAAAAAAAAAAAAAAAAAAAAAAAAAAAAAAAAAAAAAAAAAAAAAAAAAAAAAAAAAAAAAAAAAAAAAAAAAAAAAAAAAAAAAAAAAAAAAAAAAAAAAAAAAAAAAAAAAAAAAAAAAAAAAAAAAAAAAAAAAAAAAAAAAAAAAAAAAAAAAAAAAAAAAAAAAAAAAAAAAAAAAAAAAAAAAAAAAAAAAAAAAAAAAAAAAAAAAAAAAAAAAAAAAAAAAAAAAAAAAAAAAAAAAAAAAAAAAAAAAAAAAAAAAAAAAAAAAAAAAAAAAAAAAAAAAAAAAAAAAAAAAAAAAAAAAAAAAAAAAAAAAAAAAAAAAAAAAAAAAAAAAAAAAAAAAAAAAAAAAAAAAAAAAAAAAAAAAAAAAAAAAAAAAAAAAAAAAAAAAAAAAAAAAAAAAAAAAAAAAAAAAAAAAAAAAAAAAAAAAAAAAAAAAAAAAAAAAAAAAAAAAAAAAAAAAAAAAAAAAAAAAAAAAAAAAAAAAAAAAAAAAAAAAAAAAAAAAAAAAAAAAAAAAAAAAAAAAAAAAAAAAAAAAAAAAAAAAAAAAAAAAAAAAAAAAAAAAAAAAAAAAAAAAAAAAAAAAAAAAAAAAAAAAAAAAAAAAAAAAAAAAAAAAAAAAAAAAAAAAAAAAAAAAAAAAAAAAAAAAAAAAAAAAAAAAAAAAAAAAAAAAAAAAAAAAAAAAAAAAAAAAAAAAAAAAAAAAAAAAAAAAAAAAAAAAAAAAAAAAAAAAAAAAAAAAAAAAAAAAAAAAAAAAAAAAAAAAAAAAAAAAAAAAAAAAAAAAAAAAAAAAAAAAAAAAAAAAAAAAAAAAAAAAAAAAAAAAAAAAAAAAAAAAAAAAAAAAAAAAAAAAAAAAAAAAAAAAAAAAAAAAAAAAAAAAAAAAAAAAAAAAAAAAAAAAAAAAAAAAAAAAAAAAAAAAAAAAAAAAAAAAAAAAAAAAAAAAAAAAAAAAAAAAAAAAAAAAAAAAAAAAAAAAAAAAAAAAAAAAAAAAAAAAAAAAAAAAAAAAAAAAAAAAAAAAAAAAAAAAAAAAAAAAAAAAAAAAAAAAAAAAAAAAAAAAAAAAAAAAAAAAAAAAAAAAAAAAAAAAAAAAAAAAAAAAAAAAAAAAAAAAAAAAAAAAAAAAAAAAAAAAAAAAAAAAAAAAAAAAAAAAAAAAAAAAAAAAAAAAAAAAAAAAAAAAAAAAAAAAAAAAAAAAAAAAAAAAAAAAAAAAAAAAAAAAAAAAAAAAAAAAAAAAAAAAAAAAAAAAAAAAAAAAAAAAAAAAAAAAAAAAAAAAAAAAAAAAAAAAAAAAAAAAAAAAAAAAAAAAAAAAAAAAAAAAAAAAAAAAAAAAAAAAAAAAAAAAAAAAAAAAAAAAAAAAAAAAAAAAAAAAAAAAAAAAAAAAAAAAAAAAAAAAAAAAAAAAAAAAAAAAAAAAAAAAAAAAAAAAAAAAAAAAAAAAAAAAAAAAAAAAAAAAAAAAAAAAAAAAAAAAAAAAAAAAAAAAAAAAAAAAAAAAAAAAAAAAAAAAAAAAAAAAAAAAAAAAAAAAAAAAAAAAAAAAAAAAAAAAAAAAAAAAAAAAAAAAAAAAAAAAAAAAAAAAAAAAAAAAAAAAAAAAAAAAAAAAAAAAAAAAAAAAAAAAAAAAAAAAAAAAAAAAAAAAAAAAAAAAAAAAAAAAAAAAAAAAAAAAAAAAAAAAAAAAAAAAAAAAAAAAAAAAAAAAAAAAAAAAAAAAAAAAAAAAAAAAAAAAAAAAAAAAAAAAAAAAAAAAAAAAAAAAAAAAAAAAAAAAAAAAAAAAAAAAAAAAAAAAAAAAAAAAAAAAAAAAAAAAAAAAAAAAAAAAAAAAAAAAAAAAAAAAAAAAAAAAAAAAAAAAAAAAAAAAAAAAAAAAAAAAAAAAAAAAAAAAAAAAAAAAAAAAAAAAAAAAAAAAAAAAAAAAAAAAAAAAAAAAAAAAAAAAAAAAAAAAAAAAAAAAAAAAAAAAAAAAAAAAAAAAAAAAAAAAAAAAAAAAAAAAAAAAAAAAAAAAAAAAAAAAAAAAAAAAAAAAAAAAAAAAAAAAAAAAAAAAAAAAAAAAAAAAAAAAAAAAAAAAAAAAAAAAAAAAAAAAAAAAAAAAAAAAAAAAAAAAAAAAAAAAAAAAAAAAAAAAAAAAAAAAAAAAAAAAAAAAAAAAAAAAAAAAAAAAAAAAAAAAAAAAAAAAAAAAAAAAAAAAAAAAAAAAAAAAAAAAAAAAAAAAAAAAAAAAAAAAAAAAAAAAAAAAAAAAAAAAAAAAAAAAAAAAAAAAAAAAAAAAAAAAAAAAAAAAAAAAAAAAAAAAAAAAAAAAAAAAAAAAAAAAAAAAAAAAAAAAAAAAAAAAAAAAAAAAAAAAAAAAAAAAAAAAAAAAAAAAAAAAAAAAAAAAAAAAAAAAAAAAAAAAAAAAAAAAAAAAAAAAAAAAAAAAAAAAAAAAAAAAAAAAAAAAAAAAAAAAAAAAAAAAAAAAAAAAAAAAAAAAAAAAAAAAAAAAAAAAAAAAAAAAAAAAAAAAAAAAAAAAAAAAAAAAAAAAAAAAAAAAAAAAAAAAAAAAAAAAAAAAAAAAAAAAAAAAAAAAAAAAAAAAAAAAAAAAAAAAAAAAAAAAAAAAAAAAAAAAAAAAAAAAAAAAAAAAAAAAAAAAAAAAAAAAAAAAAAAAAAAAAAAAAAAAAAAAAAAAAAAAAAAAAAAAAAAAAAAAAAAAAAAAAAAAAAAAAAAAAAAAAAAAAAAAAAAAAAAAAAAAAAAAAAAAAAAAAAAAAAAAAAAAAAAAAAAAAAAAAAAAAAAAAAAAAAAAAAAAAAAAAAAAAAAAAAAAAAAAAAAAAAAAAAAAAAAAAAAAAAAAAAAAAAAAAAAAAAAAAAAAAAAAAAAAAAAAAAAAAAAAAAAAAAAAAAAAAAAAAAAAAAAAAAAAAAAAAAAAAAAAAAAAAAAAAAAAAAAAAAAAAAAAAAAAAAAAAAAAAAAAAAAAAAAAAAAAAAAAAAAAAAAAAAAAAAAAAAAAAAAAAAAAAAAAAAAAAAAAAAAAAAAAAAAAAAAAAAAAAAAAAAAAAAAAAAAAAAAAAAAAAAAAAAAAAAAAAAAAAAAAAAAAAAAAAAAAAAAAAAAAAAAAAAAAAAAAAAAAAAAAAAAAAAAAAAAAAAAAAAAAAAAAAAAAAAAAAAAAAAAAAAAAAAAAAAAAAAAAAAAAAAAAAAAAAAAAAAAAAAAAAAAAAAAAAAAAAAAAAAAAAAAAAAAAAAAAAAAAAAAAAAAAAAAAAAAAAAAAAAAAAAAAAAAAAAAAAAAAAAAAAAAAAAAAAAAAAAAAAAAAAAAAAAA'[39m,
  last_name: [32m'Doe'[39m,
  login_id: [32m'aaaaaaaaaaaaaaaaaaaaaaaaaaaaaaaaaaaaaaaaaaaaaaaaaaaaaaaaaaaaaaaaaaaaaaaaaaaaaaaaaaaaaaaaaaaaaaaaaaaaaaaaaaaaaaaaaaaaaaaaaaaaaaaaaaaaaaaaaaaaaaaaaaaaaaaaaaaaaaaaaaaaaaaaaaaaaaaaaaaaaaaaaaaaaaaaaaaaaaaaaaaaaaaaaaaaaaaaaaaaaaaaaaaaaaaaaaaaaaaaaaaaaaaaaaaaaaaaaaaaaaaaaaaaaaaaaaaaaaaaaaaaaaaaaaaaaaaaaaaaaaaaaaaaaaaaaaaaaaaaaaaaaaaaaaaaaaaaaaaaaaaaaaaaaaaaaaaaaaaaaaaaaaaaaaaaaaaaaaaaaaaaaaaaaaaaaaaaaaaaaaaaaaaaaaaaaaaaaaaaaaaaaaaaaaaaaaaaaaaaaaaaaaaaaaaaaaaaaaaaaaaaaaaaaaaaaaaaaaaaaaaaaaaaaaaaaaaaaaaaaaaaaaaaaaaaaaaaaaaaaaaaaaaaaaaaaaaaaaaaaaaaaaaaaaaaaaaaaaaaaaaaaaaaaaaaaaaaaaaaaaaaaaaaaaaaaaaaaaaaaaaaaaaaaaaaaaaaaaaaaaaaaaaaaaaaaaaaaaaaaaaaaaaaaaaaaaaaaaaaaaaaaaaaaaaaaaaaaaaaaaaaaaaaaaaaaaaaaaaaaaaaaaaaaaaaaaaaaaaaaaaaaaaaaaaaaaaaaaaaaaaaaaaaaaaaaaaaaaaaaaaaaaaaaaaaaaaaaaaaaaaaaaaaaaaaaaaaaaaaaaaaaaaaaaaaaaaaaaaaaaaaaaaaaaaaaaaaaaaaaaaaaaaaaaaaaaaaaaaaaaaaaaaaaaaaaaaaaaaaaaaaaaaaaaaaaaaaaaaaaaaaaaaaaaaaaaaaaaaaaaaaaaaaaaaaaaaaaaaaaaaaaaaaaaaaaaaaaaaaaaaaaaaaaaaaaaaaaaaaaaaaaaaaaaaaaaaaaaaaaaaaaaaaaaaaaaaaaaaaaaaaaaaaaaaaaaaaaaaaaaaaaaaaaaaaaaaaaaaaaaaaaaaaaaaaaaaaaaaaaaaaaaaaaaaaaaaaaaaaaaaaaaaaaaaaaaaaaaaaaaaaaaaaaaaaaaaaaaaaaaaaaaaaaaaaaaaaaaaaaaaaaaaaaaaaaaaaaaaaaaaaaaaaaaaaaaaaaaaaaaaaaaaaaaaaaaaaaaaaaaaaaaaaaaaaaaaaaaaaaaaaaaaaaaaaaaaaaaaaaaaaaaaaaaaaaaaaaaaaaaaaaaaaaaaaaaaaaaaaaaaaaaaaaaaaaaaaaaaaaaaaaaaaaaaaaaaaaaaaaaaaaaaaaaaaaaaaaaaaaaaaaaaaaaaaaaaaaaaaaaaaaaaaaaaaaaaaaaaaaaaaaaaaaaaaaaaaaaaaaaaaaaaaaaaaaaaaaaaaaaaaaaaaaaaaaaaaaaaaaaaaaaaaaaaaaaaaaaaaaaaaaaaaaaaaaaaaaaaaaaaaaaaaaaaaaaaaaaaaaaaaaaaaaaaaaaaaaaaaaaaaaaaaaaaaaaaaaaaaaaaaaaaaaaaaaaaaaaaaaaaaaaaaaaaaaaaaaaaaaaaaaaaaaaaaaaaaaaaaaaaaaaaaaaaaaaaaaaaaaaaaaaaaaaaaaaaaaaaaaaaaaaaaaaaaaaaaaaaaaaaaaaaaaaaaaaaaaaaaaaaaaaaaaaaaaaaaaaaaaaaaaaaaaaaaaaaaaaaaaaaaaaaaaaaaaaaaaaaaaaaaaaaaaaaaaaaaaaaaaaaaaaaaaaaaaaaaaaaaaaaaaaaaaaaaaaaaaaaaaaaaaaaaaaaaaaaaaaaaaaaaaaaaaaaaaaaaaaaaaaaaaaaaaaaaaaaaaaaaaaaaaaaaaaaaaaaaaaaaaaaaaaaaaaaaaaaaaaaaaaaaaaaaaaaaaaaaaaaaaaaaaaaaaaaaaaaaaaaaaaaaaaaaaaaaaaaaaaaaaaaaaaaaaaaaaaaaaaaaaaaaaaaaaaaaaaaaaaaaaaaaaaaaaaaaaaaaaaaaaaaaaaaaaaaaaaaaaaaaaaaaaaaaaaaaaaaaaaaaaaaaaaaaaaaaaaaaaaaaaaaaaaaaaaaaaaaaaaaaaaaaaaaaaaaaaaaaaaaaaaaaaaaaaaaaaaaaaaaaaaaaaaaaaaaaaaaaaaaaaaaaaaaaaaaaaaaaaaaaaaaaaaaaaaaaaaaaaaaaaaaaaaaaaaaaaaaaaaaaaaaaaaaaaaaaaaaaaaaaaaaaaaaaaaaaaaaaaaaaaaaaaaaaaaaaaaaaaaaaaaaaaaaaaaaaaaaaaaaaaaaaaaaaaaaaaaaaaaaaaaaaaaaaaaaaaaaaaaaaaaaaaaaaaaaaaaaaaaaaaaaaaaaaaaaaaaaaaaaaaaaaaaaaaaaaaaaaaaaaaaaaaaaaaaaaaaaaaaaaaaaaaaaaaaaaaaaaaaaaaaaaaaaaaaaaaaaaaaaaaaaaaaaaaaaaaaaaaaaaaaaaaaaaaaaaaaaaaaaaaaaaaaaaaaaaaaaaaaaaaaaaaaaaaaaaaaaaaaaaaaaaaaaaaaaaaaaaaaaaaaaaaaaaaaaaaaaaaaaaaaaaaaaaaaaaaaaaaaaaaaaaaaaaaaaaaaaaaaaaaaaaaaaaaaaaaaaaaaaaaaaaaaaaaaaaaaaaaaaaaaaaaaaaaaaaaaaaaaaaaaaaaaaaaaaaaaaaaaaaaaaaaaaaaaaaaaaaaaaaaaaaaaaaaaaaaaaaaaaaaaaaaaaaaaaaaaaaaaaaaaaaaaaaaaaaaaaaaaaaaaaaaaaaaaaaaaaaaaaaaaaaaaaaaaaaaaaaaaaaaaaaaaaaaaaaaaaaaaaaaaaaaaaaaaaaaaaaaaaaaaaaaaaaaaaaaaaaaaaaaaaaaaaaaaaaaaaaaaaaaaaaaaaaaaaaaaaaaaaaaaaaaaaaaaaaaaaaaaaaaaaaaaaaaaaaaaaaaaaaaaaaaaaaaaaaaaaaaaaaaaaaaaaaaaaaaaaaaaaaaaaaaaaaaaaaaaaaaaaaaaaaaaaaaaaaaaaaaaaaaaaaaaaaaaaaaaaaaaaaaaaaaaaaaaaaaaaaaaaaaaaaaaaaaaaaaaaaaaaaaaaaaaaaaaaaaaaaaaaaaaaaaaaaaaaaaaaaaaaaaaaaaaaaaaaaaaaaaaaaaaaaaaaaaaaaaaaaaaaaaaaaaaaaaaaaaaaaaaaaaaaaaaaaaaaaaaaaaaaaaaaaaaaaaaaaaaaaaaaaaaaaaaaaaaaaaaaaaaaaaaaaaaaaaaaaaaaaaaaaaaaaaaaaaaaaaaaaaaaaaaaaaaaaaaaaaaaaaaaaaaaaaaaaaaaaaaaaaaaaaaaaaaaaaaaaaaaaaaaaaaaaaaaaaaaaaaaaaaaaaaaaaaaaaaaaaaaaaaaaaaaaaaaaaaaaaaaaaaaaaaaaaaaaaaaaaaaaaaaaaaaaaaaaaaaaaaaaaaaaaaaaaaaaaaaaaaaaaaaaaaaaaaaaaaaaaaaaaaaaaaaaaaaaaaaaaaaaaaaaaaaaaaaaaaaaaaaaaaaaaaaaaaaaaaaaaaaaaaaaaaaaaaaaaaaaaaaaaaaaaaaaaaaaaaaaaaaaaaaaaaaaaaaaaaaaaaaaaaaaaaaaaaaaaaaaaaaaaaaaaaaaaaaaaaaaaaaaaaaaaaaaaaaaaaaaaaaaaaaaaaaaaaaaaaaaaaaaaaaaaaaaaaaaaaaaaaaaaaaaaaaaaaaaaaaaaaaaaaaaaaaaaaaaaaaaaaaaaaaaaaaaaaaaaaaaaaaaaaaaaaaaaaaaaaaaaaaaaaaaaaaaaaaaaaaaaaaaaaaaaaaaaaaaaaaaaaaaaaaaaaaaaaaaaaaaaaaaaaaaaaaaaaaaaaaaaaaaaaaaaaaaaaaaaaaaaaaaaaaaaaaaaaaaaaaaaaaaaaaaaaaaaaaaaaaaaaaaaaaaaaaaaaaaaaaaaaaaaaaaaaaaaaaaaaaaaaaaaaaaaaaaaaaaaaaaaaaaaaaaaaaaaaaaaaaaaaaaaaaaaaaaaaaaaaaaaaaaaaaaaaaaaaaaaaaaaaaaaaaaaaaaaaaaaaaaaaaaaaaaaaaaaaaaaaaaaaaaaaaaaaaaaaaaaaaaaaaaaaaaaaaaaaaaaaaaaaaaaaaaaaaaaaaaaaaaaaaaaaaaaaaaaaaaaaaaaaaaaaaaaaaaaaaaaaaaaaaaaaaaaaaaaaaaaaaaaaaaaaaaaaaaaaaaaaaaaaaaaaaaaaaaaaaaaaaaaaaaaaaaaaaaaaaaaaaaaaaaaaaaaaaaaaaaaaaaaaaaaaaaaaaaaaaaaaaaaaaaaaaaaaaaaaaaaaaaaaaaaaaaaaaaaaaaaaaaaaaaaaaaaaaaaaaaaaaaaaaaaaaaaaaaaaaaaaaaaaaaaaaaaaaaaaaaaaaaaaaaaaaaaaaaaaaaaaaaaaaaaaaaaaaaaaaaaaaaaaaaaaaaaaaaaaaaaaaaaaaaaaaaaaaaaaaaaaaaaaaaaaaaaaaaaaaaaaaaaaaaaaaaaaaaaaaaaaaaaaaaaaaaaaaaaaaaaaaaaaaaaaaaaaaaaaaaaaaaaaaaaaaaaaaaaaaaaaaaaaaaaaaaaaaaaaaaaaaaaaaaaaaaaaaaaaaaaaaaaaaaaaaaaaaaaaaaaaaaaaaaaaaaaaaaaaaaaaaaaaaaaaaaaaaaaaaaaaaaaaaaaaaaaaaaaaaaaaaaaaaaaaaaaaaaaaaaaaaaaaaaaaaaaaaaaaaaaaaaaaaaaaaaaaaaaaaaaaaaaaaaaaaaaaaaaaaaaaaaaaaaaaaaaaaaaaaaaaaaaaaaaaaaaaaaaaaaaaaaaaaaaaaaaaaaaaaaaaaaaaaaaaaaaaaaaaaaaaaaaaaaaaaaaaaaaaaaaaaaaaaaaaaaaaaaaaaaaaaaaaaaaaaaaaaaaaaaaaaaaaaaaaaaaaaaaaaaaaaaaaaaaaaaaaaaaaaaaaaaaaaaaaaaaaaaaaaaaaaaaaaaaaaaaaaaaaaaaaaaaaaaaaaaaaaaaaaaaaaaaaaaaaaaaaaaaaaaaaaaaaaaaaaaaaaaaaaaaaaaaaaaaaaaaaaaaaaaaaaaaaaaaaaaaaaaaaaaaaaaaaaaaaaaaaaaaaaaaaaaaaaaaaaaaaaaaaaaaaaaaaaaaaaaaaaaaaaaaaaaaaaaaaaaaaaaaaaaaaaaaaaaaaaaaaaaaaaaaaaaaaaaaaaaaaaaaaaaaaaaaaaaaaaaaaaaaaaaaaaaaaaaaaaaaaaaaaaaaaaaaaaaaaaaaaaaaaaaaaaaaaaaaaaaaaaaaaaaaaaaaaaaaaaaaaaaaaaaaaaaaaaaaaaaaaaaaaaaaaaaaaaaaaaaaaaaaaaaaaaaaaaaaaaaaaaaaaaaaaaaaaaaaaaaaaaaaaaaaaaaaaaaaaaaaaaaaaaaaaaaaaaaaaaaaaaaaaaaaaaaaaaaaaaaaaaaaaaaaaaaaaaaaaaaaaaaaaaaaaaaaaaaaaaaaaaaaaaaaaaaaaaaaaaaaaaaaaaaaaaaaaaaaaaaaaaaaaaaaaaaaaaaaaaaaaaaaaaaaaaaaaaaaaaaaaaaaaaaaaaaaaaaaaaaaaaaaaaaaaaaaaaaaaaaaaaaaaaaaaaaaaaaaaaaaaaaaaaaaaaaaaaaaaaaaaaaaaaaaaaaaaaaaaaaaaaaaaaaaaaaaaaaaaaaaaaaaaaaaaaaaaaaaaaaaaaaaaaaaaaaaaaaaaaaaaaaaaaaaaaaaaaaaaaaaaaaaaaaaaaaaaaaaaaaaaaaaaaaaaaaaaaaaaaaaaaaaaaaaaaaaaaaaaaaaaaaaaaaaaaaaaaaaaaaaaaaaaaaaaaaaaaaaaaaaaaaaaaaaaaaaaaaaaaaaaaaaaaaaaaaaaaaaaaaaaaaaaaaaaaaaaaaaaaaaaaaaaaaaaaaaaaaaaaaaaaaaaaaaaaaaaaaaaaaaaaaaaaaaaaaaaaaaaaaaaaaaaaaaaaaaaaaaaaaaaaaaaaaaaaaaaaaaaaaaaaaaaaaaaaaaaaaaaaaaaaaaaaaaaaaaaaaaaaaaaaaaaaaaaaaaaaaaaaaaaaaaaaaaaaaaaaaaaaaaaaaaaaaaaaaaaaaaaaaaaaaaaaaaaaaaaaaaaaaaaaaaaaaaaaaaaaaaaaaaaaaaaaaaaaaaaaaaaaaaaaaaaaaaaaaaaaaaaaaaaaaaaaaaaaaaaaaaaaaaaaaaaaaaaaaaaaaaaaaaaaaaaaaaaaaaaaaaaaaaaaaaaaaaaaaaaaaaaaaaaaaaaaaaaaaaaaaaaaaaaaaaaaaaaaaaaaaaaaaaaaaaaaaaaaaaaaaaaaaaaaaaaaaaaaaaaaaaaaaaaaaaaaaaaaaaaaaaaaaaaaaaaaaaaaaaaaaaaaaaaaaaaaaaaaaaaaaaaaaaaaaaaaaaaaaaaaaaaaaaaaaaaaaaaaaaaaaaaaaaaaaaaaaaaaaaaaaaaaaaaaaaaaaaaaaaaaaaaaaaaaaaaaaaaaaaaaaaaaaaaaaaaaaaaaaaaaaaaaaaaaaaaaaaaaaaaaaaaaaaaaaaaaaaaaaaaaaaaaaaaaaaaaaaaaaaaaaaaaaaaaaaaaaaaaaaaaaaaaaaaaaaaaaaaaaaaaaaaaaaaaaaaaaaaaaaaaaaaaaaaaaaaaaaaaaaaaaaaaaaaaaaaaaaaaaaaaaaaaaaaaaaaaaaaaaaaaaaaaaaaaaaaaaaaaaaaaaaaaaaaaaaaaaaaaaaaaaaaaaaaaaaaaaaaaaaaaaaaaaaaaaaaaaaaaaaaaaaaaaaaaaaaaaaaaaaaaaaaaaaaaaaaaaaaaaaaaaaaaaaaaaaaaaaaaaaaaaaaaaaaaaaaaaaaaaaaaaaaaaaaaaaaaaaaaaaaaaaaaaaaaaaaaaaaaaaaaaaaaaaaaaaaaaaaaaaaaaaaaaaaaaaaaaaaaaaaaaaaaaaaaaaaaaaaaaaaaaaaaaaaaaaaaaaaaaaaaaaaaaaaaaaaaaaaaaaaaaaaaaaaaaaaaaaaaaaaaaaaaaaaaaaaaaaaaaaaaaaaaaaaaaaaaaaaaaaaaaaaaaaaaaaaaaaaaaaaaaaaaaaaaaaaaaaaaaaaaaaaaaaaaaaaaaaaaaaaaaaaaaaaaaaaaaaaaaaaaaaaaaaaaaaaaaaaaaaaaaaaaaaaaaaaaaaaaaaaaaaaaaaaaaaaaaaaaaaaaaaaaaaaaaaaaaaaaaaaaaaaaaaaaaaaaaaaaaaaaaaaaaaaaaaaaaaaaaaaaaaaaaaaaaaaaaaaaaaaaaaaaaaaaaaaaaaaaaaaaaaaaaaaaaaaaaaaaaaaaaaaaaaaaaaaaaaaaaaaaaaaaaaaaaaaaaaaaaaaaaaaaaaaaaaaaaaaaaaaaaaaaaaaaaaaaaaaaaaaaaaaaaaaaaaaaaaaaaaaaaaaaaaaaaaaaaaaaaaaaaaaaaaaaaaaaaaaaaaaaaaaaaaaaaaaaaaaaaaaaaaaaaaaaaaaaaaaaaaaaaaaaaaaaaaaaaaaaaaaaaaaaaaaaaaaaaaaaaaaaaaaaaaaaaaaaaaaaaaaaaaaaaaaaaaaaaaaaaaaaaaaaaaaaaaaaaaaaaaaaaaaaaaaaaaaaaaaaaaaaaaaaaaaaaaaaaaaaaaaaaaaaaaaaaaaaaaaaaaaaaaaaaaaaaaaaaaaaaaaaaaaaaaaaaaaaaaaaaaaaaaaaaaaaaaaaaaaaaaaaaaaaaaaaaaaaaaaaaaaaaaaaaaaaaaaaaaaaaaaaaaaaaaaaaaaaaaaaaaaaaaaaaaaaaaaaaaaaaaaaaaaaaaaaaaaaaaaaaaaaaaaaaaaaaaaaaaaaaaaaaaaaaaaaaaaaaaaaaaaaaaaaaaaaaaaaaaaaaaaaaaaaaaaaaaaaaaaaaaaaaaaaaaaaaaaaaaaaaaaaaaaaaaaaaaaaaaaaaaaaaaaaaaaaaaaaaaaaaaaaaaaaaaaaaaaaaaaaaaaaaaaaaaaaaaaaaaaaaaaaaaaaaaaaaaaaaaaaaaaaaaaaaaaaaaaaaaaaaaaaaaaaaaaaaaaaaaaaaaaaaaaaaaaaaaaaaaaaaaaaaaaaaaaaaaaaaaaaaaaaaaaaaaaaaaaaaaaaaaaaaaaaaaaaaaaaaaaaaaaaaaaaaaaaaaaaaaaaaaaaaaaaaaaaaaaaaaaaaaaaaaaaaaaaaaaaaaaaaaaaaaaaaaaaaaaaaaaaaaaaaaaaaaaaaaaaaaaaaaaaaaaaaaaaaaaaaaaaaaaaaaaaaaaaaaaaaaaaaaaaaaaaaaaaaaaaaaaaaaaaaaaaaaaaaaaaaaaaaaaaaaaaaaaaaaaaaaaaaaaaaaaaaaaaaaaaaaaaaaaaaaaaaaaaaaaaaaaaaaaaaaaaaaaaaaaaaaaaaaaaaaaaaaaaaaaaaaaaaaaaaaaaaaaaaaaaaaaaaaaaaaaaaaaaaaaaaaaaaaaaaaaaaaaaaaaaaaaaaaaaaaaaaaaaaaaaaaaaaaaaaaaaaaaaaaaaaaaaaaaaaaaaaaaaaaaaaaaaaaaaaaaaaaaaaaaaaaaaaaaaaaaaaaaaaaaaaaaaaaaaaaaaaaaaaaaaaaaaaaaaaaaaaaaaaaaaaaaaaaaaaaaaaaaaaaaaaaaaaaaaaaaaaaaaaaaaaaaaaaaaaaaaaaaaaaaaaaaaaaaaaaaaaaaaaaaaaaaaaaaaaaaaaaaaaaaaaaaaaaaaaaaaaaaaaaaaaaaaaaaaaaaaaaaaaaaaaaaaaaaaaaaaaaaaaaaaaaaaaaaaaaaaaaaaaaaaaaaaaaaaaaaaaaaaaaaaaaaaaaaaaaaaaaaaaaaaaaaaaaaaaaaaaaaaaaaaaaaaaaaaaaaaaaaaaaaaaaaaaaaaaaaaaaaaaaaaaaaaaaaaaaaaaaaaaaaaaaaaaaaaaaaaaaaaaaaaaaaaaaaaaaaaaaaaaaaaaaaaaaaaaaaaaaaaaaaaaaaaaaaaaaaaaaaaaaaaaaaaaaaaaaaaaaaaaaaaaaaaaaaaaaaaaaaaaaaaaaaaaaaaaaaaaaaaaaaaaaaaaaaaaaaaaaaaaaaaaaaaaaaaaaaaaaaaaaaaaaaaaaaaaaaaaaaaaaaaaaaaaaaaaaaaaaaaaaaaaaaaaaaaaaaaaaaaaaaaaaaaaaaaaaaaaaaaaaaaaaaaaaaaaaaaaaaaaaaaaaaaaaaaaaaaaaaaaaaaaaaaaaaaaaaaaaaaaaaaaaaaaaaaaaaaaaaaaaaaaaaaaaaaaaaaaaaaaaaaaaaaaaaaaaaaaaaaaaaaaaaaaaaaaaaaaaaaaaaaaaaaaaaaaaaaaaaaaaaaaaaaaaaaaaaaaaaaaaaaaaaaaaaaaaaaaaaaaaaaaaaaaaaaaaaaaaaaaaaaaaaaaaaaaaaaaaaaaaaaaaaaaaaaaaaaaaaaaaaaaaaaaaaaaaaaaaaaaaaaaaaaaaaaaaaaaaaaaaaaaaaaaaaaaaaaaaaaaaaaaaaaaaaaaaaaaaaaaaaaaaaaaaaaaaaaaaaaaaaaaaaaaaaaaaaaaaaaaaaaaaaaaaaaaaaaaaaaaaaaaaaaaaaaaaaaaaaaaaaaaaaaaaaaaaaaaaaaaaaaaaaaaaaaaaaaaaaaaaaaaaaaaaaaaaaaaaaaaaaaaaaaaaaaaaaaaaaaaaaaaaaaaaaaaaaaaaaaaaaaaaaaaaaaaaaaaaaaaaaaaaaaaaaaaaaaaaaaaaaaaaaaaaaaaaaaaaaaaaaaaaaaaaaaaaaaaaaaaaaaaaaaaaaaaaaaaaaaaaaaaaaaaaaaaaaaaaaaaaaaaaaaaaaaaaaaaaaaaaaaaaaaaaaaaaaaaaaaaaaaaaaaaaaaaaaaaaaaaaaaaaaaaaaaaaaaaaaaaaaaaaaaaaaaaaaaaaaaaaaaaaaaaaaaaaaaaaaaaaaaaaaaaaaaaaaaaaaaaaaaaaaaaaaaaaaaa'[39m... 15 more characters,
  user_role: [32m'mechanic'[39m,
  email: [32m'john.doe@example.com'[39m,
  phone_number: [32m'+1234567890'[39m,
  is_active: [33mtrue[39m,
  created_at: [32m'2026-01-16T16:33:18.723Z'[39m,
  updated_at: [32m'2026-01-16T16:33:18.723Z'[39m
}

[90mstdout[2m | tests/api/employees/security.test.ts[2m > [22m[2mPOST /api/employees - Security Tests[2m > [22m[2mBuffer Overflow Attempts[2m > [22m[2mshould handle very long firstName (10,000 characters)
[22m[39mUser created successfully: { userUid: [32m'190080cf-1433-4c40-8f64-7df95324ed60'[39m }
Inserting auth data...

[90mstdout[2m | tests/api/employees/security.test.ts[2m > [22m[2mPOST /api/employees - Security Tests[2m > [22m[2mBuffer Overflow Attempts[2m > [22m[2mshould handle very long firstName (10,000 characters)
[22m[39mAuth record created successfully

[90mstdout[2m | tests/api/employees/edge-cases.test.ts[2m > [22m[2mPOST /api/employees - Edge Cases Tests[2m > [22m[2mSpecial Character Processing[2m > [22m[2mshould process garage name with numbers
[22m[39mFetching parent user details for UID: 123e4567-e89b-12d3-a456-426614174000

[90mstdout[2m | tests/api/employees/edge-cases.test.ts[2m > [22m[2mPOST /api/employees - Edge Cases Tests[2m > [22m[2mSpecial Character Processing[2m > [22m[2mshould process garage name with numbers
[22m[39mParent user data: {
  garageUid: [32m'garage-uid-123'[39m,
  garageId: [32m'GARAGE001'[39m,
  garageName: [32m'Garage 123'[39m
}
Generated login ID: john.doe@garage123

[90mstdout[2m | tests/api/employees/edge-cases.test.ts[2m > [22m[2mPOST /api/employees - Edge Cases Tests[2m > [22m[2mSpecial Character Processing[2m > [22m[2mshould process garage name with numbers
[22m[39mInserting new user data: {
  user_uid: [32m'***'[39m,
  garage_uid: [32m'garage-uid-123'[39m,
  garage_id: [32m'GARAGE001'[39m,
  garage_name: [32m'Garage 123'[39m,
  first_name: [32m'John'[39m,
  last_name: [32m'Doe'[39m,
  login_id: [32m'john.doe@garage123'[39m,
  user_role: [32m'mechanic'[39m,
  email: [32m'john.doe@example.com'[39m,
  phone_number: [32m'+1234567890'[39m,
  is_active: [33mtrue[39m,
  created_at: [32m'2026-01-16T16:33:18.724Z'[39m,
  updated_at: [32m'2026-01-16T16:33:18.724Z'[39m
}

 [31m❯[39m tests/api/employees/validation.test.ts [2m([22m[2m34 tests[22m[2m | [22m[31m7 failed[39m[2m)[22m[32m 25[2mms[22m[39m
       [32m✓[39m should create employee with all valid fields[32m 4[2mms[22m[39m
       [32m✓[39m should handle names with apostrophes (O'Neil)[32m 1[2mms[22m[39m
[31m       [31m×[31m should handle international characters (José, Müller)[39m[32m 4[2mms[22m[39m
       [32m✓[39m should handle phone numbers with various formats[32m 1[2mms[22m[39m
       [32m✓[39m should reject request with missing firstName[32m 0[2mms[22m[39m
       [32m✓[39m should reject request with missing lastName[32m 0[2mms[22m[39m
       [32m✓[39m should reject request with missing userRole[32m 0[2mms[22m[39m
       [32m✓[39m should reject request with missing email[32m 0[2mms[22m[39m
       [32m✓[39m should reject request with missing phoneNumber[32m 0[2mms[22m[39m
       [32m✓[39m should reject request with missing parentUserUid[32m 0[2mms[22m[39m
       [32m✓[39m should reject request with all fields missing[32m 0[2mms[22m[39m
[31m       [31m×[31m should reject firstName as number[39m[32m 2[2mms[22m[39m
[31m       [31m×[31m should reject lastName as array[39m[32m 1[2mms[22m[39m
       [32m✓[39m should reject email as object[32m 0[2mms[22m[39m
       [32m✓[39m should reject phoneNumber as boolean[32m 0[2mms[22m[39m
       [32m✓[39m should reject userRole as null[32m 0[2mms[22m[39m
       [32m✓[39m should reject email without @ symbol[32m 0[2mms[22m[39m
       [32m✓[39m should reject email with multiple @ symbols[32m 0[2mms[22m[39m
       [32m✓[39m should reject email without domain extension[32m 0[2mms[22m[39m
       [32m✓[39m should reject email with leading dot[32m 0[2mms[22m[39m
       [32m✓[39m should reject email with trailing dot[32m 0[2mms[22m[39m
[31m       [31m×[31m should reject email with consecutive dots[39m[32m 1[2mms[22m[39m
       [32m✓[39m should reject email with spaces[32m 0[2mms[22m[39m
[31m       [31m×[31m should reject very long email (>254 characters)[39m[32m 1[2mms[22m[39m
       [32m✓[39m should reject phone number with less than 10 characters[32m 0[2mms[22m[39m
       [32m✓[39m should reject phone number with invalid characters[32m 0[2mms[22m[39m
       [32m✓[39m should reject empty phone number[32m 0[2mms[22m[39m
[31m       [31m×[31m should reject phone number with only special characters[39m[32m 1[2mms[22m[39m
[31m       [31m×[31m should reject phone number with only brackets[39m[32m 1[2mms[22m[39m
       [32m✓[39m should reject request with non-existent parent user[32m 0[2mms[22m[39m
       [32m✓[39m should reject request with empty parentUserUid[32m 0[2mms[22m[39m
       [32m✓[39m should reject request with invalid UUID format[32m 0[2mms[22m[39m
       [32m✓[39m should accept any string as userRole (no validation - VULNERABILITY)[32m 1[2mms[22m[39m
       [32m✓[39m should accept SQL injection as userRole (VULNERABILITY)[32m 1[2mms[22m[39m
[90mstdout[2m | tests/api/employees/security.test.ts[2m > [22m[2mPOST /api/employees - Security Tests[2m > [22m[2mBuffer Overflow Attempts[2m > [22m[2mshould handle very long lastName (50,000 characters)
[22m[39mFetching parent user details for UID: 123e4567-e89b-12d3-a456-426614174000

[90mstdout[2m | tests/api/employees/security.test.ts[2m > [22m[2mPOST /api/employees - Security Tests[2m > [22m[2mBuffer Overflow Attempts[2m > [22m[2mshould handle very long lastName (50,000 characters)
[22m[39mParent user data: {
  garageUid: [32m'garage-uid-123'[39m,
  garageId: [32m'GARAGE001'[39m,
  garageName: [32m'Test Garage'[39m
}
Generated login ID: john.bbbbbbbbbbbbbbbbbbbbbbbbbbbbbbbbbbbbbbbbbbbbbbbbbbbbbbbbbbbbbbbbbbbbbbbbbbbbbbbbbbbbbbbbbbbbbbbbbbbbbbbbbbbbbbbbbbbbbbbbbbbbbbbbbbbbbbbbbbbbbbbbbbbbbbbbbbbbbbbbbbbbbbbbbbbbbbbbbbbbbbbbbbbbbbbbbbbbbbbbbbbbbbbbbbbbbbbbbbbbbbbbbbbbbbbbbbbbbbbbbbbbbbbbbbbbbbbbbbbbbbbbbbbbbbbbbbbbbbbbbbbbbbbbbbbbbbbbbbbbbbbbbbbbbbbbbbbbbbbbbbbbbbbbbbbbbbbbbbbbbbbbbbbbbbbbbbbbbbbbbbbbbbbbbbbbbbbbbbbbbbbbbbbbbbbbbbbbbbbbbbbbbbbbbbbbbbbbbbbbbbbbbbbbbbbbbbbbbbbbbbbbbbbbbbbbbbbbbbbbbbbbbbbbbbbbbbbbbbbbbbbbbbbbbbbbbbbbbbbbbbbbbbbbbbbbbbbbbbbbbbbbbbbbbbbbbbbbbbbbbbbbbbbbbbbbbbbbbbbbbbbbbbbbbbbbbbbbbbbbbbbbbbbbbbbbbbbbbbbbbbbbbbbbbbbbbbbbbbbbbbbbbbbbbbbbbbbbbbbbbbbbbbbbbbbbbbbbbbbbbbbbbbbbbbbbbbbbbbbbbbbbbbbbbbbbbbbbbbbbbbbbbbbbbbbbbbbbbbbbbbbbbbbbbbbbbbbbbbbbbbbbbbbbbbbbbbbbbbbbbbbbbbbbbbbbbbbbbbbbbbbbbbbbbbbbbbbbbbbbbbbbbbbbbbbbbbbbbbbbbbbbbbbbbbbbbbbbbbbbbbbbbbbbbbbbbbbbbbbbbbbbbbbbbbbbbbbbbbbbbbbbbbbbbbbbbbbbbbbbbbbbbbbbbbbbbbbbbbbbbbbbbbbbbbbbbbbbbbbbbbbbbbbbbbbbbbbbbbbbbbbbbbbbbbbbbbbbbbbbbbbbbbbbbbbbbbbbbbbbbbbbbbbbbbbbbbbbbbbbbbbbbbbbbbbbbbbbbbbbbbbbbbbbbbbbbbbbbbbbbbbbbbbbbbbbbbbbbbbbbbbbbbbbbbbbbbbbbbbbbbbbbbbbbbbbbbbbbbbbbbbbbbbbbbbbbbbbbbbbbbbbbbbbbbbbbbbbbbbbbbbbbbbbbbbbbbbbbbbbbbbbbbbbbbbbbbbbbbbbbbbbbbbbbbbbbbbbbbbbbbbbbbbbbbbbbbbbbbbbbbbbbbbbbbbbbbbbbbbbbbbbbbbbbbbbbbbbbbbbbbbbbbbbbbbbbbbbbbbbbbbbbbbbbbbbbbbbbbbbbbbbbbbbbbbbbbbbbbbbbbbbbbbbbbbbbbbbbbbbbbbbbbbbbbbbbbbbbbbbbbbbbbbbbbbbbbbbbbbbbbbbbbbbbbbbbbbbbbbbbbbbbbbbbbbbbbbbbbbbbbbbbbbbbbbbbbbbbbbbbbbbbbbbbbbbbbbbbbbbbbbbbbbbbbbbbbbbbbbbbbbbbbbbbbbbbbbbbbbbbbbbbbbbbbbbbbbbbbbbbbbbbbbbbbbbbbbbbbbbbbbbbbbbbbbbbbbbbbbbbbbbbbbbbbbbbbbbbbbbbbbbbbbbbbbbbbbbbbbbbbbbbbbbbbbbbbbbbbbbbbbbbbbbbbbbbbbbbbbbbbbbbbbbbbbbbbbbbbbbbbbbbbbbbbbbbbbbbbbbbbbbbbbbbbbbbbbbbbbbbbbbbbbbbbbbbbbbbbbbbbbbbbbbbbbbbbbbbbbbbbbbbbbbbbbbbbbbbbbbbbbbbbbbbbbbbbbbbbbbbbbbbbbbbbbbbbbbbbbbbbbbbbbbbbbbbbbbbbbbbbbbbbbbbbbbbbbbbbbbbbbbbbbbbbbbbbbbbbbbbbbbbbbbbbbbbbbbbbbbbbbbbbbbbbbbbbbbbbbbbbbbbbbbbbbbbbbbbbbbbbbbbbbbbbbbbbbbbbbbbbbbbbbbbbbbbbbbbbbbbbbbbbbbbbbbbbbbbbbbbbbbbbbbbbbbbbbbbbbbbbbbbbbbbbbbbbbbbbbbbbbbbbbbbbbbbbbbbbbbbbbbbbbbbbbbbbbbbbbbbbbbbbbbbbbbbbbbbbbbbbbbbbbbbbbbbbbbbbbbbbbbbbbbbbbbbbbbbbbbbbbbbbbbbbbbbbbbbbbbbbbbbbbbbbbbbbbbbbbbbbbbbbbbbbbbbbbbbbbbbbbbbbbbbbbbbbbbbbbbbbbbbbbbbbbbbbbbbbbbbbbbbbbbbbbbbbbbbbbbbbbbbbbbbbbbbbbbbbbbbbbbbbbbbbbbbbbbbbbbbbbbbbbbbbbbbbbbbbbbbbbbbbbbbbbbbbbbbbbbbbbbbbbbbbbbbbbbbbbbbbbbbbbbbbbbbbbbbbbbbbbbbbbbbbbbbbbbbbbbbbbbbbbbbbbbbbbbbbbbbbbbbbbbbbbbbbbbbbbbbbbbbbbbbbbbbbbbbbbbbbbbbbbbbbbbbbbbbbbbbbbbbbbbbbbbbbbbbbbbbbbbbbbbbbbbbbbbbbbbbbbbbbbbbbbbbbbbbbbbbbbbbbbbbbbbbbbbbbbbbbbbbbbbbbbbbbbbbbbbbbbbbbbbbbbbbbbbbbbbbbbbbbbbbbbbbbbbbbbbbbbbbbbbbbbbbbbbbbbbbbbbbbbbbbbbbbbbbbbbbbbbbbbbbbbbbbbbbbbbbbbbbbbbbbbbbbbbbbbbbbbbbbbbbbbbbbbbbbbbbbbbbbbbbbbbbbbbbbbbbbbbbbbbbbbbbbbbbbbbbbbbbbbbbbbbbbbbbbbbbbbbbbbbbbbbbbbbbbbbbbbbbbbbbbbbbbbbbbbbbbbbbbbbbbbbbbbbbbbbbbbbbbbbbbbbbbbbbbbbbbbbbbbbbbbbbbbbbbbbbbbbbbbbbbbbbbbbbbbbbbbbbbbbbbbbbbbbbbbbbbbbbbbbbbbbbbbbbbbbbbbbbbbbbbbbbbbbbbbbbbbbbbbbbbbbbbbbbbbbbbbbbbbbbbbbbbbbbbbbbbbbbbbbbbbbbbbbbbbbbbbbbbbbbbbbbbbbbbbbbbbbbbbbbbbbbbbbbbbbbbbbbbbbbbbbbbbbbbbbbbbbbbbbbbbbbbbbbbbbbbbbbbbbbbbbbbbbbbbbbbbbbbbbbbbbbbbbbbbbbbbbbbbbbbbbbbbbbbbbbbbbbbbbbbbbbbbbbbbbbbbbbbbbbbbbbbbbbbbbbbbbbbbbbbbbbbbbbbbbbbbbbbbbbbbbbbbbbbbbbbbbbbbbbbbbbbbbbbbbbbbbbbbbbbbbbbbbbbbbbbbbbbbbbbbbbbbbbbbbbbbbbbbbbbbbbbbbbbbbbbbbbbbbbbbbbbbbbbbbbbbbbbbbbbbbbbbbbbbbbbbbbbbbbbbbbbbbbbbbbbbbbbbbbbbbbbbbbbbbbbbbbbbbbbbbbbbbbbbbbbbbbbbbbbbbbbbbbbbbbbbbbbbbbbbbbbbbbbbbbbbbbbbbbbbbbbbbbbbbbbbbbbbbbbbbbbbbbbbbbbbbbbbbbbbbbbbbbbbbbbbbbbbbbbbbbbbbbbbbbbbbbbbbbbbbbbbbbbbbbbbbbbbbbbbbbbbbbbbbbbbbbbbbbbbbbbbbbbbbbbbbbbbbbbbbbbbbbbbbbbbbbbbbbbbbbbbbbbbbbbbbbbbbbbbbbbbbbbbbbbbbbbbbbbbbbbbbbbbbbbbbbbbbbbbbbbbbbbbbbbbbbbbbbbbbbbbbbbbbbbbbbbbbbbbbbbbbbbbbbbbbbbbbbbbbbbbbbbbbbbbbbbbbbbbbbbbbbbbbbbbbbbbbbbbbbbbbbbbbbbbbbbbbbbbbbbbbbbbbbbbbbbbbbbbbbbbbbbbbbbbbbbbbbbbbbbbbbbbbbbbbbbbbbbbbbbbbbbbbbbbbbbbbbbbbbbbbbbbbbbbbbbbbbbbbbbbbbbbbbbbbbbbbbbbbbbbbbbbbbbbbbbbbbbbbbbbbbbbbbbbbbbbbbbbbbbbbbbbbbbbbbbbbbbbbbbbbbbbbbbbbbbbbbbbbbbbbbbbbbbbbbbbbbbbbbbbbbbbbbbbbbbbbbbbbbbbbbbbbbbbbbbbbbbbbbbbbbbbbbbbbbbbbbbbbbbbbbbbbbbbbbbbbbbbbbbbbbbbbbbbbbbbbbbbbbbbbbbbbbbbbbbbbbbbbbbbbbbbbbbbbbbbbbbbbbbbbbbbbbbbbbbbbbbbbbbbbbbbbbbbbbbbbbbbbbbbbbbbbbbbbbbbbbbbbbbbbbbbbbbbbbbbbbbbbbbbbbbbbbbbbbbbbbbbbbbbbbbbbbbbbbbbbbbbbbbbbbbbbbbbbbbbbbbbbbbbbbbbbbbbbbbbbbbbbbbbbbbbbbbbbbbbbbbbbbbbbbbbbbbbbbbbbbbbbbbbbbbbbbbbbbbbbbbbbbbbbbbbbbbbbbbbbbbbbbbbbbbbbbbbbbbbbbbbbbbbbbbbbbbbbbbbbbbbbbbbbbbbbbbbbbbbbbbbbbbbbbbbbbbbbbbbbbbbbbbbbbbbbbbbbbbbbbbbbbbbbbbbbbbbbbbbbbbbbbbbbbbbbbbbbbbbbbbbbbbbbbbbbbbbbbbbbbbbbbbbbbbbbbbbbbbbbbbbbbbbbbbbbbbbbbbbbbbbbbbbbbbbbbbbbbbbbbbbbbbbbbbbbbbbbbbbbbbbbbbbbbbbbbbbbbbbbbbbbbbbbbbbbbbbbbbbbbbbbbbbbbbbbbbbbbbbbbbbbbbbbbbbbbbbbbbbbbbbbbbbbbbbbbbbbbbbbbbbbbbbbbbbbbbbbbbbbbbbbbbbbbbbbbbbbbbbbbbbbbbbbbbbbbbbbbbbbbbbbbbbbbbbbbbbbbbbbbbbbbbbbbbbbbbbbbbbbbbbbbbbbbbbbbbbbbbbbbbbbbbbbbbbbbbbbbbbbbbbbbbbbbbbbbbbbbbbbbbbbbbbbbbbbbbbbbbbbbbbbbbbbbbbbbbbbbbbbbbbbbbbbbbbbbbbbbbbbbbbbbbbbbbbbbbbbbbbbbbbbbbbbbbbbbbbbbbbbbbbbbbbbbbbbbbbbbbbbbbbbbbbbbbbbbbbbbbbbbbbbbbbbbbbbbbbbbbbbbbbbbbbbbbbbbbbbbbbbbbbbbbbbbbbbbbbbbbbbbbbbbbbbbbbbbbbbbbbbbbbbbbbbbbbbbbbbbbbbbbbbbbbbbbbbbbbbbbbbbbbbbbbbbbbbbbbbbbbbbbbbbbbbbbbbbbbbbbbbbbbbbbbbbbbbbbbbbbbbbbbbbbbbbbbbbbbbbbbbbbbbbbbbbbbbbbbbbbbbbbbbbbbbbbbbbbbbbbbbbbbbbbbbbbbbbbbbbbbbbbbbbbbbbbbbbbbbbbbbbbbbbbbbbbbbbbbbbbbbbbbbbbbbbbbbbbbbbbbbbbbbbbbbbbbbbbbbbbbbbbbbbbbbbbbbbbbbbbbbbbbbbbbbbbbbbbbbbbbbbbbbbbbbbbbbbbbbbbbbbbbbbbbbbbbbbbbbbbbbbbbbbbbbbbbbbbbbbbbbbbbbbbbbbbbbbbbbbbbbbbbbbbbbbbbbbbbbbbbbbbbbbbbbbbbbbbbbbbbbbbbbbbbbbbbbbbbbbbbbbbbbbbbbbbbbbbbbbbbbbbbbbbbbbbbbbbbbbbbbbbbbbbbbbbbbbbbbbbbbbbbbbbbbbbbbbbbbbbbbbbbbbbbbbbbbbbbbbbbbbbbbbbbbbbbbbbbbbbbbbbbbbbbbbbbbbbbbbbbbbbbbbbbbbbbbbbbbbbbbbbbbbbbbbbbbbbbbbbbbbbbbbbbbbbbbbbbbbbbbbbbbbbbbbbbbbbbbbbbbbbbbbbbbbbbbbbbbbbbbbbbbbbbbbbbbbbbbbbbbbbbbbbbbbbbbbbbbbbbbbbbbbbbbbbbbbbbbbbbbbbbbbbbbbbbbbbbbbbbbbbbbbbbbbbbbbbbbbbbbbbbbbbbbbbbbbbbbbbbbbbbbbbbbbbbbbbbbbbbbbbbbbbbbbbbbbbbbbbbbbbbbbbbbbbbbbbbbbbbbbbbbbbbbbbbbbbbbbbbbbbbbbbbbbbbbbbbbbbbbbbbbbbbbbbbbbbbbbbbbbbbbbbbbbbbbbbbbbbbbbbbbbbbbbbbbbbbbbbbbbbbbbbbbbbbbbbbbbbbbbbbbbbbbbbbbbbbbbbbbbbbbbbbbbbbbbbbbbbbbbbbbbbbbbbbbbbbbbbbbbbbbbbbbbbbbbbbbbbbbbbbbbbbbbbbbbbbbbbbbbbbbbbbbbbbbbbbbbbbbbbbbbbbbbbbbbbbbbbbbbbbbbbbbbbbbbbbbbbbbbbbbbbbbbbbbbbbbbbbbbbbbbbbbbbbbbbbbbbbbbbbbbbbbbbbbbbbbbbbbbbbbbbbbbbbbbbbbbbbbbbbbbbbbbbbbbbbbbbbbbbbbbbbbbbbbbbbbbbbbbbbbbbbbbbbbbbbbbbbbbbbbbbbbbbbbbbbbbbbbbbbbbbbbbbbbbbbbbbbbbbbbbbbbbbbbbbbbbbbbbbbbbbbbbbbbbbbbbbbbbbbbbbbbbbbbbbbbbbbbbbbbbbbbbbbbbbbbbbbbbbbbbbbbbbbbbbbbbbbbbbbbbbbbbbbbbbbbbbbbbbbbbbbbbbbbbbbbbbbbbbbbbbbbbbbbbbbbbbbbbbbbbbbbbbbbbbbbbbbbbbbbbbbbbbbbbbbbbbbbbbbbbbbbbbbbbbbbbbbbbbbbbbbbbbbbbbbbbbbbbbbbbbbbbbbbbbbbbbbbbbbbbbbbbbbbbbbbbbbbbbbbbbbbbbbbbbbbbbbbbbbbbbbbbbbbbbbbbbbbbbbbbbbbbbbbbbbbbbbbbbbbbbbbbbbbbbbbbbbbbbbbbbbbbbbbbbbbbbbbbbbbbbbbbbbbbbbbbbbbbbbbbbbbbbbbbbbbbbbbbbbbbbbbbbbbbbbbbbbbbbbbbbbbbbbbbbbbbbbbbbbbbbbbbbbbbbbbbbbbbbbbbbbbbbbbbbbbbbbbbbbbbbbbbbbbbbbbbbbbbbbbbbbbbbbbbbbbbbbbbbbbbbbbbbbbbbbbbbbbbbbbbbbbbbbbbbbbbbbbbbbbbbbbbbbbbbbbbbbbbbbbbbbbbbbbbbbbbbbbbbbbbbbbbbbbbbbbbbbbbbbbbbbbbbbbbbbbbbbbbbbbbbbbbbbbbbbbbbbbbbbbbbbbbbbbbbbbbbbbbbbbbbbbbbbbbbbbbbbbbbbbbbbbbbbbbbbbbbbbbbbbbbbbbbbbbbbbbbbbbbbbbbbbbbbbbbbbbbbbbbbbbbbbbbbbbbbbbbbbbbbbbbbbbbbbbbbbbbbbbbbbbbbbbbbbbbbbbbbbbbbbbbbbbbbbbbbbbbbbbbbbbbbbbbbbbbbbbbbbbbbbbbbbbbbbbbbbbbbbbbbbbbbbbbbbbbbbbbbbbbbbbbbbbbbbbbbbbbbbbbbbbbbbbbbbbbbbbbbbbbbbbbbbbbbbbbbbbbbbbbbbbbbbbbbbbbbbbbbbbbbbbbbbbbbbbbbbbbbbbbbbbbbbbbbbbbbbbbbbbbbbbbbbbbbbbbbbbbbbbbbbbbbbbbbbbbbbbbbbbbbbbbbbbbbbbbbbbbbbbbbbbbbbbbbbbbbbbbbbbbbbbbbbbbbbbbbbbbbbbbbbbbbbbbbbbbbbbbbbbbbbbbbbbbbbbbbbbbbbbbbbbbbbbbbbbbbbbbbbbbbbbbbbbbbbbbbbbbbbbbbbbbbbbbbbbbbbbbbbbbbbbbbbbbbbbbbbbbbbbbbbbbbbbbbbbbbbbbbbbbbbbbbbbbbbbbbbbbbbbbbbbbbbbbbbbbbbbbbbbbbbbbbbbbbbbbbbbbbbbbbbbbbbbbbbbbbbbbbbbbbbbbbbbbbbbbbbbbbbbbbbbbbbbbbbbbbbbbbbbbbbbbbbbbbbbbbbbbbbbbbbbbbbbbbbbbbbbbbbbbbbbbbbbbbbbbbbbbbbbbbbbbbbbbbbbbbbbbbbbbbbbbbbbbbbbbbbbbbbbbbbbbbbbbbbbbbbbbbbbbbbbbbbbbbbbbbbbbbbbbbbbbbbbbbbbbbbbbbbbbbbbbbbbbbbbbbbbbbbbbbbbbbbbbbbbbbbbbbbbbbbbbbbbbbbbbbbbbbbbbbbbbbbbbbbbbbbbbbbbbbbbbbbbbbbbbbbbbbbbbbbbbbbbbbbbbbbbbbbbbbbbbbbbbbbbbbbbbbbbbbbbbbbbbbbbbbbbbbbbbbbbbbbbbbbbbbbbbbbbbbbbbbbbbbbbbbbbbbbbbbbbbbbbbbbbbbbbbbbbbbbbbbbbbbbbbbbbbbbbbbbbbbbbbbbbbbbbbbbbbbbbbbbbbbbbbbbbbbbbbbbbbbbbbbbbbbbbbbbbbbbbbbbbbbbbbbbbbbbbbbbbbbbbbbbbbbbbbbbbbbbbbbbbbbbbbbbbbbbbbbbbbbbbbbbbbbbbbbbbbbbbbbbbbbbbbbbbbbbbbbbbbbbbbbbbbbbbbbbbbbbbbbbbbbbbbbbbbbbbbbbbbbbbbbbbbbbbbbbbbbbbbbbbbbbbbbbbbbbbbbbbbbbbbbbbbbbbbbbbbbbbbbbbbbbbbbbbbbbbbbbbbbbbbbbbbbbbbbbbbbbbbbbbbbbbbbbbbbbbbbbbbbbbbbbbbbbbbbbbbbbbbbbbbbbbbbbbbbbbbbbbbbbbbbbbbbbbbbbbbbbbbbbbbbbbbbbbbbbbbbbbbbbbbbbbbbbbbbbbbbbbbbbbbbbbbbbbbbbbbbbbbbbbbbbbbbbbbbbbbbbbbbbbbbbbbbbbbbbbbbbbbbbbbbbbbbbbbbbbbbbbbbbbbbbbbbbbbbbbbbbbbbbbbbbbbbbbbbbbbbbbbbbbbbbbbbbbbbbbbbbbbbbbbbbbbbbbbbbbbbbbbbbbbbbbbbbbbbbbbbbbbbbbbbbbbbbbbbbbbbbbbbbbbbbbbbbbbbbbbbbbbbbbbbbbbbbbbbbbbbbbbbbbbbbbbbbbbbbbbbbbbbbbbbbbbbbbbbbbbbbbbbbbbbbbbbbbbbbbbbbbbbbbbbbbbbbbbbbbbbbbbbbbbbbbbbbbbbbbbbbbbbbbbbbbbbbbbbbbbbbbbbbbbbbbbbbbbbbbbbbbbbbbbbbbbbbbbbbbbbbbbbbbbbbbbbbbbbbbbbbbbbbbbbbbbbbbbbbbbbbbbbbbbbbbbbbbbbbbbbbbbbbbbbbbbbbbbbbbbbbbbbbbbbbbbbbbbbbbbbbbbbbbbbbbbbbbbbbbbbbbbbbbbbbbbbbbbbbbbbbbbbbbbbbbbbbbbbbbbbbbbbbbbbbbbbbbbbbbbbbbbbbbbbbbbbbbbbbbbbbbbbbbbbbbbbbbbbbbbbbbbbbbbbbbbbbbbbbbbbbbbbbbbbbbbbbbbbbbbbbbbbbbbbbbbbbbbbbbbbbbbbbbbbbbbbbbbbbbbbbbbbbbbbbbbbbbbbbbbbbbbbbbbbbbbbbbbbbbbbbbbbbbbbbbbbbbbbbbbbbbbbbbbbbbbbbbbbbbbbbbbbbbbbbbbbbbbbbbbbbbbbbbbbbbbbbbbbbbbbbbbbbbbbbbbbbbbbbbbbbbbbbbbbbbbbbbbbbbbbbbbbbbbbbbbbbbbbbbbbbbbbbbbbbbbbbbbbbbbbbbbbbbbbbbbbbbbbbbbbbbbbbbbbbbbbbbbbbbbbbbbbbbbbbbbbbbbbbbbbbbbbbbbbbbbbbbbbbbbbbbbbbbbbbbbbbbbbbbbbbbbbbbbbbbbbbbbbbbbbbbbbbbbbbbbbbbbbbbbbbbbbbbbbbbbbbbbbbbbbbbbbbbbbbbbbbbbbbbbbbbbbbbbbbbbbbbbbbbbbbbbbbbbbbbbbbbbbbbbbbbbbbbbbbbbbbbbbbbbbbbbbbbbbbbbbbbbbbbbbbbbbbbbbbbbbbbbbbbbbbbbbbbbbbbbbbbbbbbbbbbbbbbbbbbbbbbbbbbbbbbbbbbbbbbbbbbbbbbbbbbbbbbbbbbbbbbbbbbbbbbbbbbbbbbbbbbbbbbbbbbbbbbbbbbbbbbbbbbbbbbbbbbbbbbbbbbbbbbbbbbbbbbbbbbbbbbbbbbbbbbbbbbbbbbbbbbbbbbbbbbbbbbbbbbbbbbbbbbbbbbbbbbbbbbbbbbbbbbbbbbbbbbbbbbbbbbbbbbbbbbbbbbbbbbbbbbbbbbbbbbbbbbbbbbbbbbbbbbbbbbbbbbbbbbbbbbbbbbbbbbbbbbbbbbbbbbbbbbbbbbbbbbbbbbbbbbbbbbbbbbbbbbbbbbbbbbbbbbbbbbbbbbbbbbbbbbbbbbbbbbbbbbbbbbbbbbbbbbbbbbbbbbbbbbbbbbbbbbbbbbbbbbbbbbbbbbbbbbbbbbbbbbbbbbbbbbbbbbbbbbbbbbbbbbbbbbbbbbbbbbbbbbbbbbbbbbbbbbbbbbbbbbbbbbbbbbbbbbbbbbbbbbbbbbbbbbbbbbbbbbbbbbbbbbbbbbbbbbbbbbbbbbbbbbbbbbbbbbbbbbbbbbbbbbbbbbbbbbbbbbbbbbbbbbbbbbbbbbbbbbbbbbbbbbbbbbbbbbbbbbbbbbbbbbbbbbbbbbbbbbbbbbbbbbbbbbbbbbbbbbbbbbbbbbbbbbbbbbbbbbbbbbbbbbbbbbbbbbbbbbbbbbbbbbbbbbbbbbbbbbbbbbbbbbbbbbbbbbbbbbbbbbbbbbbbbbbbbbbbbbbbbbbbbbbbbbbbbbbbbbbbbbbbbbbbbbbbbbbbbbbbbbbbbbbbbbbbbbbbbbbbbbbbbbbbbbbbbbbbbbbbbbbbbbbbbbbbbbbbbbbbbbbbbbbbbbbbbbbbbbbbbbbbbbbbbbbbbbbbbbbbbbbbbbbbbbbbbbbbbbbbbbbbbbbbbbbbbbbbbbbbbbbbbbbbbbbbbbbbbbbbbbbbbbbbbbbbbbbbbbbbbbbbbbbbbbbbbbbbbbbbbbbbbbbbbbbbbbbbbbbbbbbbbbbbbbbbbbbbbbbbbbbbbbbbbbbbbbbbbbbbbbbbbbbbbbbbbbbbbbbbbbbbbbbbbbbbbbbbbbbbbbbbbbbbbbbbbbbbbbbbbbbbbbbbbbbbbbbbbbbbbbbbbbbbbbbbbbbbbbbbbbbbbbbbbbbbbbbbbbbbbbbbbbbbbbbbbbbbbbbbbbbbbbbbbbbbbbbbbbbbbbbbbbbbbbbbbbbbbbbbbbbbbbbbbbbbbbbbbbbbbbbbbbbbbbbbbbbbbbbbbbbbbbbbbbbbbbbbbbbbbbbbbbbbbbbbbbbbbbbbbbbbbbbbbbbbbbbbbbbbbbbbbbbbbbbbbbbbbbbbbbbbbbbbbbbbbbbbbbbbbbbbbbbbbbbbbbbbbbbbbbbbbbbbbbbbbbbbbbbbbbbbbbbbbbbbbbbbbbbbbbbbbbbbbbbbbbbbbbbbbbbbbbbbbbbbbbbbbbbbbbbbbbbbbbbbbbbbbbbbbbbbbbbbbbbbbbbbbbbbbbbbbbbbbbbbbbbbbbbbbbbbbbbbbbbbbbbbbbbbbbbbbbbbbbbbbbbbbbbbbbbbbbbbbbbbbbbbbbbbbbbbbbbbbbbbbbbbbbbbbbbbbbbbbbbbbbbbbbbbbbbbbbbbbbbbbbbbbbbbbbbbbbbbbbbbbbbbbbbbbbbbbbbbbbbbbbbbbbbbbbbbbbbbbbbbbbbbbbbbbbbbbbbbbbbbbbbbbbbbbbbbbbbbbbbbbbbbbbbbbbbbbbbbbbbbbbbbbbbbbbbbbbbbbbbbbbbbbbbbbbbbbbbbbbbbbbbbbbbbbbbbbbbbbbbbbbbbbbbbbbbbbbbbbbbbbbbbbbbbbbbbbbbbbbbbbbbbbbbbbbbbbbbbbbbbbbbbbbbbbbbbbbbbbbbbbbbbbbbbbbbbbbbbbbbbbbbbbbbbbbbbbbbbbbbbbbbbbbbbbbbbbbbbbbbbbbbbbbbbbbbbbbbbbbbbbbbbbbbbbbbbbbbbbbbbbbbbbbbbbbbbbbbbbbbbbbbbbbbbbbbbbbbbbbbbbbbbbbbbbbbbbbbbbbbbbbbbbbbbbbbbbbbbbbbbbbbbbbbbbbbbbbbbbbbbbbbbbbbbbbbbbbbbbbbbbbbbbbbbbbbbbbbbbbbbbbbbbbbbbbbbbbbbbbbbbbbbbbbbbbbbbbbbbbbbbbbbbbbbbbbbbbbbbbbbbbbbbbbbbbbbbbbbbbbbbbbbbbbbbbbbbbbbbbbbbbbbbbbbbbbbbbbbbbbbbbbbbbbbbbbbbbbbbbbbbbbbbbbbbbbbbbbbbbbbbbbbbbbbbbbbbbbbbbbbbbbbbbbbbbbbbbbbbbbbbbbbbbbbbbbbbbbbbbbbbbbbbbbbbbbbbbbbbbbbbbbbbbbbbbbbbbbbbbbbbbbbbbbbbbbbbbbbbbbbbbbbbbbbbbbbbbbbbbbbbbbbbbbbbbbbbbbbbbbbbbbbbbbbbbbbbbbbbbbbbbbbbbbbbbbbbbbbbbbbbbbbbbbbbbbbbbbbbbbbbbbbbbbbbbbbbbbbbbbbbbbbbbbbbbbbbbbbbbbbbbbbbbbbbbbbbbbbbbbbbbbbbbbbbbbbbbbbbbbbbbbbbbbbbbbbbbbbbbbbbbbbbbbbbbbbbbbbbbbbbbbbbbbbbbbbbbbbbbbbbbbbbbbbbbbbbbbbbbbbbbbbbbbbbbbbbbbbbbbbbbbbbbbbbbbbbbbbbbbbbbbbbbbbbbbbbbbbbbbbbbbbbbbbbbbbbbbbbbbbbbbbbbbbbbbbbbbbbbbbbbbbbbbbbbbbbbbbbbbbbbbbbbbbbbbbbbbbbbbbbbbbbbbbbbbbbbbbbbbbbbbbbbbbbbbbbbbbbbbbbbbbbbbbbbbbbbbbbbbbbbbbbbbbbbbbbbbbbbbbbbbbbbbbbbbbbbbbbbbbbbbbbbbbbbbbbbbbbbbbbbbbbbbbbbbbbbbbbbbbbbbbbbbbbbbbbbbbbbbbbbbbbbbbbbbbbbbbbbbbbbbbbbbbbbbbbbbbbbbbbbbbbbbbbbbbbbbbbbbbbbbbbbbbbbbbbbbbbbbbbbbbbbbbbbbbbbbbbbbbbbbbbbbbbbbbbbbbbbbbbbbbbbbbbbbbbbbbbbbbbbbbbbbbbbbbbbbbbbbbbbbbbbbbbbbbbbbbbbbbbbbbbbbbbbbbbbbbbbbbbbbbbbbbbbbbbbbbbbbbbbbbbbbbbbbbbbbbbbbbbbbbbbbbbbbbbbbbbbbbbbbbbbbbbbbbbbbbbbbbbbbbbbbbbbbbbbbbbbbbbbbbbbbbbbbbbbbbbbbbbbbbbbbbbbbbbbbbbbbbbbbbbbbbbbbbbbbbbbbbbbbbbbbbbbbbbbbbbbbbbbbbbbbbbbbbbbbbbbbbbbbbbbbbbbbbbbbbbbbbbbbbbbbbbbbbbbbbbbbbbbbbbbbbbbbbbbbbbbbbbbbbbbbbbbbbbbbbbbbbbbbbbbbbbbbbbbbbbbbbbbbbbbbbbbbbbbbbbbbbbbbbbbbbbbbbbbbbbbbbbbbbbbbbbbbbbbbbbbbbbbbbbbbbbbbbbbbbbbbbbbbbbbbbbbbbbbbbbbbbbbbbbbbbbbbbbbbbbbbbbbbbbbbbbbbbbbbbbbbbbbbbbbbbbbbbbbbbbbbbbbbbbbbbbbbbbbbbbbbbbbbbbbbbbbbbbbbbbbbbbbbbbbbbbbbbbbbbbbbbbbbbbbbbbbbbbbbbbbbbbbbbbbbbbbbbbbbbbbbbbbbbbbbbbbbbbbbbbbbbbbbbbbbbbbbbbbbbbbbbbbbbbbbbbbbbbbbbbbbbbbbbbbbbbbbbbbbbbbbbbbbbbbbbbbbbbbbbbbbbbbbbbbbbbbbbbbbbbbbbbbbbbbbbbbbbbbbbbbbbbbbbbbbbbbbbbbbbbbbbbbbbbbbbbbbbbbbbbbbbbbbbbbbbbbbbbbbbbbbbbbbbbbbbbbbbbbbbbbbbbbbbbbbbbbbbbbbbbbbbbbbbbbbbbbbbbbbbbbbbbbbbbbbbbbbbbbbbbbbbbbbbbbbbbbbbbbbbbbbbbbbbbbbbbbbbbbbbbbbbbbbbbbbbbbbbbbbbbbbbbbbbbbbbbbbbbbbbbbbbbbbbbbbbbbbbbbbbbbbbbbbbbbbbbbbbbbbbbbbbbbbbbbbbbbbbbbbbbbbbbbbbbbbbbbbbbbbbbbbbbbbbbbbbbbbbbbbbbbbbbbbbbbbbbbbbbbbbbbbbbbbbbbbbbbbbbbbbbbbbbbbbbbbbbbbbbbbbbbbbbbbbbbbbbbbbbbbbbbbbbbbbbbbbbbbbbbbbbbbbbbbbbbbbbbbbbbbbbbbbbbbbbbbbbbbbbbbbbbbbbbbbbbbbbbbbbbbbbbbbbbbbbbbbbbbbbbbbbbbbbbbbbbbbbbbbbbbbbbbbbbbbbbbbbbbbbbbbbbbbbbbbbbbbbbbbbbbbbbbbbbbbbbbbbbbbbbbbbbbbbbbbbbbbbbbbbbbbbbbbbbbbbbbbbbbbbbbbbbbbbbbbbbbbbbbbbbbbbbbbbbbbbbbbbbbbbbbbbbbbbbbbbbbbbbbbbbbbbbbbbbbbbbbbbbbbbbbbbbbbbbbbbbbbbbbbbbbbbbbbbbbbbbbbbbbbbbbbbbbbbbbbbbbbbbbbbbbbbbbbbbbbbbbbbbbbbbbbbbbbbbbbbbbbbbbbbbbbbbbbbbbbbbbbbbbbbbbbbbbbbbbbbbbbbbbbbbbbbbbbbbbbbbbbbbbbbbbbbbbbbbbbbbbbbbbbbbbbbbbbbbbbbbbbbbbbbbbbbbbbbbbbbbbbbbbbbbbbbbbbbbbbbbbbbbbbbbbbbbbbbbbbbbbbbbbbbbbbbbbbbbbbbbbbbbbbbbbbbbbbbbbbbbbbbbbbbbbbbbbbbbbbbbbbbbbbbbbbbbbbbbbbbbbbbbbbbbbbbbbbbbbbbbbbbbbbbbbbbbbbbbbbbbbbbbbbbbbbbbbbbbbbbbbbbbbbbbbbbbbbbbbbbbbbbbbbbbbbbbbbbbbbbbbbbbbbbbbbbbbbbbbbbbbbbbbbbbbbbbbbbbbbbbbbbbbbbbbbbbbbbbbbbbbbbbbbbbbbbbbbbbbbbbbbbbbbbbbbbbbbbbbbbbbbbbbbbbbbbbbbbbbbbbbbbbbbbbbbbbbbbbbbbbbbbbbbbbbbbbbbbbbbbbbbbbbbbbbbbbbbbbbbbbbbbbbbbbbbbbbbbbbbbbbbbbbbbbbbbbbbbbbbbbbbbbbbbbbbbbbbbbbbbbbbbbbbbbbbbbbbbbbbbbbbbbbbbbbbbbbbbbbbbbbbbbbbbbbbbbbbbbbbbbbbbbbbbbbbbbbbbbbbbbbbbbbbbbbbbbbbbbbbbbbbbbbbbbbbbbbbbbbbbbbbbbbbbbbbbbbbbbbbbbbbbbbbbbbbbbbbbbbbbbbbbbbbbbbbbbbbbbbbbbbbbbbbbbbbbbbbbbbbbbbbbbbbbbbbbbbbbbbbbbbbbbbbbbbbbbbbbbbbbbbbbbbbbbbbbbbbbbbbbbbbbbbbbbbbbbbbbbbbbbbbbbbbbbbbbbbbbbbbbbbbbbbbbbbbbbbbbbbbbbbbbbbbbbbbbbbbbbbbbbbbbbbbbbbbbbbbbbbbbbbbbbbbbbbbbbbbbbbbbbbbbbbbbbbbbbbbbbbbbbbbbbbbbbbbbbbbbbbbbbbbbbbbbbbbbbbbbbbbbbbbbbbbbbbbbbbbbbbbbbbbbbbbbbbbbbbbbbbbbbbbbbbbbbbbbbbbbbbbbbbbbbbbbbbbbbbbbbbbbbbbbbbbbbbbbbbbbbbbbbbbbbbbbbbbbbbbbbbbbbbbbbbbbbbbbbbbbbbbbbbbbbbbbbbbbbbbbbbbbbbbbbbbbbbbbbbbbbbbbbbbbbbbbbbbbbbbbbbbbbbbbbbbbbbbbbbbbbbbbbbbbbbbbbbbbbbbbbbbbbbbbbbbbbbbbbbbbbbbbbbbbbbbbbbbbbbbbbbbbbbbbbbbbbbbbbbbbbbbbbbbbbbbbbbbbbbbbbbbbbbbbbbbbbbbbbbbbbbbbbbbbbbbbbbbbbbbbbbbbbbbbbbbbbbbbbbbbbbbbbbbbbbbbbbbbbbbbbbbbbbbbbbbbbbbbbbbbbbbbbbbbbbbbbbbbbbbbbbbbbbbbbbbbbbbbbbbbbbbbbbbbbbbbbbbbbbbbbbbbbbbbbbbbbbbbbbbbbbbbbbbbbbbbbbbbbbbbbbbbbbbbbbbbbbbbbbbbbbbbbbbbbbbbbbbbbbbbbbbbbbbbbbbbbbbbbbbbbbbbbbbbbbbbbbbbbbbbbbbbbbbbbbbbbbbbbbbbbbbbbbbbbbbbbbbbbbbbbbbbbbbbbbbbbbbbbbbbbbbbbbbbbbbbbbbbbbbbbbbbbbbbbbbbbbbbbbbbbbbbbbbbbbbbbbbbbbbbbbbbbbbbbbbbbbbbbbbbbbbbbbbbbbbbbbbbbbbbbbbbbbbbbbbbbbbbbbbbbbbbbbbbbbbbbbbbbbbbbbbbbbbbbbbbbbbbbbbbbbbbbbbbbbbbbbbbbbbbbbbbbbbbbbbbbbbbbbbbbbbbbbbbbbbbbbbbbbbbbbbbbbbbbbbbbbbbbbbbbbbbbbbbbbbbbbbbbbbbbbbbbbbbbbbbbbbbbbbbbbbbbbbbbbbbbbbbbbbbbbbbbbbbbbbbbbbbbbbbbbbbbbbbbbbbbbbbbbbbbbbbbbbbbbbbbbbbbbbbbbbbbbbbbbbbbbbbbbbbbbbbbbbbbbbbbbbbbbbbbbbbbbbbbbbbbbbbbbbbbbbbbbbbbbbbbbbbbbbbbbbbbbbbbbbbbbbbbbbbbbbbbbbbbbbbbbbbbbbbbbbbbbbbbbbbbbbbbbbbbbbbbbbbbbbbbbbbbbbbbbbbbbbbbbbbbbbbbbbbbbbbbbbbbbbbbbbbbbbbbbbbbbbbbbbbbbbbbbbbbbbbbbbbbbbbbbbbbbbbbbbbbbbbbbbbbbbbbbbbbbbbbbbbbbbbbbbbbbbbbbbbbbbbbbbbbbbbbbbbbbbbbbbbbbbbbbbbbbbbbbbbbbbbbbbbbbbbbbbbbbbbbbbbbbbbbbbbbbbbbbbbbbbbbbbbbbbbbbbbbbbbbbbbbbbbbbbbbbbbbbbbbbbbbbbbbbbbbbbbbbbbbbbbbbbbbbbbbbbbbbbbbbbbbbbbbbbbbbbbbbbbbbbbbbbbbbbbbbbbbbbbbbbbbbbbbbbbbbbbbbbbbbbbbbbbbbbbbbbbbbbbbbbbbbbbbbbbbbbbbbbbbbbbbbbbbbbbbbbbbbbbbbbbbbbbbbbbbbbbbbbbbbbbbbbbbbbbbbbbbbbbbbbbbbbbbbbbbbbbbbbbbbbbbbbbbbbbbbbbbbbbbbbbbbbbbbbbbbbbbbbbbbbbbbbbbbbbbbbbbbbbbbbbbbbbbbbbbbbbbbbbbbbbbbbbbbbbbbbbbbbbbbbbbbbbbbbbbbbbbbbbbbbbbbbbbbbbbbbbbbbbbbbbbbbbbbbbbbbbbbbbbbbbbbbbbbbbbbbbbbbbbbbbbbbbbbbbbbbbbbbbbbbbbbbbbbbbbbbbbbbbbbbbbbbbbbbbbbbbbbbbbbbbbbbbbbbbbbbbbbbbbbbbbbbbbbbbbbbbbbbbbbbbbbbbbbbbbbbbbbbbbbbbbbbbbbbbbbbbbbbbbbbbbbbbbbbbbbbbbbbbbbbbbbbbbbbbbbbbbbbbbbbbbbbbbbbbbbbbbbbbbbbbbbbbbbbbbbbbbbbbbbbbbbbbbbbbbbbbbbbbbbbbbbbbbbbbbbbbbbbbbbbbbbbbbbbbbbbbbbbbbbbbbbbbbbbbbbbbbbbbbbbbbbbbbbbbbbbbbbbbbbbbbbbbbbbbbbbbbbbbbbbbbbbbbbbbbbbbbbbbbbbbbbbbbbbbbbbbbbbbbbbbbbbbbbbbbbbbbbbbbbbbbbbbbbbbbbbbbbbbbbbbbbbbbbbbbbbbbbbbbbbbbbbbbbbbbbbbbbbbbbbbbbbbbbbbbbbbbbbbbbbbbbbbbbbbbbbbbbbbbbbbbbbbbbbbbbbbbbbbbbbbbbbbbbbbbbbbbbbbbbbbbbbbbbbbbbbbbbbbbbbbbbbbbbbbbbbbbbbbbbbbbbbbbbbbbbbbbbbbbbbbbbbbbbbbbbbbbbbbbbbbbbbbbbbbbbbbbbbbbbbbbbbbbbbbbbbbbbbbbbbbbbbbbbbbbbbbbbbbbbbbbbbbbbbbbbbbbbbbbbbbbbbbbbbbbbbbbbbbbbbbbbbbbbbbbbbbbbbbbbbbbbbbbbbbbbbbbbbbbbbbbbbbbbbbbbbbbbbbbbbbbbbbbbbbbbbbbbbbbbbbbbbbbbbbbbbbbbbbbbbbbbbbbbbbbbbbbbbbbbbbbbbbbbbbbbbbbbbbbbbbbbbbbbbbbbbbbbbbbbbbbbbbbbbbbbbbbbbbbbbbbbbbbbbbbbbbbbbbbbbbbbbbbbbbbbbbbbbbbbbbbbbbbbbbbbbbbbbbbbbbbbbbbbbbbbbbbbbbbbbbbbbbbbbbbbbbbbbbbbbbbbbbbbbbbbbbbbbbbbbbbbbbbbbbbbbbbbbbbbbbbbbbbbbbbbbbbbbbbbbbbbbbbbbbbbbbbbbbbbbbbbbbbbbbbbbbbbbbbbbbbbbbbbbbbbbbbbbbbbbbbbbbbbbbbbbbbbbbbbbbbbbbbbbbbbbbbbbbbbbbbbbbbbbbbbbbbbbbbbbbbbbbbbbbbbbbbbbbbbbbbbbbbbbbbbbbbbbbbbbbbbbbbbbbbbbbbbbbbbbbbbbbbbbbbbbbbbbbbbbbbbbbbbbbbbbbbbbbbbbbbbbbbbbbbbbbbbbbbbbbbbbbbbbbbbbbbbbbbbbbbbbbbbbbbbbbbbbbbbbbbbbbbbbbbbbbbbbbbbbbbbbbbbbbbbbbbbbbbbbbbbbbbbbbbbbbbbbbbbbbbbbbbbbbbbbbbbbbbbbbbbbbbbbbbbbbbbbbbbbbbbbbbbbbbbbbbbbbbbbbbbbbbbbbbbbbbbbbbbbbbbbbbbbbbbbbbbbbbbbbbbbbbbbbbbbbbbbbbbbbbbbbbbbbbbbbbbbbbbbbbbbbbbbbbbbbbbbbbbbbbbbbbbbbbbbbbbbbbbbbbbbbbbbbbbbbbbbbbbbbbbbbbbbbbbbbbbbbbbbbbbbbbbbbbbbbbbbbbbbbbbbbbbbbbbbbbbbbbbbbbbbbbbbbbbbbbbbbbbbbbbbbbbbbbbbbbbbbbbbbbbbbbbbbbbbbbbbbbbbbbbbbbbbbbbbbbbbbbbbbbbbbbbbbbbbbbbbbbbbbbbbbbbbbbbbbbbbbbbbbbbbbbbbbbbbbbbbbbbbbbbbbbbbbbbbbbbbbbbbbbbbbbbbbbbbbbbbbbbbbbbbbbbbbbbbbbbbbbbbbbbbbbbbbbbbbbbbbbbbbbbbbbbbbbbbbbbbbbbbbbbbbbbbbbbbbbbbbbbbbbbbbbbbbbbbbbbbbbbbbbbbbbbbbbbbbbbbbbbbbbbbbbbbbbbbbbbbbbbbbbbbbbbbbbbbbbbbbbbbbbbbbbbbbbbbbbbbbbbbbbbbbbbbbbbbbbbbbbbbbbbbbbbbbbbbbbbbbbbbbbbbbbbbbbbbbbbbbbbbbbbbbbbbbbbbbbbbbbbbbbbbbbbbbbbbbbbbbbbbbbbbbbbbbbbbbbbbbbbbbbbbbbbbbbbbbbbbbbbbbbbbbbbbbbbbbbbbbbbbbbbbbbbbbbbbbbbbbbbbbbbbbbbbbbbbbbbbbbbbbbbbbbbbbbbbbbbbbbbbbbbbbbbbbbbbbbbbbbbbbbbbbbbbbbbbbbbbbbbbbbbbbbbbbbbbbbbbbbbbbbbbbbbbbbbbbbbbbbbbbbbbbbbbbbbbbbbbbbbbbbbbbbbbbbbbbbbbbbbbbbbbbbbbbbbbbbbbbbbbbbbbbbbbbbbbbbbbbbbbbbbbbbbbbbbbbbbbbbbbbbbbbbbbbbbbbbbbbbbbbbbbbbbbbbbbbbbbbbbbbbbbbbbbbbbbbbbbbbbbbbbbbbbbbbbbbbbbbbbbbbbbbbbbbbbbbbbbbbbbbbbbbbbbbbbbbbbbbbbbbbbbbbbbbbbbbbbbbbbbbbbbbbbbbbbbbbbbbbbbbbbbbbbbbbbbbbbbbbbbbbbbbbbbbbbbbbbbbbbbbbbbbbbbbbbbbbbbbbbbbbbbbbbbbbbbbbbbbbbbbbbbbbbbbbbbbbbbbbbbbbbbbbbbbbbbbbbbbbbbbbbbbbbbbbbbbbbbbbbbbbbbbbbbbbbbbbbbbbbbbbbbbbbbbbbbbbbbbbbbbbbbbbbbbbbbbbbbbbbbbbbbbbbbbbbbbbbbbbbbbbbbbbbbbbbbbbbbbbbbbbbbbbbbbbbbbbbbbbbbbbbbbbbbbbbbbbbbbbbbbbbbbbbbbbbbbbbbbbbbbbbbbbbbbbbbbbbbbbbbbbbbbbbbbbbbbbbbbbbbbbbbbbbbbbbbbbbbbbbbbbbbbbbbbbbbbbbbbbbbbbbbbbbbbbbbbbbbbbbbbbbbbbbbbbbbbbbbbbbbbbbbbbbbbbbbbbbbbbbbbbbbbbbbbbbbbbbbbbbbbbbbbbbbbbbbbbbbbbbbbbbbbbbbbbbbbbbbbbbbbbbbbbbbbbbbbbbbbbbbbbbbbbbbbbbbbbbbbbbbbbbbbbbbbbbbbbbbbbbbbbbbbbbbbbbbbbbbbbbbbbbbbbbbbbbbbbbbbbbbbbbbbbbbbbbbbbbbbbbbbbbbbbbbbbbbbbbbbbbbbbbbbbbbbbbbbbbbbbbbbbbbbbbbbbbbbbbbbbbbbbbbbbbbbbbbbbbbbbbbbbbbbbbbbbbbbbbbbbbbbbbbbbbbbbbbbbbbbbbbbbbbbbbbbbbbbbbbbbbbbbbbbbbbbbbbbbbbbbbbbbbbbbbbbbbbbbbbbbbbbbbbbbbbbbbbbbbbbbbbbbbbbbbbbbbbbbbbbbbbbbbbbbbbbbbbbbbbbbbbbbbbbbbbbbbbbbbbbbbbbbbbbbbbbbbbbbbbbbbbbbbbbbbbbbbbbbbbbbbbbbbbbbbbbbbbbbbbbbbbbbbbbbbbbbbbbbbbbbbbbbbbbbbbbbbbbbbbbbbbbbbbbbbbbbbbbbbbbbbbbbbbbbbbbbbbbbbbbbbbbbbbbbbbbbbbbbbbbbbbbbbbbbbbbbbbbbbbbbbbbbbbbbbbbbbbbbbbbbbbbbbbbbbbbbbbbbbbbbbbbbbbbbbbbbbbbbbbbbbbbbbbbbbbbbbbbbbbbbbbbbbbbbbbbbbbbbbbbbbbbbbbbbbbbbbbbbbbbbbbbbbbbbbbbbbbbbbbbbbbbbbbbbbbbbbbbbbbbbbbbbbbbbbbbbbbbbbbbbbbbbbbbbbbbbbbbbbbbbbbbbbbbbbbbbbbbbbbbbbbbbbbbbbbbbbbbbbbbbbbbbbbbbbbbbbbbbbbbbbbbbbbbbbbbbbbbbbbbbbbbbbbbbbbbbbbbbbbbbbbbbbbbbbbbbbbbbbbbbbbbbbbbbbbbbbbbbbbbbbbbbbbbbbbbbbbbbbbbbbbbbbbbbbbbbbbbbbbbbbbbbbbbbbbbbbbbbbbbbbbbbbbbbbbbbbbbbbbbbbbbbbbbbbbbbbbbbbbbbbbbbbbbbbbbbbbbbbbbbbbbbbbbbbbbbbbbbbbbbbbbbbbbbbbbbbbbbbbbbbbbbbbbbbbbbbbbbbbbbbbbbbbbbbbbbbbbbbbbbbbbbbbbbbbbbbbbbbbbbbbbbbbbbbbbbbbbbbbbbbbbbbbbbbbbbbbbbbbbbbbbbbbbbbbbbbbbbbbbbbbbbbbbbbbbbbbbbbbbbbbbbbbbbbbbbbbbbbbbbbbbbbbbbbbbbbbbbbbbbbbbbbbbbbbbbbbbbbbbbbbbbbbbbbbbbbbbbbbbbbbbbbbbbbbbbbbbbbbbbbbbbbbbbbbbbbbbbbbbbbbbbbbbbbbbbbbbbbbbbbbbbbbbbbbbbbbbbbbbbbbbbbbbbbbbbbbbbbbbbbbbbbbbbbbbbbbbbbbbbbbbbbbbbbbbbbbbbbbbbbbbbbbbbbbbbbbbbbbbbbbbbbbbbbbbbbbbbbbbbbbbbbbbbbbbbbbbbbbbbbbbbbbbbbbbbbbbbbbbbbbbbbbbbbbbbbbbbbbbbbbbbbbbbbbbbbbbbbbbbbbbbbbbbbbbbbbbbbbbbbbbbbbbbbbbbbbbbbbbbbbbbbbbbbbbbbbbbbbbbbbbbbbbbbbbbbbbbbbbbbbbbbbbbbbbbbbbbbbbbbbbbbbbbbbbbbbbbbbbbbbbbbbbbbbbbbbbbbbbbbbbbbbbbbbbbbbbbbbbbbbbbbbbbbbbbbbbbbbbbbbbbbbbbbbbbbbbbbbbbbbbbbbbbbbbbbbbbbbbbbbbbbbbbbbbbbbbbbbbbbbbbbbbbbbbbbbbbbbbbbbbbbbbbbbbbbbbbbbbbbbbbbbbbbbbbbbbbbbbbbbbbbbbbbbbbbbbbbbbbbbbbbbbbbbbbbbbbbbbbbbbbbbbbbbbbbbbbbbbbbbbbbbbbbbbbbbbbbbbbbbbbbbbbbbbbbbbbbbbbbbbbbbbbbbbbbbbbbbbbbbbbbbbbbbbbbbbbbbbbbbbbbbbbbbbbbbbbbbbbbbbbbbbbbbbbbbbbbbbbbbbbbbbbbbbbbbbbbbbbbbbbbbbbbbbbbbbbbbbbbbbbbbbbbbbbbbbbbbbbbbbbbbbbbbbbbbbbbbbbbbbbbbbbbbbbbbbbbbbbbbbbbbbbbbbbbbbbbbbbbbbbbbbbbbbbbbbbbbbbbbbbbbbbbbbbbbbbbbbbbbbbbbbbbbbbbbbbbbbbbbbbbbbbbbbbbbbbbbbbbbbbbbbbbbbbbbbbbbbbbbbbbbbbbbbbbbbbbbbbbbbbbbbbbbbbbbbbbbbbbbbbbbbbbbbbbbbbbbbbbbbbbbbbbbbbbbbbbbbbbbbbbbbbbbbbbbbbbbbbbbbbbbbbbbbbbbbbbbbbbbbbbbbbbbbbbbbbbbbbbbbbbbbbbbbbbbbbbbbbbbbbbbbbbbbbbbbbbbbbbbbbbbbbbbbbbbbbbbbbbbbbbbbbbbbbbbbbbbbbbbbbbbbbbbbbbbbbbbbbbbbbbbbbbbbbbbbbbbbbbbbbbbbbbbbbbbbbbbbbbbbbbbbbbbbbbbbbbbbbbbbbbbbbbbbbbbbbbbbbbbbbbbbbbbbbbbbbbbbbbbbbbbbbbbbbbbbbbbbbbbbbbbbbbbbbbbbbbbbbbbbbbbbbbbbbbbbbbbbbbbbbbbbbbbbbbbbbbbbbbbbbbbbbbbbbbbbbbbbbbbbbbbbbbbbbbbbbbbbbbbbbbbbbbbbbbbbbbbbbbbbbbbbbbbbbbbbbbbbbbbbbbbbbbbbbbbbbbbbbbbbbbbbbbbbbbbbbbbbbbbbbbbbbbbbbbbbbbbbbbbbbbbbbbbbbbbbbbbbbbbbbbbbbbbbbbbbbbbbbbbbbbbbbbbbbbbbbbbbbbbbbbbbbbbbbbbbbbbbbbbbbbbbbbbbbbbbbbbbbbbbbbbbbbbbbbbbbbbbbbbbbbbbbbbbbbbbbbbbbbbbbbbbbbbbbbbbbbbbbbbbbbbbbbbbbbbbbbbbbbbbbbbbbbbbbbbbbbbbbbbbbbbbbbbbbbbbbbbbbbbbbbbbbbbbbbbbbbbbbbbbbbbbbbbbbbbbbbbbbbbbbbbbbbbbbbbbbbbbbbbbbbbbbbbbbbbbbbbbbbbbbbbbbbbbbbbbbbbbbbbbbbbbbbbbbbbbbbbbbbbbbbbbbbbbbbbbbbbbbbbbbbbbbbbbbbbbbbbbbbbbbbbbbbbbbbbbbbbbbbbbbbbbbbbbbbbbbbbbbbbbbbbbbbbbbbbbbbbbbbbbbbbbbbbbbbbbbbbbbbbbbbbbbbbbbbbbbbbbbbbbbbbbbbbbbbbbbbbbbbbbbbbbbbbbbbbbbbbbbbbbbbbbbbbbbbbbbbbbbbbbbbbbbbbbbbbbbbbbbbbbbbbbbbbbbbbbbbbbbbbbbbbbbbbbbbbbbbbbbbbbbbbbbbbbbbbbbbbbbbbbbbbbbbbbbbbbbbbbbbbbbbbbbbbbbbbbbbbbbbbbbbbbbbbbbbbbbbbbbbbbbbbbbbbbbbbbbbbbbbbbbbbbbbbbbbbbbbbbbbbbbbbbbbbbbbbbbbbbbbbbbbbbbbbbbbbbbbbbbbbbbbbbbbbbbbbbbbbbbbbbbbbbbbbbbbbbbbbbbbbbbbbbbbbbbbbbbbbbbbbbbbbbbbbbbbbbbbbbbbbbbbbbbbbbbbbbbbbbbbbbbbbbbbbbbbbbbbbbbbbbbbbbbbbbbbbbbbbbbbbbbbbbbbbbbbbbbbbbbbbbbbbbbbbbbbbbbbbbbbbbbbbbbbbbbbbbbbbbbbbbbbbbbbbbbbbbbbbbbbbbbbbbbbbbbbbbbbbbbbbbbbbbbbbbbbbbbbbbbbbbbbbbbbbbbbbbbbbbbbbbbbbbbbbbbbbbbbbbbbbbbbbbbbbbbbbbbbbbbbbbbbbbbbbbbbbbbbbbbbbbbbbbbbbbbbbbbbbbbbbbbbbbbbbbbbbbbbbbbbbbbbbbbbbbbbbbbbbbbbbbbbbbbbbbbbbbbbbbbbbbbbbbbbbbbbbbbbbbbbbbbbbbbbbbbbbbbbbbbbbbbbbbbbbbbbbbbbbbbbbbbbbbbbbbbbbbbbbbbbbbbbbbbbbbbbbbbbbbbbbbbbbbbbbbbbbbbbbbbbbbbbbbbbbbbbbbbbbbbbbbbbbbbbbbbbbbbbbbbbbbbbbbbbbbbbbbbbbbbbbbbbbbbbbbbbbbbbbbbbbbbbbbbbbbbbbbbbbbbbbbbbbbbbbbbbbbbbbbbbbbbbbbbbbbbbbbbbbbbbbbbbbbbbbbbbbbbbbbbbbbbbbbbbbbbbbbbbbbbbbbbbbbbbbbbbbbbbbbbbbbbbbbbbbbbbbbbbbbbbbbbbbbbbbbbbbbbbbbbbbbbbbbbbbbbbbbbbbbbbbbbbbbbbbbbbbbbbbbbbbbbbbbbbbbbbbbbbbbbbbbbbbbbbbbbbbbbbbbbbbbbbbbbbbbbbbbbbbbbbbbbbbbbbbbbbbbbbbbbbbbbbbbbbbbbbbbbbbbbbbbbbbbbbbbbbbbbbbbbbbbbbbbbbbbbbbbbbbbbbbbbbbbbbbbbbbbbbbbbbbbbbbbbbbbbbbbbbbbbbbbbbbbbbbbbbbbbbbbbbbbbbbbbbbbbbbbbbbbbbbbbbbbbbbbbbbbbbbbbbbbbbbbbbbbbbbbbbbbbbbbbbbbbbbbbbbbbbbbbbbbbbbbbbbbbbbbbbbbbbbbbbbbbbbbbbbbbbbbbbbbbbbbbbbbbbbbbbbbbbbbbbbbbbbbbbbbbbbbbbbbbbbbbbbbbbbbbbbbbbbbbbbbbbbbbbbbbbbbbbbbbbbbbbbbbbbbbbbbbbbbbbbbbbbbbbbbbbbbbbbbbbbbbbbbbbbbbbbbbbbbbbbbbbbbbbbbbbbbbbbbbbbbbbbbbbbbbbbbbbbbbbbbbbbbbbbbbbbbbbbbbbbbbbbbbbbbbbbbbbbbbbbbbbbbbbbbbbbbbbbbbbbbbbbbbbbbbbbbbbbbbbbbbbbbbbbbbbbbbbbbbbbbbbbbbbbbbbbbbbbbbbbbbbbbbbbbbbbbbbbbbbbbbbbbbbbbbbbbbbbbbbbbbbbbbbbbbbbbbbbbbbbbbbbbbbbbbbbbbbbbbbbbbbbbbbbbbbbbbbbbbbbbbbbbbbbbbbbbbbbbbbbbbbbbbbbbbbbbbbbbbbbbbbbbbbbbbbbbbbbbbbbbbbbbbbbbbbbbbbbbbbbbbbbbbbbbbbbbbbbbbbbbbbbbbbbbbbbbbbbbbbbbbbbbbbbbbbbbbbbbbbbbbbbbbbbbbbbbbbbbbbbbbbbbbbbbbbbbbbbbbbbbbbbbbbbbbbbbbbbbbbbbbbbbbbbbbbbbbbbbbbbbbbbbbbbbbbbbbbbbbbbbbbbbbbbbbbbbbbbbbbbbbbbbbbbbbbbbbbbbbbbbbbbbbbbbbbbbbbbbbbbbbbbbbbbbbbbbbbbbbbbbbbbbbbbbbbbbbbbbbbbbbbbbbbbbbbbbbbbbbbbbbbbbbbbbbbbbbbbbbbbbbbbbbbbbbbbbbbbbbbbbbbbbbbbbbbbbbbbbbbbbbbbbbbbbbbbbbbbbbbbbbbbbbbbbbbbbbbbbbbbbbbbbbbbbbbbbbbbbbbbbbbbbbbbbbbbbbbbbbbbbbbbbbbbbbbbbbbbbbbbbbbbbbbbbbbbbbbbbbbbbbbbbbbbbbbbbbbbbbbbbbbbbbbbbbbbbbbbbbbbbbbbbbbbbbbbbbbbbbbbbbbbbbbbbbbbbbbbbbbbbbbbbbbbbbbbbbbbbbbbbbbbbbbbbbbbbbbbbbbbbbbbbbbbbbbbbbbbbbbbbbbbbbbbbbbbbbbbbbbbbbbbbbbbbbbbbbbbbbbbbbbbbbbbbbbbbbbbbbbbbbbbbbbbbbbbbbbbbbbbbbbbbbbbbbbbbbbbbbbbbbbbbbbbbbbbbbbbbbbbbbbbbbbbbbbbbbbbbbbbbbbbbbbbbbbbbbbbbbbbbbbbbbbbbbbbbbbbbbbbbbbbbbbbbbbbbbbbbbbbbbbbbbbbbbbbbbbbbbbbbbbbbbbbbbbbbbbbbbbbbbbbbbbbbbbbbbbbbbbbbbbbbbbbbbbbbbbbbbbbbbbbbbbbbbbbbbbbbbbbbbbbbbbbbbbbbbbbbbbbbbbbbbbbbbbbbbbbbbbbbbbbbbbbbbbbbbbbbbbbbbbbbbbbbbbbbbbbbbbbbbbbbbbbbbbbbbbbbbbbbbbbbbbbbbbbbbbbbbbbbbbbbbbbbbbbbbbbbbbbbbbbbbbbbbbbbbbbbbbbbbbbbbbbbbbbbbbbbbbbbbbbbbbbbbbbbbbbbbbbbbbbbbbbbbbbbbbbbbbbbbbbbbbbbbbbbbbbbbbbbbbbbbbbbbbbbbbbbbbbbbbbbbbbbbbbbbbbbbbbbbbbbbbbbbbbbbbbbbbbbbbbbbbbbbbbbbbbbbbbbbbbbbbbbbbbbbbbbbbbbbbbbbbbbbbbbbbbbbbbbbbbbbbbbbbbbbbbbbbbbbbbbbbbbbbbbbbbbbbbbbbbbbbbbbbbbbbbbbbbbbbbbbbbbbbbbbbbbbbbbbbbbbbbbbbbbbbbbbbbbbbbbbbbbbbbbbbbbbbbbbbbbbbbbbbbbbbbbbbbbbbbbbbbbbbbbbbbbbbbbbbbbbbbbbbbbbbbbbbbbbbbbbbbbbbbbbbbbbbbbbbbbbbbbbbbbbbbbbbbbbbbbbbbbbbbbbbbbbbbbbbbbbbbbbbbbbbbbbbbbbbbbbbbbbbbbbbbbbbbbbbbbbbbbbbbbbbbbbbbbbbbbbbbbbbbbbbbbbbbbbbbbbbbbbbbbbbbbbbbbbbbbbbbbbbbbbbbbbbbbbbbbbbbbbbbbbbbbbbbbbbbbbbbbbbbbbbbbbbbbbbbbbbbbbbbbbbbbbbbbbbbbbbbbbbbbbbbbbbbbbbbbbbbbbbbbbbbbbbbbbbbbbbbbbbbbbbbbbbbbbbbbbbbbbbbbbbbbbbbbbbbbbbbbbbbbbbbbbbbbbbbbbbbbbbbbbbbbbbbbbbbbbbbbbbbbbbbbbbbbbbbbbbbbbbbbbbbbbbbbbbbbbbbbbbbbbbbbbbbbbbbbbbbbbbbbbbbbbbbbbbbbbbbbbbbbbbbbbbbbbbbbbbbbbbbbbbbbbbbbbbbbbbbbbbbbbbbbbbbbbbbbbbbbbbbbbbbbbbbbbbbbbbbbbbbbbbbbbbbbbbbbbbbbbbbbbbbbbbbbbbbbbbbbbbbbbbbbbbbbbbbbbbbbbbbbbbbbbbbbbbbbbbbbbbbbbbbbbbbbbbbbbbbbbbbbbbbbbbbbbbbbbbbbbbbbbbbbbbbbbbbbbbbbbbbbbbbbbbbbbbbbbbbbbbbbbbbbbbbbbbbbbbbbbbbbbbbbbbbbbbbbbbbbbbbbbbbbbbbbbbbbbbbbbbbbbbbbbbbbbbbbbbbbbbbbbbbbbbbbbbbbbbbbbbbbbbbbbbbbbbbbbbbbbbbbbbbbbbbbbbbbbbbbbbbbbbbbbbbbbbbbbbbbbbbbbbbbbbbbbbbbbbbbbbbbbbbbbbbbbbbbbbbbbbbbbbbbbbbbbbbbbbbbbbbbbbbbbbbbbbbbbbbbbbbbbbbbbbbbbbbbbbbbbbbbbbbbbbbbbbbbbbbbbbbbbbbbbbbbbbbbbbbbbbbbbbbbbbbbbbbbbbbbbbbbbbbbbbbbbbbbbbbbbbbbbbbbbbbbbbbbbbbbbbbbbbbbbbbbbbbbbbbbbbbbbbbbbbbbbbbbbbbbbbbbbbbbbbbbbbbbbbbbbbbbbbbbbbbbbbbbbbbbbbbbbbbbbbbbbbbbbbbbbbbbbbbbbbbbbbbbbbbbbbbbbbbbbbbbbbbbbbbbbbbbbbbbbbbbbbbbbbbbbbbbbbbbbbbbbbbbbbbbbbbbbbbbbbbbbbbbbbbbbbbbbbbbbbbbbbbbbbbbbbbbbbbbbbbbbbbbbbbbbbbbbbbbbbbbbbbbbbbbbbbbbbbbbbbbbbbbbbbbbbbbbbbbbbbbbbbbbbbbbbbbbbbbbbbbbbbbbbbbbbbbbbbbbbbbbbbbbbbbbbbbbbbbbbbbbbbbbbbbbbbbbbbbbbbbbbbbbbbbbbbbbbbbbbbbbbbbbbbbbbbbbbbbbbbbbbbbbbbbbbbbbbbbbbbbbbbbbbbbbbbbbbbbbbbbbbbbbbbbbbbbbbbbbbbbbbbbbbbbbbbbbbbbbbbbbbbbbbbbbbbbbbbbbbbbbbbbbbbbbbbbbbbbbbbbbbbbbbbbbbbbbbbbbbbbbbbbbbbbbbbbbbbbbbbbbbbbbbbbbbbbbbbbbbbbbbbbbbbbbbbbbbbbbbbbbbbbbbbbbbbbbbbbbbbbbbbbbbbbbbbbbbbbbbbbbbbbbbbbbbbbbbbbbbbbbbbbbbbbbbbbbbbbbbbbbbbbbbbbbbbbbbbbbbbbbbbbbbbbbbbbbbbbbbbbbbbbbbbbbbbbbbbbbbbbbbbbbbbbbbbbbbbbbbbbbbbbbbbbbbbbbbbbbbbbbbbbbbbbbbbbbbbbbbbbbbbbbbbbbbbbbbbbbbbbbbbbbbbbbbbbbbbbbbbbbbbbbbbbbbbbbbbbbbbbbbbbbbbbbbbbbbbbbbbbbbbbbbbbbbbbbbbbbbbbbbbbbbbbbbbbbbbbbbbbbbbbbbbbbbbbbbbbbbbbbbbbbbbbbbbbbbbbbbbbbbbbbbbbbbbbbbbbbbbbbbbbbbbbbbbbbbbbbbbbbbbbbbbbbbbbbbbbbbbbbbbbbbbbbbbbbbbbbbbbbbbbbbbbbbbbbbbbbbbbbbbbbbbbbbbbbbbbbbbbbbbbbbbbbbbbbbbbbbbbbbbbbbbbbbbbbbbbbbbbbbbbbbbbbbbbbbbbbbbbbbbbbbbbbbbbbbbbbbbbbbbbbbbbbbbbbbbbbbbbbbbbbbbbbbbbbbbbbbbbbbbbbbbbbbbbbbbbbbbbbbbbbbbbbbbbbbbbbbbbbbbbbbbbbbbbbbbbbbbbbbbbbbbbbbbbbbbbbbbbbbbbbbbbbbbbbbbbbbbbbbbbbbbbbbbbbbbbbbbbbbbbbbbbbbbbbbbbbbbbbbbbbbbbbbbbbbbbbbbbbbbbbbbbbbbbbbbbbbbbbbbbbbbbbbbbbbbbbbbbbbbbbbbbbbbbbbbbbbbbbbbbbbbbbbbbbbbbbbbbbbbbbbbbbbbbbbbbbbbbbbbbbbbbbbbbbbbbbbbbbbbbbbbbbbbbbbbbbbbbbbbbbbbbbbbbbbbbbbbbbbbbbbbbbbbbbbbbbbbbbbbbbbbbbbbbbbbbbbbbbbbbbbbbbbbbbbbbbbbbbbbbbbbbbbbbbbbbbbbbbbbbbbbbbbbbbbbbbbbbbbbbbbbbbbbbbbbbbbbbbbbbbbbbbbbbbbbbbbbbbbbbbbbbbbbbbbbbbbbbbbbbbbbbbbbbbbbbbbbbbbbbbbbbbbbbbbbbbbbbbbbbbbbbbbbbbbbbbbbbbbbbbbbbbbbbbbbbbbbbbbbbbbbbbbbbbbbbbbbbbbbbbbbbbbbbbbbbbbbbbbbbbbbbbbbbbbbbbbbbbbbbbbbbbbbbbbbbbbbbbbbbbbbbbbbbbbbbbbbbbbbbbbbbbbbbbbbbbbbbbbbbbbbbbbbbbbbbbbbbbbbbbbbbbbbbbbbbbbbbbbbbbbbbbbbbbbbbbbbbbbbbbbbbbbbbbbbbbbbbbbbbbbbbbbbbbbbbbbbbbbbbbbbbbbbbbbbbbbbbbbbbbbbbbbbbbbbbbbbbbbbbbbbbbbbbbbbbbbbbbbbbbbbbbbbbbbbbbbbbbbbbbbbbbbbbbbbbbbbbbbbbbbbbbbbbbbbbbbbbbbbbbbbbbbbbbbbbbbbbbbbbbbbbbbbbbbbbbbbbbbbbbbbbbbbbbbbbbbbbbbbbbbbbbbbbbbbbbbbbbbbbbbbbbbbbbbbbbbbbbbbbbbbbbbbbbbbbbbbbbbbbbbbbbbbbbbbbbbbbbbbbbbbbbbbbbbbbbbbbbbbbbbbbbbbbbbbbbbbbbbbbbbbbbbbbbbbbbbbbbbbbbbbbbbbbbbbbbbbbbbbbbbbbbbbbbbbbbbbbbbbbbbbbbbbbbbbbbbbbbbbbbbbbbbbbbbbbbbbbbbbbbbbbbbbbbbbbbbbbbbbbbbbbbbbbbbbbbbbbbbbbbbbbbbbbbbbbbbbbbbbbbbbbbbbbbbbbbbbbbbbbbbbbbbbbbbbbbbbbbbbbbbbbbbbbbbbbbbbbbbbbbbbbbbbbbbbbbbbbbbbbbbbbbbbbbbbbbbbbbbbbbbbbbbbbbbbbbbbbbbbbbbbbbbbbbbbbbbbbbbbbbbbbbbbbbbbbbbbbbbbbbbbbbbbbbbbbbbbbbbbbbbbbbbbbbbbbbbbbbbbbbbbbbbbbbbbbbbbbbbbbbbbbbbbbbbbbbbbbbbbbbbbbbbbbbbbbbbbbbbbbbbbbbbbbbbbbbbbbbbbbbbbbbbbbbbbbbbbbbbbbbbbbbbbbbbbbbbbbbbbbbbbbbbbbbbbbbbbbbbbbbbbbbbbbbbbbbbbbbbbbbbbbbbbbbbbbbbbbbbbbbbbbbbbbbbbbbbbbbbbbbbbbbbbbbbbbbbbbbbbbbbbbbbbbbbbbbbbbbbbbbbbbbbbbbbbbbbbbbbbbbbbbbbbbbbbbbbbbbbbbbbbbbbbbbbbbbbbbbbbbbbbbbbbbbbbbbbbbbbbbbbbbbbbbbbbbbbbbbbbbbbbbbbbbbbbbbbbbbbbbbbbbbbbbbbbbbbbbbbbbbbbbbbbbbbbbbbbbbbbbbbbbbbbbbbbbbbbbbbbbbbbbbbbbbbbbbbbbbbbbbbbbbbbbbbbbbbbbbbbbbbbbbbbbbbbbbbbbbbbbbbbbbbbbbbbbbbbbbbbbbbbbbbbbbbbbbbbbbbbbbbbbbbbbbbbbbbbbbbbbbbbbbbbbbbbbbbbbbbbbbbbbbbbbbbbbbbbbbbbbbbbbbbbbbbbbbbbbbbbbbbbbbbbbbbbbbbbbbbbbbbbbbbbbbbbbbbbbbbbbbbbbbbbbbbbbbbbbbbbbbbbbbbbbbbbbbbbbbbbbbbbbbbbbbbbbbbbbbbbbbbbbbbbbbbbbbbbbbbbbbbbbbbbbbbbbbbbbbbbbbbbbbbbbbbbbbbbbbbbbbbbbbbbbbbbbbbbbbbbbbbbbbbbbbbbbbbbbbbbbbbbbbbbbbbbbbbbbbbbbbbbbbbbbbbbbbbbbbbbbbbbbbbbbbbbbbbbbbbbbbbbbbbbbbbbbbbbbbbbbbbbbbbbbbbbbbbbbbbbbbbbbbbbbbbbbbbbbbbbbbbbbbbbbbbbbbbbbbbbbbbbbbbbbbbbbbbbbbbbbbbbbbbbbbbbbbbbbbbbbbbbbbbbbbbbbbbbbbbbbbbbbbbbbbbbbbbbbbbbbbbbbbbbbbbbbbbbbbbbbbbbbbbbbbbbbbbbbbbbbbbbbbbbbbbbbbbbbbbbbbbbbbbbbbbbbbbbbbbbbbbbbbbbbbbbbbbbbbbbbbbbbbbbbbbbbbbbbbbbbbbbbbbbbbbbbbbbbbbbbbbbbbbbbbbbbbbbbbbbbbbbbbbbbbbbbbbbbbbbbbbbbbbbbbbbbbbbbbbbbbbbbbbbbbbbbbbbbbbbbbbbbbbbbbbbbbbbbbbbbbbbbbbbbbbbbbbbbbbbbbbbbbbbbbbbbbbbbbbbbbbbbbbbbbbbbbbbbbbbbbbbbbbbbbbbbbbbbbbbbbbbbbbbbbbbbbbbbbbbbbbbbbbbbbbbbbbbbbbbbbbbbbbbbbbbbbbbbbbbbbbbbbbbbbbbbbbbbbbbbbbbbbbbbbbbbbbbbbbbbbbbbbbbbbbbbbbbbbbbbbbbbbbbbbbbbbbbbbbbbbbbbbbbbbbbbbbbbbbbbbbbbbbbbbbbbbbbbbbbbbbbbbbbbbbbbbbbbbbbbbbbbbbbbbbbbbbbbbbbbbbbbbbbbbbbbbbbbbbbbbbbbbbbbbbbbbbbbbbbbbbbbbbbbbbbbbbbbbbbbbbbbbbbbbbbbbbbbbbbbbbbbbbbbbbbbbbbbbbbbbbbbbbbbbbbbbbbbbbbbbbbbbbbbbbbbbbbbbbbbbbbbbbbbbbbbbbbbbbbbbbbbbbbbbbbbbbbbbbbbbbbbbbbbbbbbbbbbbbbbbbbbbbbbbbbbbbbbbbbbbbbbbbbbbbbbbbbbbbbbbbbbbbbbbbbbbbbbbbbbbbbbbbbbbbbbbbbbbbbbbbbbbbbbbbbbbbbbbbbbbbbbbbbbbbbbbbbbbbbbbbbbbbbbbbbbbbbbbbbbbbbbbbbbbbbbbbbbbbbbbbbbbbbbbbbbbbbbbbbbbbbbbbbbbbbbbbbbbbbbbbbbbbbbbbbbbbbbbbbbbbbbbbbbbbbbbbbbbbbbbbbbbbbbbbbbbbbbbbbbbbbbbbbbbbbbbbbbbbbbbbbbbbbbbbbbbbbbbbbbbbbbbbbbbbbbbbbbbbbbbbbbbbbbbbbbbbbbbbbbbbbbbbbbbbbbbbbbbbbbbbbbbbbbbbbbbbbbbbbbbbbbbbbbbbbbbbbbbbbbbbbbbbbbbbbbbbbbbbbbbbbbbbbbbbbbbbbbbbbbbbbbbbbbbbbbbbbbbbbbbbbbbbbbbbbbbbbbbbbbbbbbbbbbbbbbbbbbbbbbbbbbbbbbbbbbbbbbbbbbbbbbbbbbbbbbbbbbbbbbbbbbbbbbbbbbbbbbbbbbbbbbbbbbbbbbbbbbbbbbbbbbbbbbbbbbbbbbbbbbbbbbbbbbbbbbbbbbbbbbbbbbbbbbbbbbbbbbbbbbbbbbbbbbbbbbbbbbbbbbbbbbbbbbbbbbbbbbbbbbbbbbbbbbbbbbbbbbbbbbbbbbbbbbbbbbbbbbbbbbbbbbbbbbbbbbbbbbbbbbbbbbbbbbbbbbbbbbbbbbbbbbbbbbbbbbbbbbbbbbbbbbbbbbbbbbbbbbbbbbbbbbbbbbbbbbbbbbbbbbbbbbbbbbbbbbbbbbbbbbbbbbbbbbbbbbbbbbbbbbbbbbbbbbbbbbbbbbbbbbbbbbbbbbbbbbbbbbbbbbbbbbbbbbbbbbbbbbbbbbbbbbbbbbbbbbbbbbbbbbbbbbbbbbbbbbbbbbbbbbbbbbbbbbbbbbbbbbbbbbbbbbbbbbbbbbbbbbbbbbbbbbbbbbbbbbbbbbbbbbbbbbbbbbbbbbbbbbbbbbbbbbbbbbbbbbbbbbbbbbbbbbbbbbbbbbbbbbbbbbbbbbbbbbbbbbbbbbbbbbbbbbbbbbbbbbbbbbbbbbbbbbbbbbbbbbbbbbbbbbbbbbbbbbbbbbbbbbbbbbbbbbbbbbbbbbbbbbbbbbbbbbbbbbbbbbbbbbbbbbbbbbbbbbbbbbbbbbbbbbbbbbbbbbbbbbbbbbbbbbbbbbbbbbbbbbbbbbbbbbbbbbbbbbbbbbbbbbbbbbbbbbbbbbbbbbbbbbbbbbbbbbbbbbbbbbbbbbbbbbbbbbbbbbbbbbbbbbbbbbbbbbbbbbbbbbbbbbbbbbbbbbbbbbbbbbbbbbbbbbbbbbbbbbbbbbbbbbbbbbbbbbbbbbbbbbbbbbbbbbbbbbbbbbbbbbbbbbbbbbbbbbbbbbbbbbbbbbbbbbbbbbbbbbbbbbbbbbbbbbbbbbbbbbbbbbbbbbbbbbbbbbbbbbbbbbbbbbbbbbbbbbbbbbbbbbbbbbbbbbbbbbbbbbbbbbbbbbbbbbbbbbbbbbbbbbbbbbbbbbbbbbbbbbbbbbbbbbbbbbbbbbbbbbbbbbbbbbbbbbbbbbbbbbbbbbbbbbbbbbbbbbbbbbbbbbbbbbbbbbbbbbbbbbbbbbbbbbbbbbbbbbbbbbbbbbbbbbbbbbbbbbbbbbbbbbbbbbbbbbbbbbbbbbbbbbbbbbbbbbbbbbbbbbbbbbbbbbbbbbbbbbbbbbbbbbbbbbbbbbbbbbbbbbbbbbbbbbbbbbbbbbbbbbbbbbbbbbbbbbbbbbbbbbbbbbbbbbbbbbbbbbbbbbbbbbbbbbbbbbbbbbbbbbbbbbbbbbbbbbbbbbbbbbbbbbbbbbbbbbbbbbbbbbbbbbbbbbbbbbbbbbbbbbbbbbbbbbbbbbbbbbbbbbbbbbbbbbbbbbbbbbbbbbbbbbbbbbbbbbbbbbbbbbbbbbbbbbbbbbbbbbbbbbbbbbbbbbbbbbbbbbbbbbbbbbbbbbbbbbbbbbbbbbbbbbbbbbbbbbbbbbbbbbbbbbbbbbbbbbbbbbbbbbbbbbbbbbbbbbbbbbbbbbbbbbbbbbbbbbbbbbbbbbbbbbbbbbbbbbbbbbbbbbbbbbbbbbbbbbbbbbbbbbbbbbbbbbbbbbbbbbbbbbbbbbbbbbbbbbbbbbbbbbbbbbbbbbbbbbbbbbbbbbbbbbbbbbbbbbbbbbbbbbbbbbbbbbbbbbbbbbbbbbbbbbbbbbbbbbbbbbbbbbbbbbbbbbbbbbbbbbbbbbbbbbbbbbbbbbbbbbbbbbbbbbbbbbbbbbbbbbbbbbbbbbbbbbbbbbbbbbbbbbbbbbbbbbbbbbbbbbbbbbbbbbbbbbbbbbbbbbbbbbbbbbbbbbbbbbbbbbbbbbbbbbbbbbbbbbbbbbbbbbbbbbbbbbbbbbbbbbbbbbbbbbbbbbbbbbbbbbbbbbbbbbbbbbbbbbbbbbbbbbbbbbbbbbbbbbbbbbbbbbbbbbbbbbbbbbbbbbbbbbbbbbbbbbbbbbbbbbbbbbbbbbbbbbbbbbbbbbbbbbbbbbbbbbbbbbbbbbbbbbbbbbbbbbbbbbbbbbbbbbbbbbbbbbbbbbbbbbbbbbbbbbbbbbbbbbbbbbbbbbbbbbbbbbbbbbbbbbbbbbbbbbbbbbbbbbbbbbbbbbbbbbbbbbbbbbbbbbbbbbbbbbbbbbbbbbbbbbbbbbbbbbbbbbbbbbbbbbbbbbbbbbbbbbbbbbbbbbbbbbbbbbbbbbbbbbbbbbbbbbbbbbbbbbbbbbbbbbbbbbbbbbbbbbbbbbbbbbbbbbbbbbbbbbbbbbbbbbbbbbbbbbbbbbbbbbbbbbbbbbbbbbbbbbbbbbbbbbbbbbbbbbbbbbbbbbbbbbbbbbbbbbbbbbbbbbbbbbbbbbbbbbbbbbbbbbbbbbbbbbbbbbbbbbbbbbbbbbbbbbbbbbbbbbbbbbbbbbbbbbbbbbbbbbbbbbbbbbbbbbbbbbbbbbbbbbbbbbbbbbbbbbbbbbbbbbbbbbbbbbbbbbbbbbbbbbbbbbbbbbbbbbbbbbbbbbbbbbbbbbbbbbbbbbbbbbbbbbbbbbbbbbbbbbbbbbbbbbbbbbbbbbbbbbbbbbbbbbbbbbbbbbbbbbbbbbbbbbbbbbbbbbbbbbbbbbbbbbbbbbbbbbbbbbbbbbbbbbbbbbbbbbbbbbbbbbbbbbbbbbbbbbbbbbbbbbbbbbbbbbbbbbbbbbbbbbbbbbbbbbbbbbbbbbbbbbbbbbbbbbbbbbbbbbbbbbbbbbbbbbbbbbbbbbbbbbbbbbbbbbbbbbbbbbbbbbbbbbbbbbbbbbbbbbbbbbbbbbbbbbbbbbbbbbbbbbbbbbbbbbbbbbbbbbbbbbbbbbbbbbbbbbbbbbbbbbbbbbbbbbbbbbbbbbbbbbbbbbbbbbbbbbbbbbbbbbbbbbbbbbbbbbbbbbbbbbbbbbbbbbbbbbbbbbbbbbbbbbbbbbbbbbbbbbbbbbbbbbbbbbbbbbbbbbbbbbbbbbbbbbbbbbbbbbbbbbbbbbbbbbbbbbbbbbbbbbbbbbbbbbbbbbbbbbbbbbbbbbbbbbbbbbbbbbbbbbbbbbbbbbbbbbbbbbbbbbbbbbbbbbbbbbbbbbbbbbbbbbbbbbbbbbbbbbbbbbbbbbbbbbbbbbbbbbbbbbbbbbbbbbbbbbbbbbbbbbbbbbbbbbbbbbbbbbbbbbbbbbbbbbbbbbbbbbbbbbbbbbbbbbbbbbbbbbbbbbbbbbbbbbbbbbbbbbbbbbbbbbbbbbbbbbbbbbbbbbbbbbbbbbbbbbbbbbbbbbbbbbbbbbbbbbbbbbbbbbbbbbbbbbbbbbbbbbbbbbbbbbbbbbbbbbbbbbbbbbbbbbbbbbbbbbbbbbbbbbbbbbbbbbbbbbbbbbbbbbbbbbbbbbbbbbbbbbbbbbbbbbbbbbbbbbbbbbbbbbbbbbbbbbbbbbbbbbbbbbbbbbbbbbbbbbbbbbbbbbbbbbbbbbbbbbbbbbbbbbbbbbbbbbbbbbbbbbbbbbbbbbbbbbbbbbbbbbbbbbbbbbbbbbbbbbbbbbbbbbbbbbbbbbbbbbbbbbbbbbbbbbbbbbbbbbbbbbbbbbbbbbbbbbbbbbbbbbbbbbbbbbbbbbbbbbbbbbbbbbbbbbbbbbbbbbbbbbbbbbbbbbbbbbbbbbbbbbbbbbbbbbbbbbbbbbbbbbbbbbbbbbbbbbbbbbbbbbbbbbbbbbbbbbbbbbbbbbbbbbbbbbbbbbbbbbbbbbbbbbbbbbbbbbbbbbbbbbbbbbbbbbbbbbbbbbbbbbbbbbbbbbbbbbbbbbbbbbbbbbbbbbbbbbbbbbbbbbbbbbbbbbbbbbbbbbbbbbbbbbbbbbbbbbbbbbbbbbbbbbbbbbbbbbbbbbbbbbbbbbbbbbbbbbbbbbbbbbbbbbbbbbbbbbbbbbbbbbbbbbbbbbbbbbbbbbbbbbbbbbbbbbbbbbbbbbbbbbbbbbbbbbbbbbbbbbbbbbbbbbbbbbbbbbbbbbbbbbbbbbbbbbbbbbbbbbbbbbbbbbbbbbbbbbbbbbbbbbbbbbbbbbbbbbbbbbbbbbbbbbbbbbbbbbbbbbbbbbbbbbbbbbbbbbbbbbbbbbbbbbbbbbbbbbbbbbbbbbbbbbbbbbbbbbbbbbbbbbbbbbbbbbbbbbbbbbbbbbbbbbbbbbbbbbbbbbbbbbbbbbbbbbbbbbbbbbbbbbbbbbbbbbbbbbbbbbbbbbbbbbbbbbbbbbbbbbbbbbbbbbbbbbbbbbbbbbbbbbbbbbbbbbbbbbbbbbbbbbbbbbbbbbbbbbbbbbbbbbbbbbbbbbbbbbbbbbbbbbbbbbbbbbbbbbbbbbbbbbbbbbbbbbbbbbbbbbbbbbbbbbbbbbbbbbbbbbbbbbbbbbbbbbbbbbbbbbbbbbbbbbbbbbbbbbbbbbbbbbbbbbbbbbbbbbbbbbbbbbbbbbbbbbbbbbbbbbbbbbbbbbbbbbbbbbbbbbbbbbbbbbbbbbbbbbbbbbbbbbbbbbbbbbbbbbbbbbbbbbbbbbbbbbbbbbbbbbbbbbbbbbbbbbbbbbbbbbbbbbbbbbbbbbbbbbbbbbbbbbbbbbbbbbbbbbbbbbbbbbbbbbbbbbbbbbbbbbbbbbbbbbbbbbbbbbbbbbbbbbbbbbbbbbbbbbbbbbbbbbbbbbbbbbbbbbbbbbbbbbbbbbbbbbbbbbbbbbbbbbbbbbbbbbbbbbbbbbbbbbbbbbbbbbbbbbbbbbbbbbbbbbbbbbbbbbbbbbbbbbbbbbbbbbbbbbbbbbbbbbbbbbbbbbbbbbbbbbbbbbbbbbbbbbbbbbbbbbbbbbbbbbbbbbbbbbbbbbbbbbbbbbbbbbbbbbbbbbbbbbbbbbbbbbbbbbbbbbbbbbbbbbbbbbbbbbbbbbbbbbbbbbbbbbbbbbbbbbbbbbbbbbbbbbbbbbbbbbbbbbbbbbbbbbbbbbbbbbbbbbbbbbbbbbbbbbbbbbbbbbbbbbbbbbbbbbbbbbbbbbbbbbbbbbbbbbbbbbbbbbbbbbbbbbbbbbbbbbbbbbbbbbbbbbbbbbbbbbbbbbbbbbbbbbbbbbbbbbbbbbbbbbbbbbbbbbbbbbbbbbbbbbbbbbbbbbbbbbbbbbbbbbbbbbbbbbbbbbbbbbbbbbbbbbbbbbbbbbbbbbbbbbbbbbbbbbbbbbbbbbbbbbbbbbbbbbbbbbbbbbbbbbbbbbbbbbbbbbbbbbbbbbbbbbbbbbbbbbbbbbbbbbbbbbbbbbbbbbbbbbbbbbbbbbbbbbbbbbbbbbbbbbbbbbbbbbbbbbbbbbbbbbbbbbbbbbbbbbbbbbbbbbbbbbbbbbbbbbbbbbbbbbbbbbbbbbbbbbbbbbbbbbbbbbbbbbbbbbbbbbbbbbbbbbbbbbbbbbbbbbbbbbbbbbbbbbbbbbbbbbbbbbbbbbbbbbbbbbbbbbbbbbbbbbbbbbbbbbbbbbbbbbbbbbbbbbbbbbbbbbbbbbbbbbbbbbbbbbbbbbbbbbbbbbbbbbbbbbbbbbbbbbbbbbbbbbbbbbbbbbbbbbbbbbbbbbbbbbbbbbbbbbbbbbbbbbbbbbbbbbbbbbbbbbbbbbbbbbbbbbbbbbbbbbbbbbbbbbbbbbbbbbbbbbbbbbbbbbbbbbbbbbbbbbbbbbbbbbbbbbbbbbbbbbbbbbbbbbbbbbbbbbbbbbbbbbbbbbbbbbbbbbbbbbbbbbbbbbbbbbbbbbbbbbbbbbbbbbbbbbbbbbbbbbbbbbbbbbbbbbbbbbbbbbbbbbbbbbbbbbbbbbbbbbbbbbbbbbbbbbbbbbbbbbbbbbbbbbbbbbbbbbbbbbbbbbbbbbbbbbbbbbbbbbbbbbbbbbbbbbbbbbbbbbbbbbbbbbbbbbbbbbbbbbbbbbbbbbbbbbbbbbbbbbbbbbbbbbbbbbbbbbbbbbbbbbbbbbbbbbbbbbbbbbbbbbbbbbbbbbbbbbbbbbbbbbbbbbbbbbbbbbbbbbbbbbbbbbbbbbbbbbbbbbbbbbbbbbbbbbbbbbbbbbbbbbbbbbbbbbbbbbbbbbbbbbbbbbbbbbbbbbbbbbbbbbbbbbbbbbbbbbbbbbbbbbbbbbbbbbbbbbbbbbbbbbbbbbbbbbbbbbbbbbbbbbbbbbbbbbbbbbbbbbbbbbbbbbbbbbbbbbbbbbbbbbbbbbbbbbbbbbbbbbbbbbbbbbbbbbbbbbbbbbbbbbbbbbbbbbbbbbbbbbbbbbbbbbbbbbbbbbbbbbbbbbbbbbbbbbbbbbbbbbbbbbbbbbbbbbbbbbbbbbbbbbbbbbbbbbbbbbbbbbbbbbbbbbbbbbbbbbbbbbbbbbbbbbbbbbbbbbbbbbbbbbbbbbbbbbbbbbbbbbbbbbbbbbbbbbbbbbbbbbbbbbbbbbbbbbbbbbbbbbbbbbbbbbbbbbbbbbbbbbbbbbbbbbbbbbbbbbbbbbbbbbbbbbbbbbbbbbbbbbbbbbbbbbbbbbbbbbbbbbbbbbbbbbbbbbbbbbbbbbbbbbbbbbbbbbbbbbbbbbbbbbbbbbbbbbbbbbbbbbbbbbbbbbbbbbbbbbbbbbbbbbbbbbbbbbbbbbbbbbbbbbbbbbbbbbbbbbbbbbbbbbbbbbbbbbbbbbbbbbbbbbbbbbbbbbbbbbbbbbbbbbbbbbbbbbbbbbbbbbbbbbbbbbbbbbbbbbbbbbbbbbbbbbbbbbbbbbbbbbbbbbbbbbbbbbbbbbbbbbbbbbbbbbbbbbbbbbbbbbbbbbbbbbbbbbbbbbbbbbbbbbbbbbbbbbbbbbbbbbbbbbbbbbbbbbbbbbbbbbbbbbbbbbbbbbbbbbbbbbbbbbbbbbbbbbbbbbbbbbbbbbbbbbbbbbbbbbbbbbbbbbbbbbbbbbbbbbbbbbbbbbbbbbbbbbbbbbbbbbbbbbbbbbbbbbbbbbbbbbbbbbbbbbbbbbbbbbbbbbbbbbbbbbbbbbbbbbbbbbbbbbbbbbbbbbbbbbbbbbbbbbbbbbbbbbbbbbbbbbbbbbbbbbbbbbbbbbbbbbbbbbbbbbbbbbbbbbbbbbbbbbbbbbbbbbbbbbbbbbbbbbbbbbbbbbbbbbbbbbbbbbbbbbbbbbbbbbbbbbbbbbbbbbbbbbbbbbbbbbbbbbbbbbbbbbbbbbbbbbbbbbbbbbbbbbbbbbbbbbbbbbbbbbbbbbbbbbbbbbbbbbbbbbbbbbbbbbbbbbbbbbbbbbbbbbbbbbbbbbbbbbbbbbbbbbbbbbbbbbbbbbbbbbbbbbbbbbbbbbbbbbbbbbbbbbbbbbbbbbbbbbbbbbbbbbbbbbbbbbbbbbbbbbbbbbbbbbbbbbbbbbbbbbbbbbbbbbbbbbbbbbbbbbbbbbbbbbbbbbbbbbbbbbbbbbbbbbbbbbbbbbbbbbbbbbbbbbbbbbbbbbbbbbbbbbbbbbbbbbbbbbbbbbbbbbbbbbbbbbbbbbbbbbbbbbbbbbbbbbbbbbbbbbbbbbbbbbbbbbbbbbbbbbbbbbbbbbbbbbbbbbbbbbbbbbbbbbbbbbbbbbbbbbbbbbbbbbbbbbbbbbbbbbbbbbbbbbbbbbbbbbbbbbbbbbbbbbbbbbbbbbbbbbbbbbbbbbbbbbbbbbbbbbbbbbbbbbbbbbbbbbbbbbbbbbbbbbbbbbbbbbbbbbbbbbbbbbbbbbbbbbbbbbbbbbbbbbbbbbbbbbbbbbbbbbbbbbbbbbbbbbbbbbbbbbbbbbbbbbbbbbbbbbbbbbbbbbbbbbbbbbbbbbbbbbbbbbbbbbbbbbbbbbbbbbbbbbbbbbbbbbbbbbbbbbbbbbbbbbbbbbbbbbbbbbbbbbbbbbbbbbbbbbbbbbbbbbbbbbbbbbbbbbbbbbbbbbbbbbbbbbbbbbbbbbbbbbbbbbbbbbbbbbbbbbbbbbbbbbbbbbbbbbbbbbbbbbbbbbbbbbbbbbbbbbbbbbbbbbbbbbbbbbbbbbbbbbbbbbbbbbbbbbbbbbbbbbbbbbbbbbbbbbbbbbbbbbbbbbbbbbbbbbbbbbbbbbbbbbbbbbbbbbbbbbbbbbbbbbbbbbbbbbbbbbbbbbbbbbbbbbbbbbbbbbbbbbbbbbbbbbbbbbbbbbbbbbbbbbbbbbbbbbbbbbbbbbbbbbbbbbbbbbbbbbbbbbbbbbbbbbbbbbbbbbbbbbbbbbbbbbbbbbbbbbbbbbbbbbbbbbbbbbbbbbbbbbbbbbbbbbbbbbbbbbbbbbbbbbbbbbbbbbbbbbbbbbbbbbbbbbbbbbbbbbbbbbbbbbbbbbbbbbbbbbbbbbbbbbbbbbbbbbbbbbbbbbbbbbbbbbbbbbbbbbbbbbbbbbbbbbbbbbbbbbbbbbbbbbbbbbbbbbbbbbbbbbbbbbbbbbbbbbbbbbbbbbbbbbbbbbbbbbbbbbbbbbbbbbbbbbbbbbbbbbbbbbbbbbbbbbbbbbbbbbbbbbbbbbbbbbbbbbbbbbbbbbbbbbbbbbbbbbbbbbbbbbbbbbbbbbbbbbbbbbbbbbbbbbbbbbbbbbbbbbbbbbbbbbbbbbbbbbbbbbbbbbbbbbbbbbbbbbbbbbbbbbbbbbbbbbbbbbbbbbbbbbbbbbbbbbbbbbbbbbbbbbbbbbbbbbbbbbbbbbbbbbbbbbbbbbbbbbbbbbbbbbbbbbbbbbbbbbbbbbbbbbbbbbbbbbbbbbbbbbbbbbbbbbbbbbbbbbbbbbbbbbbbbbbbbbbbbbbbbbbbbbbbbbbbbbbbbbbbbbbbbbbbbbbbbbbbbbbbbbbbbbbbbbbbbbbbbbbbbbbbbbbbbbbbbbbbbbbbbbbbbbbbbbbbbbbbbbbbbbbbbbbbbbbbbbbbbbbbbbbbbbbbbbbbbbbbbbbbbbbbbbbbbbbbbbbbbbbbbbbbbbbbbbbbbbbbbbbbbbbbbbbbbbbbbbbbbbbbbbbbbbbbbbbbbbbbbbbbbbbbbbbbbbbbbbbbbbbbbbbbbbbbbbbbbbbbbbbbbbbbbbbbbbbbbbbbbbbbbbbbbbbbbbbbbbbbbbbbbbbbbbbbbbbbbbbbbbbbbbbbbbbbbbbbbbbbbbbbbbbbbbbbbbbbbbbbbbbbbbbbbbbbbbbbbbbbbbbbbbbbbbbbbbbbbbbbbbbbbbbbbbbbbbbbbbbbbbbbbbbbbbbbbbbbbbbbbbbbbbbbbbbbbbbbbbbbbbbbbbbbbbbbbbbbbbbbbbbbbbbbbbbbbbbbbbbbbbbbbbbbbbbbbbbbbbbbbbbbbbbbbbbbbbbbbbbbbbbbbbbbbbbbbbbbbbbbbbbbbbbbbbbbbbbbbbbbbbbbbbbbbbbbbbbbbbbbbbbbbbbbbbbbbbbbbbbbbbbbbbbbbbbbbbbbbbbbbbbbbbbbbbbbbbbbbbbbbbbbbbbbbbbbbbbbbbbbbbbbbbbbbbbbbbbbbbbbbbbbbbbbbbbbbbbbbbbbbbbbbbbbbbbbbbbbbbbbbbbbbbbbbbbbbbbbbbbbbbbbbbbbbbbbbbbbbbbbbbbbbbbbbbbbbbbbbbbbbbbbbbbbbbbbbbbbbbbbbbbbbbbbbbbbbbbbbbbbbbbbbbbbbbbbbbbbbbbbbbbbbbbbbbbbbbbbbbbbbbbbbbbbbbbbbbbbbbbbbbbbbbbbbbbbbbbbbbbbbbbbbbbbbbbbbbbbbbbbbbbbbbbbbbbbbbbbbbbbbbbbbbbbbbbbbbbbbbbbbbbbbbbbbbbbbbbbbbbbbbbbbbbbbbbbbbbbbbbbbbbbbbbbbbbbbbbbbbbbbbbbbbbbbbbbbbbbbbbbbbbbbbbbbbbbbbbbbbbbbbbbbbbbbbbbbbbbbbbbbbbbbbbbbbbbbbbbbbbbbbbbbbbbbbbbbbbbbbbbbbbbbbbbbbbbbbbbbbbbbbbbbbbbbbbbbbbbbbbbbbbbbbbbbbbbbbbbbbbbbbbbbbbbbbbbbbbbbbbbbbbbbbbbbbbbbbbbbbbbbbbbbbbbbbbbbbbbbbbbbbbbbbbbbbbbbbbbbbbbbbbbbbbbbbbbbbbbbbbbbbbbbbbbbbbbbbbbbbbbbbbbbbbbbbbbbbbbbbbbbbbbbbbbbbbbbbbbbbbbbbbbbbbbbbbbbbbbbbbbbbbbbbbbbbbbbbbbbbbbbbbbbbbbbbbbbbbbbbbbbbbbbbbbbbbbbbbbbbbbbbbbbbbbbbbbbbbbbbbbbbbbbbbbbbbbbbbbbbbbbbbbbbbbbbbbbbbbbbbbbbbbbbbbbbbbbbbbbbbbbbbbbbbbbbbbbbbbbbbbbbbbbbbbbbbbbbbbbbbbbbbbbbbbbbbbbbbbbbbbbbbbbbbbbbbbbbbbbbbbbbbbbbbbbbbbbbbbbbbbbbbbbbbbbbbbbbbbbbbbbbbbbbbbbbbbbbbbbbbbbbbbbbbbbbbbbbbbbbbbbbbbbbbbbbbbbbbbbbbbbbbbbbbbbbbbbbbbbbbbbbbbbbbbbbbbbbbbbbbbbbbbbbbbbbbbbbbbbbbbbbbbbbbbbbbbbbbbbbbbbbbbbbbbbbbbbbbbbbbbbbbbbbbbbbbbbbbbbbbbbbbbbbbbbbbbbbbbbbbbbbbbbbbbbbbbbbbbbbbbbbbbbbbbbbbbbbbbbbbbbbbbbbbbbbbbbbbbbbbbbbbbbbbbbbbbbbbbbbbbbbbbbbbbbbbbbbbbbbbbbbbbbbbbbbbbbbbbbbbbbbbbbbbbbbbbbbbbbbbbbbbbbbbbbbbbbbbbbbbbbbbbbbbbbbbbbbbbbbbbbbbbbbbbbbbbbbbbbbbbbbbbbbbbbbbbbbbbbbbbbbbbbbbbbbbbbbbbbbbbbbbbbbbbbbbbbbbbbbbbbbbbbbbbbbbbbbbbbbbbbbbbbbbbbbbbbbbbbbbbbbbbbbbbbbbbbbbbbbbbbbbbbbbbbbbbbbbbbbbbbbbbbbbbbbbbbbbbbbbbbbbbbbbbbbbbbbbbbbbbbbbbbbbbbbbbbbbbbbbbbbbbbbbbbbbbbbbbbbbbbbbbbbbbbbbbbbbbbbbbbbbbbbbbbbbbbbbbbbbbbbbbbbbbbbbbbbbbbbbbbbbbbbbbbbbbbbbbbbbbbbbbbbbbbbbbbbbbbbbbbbbbbbbbbbbbbbbbbbbbbbbbbbbbbbbbbbbbbbbbbbbbbbbbbbbbbbbbbbbbbbbbbbbbbbbbbbbbbbbbbbbbbbbbbbbbbbbbbbbbbbbbbbbbbbbbbbbbbbbbbbbbbbbbbbbbbbbbbbbbbbbbbbbbbbbbbbbbbbbbbbbbbbbbbbbbbbbbbbbbbbbbbbbbbbbbbbbbbbbbbbbbbbbbbbbbbbbbbbbbbbbbbbbbbbbbbbbbbbbbbbbbbbbbbbbbbbbbbbbbbbbbbbbbbbbbbbbbbbbbbbbbbbbbbbbbbbbbbbbbbbbbbbbbbbbbbbbbbbbbbbbbbbbbbbbbbbbbbbbbbbbbbbbbbbbbbbbbbbbbbbbbbbbbbbbbbbbbbbbbbbbbbbbbbbbbbbbbbbbbbbbbbbbbbbbbbbbbbbbbbbbbbbbbbbbbbbbbbbbbbbbbbbbbbbbbbbbbbbbbbbbbbbbbbbbbbbbbbbbbbbbbbbbbbbbbbbbbbbbbbbbbbbbbbbbbbbbbbbbbbbbbbbbbbbbbbbbbbbbbbbbbbbbbbbbbbbbbbbbbbbbbbbbbbbbbbbbbbbbbbbbbbbbbbbbbbbbbbbbbbbbbbbbbbbbbbbbbbbbbbbbbbbbbbbbbbbbbbbbbbbbbbbbbbbbbbbbbbbbbbbbbbbbbbbbbbbbbbbbbbbbbbbbbbbbbbbbbbbbbbbbbbbbbbbbbbbbbbbbbbbbbbbbbbbbbbbbbbbbbbbbbbbbbbbbbbbbbbbbbbbbbbbbbbbbbbbbbbbbbbbbbbbbbbbbbbbbbbbbbbbbbbbbbbbbbbbbbbbbbbbbbbbbbbbbbbbbbbbbbbbbbbbbbbbbbbbbbbbbbbbbbbbbbbbbbbbbbbbbbbbbbbbbbbbbbbbbbbbbbbbbbbbbbbbbbbbbbbbbbbbbbbbbbbbbbbbbbbbbbbbbbbbbbbbbbbbbbbbbbbbbbbbbbbbbbbbbbbbbbbbbbbbbbbbbbbbbbbbbbbbbbbbbbbbbbbbbbbbbbbbbbbbbbbbbbbbbbbbbbbbbbbbbbbbbbbbbbbbbbbbbbbbbbbbbbbbbbbbbbbbbbbbbbbbbbbbbbbbbbbbbbbbbbbbbbbbbbbbbbbbbbbbbbbbbbbbbbbbbbbbbbbbbbbbbbbbbbbbbbbbbbbbbbbbbbbbbbbbbbbbbbbbbbbbbbbbbbbbbbbbbbbbbbbbbbbbbbbbbbbbbbbbbbbbbbbbbbbbbbbbbbbbbbbbbbbbbbbbbbbbbbbbbbbbbbbbbbbbbbbbbbbbbbbbbbbbbbbbbbbbbbbbbbbbbbbbbbbbbbbbbbbbbbbbbbbbbbbbbbbbbbbbbbbbbbbbbbbbbbbbbbbbbbbbbbbbbbbbbbbbbbbbbbbbbbbbbbbbbbbbbbbbbbbbbbbbbbbbbbbbbbbbbbbbbbbbbbbbbbbbbbbbbbbbbbbbbbbbbbbbbbbbbbbbbbbbbbbbbbbbbbbbbbbbbbbbbbbbbbbbbbbbbbbbbbbbbbbbbbbbbbbbbbbbbbbbbbbbbbbbbbbbbbbbbbbbbbbbbbbbbbbbbbbbbbbbbbbbbbbbbbbbbbbbbbbbbbbbbbbbbbbbbbbbbbbbbbbbbbbbbbbbbbbbbbbbbbbbbbbbbbbbbbbbbbbbbbbbbbbbbbbbbbbbbbbbbbbbbbbbbbbbbbbbbbbbbbbbbbbbbbbbbbbbbbbbbbbbbbbbbbbbbbbbbbbbbbbbbbbbbbbbbbbbbbbbbbbbbbbbbbbbbbbbbbbbbbbbbbbbbbbbbbbbbbbbbbbbbbbbbbbbbbbbbbbbbbbbbbbbbbbbbbbbbbbbbbbbbbbbbbbbbbbbbbbbbbbbbbbbbbbbbbbbbbbbbbbbbbbbbbbbbbbbbbbbbbbbbbbbbbbbbbbbbbbbbbbbbbbbbbbbbbbbbbbbbbbbbbbbbbbbbbbbbbbbbbbbbbbbbbbbbbbbbbbbbbbbbbbbbbbbbbbbbbbbbbbbbbbbbbbbbbbbbbbbbbbbbbbbbbbbbbbbbbbbbbbbbbbbbbbbbbbbbbbbbbbbbbbbbbbbbbbbbbbbbbbbbbbbbbbbbbbbbbbbbbbbbbbbbbbbbbbbbbbbbbbbbbbbbbbbbbbbbbbbbbbbbbbbbbbbbbbbbbbbbbbbbbbbbbbbbbbbbbbbbbbbbbbbbbbbbbbbbbbbbbbbbbbbbbbbbbbbbbbbbbbbbbbbbbbbbbbbbbbbbbbbbbbbbbbbbbbbbbbbbbbbbbbbbbbbbbbbbbbbbbbbbbbbbbbbbbbbbbbbbbbbbbbbbbbbbbbbbbbbbbbbbbbbbbbbbbbbbbbbbbbbbbbbbbbbbbbbbbbbbbbbbbbbbbbbbbbbbbbbbbbbbbbbbbbbbbbbbbbbbbbbbbbbbbbbbbbbbbbbbbbbbbbbbbbbbbbbbbbbbbbbbbbbbbbbbbbbbbbbbbbbbbbbbbbbbbbbbbbbbbbbbbbbbbbbbbbbbbbbbbbbbbbbbbbbbbbbbbbbbbbbbbbbbbbbbbbbbbbbbbbbbbbbbbbbbbbbbbbbbbbbbbbbbbbbbbbbbbbbbbbbbbbbbbbbbbbbbbbbbbbbbbbbbbbbbbbbbbbbbbbbbbbbbbbbbbbbbbbbbbbbbbbbbbbbbbbbbbbbbbbbbbbbbbbbbbbbbbbbbbbbbbbbbbbbbbbbbbbbbbbbbbbbbbbbbbbbbbbbbbbbbbbbbbbbbbbbbbbbbbbbbbbbbbbbbbbbbbbbbbbbbbbbbbbbbbbbbbbbbbbbbbbbbbbbbbbbbbbbbbbbbbbbbbbbbbbbbbbbbbbbbbbbbbbbbbbbbbbbbbbbbbbbbbbbbbbbbbbbbbbbbbbbbbbbbbbbbbbbbbbbbbbbbbbbbbbbbbbbbbbbbbbbbbbbbbbbbbbbbbbbbbbbbbbbbbbbbbbbbbbbbbbbbbbbbbbbbbbbbbbbbbbbbbbbbbbbbbbbbbbbbbbbbbbbbbbbbbbbbbbbbbbbbbbbbbbbbbbbbbbbbbbbbbbbbbbbbbbbbbbbbbbbbbbbbbbbbbbbbbbbbbbbbbbbbbbbbbbbbbbbbbbbbbbbbbbbbbbbbbbbbbbbbbbbbbbbbbbbbbbbbbbbbbbbbbbbbbbbbbbbbbbbbbbbbbbbbbbbbbbbbbbbbbbbbbbbbbbbbbbbbbbbbbbbbbbbbbbbbbbbbbbbbbbbbbbbbbbbbbbbbbbbbbbbbbbbbbbbbbbbbbbbbbbbbbbbbbbbbbbbbbbbbbbbbbbbbbbbbbbbbbbbbbbbbbbbbbbbbbbbbbbbbbbbbbbbbbbbbbbbbbbbbbbbbbbbbbbbbbbbbbbbbbbbbbbbbbbbbbbbbbbbbbbbbbbbbbbbbbbbbbbbbbbbbbbbbbbbbbbbbbbbbbbbbbbbbbbbbbbbbbbbbbbbbbbbbbbbbbbbbbbbbbbbbbbbbbbbbbbbbbbbbbbbbbbbbbbbbbbbbbbbbbbbbbbbbbbbbbbbbbbbbbbbbbbbbbbbbbbbbbbbbbbbbbbbbbbbbbbbbbbbbbbbbbbbbbbbbbbbbbbbbbbbbbbbbbbbbbbbbbbbbbbbbbbbbbbbbbbbbbbbbbbbbbbbbbbbbbbbbbbbbbbbbbbbbbbbbbbbbbbbbbbbbbbbbbbbbbbbbbbbbbbbbbbbbbbbbbbbbbbbbbbbbbbbbbbbbbbbbbbbbbbbbbbbbbbbbbbbbbbbbbbbbbbbbbbbbbbbbbbbbbbbbbbbbbbbbbbbbbbbbbbbbbbbbbbbbbbbbbbbbbbbbbbbbbbbbbbbbbbbbbbbbbbbbbbbbbbbbbbbbbbbbbbbbbbbbbbbbbbbbbbbbbbbbbbbbbbbbbbbbbbbbbbbbbbbbbbbbbbbbbbbbbbbbbbbbbbbbbbbbbbbbbbbbbbbbbbbbbbbbbbbbbbbbbbbbbbbbbbbbbbbbbbbbbbbbbbbbbbbbbbbbbbbbbbbbbbbbbbbbbbbbbbbbbbbbbbbbbbbbbbbbbbbbbbbbbbbbbbbbbbbbbbbbbbbbbbbbbbbbbbbbbbbbbbbbbbbbbbbbbbbbbbbbbbbbbbbbbbbbbbbbbbbbbbbbbbbbbbbbbbbbbbbbbbbbbbbbbbbbbbbbbbbbbbbbbbbbbbbbbbbbbbbbbbbbbbbbbbbbbbbbbbbbbbbbbbbbbbbbbbbbbbbbbbbbbbbbbbbbbbbbbbbbbbbbbbbbbbbbbbbbbbbbbbbbbbbbbbbbbbbbbbbbbbbbbbbbbbbbbbbbbbbbbbbbbbbbbbbbbbbbbbbbbbbbbbbbbbbbbbbbbbbbbbbbbbbbbbbbbbbbbbbbbbbbbbbbbbbbbbbbbbbbbbbbbbbbbbbbbbbbbbbbbbbbbbbbbbbbbbbbbbbbbbbbbbbbbbbbbbbbbbbbbbbbbbbbbbbbbbbbbbbbbbbbbbbbbbbbbbbbbbbbbbbbbbbbbbbbbbbbbbbbbbbbbbbbbbbbbbbbbbbbbbbbbbbbbbbbbbbbbbbbbbbbbbbbbbbbbbbbbbbbbbbbbbbbbbbbbbbbbbbbbbbbbbbbbbbbbbbbbbbbbbbbbbbbbbbbbbbbbbbbbbbbbbbbbbbbbbbbbbbbbbbbbbbbbbbbbbbbbbbbbbbbbbbbbbbbbbbbbbbbbbbbbbbbbbbbbbbbbbbbbbbbbbbbbbbbbbbbbbbbbbbbbbbbbbbbbbbbbbbbbbbbbbbbbbbbbbbbbbbbbbbbbbbbbbbbbbbbbbbbbbbbbbbbbbbbbbbbbbbbbbbbbbbbbbbbbbbbbbbbbbbbbbbbbbbbbbbbbbbbbbbbbbbbbbbbbbbbbbbbbbbbbbbbbbbbbbbbbbbbbbbbbbbbbbbbbbbbbbbbbbbbbbbbbbbbbbbbbbbbbbbbbbbbbbbbbbbbbbbbbbbbbbbbbbbbbbbbbbbbbbbbbbbbbbbbbbbbbbbbbbbbbbbbbbbbbbbbbbbbbbbbbbbbbbbbbbbbbbbbbbbbbbbbbbbbbbbbbbbbbbbbbbbbbbbbbbbbbbbbbbbbbbbbbbbbbbbbbbbbbbbbbbbbbbbbbbbbbbbbbbbbbbbbbbbbbbbbbbbbbbbbbbbbbbbbbbbbbbbbbbbbbbbbbbbbbbbbbbbbbbbbbbbbbbbbbbbbbbbbbbbbbbbbbbbbbbbbbbbbbbbbbbbbbbbbbbbbbbbbbbbbbbbbbbbbbbbbbbbbbbbbbbbbbbbbbbbbbbbbbbbbbbbbbbbbbbbbbbbbbbbbbbbbbbbbbbbbbbbbbbbbbbbbbbbbbbbbbbbbbbbbbbbbbbbbbbbbbbbbbbbbbbbbbbbbbbbbbbbbbbbbbbbbbbbbbbbbbbbbbbbbbbbbbbbbbbbbbbbbbbbbbbbbbbbbbbbbbbbbbbbbbbbbbbbbbbbbbbbbbbbbbbbbbbbbbbbbbbbbbbbbbbbbbbbbbbbbbbbbbbbbbbbbbbbbbbbbbbbbbbbbbbbbbbbbbbbbbbbbbbbbbbbbbbbbbbbbbbbbbbbbbbbbbbbbbbbbbbbbbbbbbbbbbbbbbbbbbbbbbbbbbbbbbbbbbbbbbbbbbbbbbbbbbbbbbbbbbbbbbbbbbbbbbbbbbbbbbbbbbbbbbbbbbbbbbbbbbbbbbbbbbbbbbbbbbbbbbbbbbbbbbbbbbbbbbbbbbbbbbbbbbbbbbbbbbbbbbbbbbbbbbbbbbbbbbbbbbbbbbbbbbbbbbbbbbbbbbbbbbbbbbbbbbbbbbbbbbbbbbbbbbbbbbbbbbbbbbbbbbbbbbbbbbbbbbbb@testgarage

[90mstdout[2m | tests/api/employees/security.test.ts[2m > [22m[2mPOST /api/employees - Security Tests[2m > [22m[2mBuffer Overflow Attempts[2m > [22m[2mshould handle very long lastName (50,000 characters)
[22m[39mInserting new user data: {
  user_uid: [32m'***'[39m,
  garage_uid: [32m'garage-uid-123'[39m,
  garage_id: [32m'GARAGE001'[39m,
  garage_name: [32m'Test Garage'[39m,
  first_name: [32m'John'[39m,
  last_name: [32m'BBBBBBBBBBBBBBBBBBBBBBBBBBBBBBBBBBBBBBBBBBBBBBBBBBBBBBBBBBBBBBBBBBBBBBBBBBBBBBBBBBBBBBBBBBBBBBBBBBBBBBBBBBBBBBBBBBBBBBBBBBBBBBBBBBBBBBBBBBBBBBBBBBBBBBBBBBBBBBBBBBBBBBBBBBBBBBBBBBBBBBBBBBBBBBBBBBBBBBBBBBBBBBBBBBBBBBBBBBBBBBBBBBBBBBBBBBBBBBBBBBBBBBBBBBBBBBBBBBBBBBBBBBBBBBBBBBBBBBBBBBBBBBBBBBBBBBBBBBBBBBBBBBBBBBBBBBBBBBBBBBBBBBBBBBBBBBBBBBBBBBBBBBBBBBBBBBBBBBBBBBBBBBBBBBBBBBBBBBBBBBBBBBBBBBBBBBBBBBBBBBBBBBBBBBBBBBBBBBBBBBBBBBBBBBBBBBBBBBBBBBBBBBBBBBBBBBBBBBBBBBBBBBBBBBBBBBBBBBBBBBBBBBBBBBBBBBBBBBBBBBBBBBBBBBBBBBBBBBBBBBBBBBBBBBBBBBBBBBBBBBBBBBBBBBBBBBBBBBBBBBBBBBBBBBBBBBBBBBBBBBBBBBBBBBBBBBBBBBBBBBBBBBBBBBBBBBBBBBBBBBBBBBBBBBBBBBBBBBBBBBBBBBBBBBBBBBBBBBBBBBBBBBBBBBBBBBBBBBBBBBBBBBBBBBBBBBBBBBBBBBBBBBBBBBBBBBBBBBBBBBBBBBBBBBBBBBBBBBBBBBBBBBBBBBBBBBBBBBBBBBBBBBBBBBBBBBBBBBBBBBBBBBBBBBBBBBBBBBBBBBBBBBBBBBBBBBBBBBBBBBBBBBBBBBBBBBBBBBBBBBBBBBBBBBBBBBBBBBBBBBBBBBBBBBBBBBBBBBBBBBBBBBBBBBBBBBBBBBBBBBBBBBBBBBBBBBBBBBBBBBBBBBBBBBBBBBBBBBBBBBBBBBBBBBBBBBBBBBBBBBBBBBBBBBBBBBBBBBBBBBBBBBBBBBBBBBBBBBBBBBBBBBBBBBBBBBBBBBBBBBBBBBBBBBBBBBBBBBBBBBBBBBBBBBBBBBBBBBBBBBBBBBBBBBBBBBBBBBBBBBBBBBBBBBBBBBBBBBBBBBBBBBBBBBBBBBBBBBBBBBBBBBBBBBBBBBBBBBBBBBBBBBBBBBBBBBBBBBBBBBBBBBBBBBBBBBBBBBBBBBBBBBBBBBBBBBBBBBBBBBBBBBBBBBBBBBBBBBBBBBBBBBBBBBBBBBBBBBBBBBBBBBBBBBBBBBBBBBBBBBBBBBBBBBBBBBBBBBBBBBBBBBBBBBBBBBBBBBBBBBBBBBBBBBBBBBBBBBBBBBBBBBBBBBBBBBBBBBBBBBBBBBBBBBBBBBBBBBBBBBBBBBBBBBBBBBBBBBBBBBBBBBBBBBBBBBBBBBBBBBBBBBBBBBBBBBBBBBBBBBBBBBBBBBBBBBBBBBBBBBBBBBBBBBBBBBBBBBBBBBBBBBBBBBBBBBBBBBBBBBBBBBBBBBBBBBBBBBBBBBBBBBBBBBBBBBBBBBBBBBBBBBBBBBBBBBBBBBBBBBBBBBBBBBBBBBBBBBBBBBBBBBBBBBBBBBBBBBBBBBBBBBBBBBBBBBBBBBBBBBBBBBBBBBBBBBBBBBBBBBBBBBBBBBBBBBBBBBBBBBBBBBBBBBBBBBBBBBBBBBBBBBBBBBBBBBBBBBBBBBBBBBBBBBBBBBBBBBBBBBBBBBBBBBBBBBBBBBBBBBBBBBBBBBBBBBBBBBBBBBBBBBBBBBBBBBBBBBBBBBBBBBBBBBBBBBBBBBBBBBBBBBBBBBBBBBBBBBBBBBBBBBBBBBBBBBBBBBBBBBBBBBBBBBBBBBBBBBBBBBBBBBBBBBBBBBBBBBBBBBBBBBBBBBBBBBBBBBBBBBBBBBBBBBBBBBBBBBBBBBBBBBBBBBBBBBBBBBBBBBBBBBBBBBBBBBBBBBBBBBBBBBBBBBBBBBBBBBBBBBBBBBBBBBBBBBBBBBBBBBBBBBBBBBBBBBBBBBBBBBBBBBBBBBBBBBBBBBBBBBBBBBBBBBBBBBBBBBBBBBBBBBBBBBBBBBBBBBBBBBBBBBBBBBBBBBBBBBBBBBBBBBBBBBBBBBBBBBBBBBBBBBBBBBBBBBBBBBBBBBBBBBBBBBBBBBBBBBBBBBBBBBBBBBBBBBBBBBBBBBBBBBBBBBBBBBBBBBBBBBBBBBBBBBBBBBBBBBBBBBBBBBBBBBBBBBBBBBBBBBBBBBBBBBBBBBBBBBBBBBBBBBBBBBBBBBBBBBBBBBBBBBBBBBBBBBBBBBBBBBBBBBBBBBBBBBBBBBBBBBBBBBBBBBBBBBBBBBBBBBBBBBBBBBBBBBBBBBBBBBBBBBBBBBBBBBBBBBBBBBBBBBBBBBBBBBBBBBBBBBBBBBBBBBBBBBBBBBBBBBBBBBBBBBBBBBBBBBBBBBBBBBBBBBBBBBBBBBBBBBBBBBBBBBBBBBBBBBBBBBBBBBBBBBBBBBBBBBBBBBBBBBBBBBBBBBBBBBBBBBBBBBBBBBBBBBBBBBBBBBBBBBBBBBBBBBBBBBBBBBBBBBBBBBBBBBBBBBBBBBBBBBBBBBBBBBBBBBBBBBBBBBBBBBBBBBBBBBBBBBBBBBBBBBBBBBBBBBBBBBBBBBBBBBBBBBBBBBBBBBBBBBBBBBBBBBBBBBBBBBBBBBBBBBBBBBBBBBBBBBBBBBBBBBBBBBBBBBBBBBBBBBBBBBBBBBBBBBBBBBBBBBBBBBBBBBBBBBBBBBBBBBBBBBBBBBBBBBBBBBBBBBBBBBBBBBBBBBBBBBBBBBBBBBBBBBBBBBBBBBBBBBBBBBBBBBBBBBBBBBBBBBBBBBBBBBBBBBBBBBBBBBBBBBBBBBBBBBBBBBBBBBBBBBBBBBBBBBBBBBBBBBBBBBBBBBBBBBBBBBBBBBBBBBBBBBBBBBBBBBBBBBBBBBBBBBBBBBBBBBBBBBBBBBBBBBBBBBBBBBBBBBBBBBBBBBBBBBBBBBBBBBBBBBBBBBBBBBBBBBBBBBBBBBBBBBBBBBBBBBBBBBBBBBBBBBBBBBBBBBBBBBBBBBBBBBBBBBBBBBBBBBBBBBBBBBBBBBBBBBBBBBBBBBBBBBBBBBBBBBBBBBBBBBBBBBBBBBBBBBBBBBBBBBBBBBBBBBBBBBBBBBBBBBBBBBBBBBBBBBBBBBBBBBBBBBBBBBBBBBBBBBBBBBBBBBBBBBBBBBBBBBBBBBBBBBBBBBBBBBBBBBBBBBBBBBBBBBBBBBBBBBBBBBBBBBBBBBBBBBBBBBBBBBBBBBBBBBBBBBBBBBBBBBBBBBBBBBBBBBBBBBBBBBBBBBBBBBBBBBBBBBBBBBBBBBBBBBBBBBBBBBBBBBBBBBBBBBBBBBBBBBBBBBBBBBBBBBBBBBBBBBBBBBBBBBBBBBBBBBBBBBBBBBBBBBBBBBBBBBBBBBBBBBBBBBBBBBBBBBBBBBBBBBBBBBBBBBBBBBBBBBBBBBBBBBBBBBBBBBBBBBBBBBBBBBBBBBBBBBBBBBBBBBBBBBBBBBBBBBBBBBBBBBBBBBBBBBBBBBBBBBBBBBBBBBBBBBBBBBBBBBBBBBBBBBBBBBBBBBBBBBBBBBBBBBBBBBBBBBBBBBBBBBBBBBBBBBBBBBBBBBBBBBBBBBBBBBBBBBBBBBBBBBBBBBBBBBBBBBBBBBBBBBBBBBBBBBBBBBBBBBBBBBBBBBBBBBBBBBBBBBBBBBBBBBBBBBBBBBBBBBBBBBBBBBBBBBBBBBBBBBBBBBBBBBBBBBBBBBBBBBBBBBBBBBBBBBBBBBBBBBBBBBBBBBBBBBBBBBBBBBBBBBBBBBBBBBBBBBBBBBBBBBBBBBBBBBBBBBBBBBBBBBBBBBBBBBBBBBBBBBBBBBBBBBBBBBBBBBBBBBBBBBBBBBBBBBBBBBBBBBBBBBBBBBBBBBBBBBBBBBBBBBBBBBBBBBBBBBBBBBBBBBBBBBBBBBBBBBBBBBBBBBBBBBBBBBBBBBBBBBBBBBBBBBBBBBBBBBBBBBBBBBBBBBBBBBBBBBBBBBBBBBBBBBBBBBBBBBBBBBBBBBBBBBBBBBBBBBBBBBBBBBBBBBBBBBBBBBBBBBBBBBBBBBBBBBBBBBBBBBBBBBBBBBBBBBBBBBBBBBBBBBBBBBBBBBBBBBBBBBBBBBBBBBBBBBBBBBBBBBBBBBBBBBBBBBBBBBBBBBBBBBBBBBBBBBBBBBBBBBBBBBBBBBBBBBBBBBBBBBBBBBBBBBBBBBBBBBBBBBBBBBBBBBBBBBBBBBBBBBBBBBBBBBBBBBBBBBBBBBBBBBBBBBBBBBBBBBBBBBBBBBBBBBBBBBBBBBBBBBBBBBBBBBBBBBBBBBBBBBBBBBBBBBBBBBBBBBBBBBBBBBBBBBBBBBBBBBBBBBBBBBBBBBBBBBBBBBBBBBBBBBBBBBBBBBBBBBBBBBBBBBBBBBBBBBBBBBBBBBBBBBBBBBBBBBBBBBBBBBBBBBBBBBBBBBBBBBBBBBBBBBBBBBBBBBBBBBBBBBBBBBBBBBBBBBBBBBBBBBBBBBBBBBBBBBBBBBBBBBBBBBBBBBBBBBBBBBBBBBBBBBBBBBBBBBBBBBBBBBBBBBBBBBBBBBBBBBBBBBBBBBBBBBBBBBBBBBBBBBBBBBBBBBBBBBBBBBBBBBBBBBBBBBBBBBBBBBBBBBBBBBBBBBBBBBBBBBBBBBBBBBBBBBBBBBBBBBBBBBBBBBBBBBBBBBBBBBBBBBBBBBBBBBBBBBBBBBBBBBBBBBBBBBBBBBBBBBBBBBBBBBBBBBBBBBBBBBBBBBBBBBBBBBBBBBBBBBBBBBBBBBBBBBBBBBBBBBBBBBBBBBBBBBBBBBBBBBBBBBBBBBBBBBBBBBBBBBBBBBBBBBBBBBBBBBBBBBBBBBBBBBBBBBBBBBBBBBBBBBBBBBBBBBBBBBBBBBBBBBBBBBBBBBBBBBBBBBBBBBBBBBBBBBBBBBBBBBBBBBBBBBBBBBBBBBBBBBBBBBBBBBBBBBBBBBBBBBBBBBBBBBBBBBBBBBBBBBBBBBBBBBBBBBBBBBBBBBBBBBBBBBBBBBBBBBBBBBBBBBBBBBBBBBBBBBBBBBBBBBBBBBBBBBBBBBBBBBBBBBBBBBBBBBBBBBBBBBBBBBBBBBBBBBBBBBBBBBBBBBBBBBBBBBBBBBBBBBBBBBBBBBBBBBBBBBBBBBBBBBBBBBBBBBBBBBBBBBBBBBBBBBBBBBBBBBBBBBBBBBBBBBBBBBBBBBBBBBBBBBBBBBBBBBBBBBBBBBBBBBBBBBBBBBBBBBBBBBBBBBBBBBBBBBBBBBBBBBBBBBBBBBBBBBBBBBBBBBBBBBBBBBBBBBBBBBBBBBBBBBBBBBBBBBBBBBBBBBBBBBBBBBBBBBBBBBBBBBBBBBBBBBBBBBBBBBBBBBBBBBBBBBBBBBBBBBBBBBBBBBBBBBBBBBBBBBBBBBBBBBBBBBBBBBBBBBBBBBBBBBBBBBBBBBBBBBBBBBBBBBBBBBBBBBBBBBBBBBBBBBBBBBBBBBBBBBBBBBBBBBBBBBBBBBBBBBBBBBBBBBBBBBBBBBBBBBBBBBBBBBBBBBBBBBBBBBBBBBBBBBBBBBBBBBBBBBBBBBBBBBBBBBBBBBBBBBBBBBBBBBBBBBBBBBBBBBBBBBBBBBBBBBBBBBBBBBBBBBBBBBBBBBBBBBBBBBBBBBBBBBBBBBBBBBBBBBBBBBBBBBBBBBBBBBBBBBBBBBBBBBBBBBBBBBBBBBBBBBBBBBBBBBBBBBBBBBBBBBBBBBBBBBBBBBBBBBBBBBBBBBBBBBBBBBBBBBBBBBBBBBBBBBBBBBBBBBBBBBBBBBBBBBBBBBBBBBBBBBBBBBBBBBBBBBBBBBBBBBBBBBBBBBBBBBBBBBBBBBBBBBBBBBBBBBBBBBBBBBBBBBBBBBBBBBBBBBBBBBBBBBBBBBBBBBBBBBBBBBBBBBBBBBBBBBBBBBBBBBBBBBBBBBBBBBBBBBBBBBBBBBBBBBBBBBBBBBBBBBBBBBBBBBBBBBBBBBBBBBBBBBBBBBBBBBBBBBBBBBBBBBBBBBBBBBBBBBBBBBBBBBBBBBBBBBBBBBBBBBBBBBBBBBBBBBBBBBBBBBBBBBBBBBBBBBBBBBBBBBBBBBBBBBBBBBBBBBBBBBBBBBBBBBBBBBBBBBBBBBBBBBBBBBBBBBBBBBBBBBBBBBBBBBBBBBBBBBBBBBBBBBBBBBBBBBBBBBBBBBBBBBBBBBBBBBBBBBBBBBBBBBBBBBBBBBBBBBBBBBBBBBBBBBBBBBBBBBBBBBBBBBBBBBBBBBBBBBBBBBBBBBBBBBBBBBBBBBBBBBBBBBBBBBBBBBBBBBBBBBBBBBBBBBBBBBBBBBBBBBBBBBBBBBBBBBBBBBBBBBBBBBBBBBBBBBBBBBBBBBBBBBBBBBBBBBBBBBBBBBBBBBBBBBBBBBBBBBBBBBBBBBBBBBBBBBBBBBBBBBBBBBBBBBBBBBBBBBBBBBBBBBBBBBBBBBBBBBBBBBBBBBBBBBBBBBBBBBBBBBBBBBBBBBBBBBBBBBBBBBBBBBBBBBBBBBBBBBBBBBBBBBBBBBBBBBBBBBBBBBBBBBBBBBBBBBBBBBBBBBBBBBBBBBBBBBBBBBBBBBBBBBBBBBBBBBBBBBBBBBBBBBBBBBBBBBBBBBBBBBBBBBBBBBBBBBBBBBBBBBBBBBBBBBBBBBBBBBBBBBBBBBBBBBBBBBBBBBBBBBBBBBBBBBBBBBBBBBBBBBBBBBBBBBBBBBBBBBBBBBBBBBBBBBBBBBBBBBBBBBBBBBBBBBBBBBBBBBBBBBBBBBBBBBBBBBBBBBBBBBBBBBBBBBBBBBBBBBBBBBBBBBBBBBBBBBBBBBBBBBBBBBBBBBBBBBBBBBBBBBBBBBBBBBBBBBBBBBBBBBBBBBBBBBBBBBBBBBBBBBBBBBBBBBBBBBBBBBBBBBBBBBBBBBBBBBBBBBBBBBBBBBBBBBBBBBBBBBBBBBBBBBBBBBBBBBBBBBBBBBBBBBBBBBBBBBBBBBBBBBBBBBBBBBBBBBBBBBBBBBBBBBBBBBBBBBBBBBBBBBBBBBBBBBBBBBBBBBBBBBBBBBBBBBBBBBBBBBBBBBBBBBBBBBBBBBBBBBBBBBBBBBBBBBBBBBBBBBBBBBBBBBBBBBBBBBBBBBBBBBBBBBBBBBBBBBBBBBBBBBBBBBBBBBBBBBBBBBBBBBBBBBBBBBBBBBBBBBBBBBBBBBBBBBBBBBBBBBBBBBBBBBBBBBBBBBBBBBBBBBBBBBBBBBBBBBBBBBBBBBBBBBBBBBBBBBBBBBBBBBBBBBBBBBBBBBBBBBBBBBBBBBBBBBBBBBBBBBBBBBBBBBBBBBBBBBBBBBBBBBBBBBBBBBBBBBBBBBBBBBBBBBBBBBBBBBBBBBBBBBBBBBBBBBBBBBBBBBBBBBBBBBBBBBBBBBBBBBBBBBBBBBBBBBBBBBBBBBBBBBBBBBBBBBBBBBBBBBBBBBBBBBBBBBBBBBBBBBBBBBBBBBBBBBBBBBBBBBBBBBBBBBBBBBBBBBBBBBBBBBBBBBBBBBBBBBBBBBBBBBBBBBBBBBBBBBBBBBBBBBBBBBBBBBBBBBBBBBBBBBBBBBBBBBBBBBBBBBBBBBBBBBBBBBBBBBBBBBBBBBBBBBBBBBBBBBBBBBBBBBBBBBBBBBBBBBBBBBBBBBBBBBBBBBBBBBBBBBBBBBBBBBBBBBBBBBBBBBBBBBBBBBBBBBBBBBBBBBBBBBBBBBBBBBBBBBBBBBBBBBBBBBBBBBBBBBBBBBBBBBBBBBBBBBBBBBBBBBBBBBBBBBBBBBBBBBBBBBBBBBBBBBBBBBBBBBBBBBBBBBBBBBBBBBBBBBBBBBBBBBBBBBBBBBBBBBBBBBBBBBBBBBBBBBBBBBBBBBBBBBBBBBBBBBBBBBBBBBBBBBBBBBBBBBBBBBBBBBBBBBBBBBBBBBBBBBBBBBBBBBBBBBBBBBBBBBBBBBBBBBBBBBBBBBBBBBBBBBBBBBBBBBBBBBBBBBBBBBBBBBBBBBBBBBBBBBBBBBBBBBBBBBBBBBBBBBBBBBBBBBBBBBBBBBBBBBBBBBBBBBBBBBBBBBBBBBBBBBBBBBBBBBBBBBBBBBBBBBBBBBBBBBBBBBBBBBBBBBBBBBBBBBBBBBBBBBBBBBBBBBBBBBBBBBBBBBBBBBBBBBBBBBBBBBBBBBBBBBBBBBBBBBBBBBBBBBBBBBBBBBBBBBBBBBBBBBBBBBBBBBBBBBBBBBBBBBBBBBBBBBBBBBBBBBBBBBBBBBBBBBBBBBBBBBBBBBBBBBBBBBBBBBBBBBBBBBBBBBBBBBBBBBBBBBBBBBBBBBBBBBBBBBBBBBBBBBBBBBBBBBBBBBBBBBBBBBBBBBBBBBBBBBBBBBBBBBBBBBBBBBBBBBBBBBBBBBBBBBBBBBBBBBBBBBBBBBBBBBBBBBBBBBBBBBBBBBBBBBBBBBBBBBBBBBBBBBBBBBBBBBBBBBBBBBBBBBBBBBBBBBBBBBBBBBBBBBBBBBBBBBBBBBBBBBBBBBBBBBBBBBBBBBBBBBBBBBBBBBBBBBBBBBBBBBBBBBBBBBBBBBBBBBBBBBBBBBBBBBBBBBBBBBBBBBBBBBBBBBBBBBBBBBBBBBBBBBBBBBBBBBBBBBBBBBBBBBBBBBBBBBBBBBBBBBBBBBBBBBBBBBBBBBBBBBBBBBBBBBBBBBBBBBBBBBBBBBBBBBBBBBBBBBBBBBBBBBBBBBBBBBBBBBBBBBBBBBBBBBBBBBBBBBBBBBBBBBBBBBBBBBBBBBBBBBBBBBBBBBBBBBBBBBBBBBBBBBBBBBBBBBBBBBBBBBBBBBBBBBBBBBBBBBBBBBBBBBBBBBBBBBBBBBBBBBBBBBBBBBBBBBBBBBBBBBBBBBBBBBBBBBBBBBBBBBBBBBBBBBBBBBBBBBBBBBBBBBBBBBBBBBBBBBBBBBBBBBBBBBBBBBBBBBBBBBBBBBBBBBBBBBBBBBBBBBBBBBBBBBBBBBBBBBBBBBBBBBBBBBBBBBBBBBBBBBBBBBBBBBBBBBBBBBBBBBBBBBBBBBBBBBBBBBBBBBBBBBBBBBBBBBBBBBBBBBBBBBBBBBBBBBBBBBBBBBBBBBBBBBBBBBBBBBBBBBBBBBBBBBBBBBBBBBBBBBBBBBBBBBBBBBBBBBBBBBBBBBBBBBBBBBBBBBBBBBBBBBBBBBBBBBBBBBBBBBBBBBBBBBBBBBBBBBBBBBBBBBBBBBBBBBBBBBBBBBBBBBBBBBBBBBBBBBBBBBBBBBBBBBBBBBBBBBBBBBBBBBBBBBBBBBBBBBBBBBBBBBBBBBBBBBBBBBBBBBBBBBBBBBBBBBBBBBBBBBBBBBBBBBBBBBBBBBBBBBBBBBBBBBBBBBBBBBBBBBBBBBBBBBBBBBBBBBBBBBBBBBBBBBBBBBBBBBBBBBBBBBBBBBBBBBBBBBBBBBBBBBBBBBBBBBBBBBBBBBBBBBBBBBBBBBBBBBBBBBBBBBBBBBBBBBBBBBBBBBBBBBBBBBBBBBBBBBBBBBBBBBBBBBBBBBBBBBBBBBBBBBBBBBBBBBBBBBBBBBBBBBBBBBBBBBBBBBBBBBBBBBBBBBBBBBBBBBBBBBBBBBBBBBBBBBBBBBBBBBBBBBBBBBBBBBBBBBBBBBBBBBBBBBBBBBBBBBBBBBBBBBBBBBBBBBBBBBBBBBBBBBBBBBBBBBBBBBBBBBBBBBBBBBBBBBBBBBBBBBBBBBBBBBBBBBBBBBBBBBBBBBBBBBBBBBBBBBBBBBBBBBBBBBBBBBBBBBBBBBBBBBBBBBBBBBBBBBBBBBBBBBBBBBBBBBBBBBBBBBBBBBBBBBBBBBBBBBBBBBBBBBBBBBBBBBBBBBBBBBBBBBBBBBBBBBBBBBBBBBBBBBBBBBBBBBBBBBBBBBBBBBBBBBBBBBBBBBBBBBBBBBBBBBBBBBBBBBBBBBBBBBBBBBBBBBBBBBBBBBBBBBBBBBBBBBBBBBBBBBBBBBBBBBBB'[39m... 40000 more characters,
  login_id: [32m'john.bbbbbbbbbbbbbbbbbbbbbbbbbbbbbbbbbbbbbbbbbbbbbbbbbbbbbbbbbbbbbbbbbbbbbbbbbbbbbbbbbbbbbbbbbbbbbbbbbbbbbbbbbbbbbbbbbbbbbbbbbbbbbbbbbbbbbbbbbbbbbbbbbbbbbbbbbbbbbbbbbbbbbbbbbbbbbbbbbbbbbbbbbbbbbbbbbbbbbbbbbbbbbbbbbbbbbbbbbbbbbbbbbbbbbbbbbbbbbbbbbbbbbbbbbbbbbbbbbbbbbbbbbbbbbbbbbbbbbbbbbbbbbbbbbbbbbbbbbbbbbbbbbbbbbbbbbbbbbbbbbbbbbbbbbbbbbbbbbbbbbbbbbbbbbbbbbbbbbbbbbbbbbbbbbbbbbbbbbbbbbbbbbbbbbbbbbbbbbbbbbbbbbbbbbbbbbbbbbbbbbbbbbbbbbbbbbbbbbbbbbbbbbbbbbbbbbbbbbbbbbbbbbbbbbbbbbbbbbbbbbbbbbbbbbbbbbbbbbbbbbbbbbbbbbbbbbbbbbbbbbbbbbbbbbbbbbbbbbbbbbbbbbbbbbbbbbbbbbbbbbbbbbbbbbbbbbbbbbbbbbbbbbbbbbbbbbbbbbbbbbbbbbbbbbbbbbbbbbbbbbbbbbbbbbbbbbbbbbbbbbbbbbbbbbbbbbbbbbbbbbbbbbbbbbbbbbbbbbbbbbbbbbbbbbbbbbbbbbbbbbbbbbbbbbbbbbbbbbbbbbbbbbbbbbbbbbbbbbbbbbbbbbbbbbbbbbbbbbbbbbbbbbbbbbbbbbbbbbbbbbbbbbbbbbbbbbbbbbbbbbbbbbbbbbbbbbbbbbbbbbbbbbbbbbbbbbbbbbbbbbbbbbbbbbbbbbbbbbbbbbbbbbbbbbbbbbbbbbbbbbbbbbbbbbbbbbbbbbbbbbbbbbbbbbbbbbbbbbbbbbbbbbbbbbbbbbbbbbbbbbbbbbbbbbbbbbbbbbbbbbbbbbbbbbbbbbbbbbbbbbbbbbbbbbbbbbbbbbbbbbbbbbbbbbbbbbbbbbbbbbbbbbbbbbbbbbbbbbbbbbbbbbbbbbbbbbbbbbbbbbbbbbbbbbbbbbbbbbbbbbbbbbbbbbbbbbbbbbbbbbbbbbbbbbbbbbbbbbbbbbbbbbbbbbbbbbbbbbbbbbbbbbbbbbbbbbbbbbbbbbbbbbbbbbbbbbbbbbbbbbbbbbbbbbbbbbbbbbbbbbbbbbbbbbbbbbbbbbbbbbbbbbbbbbbbbbbbbbbbbbbbbbbbbbbbbbbbbbbbbbbbbbbbbbbbbbbbbbbbbbbbbbbbbbbbbbbbbbbbbbbbbbbbbbbbbbbbbbbbbbbbbbbbbbbbbbbbbbbbbbbbbbbbbbbbbbbbbbbbbbbbbbbbbbbbbbbbbbbbbbbbbbbbbbbbbbbbbbbbbbbbbbbbbbbbbbbbbbbbbbbbbbbbbbbbbbbbbbbbbbbbbbbbbbbbbbbbbbbbbbbbbbbbbbbbbbbbbbbbbbbbbbbbbbbbbbbbbbbbbbbbbbbbbbbbbbbbbbbbbbbbbbbbbbbbbbbbbbbbbbbbbbbbbbbbbbbbbbbbbbbbbbbbbbbbbbbbbbbbbbbbbbbbbbbbbbbbbbbbbbbbbbbbbbbbbbbbbbbbbbbbbbbbbbbbbbbbbbbbbbbbbbbbbbbbbbbbbbbbbbbbbbbbbbbbbbbbbbbbbbbbbbbbbbbbbbbbbbbbbbbbbbbbbbbbbbbbbbbbbbbbbbbbbbbbbbbbbbbbbbbbbbbbbbbbbbbbbbbbbbbbbbbbbbbbbbbbbbbbbbbbbbbbbbbbbbbbbbbbbbbbbbbbbbbbbbbbbbbbbbbbbbbbbbbbbbbbbbbbbbbbbbbbbbbbbbbbbbbbbbbbbbbbbbbbbbbbbbbbbbbbbbbbbbbbbbbbbbbbbbbbbbbbbbbbbbbbbbbbbbbbbbbbbbbbbbbbbbbbbbbbbbbbbbbbbbbbbbbbbbbbbbbbbbbbbbbbbbbbbbbbbbbbbbbbbbbbbbbbbbbbbbbbbbbbbbbbbbbbbbbbbbbbbbbbbbbbbbbbbbbbbbbbbbbbbbbbbbbbbbbbbbbbbbbbbbbbbbbbbbbbbbbbbbbbbbbbbbbbbbbbbbbbbbbbbbbbbbbbbbbbbbbbbbbbbbbbbbbbbbbbbbbbbbbbbbbbbbbbbbbbbbbbbbbbbbbbbbbbbbbbbbbbbbbbbbbbbbbbbbbbbbbbbbbbbbbbbbbbbbbbbbbbbbbbbbbbbbbbbbbbbbbbbbbbbbbbbbbbbbbbbbbbbbbbbbbbbbbbbbbbbbbbbbbbbbbbbbbbbbbbbbbbbbbbbbbbbbbbbbbbbbbbbbbbbbbbbbbbbbbbbbbbbbbbbbbbbbbbbbbbbbbbbbbbbbbbbbbbbbbbbbbbbbbbbbbbbbbbbbbbbbbbbbbbbbbbbbbbbbbbbbbbbbbbbbbbbbbbbbbbbbbbbbbbbbbbbbbbbbbbbbbbbbbbbbbbbbbbbbbbbbbbbbbbbbbbbbbbbbbbbbbbbbbbbbbbbbbbbbbbbbbbbbbbbbbbbbbbbbbbbbbbbbbbbbbbbbbbbbbbbbbbbbbbbbbbbbbbbbbbbbbbbbbbbbbbbbbbbbbbbbbbbbbbbbbbbbbbbbbbbbbbbbbbbbbbbbbbbbbbbbbbbbbbbbbbbbbbbbbbbbbbbbbbbbbbbbbbbbbbbbbbbbbbbbbbbbbbbbbbbbbbbbbbbbbbbbbbbbbbbbbbbbbbbbbbbbbbbbbbbbbbbbbbbbbbbbbbbbbbbbbbbbbbbbbbbbbbbbbbbbbbbbbbbbbbbbbbbbbbbbbbbbbbbbbbbbbbbbbbbbbbbbbbbbbbbbbbbbbbbbbbbbbbbbbbbbbbbbbbbbbbbbbbbbbbbbbbbbbbbbbbbbbbbbbbbbbbbbbbbbbbbbbbbbbbbbbbbbbbbbbbbbbbbbbbbbbbbbbbbbbbbbbbbbbbbbbbbbbbbbbbbbbbbbbbbbbbbbbbbbbbbbbbbbbbbbbbbbbbbbbbbbbbbbbbbbbbbbbbbbbbbbbbbbbbbbbbbbbbbbbbbbbbbbbbbbbbbbbbbbbbbbbbbbbbbbbbbbbbbbbbbbbbbbbbbbbbbbbbbbbbbbbbbbbbbbbbbbbbbbbbbbbbbbbbbbbbbbbbbbbbbbbbbbbbbbbbbbbbbbbbbbbbbbbbbbbbbbbbbbbbbbbbbbbbbbbbbbbbbbbbbbbbbbbbbbbbbbbbbbbbbbbbbbbbbbbbbbbbbbbbbbbbbbbbbbbbbbbbbbbbbbbbbbbbbbbbbbbbbbbbbbbbbbbbbbbbbbbbbbbbbbbbbbbbbbbbbbbbbbbbbbbbbbbbbbbbbbbbbbbbbbbbbbbbbbbbbbbbbbbbbbbbbbbbbbbbbbbbbbbbbbbbbbbbbbbbbbbbbbbbbbbbbbbbbbbbbbbbbbbbbbbbbbbbbbbbbbbbbbbbbbbbbbbbbbbbbbbbbbbbbbbbbbbbbbbbbbbbbbbbbbbbbbbbbbbbbbbbbbbbbbbbbbbbbbbbbbbbbbbbbbbbbbbbbbbbbbbbbbbbbbbbbbbbbbbbbbbbbbbbbbbbbbbbbbbbbbbbbbbbbbbbbbbbbbbbbbbbbbbbbbbbbbbbbbbbbbbbbbbbbbbbbbbbbbbbbbbbbbbbbbbbbbbbbbbbbbbbbbbbbbbbbbbbbbbbbbbbbbbbbbbbbbbbbbbbbbbbbbbbbbbbbbbbbbbbbbbbbbbbbbbbbbbbbbbbbbbbbbbbbbbbbbbbbbbbbbbbbbbbbbbbbbbbbbbbbbbbbbbbbbbbbbbbbbbbbbbbbbbbbbbbbbbbbbbbbbbbbbbbbbbbbbbbbbbbbbbbbbbbbbbbbbbbbbbbbbbbbbbbbbbbbbbbbbbbbbbbbbbbbbbbbbbbbbbbbbbbbbbbbbbbbbbbbbbbbbbbbbbbbbbbbbbbbbbbbbbbbbbbbbbbbbbbbbbbbbbbbbbbbbbbbbbbbbbbbbbbbbbbbbbbbbbbbbbbbbbbbbbbbbbbbbbbbbbbbbbbbbbbbbbbbbbbbbbbbbbbbbbbbbbbbbbbbbbbbbbbbbbbbbbbbbbbbbbbbbbbbbbbbbbbbbbbbbbbbbbbbbbbbbbbbbbbbbbbbbbbbbbbbbbbbbbbbbbbbbbbbbbbbbbbbbbbbbbbbbbbbbbbbbbbbbbbbbbbbbbbbbbbbbbbbbbbbbbbbbbbbbbbbbbbbbbbbbbbbbbbbbbbbbbbbbbbbbbbbbbbbbbbbbbbbbbbbbbbbbbbbbbbbbbbbbbbbbbbbbbbbbbbbbbbbbbbbbbbbbbbbbbbbbbbbbbbbbbbbbbbbbbbbbbbbbbbbbbbbbbbbbbbbbbbbbbbbbbbbbbbbbbbbbbbbbbbbbbbbbbbbbbbbbbbbbbbbbbbbbbbbbbbbbbbbbbbbbbbbbbbbbbbbbbbbbbbbbbbbbbbbbbbbbbbbbbbbbbbbbbbbbbbbbbbbbbbbbbbbbbbbbbbbbbbbbbbbbbbbbbbbbbbbbbbbbbbbbbbbbbbbbbbbbbbbbbbbbbbbbbbbbbbbbbbbbbbbbbbbbbbbbbbbbbbbbbbbbbbbbbbbbbbbbbbbbbbbbbbbbbbbbbbbbbbbbbbbbbbbbbbbbbbbbbbbbbbbbbbbbbbbbbbbbbbbbbbbbbbbbbbbbbbbbbbbbbbbbbbbbbbbbbbbbbbbbbbbbbbbbbbbbbbbbbbbbbbbbbbbbbbbbbbbbbbbbbbbbbbbbbbbbbbbbbbbbbbbbbbbbbbbbbbbbbbbbbbbbbbbbbbbbbbbbbbbbbbbbbbbbbbbbbbbbbbbbbbbbbbbbbbbbbbbbbbbbbbbbbbbbbbbbbbbbbbbbbbbbbbbbbbbbbbbbbbbbbbbbbbbbbbbbbbbbbbbbbbbbbbbbbbbbbbbbbbbbbbbbbbbbbbbbbbbbbbbbbbbbbbbbbbbbbbbbbbbbbbbbbbbbbbbbbbbbbbbbbbbbbbbbbbbbbbbbbbbbbbbbbbbbbbbbbbbbbbbbbbbbbbbbbbbbbbbbbbbbbbbbbbbbbbbbbbbbbbbbbbbbbbbbbbbbbbbbbbbbbbbbbbbbbbbbbbbbbbbbbbbbbbbbbbbbbbbbbbbbbbbbbbbbbbbbbbbbbbbbbbbbbbbbbbbbbbbbbbbbbbbbbbbbbbbbbbbbbbbbbbbbbbbbbbbbbbbbbbbbbbbbbbbbbbbbbbbbbbbbbbbbbbbbbbbbbbbbbbbbbbbbbbbbbbbbbbbbbbbbbbbbbbbbbbbbbbbbbbbbbbbbbbbbbbbbbbbbbbbbbbbbbbbbbbbbbbbbbbbbbbbbbbbbbbbbbbbbbbbbbbbbbbbbbbbbbbbbbbbbbbbbbbbbbbbbbbbbbbbbbbbbbbbbbbbbbbbbbbbbbbbbbbbbbbbbbbbbbbbbbbbbbbbbbbbbbbbbbbbbbbbbbbbbbbbbbbbbbbbbbbbbbbbbbbbbbbbbbbbbbbbbbbbbbbbbbbbbbbbbbbbbbbbbbbbbbbbbbbbbbbbbbbbbbbbbbbbbbbbbbbbbbbbbbbbbbbbbbbbbbbbbbbbbbbbbbbbbbbbbbbbbbbbbbbbbbbbbbbbbbbbbbbbbbbbbbbbbbbbbbbbbbbbbbbbbbbbbbbbbbbbbbbbbbbbbbbbbbbbbbbbbbbbbbbbbbbbbbbbbbbbbbbbbbbbbbbbbbbbbbbbbbbbbbbbbbbbbbbbbbbbbbbbbbbbbbbbbbbbbbbbbbbbbbbbbbbbbbbbbbbbbbbbbbbbbbbbbbbbbbbbbbbbbbbbbbbbbbbbbbbbbbbbbbbbbbbbbbbbbbbbbbbbbbbbbbbbbbbbbbbbbbbbbbbbbbbbbbbbbbbbbbbbbbbbbbbbbbbbbbbbbbbbbbbbbbbbbbbbbbbbbbbbbbbbbbbbbbbbbbbbbbbbbbbbbbbbbbbbbbbbbbbbbbbbbbbbbbbbbbbbbbbbbbbbbbbbbbbbbbbbbbbbbbbbbbbbbbbbbbbbbbbbbbbbbbbbbbbbbbbbbbbbbbbbbbbbbbbbbbbbbbbbbbbbbbbbbbbbbbbbbbbbbbbbbbbbbbbbbbbbbbbbbbbbbbbbbbbbbbbbbbbbbbbbbbbbbbbbbbbbbbbbbbbbbbbbbbbbbbbbbbbbbbbbbbbbbbbbbbbbbbbbbbbbbbbbbbbbbbbbbbbbbbbbbbbbbbbbbbbbbbbbbbbbbbbbbbbbbbbbbbbbbbbbbbbbbbbbbbbbbbbbbbbbbbbbbbbbbbbbbbbbbbbbbbbbbbbbbbbbbbbbbbbbbbbbbbbbbbbbbbbbbbbbbbbbbbbbbbbbbbbbbbbbbbbbbbbbbbbbbbbbbbbbbbbbbbbbbbbbbbbbbbbbbbbbbbbbbbbbbbbbbbbbbbbbbbbbbbbbbbbbbbbbbbbbbbbbbbbbbbbbbbbbbbbbbbbbbbbbbbbbbbbbbbbbbbbbbbbbbbbbbbbbbbbbbbbbbbbbbbbbbbbbbbbbbbbbbbbbbbbbbbbbbbbbbbbbbbbbbbbbbbbbbbbbbbbbbbbbbbbbbbbbbbbbbbbbbbbbbbbbbbbbbbbbbbbbbbbbbbbbbbbbbbbbbbbbbbbbbbbbbbbbbbbbbbbbbbbbbbbbbbbbbbbbbbbbbbbbbbbbbbbbbbbbbbbbbbbbbbbbbbbbbbbbbbbbbbbbbbbbbbbbbbbbbbbbbbbbbbbbbbbbbbbbbbbbbbbbbbbbbbbbbbbbbbbbbbbbbbbbbbbbbbbbbbbbbbbbbbbbbbbbbbbbbbbbbbbbbbbbbbbbbbbbbbbbbbbbbbbbbbbbbbbbbbbbbbbbbbbbbbbbbbbbbbbbbbbbbbbbbbbbbbbbbbbbbbbbbbbbbbbbbbbbbbbbbbbbbbbbbbbbbbbbbbbbbbbbbbbbbbbbbbbbbbbbbbbbbbbbbbbbbbbbbbbbbbbbbbbbbbbbbbbbbbbbbbbbbbbbbbbbbbbbbbbbbbbbbbbbbbbbbbbbbbbbbbbbbbbbbbbbbbbbbbbbbbbbbbbbbbbbbbbbbbbbbbbbbbbbbbbbbbbbbbbbbbbbbbbbbbbbbbbbbbbbbbbbbbbbbbbbbbbbbbbbbbbbbbbbbbbbbbbbbbbbbbbbbbbbbbbbbbbbbbbbbbbbbbbbbbbbbbbbbbbbbbbbbbbbbbbbbbbbbbbbbbbbbbbbbbbbbbbbbbbbbbbbbbbbbbbbbbbbbbbbbbbbbbbbbbbbbbbbbbbbbbbbbbbbbbbbbbbbbbbbbbbbbbbbbbbbbbbbbbbbbbbbbbbbbbbbbbbbbbbbbbbbbbbbbbbbbbbbbbbbbbbbbbbbbbbbbbbbbbbbbbbbbbbbbbbbbbbbbbbbbbbbbbbbbbbbbbbbbbbbbbbbbbbbbbbbbbbbbbbbbbbbbbbbbbbbbbbbbbbbbbbbbbbbbbbbbbbbbbbbbbbbbbbbbbbbbbbbbbbbbbbbbbbbbbbbbbbbbbbbbbbbbbbbbbbbbbbbbbbbbbbbbbbbbbbbbbbbbbbbbbbbbbbbbbbbbbbbbbbbbbbbbbbbbbbbbbbbbbbbbbbbbbbbbbbbbbbbbbbbbbbbbbbbbbbbbbbbbbbbbbbbbbbbbbbbbbbbbbbbbbbbbbbbbbbbbbbbbbbbbbbbbbbbbbbbbbbbbbbbbbbbbbbbbbbbbbbbbbbbbbbbbbbbbbbbbbbbbbbbbbbbbbbbbbbbbbbbbbbbbbbbbbbbbbbbbbbbbbbbbbbbbbbbbbbbbbbbbbbbbbbbbbbbbbbbbbbbbbbbbbbbbbbbbbbbbbbbbbbbbbbbbbbbbbbbbbbbbbbbbbbbbbbbbbbbbbbbbbbbbbbbbbbbbbbbbbbbbbbbbbbbbbbbbbbbbbbbbbbbbbbbbbbbbbbbbbbbbbbbbbbbbbbbbbbbbbbbbbbbbbbbbbbbbbbbbbbbbbbbbbbbbbbbbbbbbbbbbbbbbbbbbbbbbbbbbbbbbbbbbbbbbbbbbbbbbbbbbbbbbbbbbbbbbbbbbbbbbbbbbbbbbbbbbbbbbbbbbbbbbbbbbbbbbbbbbbbbbbbbbbbbbbbbbbbbbbbbbbbbbbbbbbbbbbbbbbbbbbbbbbbbbbbbbbbbbbbbbbbbbbbbbbbbbbbbbbbbbbbbbbbbbbbbbbbbbbbbbbbbbbbbbbbbbbbbbbbbbbbbbbbbbbbbbbbbbbbbbbbbbbbbbbbbbbbbbbbbbbbbbbbbbbbbbbbbbbbbbbbbbbbbbbbbbbbbbbbbbbbbbbbbbbbbbbbbbbbbbbbbbbbbbbbbbbbbbbbbbbbbbbbbbbbbbbbbbbbbbbbbbbbbbbbbbbbbbbbbbbbbbbbbbbbbbbbbbbbbbbbbbbbbbbbbbbbbbbbbbbbbbbbbbbbbbbbbbbbbbbbbbbbbbbbbbbbbbbbbbbbbbbbbbbbbbbbbbbbbbbbbbbbbbbbbbbbbbbbbbbbbbbbbbbbbbbbbbbbbbbbbbbbbbbbbbbbbbbbbbbbbbbbbbbbbbbbbbbbbbbbbbbbbbbbbbbbbbbbbbbbbbbbbbbbbbbbbbbbbbbbbbbbbbbbbbbbbbbbbbbbbbbbbbbbbbbbbbbbbbbbbbbbbbbbbbbbbbbbbbbbbbbbbbbbbbbbbbbbbbbbbbbbbbbbbbbbbbbbbbbbbbbbbbbbbbbbbbbbbbbbbbbbbbbbbbbbbbbbbbbbbbbbbbbbbbbbbbbbbbbbbbbbbbbbbbbbbbbbbbbbbbbbbbbbbbbbbbbbbbbbbbbbbbbbbbbbbbbbbbbbbbbbbbbbbbbbbbbbbbbbbbbbbbbbbbbbbbbbbbbbbbbbbbbbbbbbbbbbbbbbbbbbbbbbbbbbbbbbbbbbbbbbbbbbbbbbbbbbbbbbbbbbbbbbbbbbbbbbbbbbbbbbbbbbbbbbbbbbbbbbbbbbbbbbbbbbbbbbbbbbbbbbbbbbbbbbbbbbbbbbbbbbbbbbbbbbbbbbbbbbbbbbbbbbbbbbbbbbbbbbbbbbbbbbbbbbbbbbbbbbbbbbbbbbbbbbbbbbbbbbbbbbbbbbbbbbbbbbbbbbbbbbbbbbbbbbbbbbbbbbbbbbbbbbbbbbbbbbbbbbbbbbbbbbbbbbbbbbbbbbbbbbbbbbbbbbbbbbbbbbbbbbbbbbbbbbbbbbbbbbbbbbbbbbbbbbbbbbbbbbbbbbbbbbbbbbbbbbbbbbbbbbbbbbbbbbbbbbbbbbbbbbbbbbbbbbbbbbbbbbbbbbbbbbbbbbbbbbbbbbbbbbbbbbbbbbbbbbbbbbbbbbbbbbbbbbbbbbbbbbbbbbbbbbbbbbbbbbbbbbbbbbbbbbbbbbbbbbbbbbbbbbbbbbbbbbbbbbbbbbbbbbbbbbbbbbbbbbbbbbbbbbbbbbbbbbbbbbbbbbbbbbbbbbbbbbbbbbbbbbbbbbbbbbbbbbbbbbbbbbbbbbbbbbbbbbbbbbbbbbbbbbbbbbbbbbbbbbbbbbbbbbbbbbbbbbbbbbbbbbbbbbbbbbbbbbbbbbbbbbbbbbbbbbbbbbbbbbbbbbbbbbbbbbbbbbbbbbbbbbbbbbbbbbbbbbbbbbbbbbbbbbbbbbbbbbbbbbbbbbbbbbbbbbbbbbbbbbbbbbbbbbbbbbbbbbbbbbbbbbbbbbbbbbbbbbbbbbbbbbbbbbbbbbbbbbbbbbbbbbbbbbbbbbbbbbbbbbbbbbbbbbbbbbbbbbbbbbbbbbbbbbbbbbbbbbbbbbbbbbbbbbbbbbbbbbbbbbbbbbbbbbbbbbbbbbbbbbbbbbbbbbbbbbbbbbbbbbbbbbbbbbbbbbbbbbbbbbbbbbbbbbbbbbbbbbbbbbbbbbbbbbbbbbbbbbbbbbbbbbbbbbbbbbbbbbbbbbbbbbbbbbbbbbbbbbbbbbbbbbbbbbbbbbbbbbbbbbbbbbbbbbbbbbbbbbbbbbbbbbbbbbbbbbbbbbbbbbbbbbbbbbbbbbbbbbbbbbbbbbbbbbbbbbbbbbbbbbbbbbbbbb'[39m... 40016 more characters,
  user_role: [32m'mechanic'[39m,
  email: [32m'john.doe@example.com'[39m,
  phone_number: [32m'+1234567890'[39m,
  is_active: [33mtrue[39m,
  created_at: [32m'2026-01-16T16:33:18.725Z'[39m,
  updated_at: [32m'2026-01-16T16:33:18.725Z'[39m
}

[90mstdout[2m | tests/api/employees/security.test.ts[2m > [22m[2mPOST /api/employees - Security Tests[2m > [22m[2mBuffer Overflow Attempts[2m > [22m[2mshould handle very long lastName (50,000 characters)
[22m[39mUser created successfully: { userUid: [32m'95268ab3-2398-4d93-8084-57ef0964b862'[39m }
Inserting auth data...

[90mstdout[2m | tests/api/employees/security.test.ts[2m > [22m[2mPOST /api/employees - Security Tests[2m > [22m[2mBuffer Overflow Attempts[2m > [22m[2mshould handle very long lastName (50,000 characters)
[22m[39mAuth record created successfully

[90mstdout[2m | tests/api/employees/edge-cases.test.ts[2m > [22m[2mPOST /api/employees - Edge Cases Tests[2m > [22m[2mSpecial Character Processing[2m > [22m[2mshould process garage name with numbers
[22m[39mUser created successfully: { userUid: [32m'3c1478ec-b273-49b7-a44b-2ca6fd6ba608'[39m }
Inserting auth data...

[90mstdout[2m | tests/api/employees/edge-cases.test.ts[2m > [22m[2mPOST /api/employees - Edge Cases Tests[2m > [22m[2mSpecial Character Processing[2m > [22m[2mshould process garage name with numbers
[22m[39mAuth record created successfully

[90mstdout[2m | tests/api/employees/edge-cases.test.ts[2m > [22m[2mPOST /api/employees - Edge Cases Tests[2m > [22m[2mSpecial Character Processing[2m > [22m[2mshould process garage name with multiple words
[22m[39mFetching parent user details for UID: 123e4567-e89b-12d3-a456-426614174000

[90mstdout[2m | tests/api/employees/edge-cases.test.ts[2m > [22m[2mPOST /api/employees - Edge Cases Tests[2m > [22m[2mSpecial Character Processing[2m > [22m[2mshould process garage name with multiple words
[22m[39mParent user data: {
  garageUid: [32m'garage-uid-123'[39m,
  garageId: [32m'GARAGE001'[39m,
  garageName: [32m'The Best Garage in Town'[39m
}
Generated login ID: john.doe@thebestgarageintown

[90mstdout[2m | tests/api/employees/edge-cases.test.ts[2m > [22m[2mPOST /api/employees - Edge Cases Tests[2m > [22m[2mSpecial Character Processing[2m > [22m[2mshould process garage name with multiple words
[22m[39mInserting new user data: {
  user_uid: [32m'***'[39m,
  garage_uid: [32m'garage-uid-123'[39m,
  garage_id: [32m'GARAGE001'[39m,
  garage_name: [32m'The Best Garage in Town'[39m,
  first_name: [32m'John'[39m,
  last_name: [32m'Doe'[39m,
  login_id: [32m'john.doe@thebestgarageintown'[39m,
  user_role: [32m'mechanic'[39m,
  email: [32m'john.doe@example.com'[39m,
  phone_number: [32m'+1234567890'[39m,
  is_active: [33mtrue[39m,
  created_at: [32m'2026-01-16T16:33:18.725Z'[39m,
  updated_at: [32m'2026-01-16T16:33:18.725Z'[39m
}

[90mstdout[2m | tests/api/employees/edge-cases.test.ts[2m > [22m[2mPOST /api/employees - Edge Cases Tests[2m > [22m[2mSpecial Character Processing[2m > [22m[2mshould process garage name with multiple words
[22m[39mUser created successfully: { userUid: [32m'eef01130-e238-49ae-8801-2a231955e306'[39m }
Inserting auth data...

[90mstdout[2m | tests/api/employees/edge-cases.test.ts[2m > [22m[2mPOST /api/employees - Edge Cases Tests[2m > [22m[2mSpecial Character Processing[2m > [22m[2mshould process garage name with multiple words
[22m[39mAuth record created successfully

[90mstdout[2m | tests/api/employees/edge-cases.test.ts[2m > [22m[2mPOST /api/employees - Edge Cases Tests[2m > [22m[2mPhone Number Edge Cases[2m > [22m[2mshould handle exactly 10 digit phone number
[22m[39mFetching parent user details for UID: 123e4567-e89b-12d3-a456-426614174000

[90mstdout[2m | tests/api/employees/edge-cases.test.ts[2m > [22m[2mPOST /api/employees - Edge Cases Tests[2m > [22m[2mPhone Number Edge Cases[2m > [22m[2mshould handle exactly 10 digit phone number
[22m[39mParent user data: {
  garageUid: [32m'garage-uid-123'[39m,
  garageId: [32m'GARAGE001'[39m,
  garageName: [32m'Test Garage'[39m
}
Generated login ID: john.doe@testgarage

[90mstdout[2m | tests/api/employees/edge-cases.test.ts[2m > [22m[2mPOST /api/employees - Edge Cases Tests[2m > [22m[2mPhone Number Edge Cases[2m > [22m[2mshould handle exactly 10 digit phone number
[22m[39mInserting new user data: {
  user_uid: [32m'***'[39m,
  garage_uid: [32m'garage-uid-123'[39m,
  garage_id: [32m'GARAGE001'[39m,
  garage_name: [32m'Test Garage'[39m,
  first_name: [32m'John'[39m,
  last_name: [32m'Doe'[39m,
  login_id: [32m'john.doe@testgarage'[39m,
  user_role: [32m'mechanic'[39m,
  email: [32m'john.doe@example.com'[39m,
  phone_number: [32m'1234567890'[39m,
  is_active: [33mtrue[39m,
  created_at: [32m'2026-01-16T16:33:18.726Z'[39m,
  updated_at: [32m'2026-01-16T16:33:18.726Z'[39m
}

[90mstdout[2m | tests/api/employees/edge-cases.test.ts[2m > [22m[2mPOST /api/employees - Edge Cases Tests[2m > [22m[2mPhone Number Edge Cases[2m > [22m[2mshould handle exactly 10 digit phone number
[22m[39mUser created successfully: { userUid: [32m'fdcd1961-142b-44f9-8cf1-1cfe675341a5'[39m }
Inserting auth data...

[90mstdout[2m | tests/api/employees/edge-cases.test.ts[2m > [22m[2mPOST /api/employees - Edge Cases Tests[2m > [22m[2mPhone Number Edge Cases[2m > [22m[2mshould handle exactly 10 digit phone number
[22m[39mAuth record created successfully

[90mstdout[2m | tests/api/employees/security.test.ts[2m > [22m[2mPOST /api/employees - Security Tests[2m > [22m[2mBuffer Overflow Attempts[2m > [22m[2mshould handle very long email (causes validation failure)
[22m[39mFetching parent user details for UID: 123e4567-e89b-12d3-a456-426614174000

[90mstdout[2m | tests/api/employees/edge-cases.test.ts[2m > [22m[2mPOST /api/employees - Edge Cases Tests[2m > [22m[2mPhone Number Edge Cases[2m > [22m[2mshould handle phone number with leading zeros
[22m[39mFetching parent user details for UID: 123e4567-e89b-12d3-a456-426614174000

[90mstdout[2m | tests/api/employees/edge-cases.test.ts[2m > [22m[2mPOST /api/employees - Edge Cases Tests[2m > [22m[2mPhone Number Edge Cases[2m > [22m[2mshould handle phone number with leading zeros
[22m[39mParent user data: {
  garageUid: [32m'garage-uid-123'[39m,
  garageId: [32m'GARAGE001'[39m,
  garageName: [32m'Test Garage'[39m
}
Generated login ID: john.doe@testgarage

[90mstdout[2m | tests/api/employees/edge-cases.test.ts[2m > [22m[2mPOST /api/employees - Edge Cases Tests[2m > [22m[2mPhone Number Edge Cases[2m > [22m[2mshould handle phone number with leading zeros
[22m[39mInserting new user data: {
  user_uid: [32m'***'[39m,
  garage_uid: [32m'garage-uid-123'[39m,
  garage_id: [32m'GARAGE001'[39m,
  garage_name: [32m'Test Garage'[39m,
  first_name: [32m'John'[39m,
  last_name: [32m'Doe'[39m,
  login_id: [32m'john.doe@testgarage'[39m,
  user_role: [32m'mechanic'[39m,
  email: [32m'john.doe@example.com'[39m,
  phone_number: [32m'001234567890'[39m,
  is_active: [33mtrue[39m,
  created_at: [32m'2026-01-16T16:33:18.727Z'[39m,
  updated_at: [32m'2026-01-16T16:33:18.727Z'[39m
}

[90mstdout[2m | tests/api/employees/edge-cases.test.ts[2m > [22m[2mPOST /api/employees - Edge Cases Tests[2m > [22m[2mPhone Number Edge Cases[2m > [22m[2mshould handle phone number with leading zeros
[22m[39mUser created successfully: { userUid: [32m'9b5123b4-2d6c-46c6-a588-f9f3f26cae46'[39m }
Inserting auth data...

[90mstdout[2m | tests/api/employees/edge-cases.test.ts[2m > [22m[2mPOST /api/employees - Edge Cases Tests[2m > [22m[2mPhone Number Edge Cases[2m > [22m[2mshould handle phone number with leading zeros
[22m[39mAuth record created successfully

[90mstdout[2m | tests/api/employees/security.test.ts[2m > [22m[2mPOST /api/employees - Security Tests[2m > [22m[2mNoSQL Injection Attempts[2m > [22m[2mshould handle NoSQL injection in firstName
[22m[39mFetching parent user details for UID: 123e4567-e89b-12d3-a456-426614174000

[90mstdout[2m | tests/api/employees/security.test.ts[2m > [22m[2mPOST /api/employees - Security Tests[2m > [22m[2mNoSQL Injection Attempts[2m > [22m[2mshould handle NoSQL injection in firstName
[22m[39mParent user data: {
  garageUid: [32m'garage-uid-123'[39m,
  garageId: [32m'GARAGE001'[39m,
  garageName: [32m'Test Garage'[39m
}
Generated login ID: {"$ne":null}.doe@testgarage

[90mstdout[2m | tests/api/employees/security.test.ts[2m > [22m[2mPOST /api/employees - Security Tests[2m > [22m[2mNoSQL Injection Attempts[2m > [22m[2mshould handle NoSQL injection in firstName
[22m[39mInserting new user data: {
  user_uid: [32m'***'[39m,
  garage_uid: [32m'garage-uid-123'[39m,
  garage_id: [32m'GARAGE001'[39m,
  garage_name: [32m'Test Garage'[39m,
  first_name: [32m'{"$ne": null}'[39m,
  last_name: [32m'Doe'[39m,
  login_id: [32m'{"$ne":null}.doe@testgarage'[39m,
  user_role: [32m'mechanic'[39m,
  email: [32m'john.doe@example.com'[39m,
  phone_number: [32m'+1234567890'[39m,
  is_active: [33mtrue[39m,
  created_at: [32m'2026-01-16T16:33:18.728Z'[39m,
  updated_at: [32m'2026-01-16T16:33:18.728Z'[39m
}

[90mstdout[2m | tests/api/employees/security.test.ts[2m > [22m[2mPOST /api/employees - Security Tests[2m > [22m[2mNoSQL Injection Attempts[2m > [22m[2mshould handle NoSQL injection in firstName
[22m[39mUser created successfully: { userUid: [32m'31ac8b2e-182f-43c6-93a3-12dd88685d5e'[39m }
Inserting auth data...

[90mstdout[2m | tests/api/employees/security.test.ts[2m > [22m[2mPOST /api/employees - Security Tests[2m > [22m[2mNoSQL Injection Attempts[2m > [22m[2mshould handle NoSQL injection in firstName
[22m[39mAuth record created successfully

[90mstdout[2m | tests/api/employees/security.test.ts[2m > [22m[2mPOST /api/employees - Security Tests[2m > [22m[2mLDAP Injection Attempts[2m > [22m[2mshould handle LDAP injection in firstName
[22m[39mFetching parent user details for UID: 123e4567-e89b-12d3-a456-426614174000

[90mstdout[2m | tests/api/employees/edge-cases.test.ts[2m > [22m[2mPOST /api/employees - Edge Cases Tests[2m > [22m[2mTimestamp Issues[2m > [22m[2mshould handle timezone variations in timestamps
[22m[39mFetching parent user details for UID: 123e4567-e89b-12d3-a456-426614174000

[90mstdout[2m | tests/api/employees/edge-cases.test.ts[2m > [22m[2mPOST /api/employees - Edge Cases Tests[2m > [22m[2mTimestamp Issues[2m > [22m[2mshould handle timezone variations in timestamps
[22m[39mParent user data: {
  garageUid: [32m'garage-uid-123'[39m,
  garageId: [32m'GARAGE001'[39m,
  garageName: [32m'Test Garage'[39m
}
Generated login ID: john.doe@testgarage

[90mstdout[2m | tests/api/employees/security.test.ts[2m > [22m[2mPOST /api/employees - Security Tests[2m > [22m[2mLDAP Injection Attempts[2m > [22m[2mshould handle LDAP injection in firstName
[22m[39mParent user data: {
  garageUid: [32m'garage-uid-123'[39m,
  garageId: [32m'GARAGE001'[39m,
  garageName: [32m'Test Garage'[39m
}
Generated login ID: *)(uid=*.doe@testgarage

[90mstdout[2m | tests/api/employees/edge-cases.test.ts[2m > [22m[2mPOST /api/employees - Edge Cases Tests[2m > [22m[2mTimestamp Issues[2m > [22m[2mshould handle timezone variations in timestamps
[22m[39mInserting new user data: {
  user_uid: [32m'***'[39m,
  garage_uid: [32m'garage-uid-123'[39m,
  garage_id: [32m'GARAGE001'[39m,
  garage_name: [32m'Test Garage'[39m,
  first_name: [32m'John'[39m,
  last_name: [32m'Doe'[39m,
  login_id: [32m'john.doe@testgarage'[39m,
  user_role: [32m'mechanic'[39m,
  email: [32m'john.doe@example.com'[39m,
  phone_number: [32m'+1234567890'[39m,
  is_active: [33mtrue[39m,
  created_at: [32m'2026-01-16T16:33:18.729Z'[39m,
  updated_at: [32m'2026-01-16T16:33:18.729Z'[39m
}

[90mstdout[2m | tests/api/employees/edge-cases.test.ts[2m > [22m[2mPOST /api/employees - Edge Cases Tests[2m > [22m[2mTimestamp Issues[2m > [22m[2mshould handle timezone variations in timestamps
[22m[39mUser created successfully: { userUid: [32m'e6397594-4767-4cdf-a181-388fe95c608a'[39m }
Inserting auth data...

[90mstdout[2m | tests/api/employees/edge-cases.test.ts[2m > [22m[2mPOST /api/employees - Edge Cases Tests[2m > [22m[2mTimestamp Issues[2m > [22m[2mshould handle timezone variations in timestamps
[22m[39mAuth record created successfully

[90mstdout[2m | tests/api/employees/security.test.ts[2m > [22m[2mPOST /api/employees - Security Tests[2m > [22m[2mLDAP Injection Attempts[2m > [22m[2mshould handle LDAP injection in firstName
[22m[39mInserting new user data: {
  user_uid: [32m'***'[39m,
  garage_uid: [32m'garage-uid-123'[39m,
  garage_id: [32m'GARAGE001'[39m,
  garage_name: [32m'Test Garage'[39m,
  first_name: [32m'*)(uid=*'[39m,
  last_name: [32m'Doe'[39m,
  login_id: [32m'*)(uid=*.doe@testgarage'[39m,
  user_role: [32m'mechanic'[39m,
  email: [32m'john.doe@example.com'[39m,
  phone_number: [32m'+1234567890'[39m,
  is_active: [33mtrue[39m,
  created_at: [32m'2026-01-16T16:33:18.729Z'[39m,
  updated_at: [32m'2026-01-16T16:33:18.729Z'[39m
}

[90mstdout[2m | tests/api/employees/security.test.ts[2m > [22m[2mPOST /api/employees - Security Tests[2m > [22m[2mLDAP Injection Attempts[2m > [22m[2mshould handle LDAP injection in firstName
[22m[39mUser created successfully: { userUid: [32m'b739db5d-68ef-4a4b-a306-934875a3f133'[39m }
Inserting auth data...

[90mstdout[2m | tests/api/employees/security.test.ts[2m > [22m[2mPOST /api/employees - Security Tests[2m > [22m[2mLDAP Injection Attempts[2m > [22m[2mshould handle LDAP injection in firstName
[22m[39mAuth record created successfully

[90mstdout[2m | tests/api/employees/edge-cases.test.ts[2m > [22m[2mPOST /api/employees - Edge Cases Tests[2m > [22m[2mGarage Name Edge Cases[2m > [22m[2mshould handle empty garage name in parent user
[22m[39mFetching parent user details for UID: 123e4567-e89b-12d3-a456-426614174000

[90mstdout[2m | tests/api/employees/edge-cases.test.ts[2m > [22m[2mPOST /api/employees - Edge Cases Tests[2m > [22m[2mGarage Name Edge Cases[2m > [22m[2mshould handle empty garage name in parent user
[22m[39mParent user data: { garageUid: [32m'garage-uid-123'[39m, garageId: [32m'GARAGE001'[39m, garageName: [32m''[39m }
Generated login ID: john.doe@

[90mstdout[2m | tests/api/employees/edge-cases.test.ts[2m > [22m[2mPOST /api/employees - Edge Cases Tests[2m > [22m[2mGarage Name Edge Cases[2m > [22m[2mshould handle empty garage name in parent user
[22m[39mInserting new user data: {
  user_uid: [32m'***'[39m,
  garage_uid: [32m'garage-uid-123'[39m,
  garage_id: [32m'GARAGE001'[39m,
  garage_name: [32m''[39m,
  first_name: [32m'John'[39m,
  last_name: [32m'Doe'[39m,
  login_id: [32m'john.doe@'[39m,
  user_role: [32m'mechanic'[39m,
  email: [32m'john.doe@example.com'[39m,
  phone_number: [32m'+1234567890'[39m,
  is_active: [33mtrue[39m,
  created_at: [32m'2026-01-16T16:33:18.730Z'[39m,
  updated_at: [32m'2026-01-16T16:33:18.730Z'[39m
}

[90mstdout[2m | tests/api/employees/edge-cases.test.ts[2m > [22m[2mPOST /api/employees - Edge Cases Tests[2m > [22m[2mGarage Name Edge Cases[2m > [22m[2mshould handle empty garage name in parent user
[22m[39mUser created successfully: { userUid: [32m'16b4e7f0-b068-46dc-b4fe-0e8d957df301'[39m }
Inserting auth data...

[90mstdout[2m | tests/api/employees/edge-cases.test.ts[2m > [22m[2mPOST /api/employees - Edge Cases Tests[2m > [22m[2mGarage Name Edge Cases[2m > [22m[2mshould handle empty garage name in parent user
[22m[39mAuth record created successfully

[90mstdout[2m | tests/api/employees/security.test.ts[2m > [22m[2mPOST /api/employees - Security Tests[2m > [22m[2mInformation Disclosure[2m > [22m[2mshould leak database structure in error messages (VULNERABILITY)
[22m[39mFetching parent user details for UID: 123e4567-e89b-12d3-a456-426614174000

[90mstdout[2m | tests/api/employees/security.test.ts[2m > [22m[2mPOST /api/employees - Security Tests[2m > [22m[2mInformation Disclosure[2m > [22m[2mshould leak database structure in error messages (VULNERABILITY)
[22m[39mParent user data: {
  garageUid: [32m'garage-uid-123'[39m,
  garageId: [32m'GARAGE001'[39m,
  garageName: [32m'Test Garage'[39m
}
Generated login ID: john.doe@testgarage

[90mstdout[2m | tests/api/employees/security.test.ts[2m > [22m[2mPOST /api/employees - Security Tests[2m > [22m[2mInformation Disclosure[2m > [22m[2mshould leak database structure in error messages (VULNERABILITY)
[22m[39mInserting new user data: {
  user_uid: [32m'***'[39m,
  garage_uid: [32m'garage-uid-123'[39m,
  garage_id: [32m'GARAGE001'[39m,
  garage_name: [32m'Test Garage'[39m,
  first_name: [32m'John'[39m,
  last_name: [32m'Doe'[39m,
  login_id: [32m'john.doe@testgarage'[39m,
  user_role: [32m'mechanic'[39m,
  email: [32m'john.doe@example.com'[39m,
  phone_number: [32m'+1234567890'[39m,
  is_active: [33mtrue[39m,
  created_at: [32m'2026-01-16T16:33:18.730Z'[39m,
  updated_at: [32m'2026-01-16T16:33:18.730Z'[39m
}

[90mstdout[2m | tests/api/employees/edge-cases.test.ts[2m > [22m[2mPOST /api/employees - Edge Cases Tests[2m > [22m[2mGarage Name Edge Cases[2m > [22m[2mshould handle garage name with only special characters
[22m[39mFetching parent user details for UID: 123e4567-e89b-12d3-a456-426614174000

[90mstdout[2m | tests/api/employees/edge-cases.test.ts[2m > [22m[2mPOST /api/employees - Edge Cases Tests[2m > [22m[2mGarage Name Edge Cases[2m > [22m[2mshould handle garage name with only special characters
[22m[39mParent user data: {
  garageUid: [32m'garage-uid-123'[39m,
  garageId: [32m'GARAGE001'[39m,
  garageName: [32m'!@#$%'[39m
}
Generated login ID: john.doe@!@#$%

[90mstdout[2m | tests/api/employees/edge-cases.test.ts[2m > [22m[2mPOST /api/employees - Edge Cases Tests[2m > [22m[2mGarage Name Edge Cases[2m > [22m[2mshould handle garage name with only special characters
[22m[39mInserting new user data: {
  user_uid: [32m'***'[39m,
  garage_uid: [32m'garage-uid-123'[39m,
  garage_id: [32m'GARAGE001'[39m,
  garage_name: [32m'!@#$%'[39m,
  first_name: [32m'John'[39m,
  last_name: [32m'Doe'[39m,
  login_id: [32m'john.doe@!@#$%'[39m,
  user_role: [32m'mechanic'[39m,
  email: [32m'john.doe@example.com'[39m,
  phone_number: [32m'+1234567890'[39m,
  is_active: [33mtrue[39m,
  created_at: [32m'2026-01-16T16:33:18.730Z'[39m,
  updated_at: [32m'2026-01-16T16:33:18.730Z'[39m
}

[90mstdout[2m | tests/api/employees/edge-cases.test.ts[2m > [22m[2mPOST /api/employees - Edge Cases Tests[2m > [22m[2mGarage Name Edge Cases[2m > [22m[2mshould handle garage name with only special characters
[22m[39mUser created successfully: { userUid: [32m'0f7070fd-86c5-42c7-8997-6b8fff50c6f2'[39m }
Inserting auth data...

[90mstdout[2m | tests/api/employees/edge-cases.test.ts[2m > [22m[2mPOST /api/employees - Edge Cases Tests[2m > [22m[2mGarage Name Edge Cases[2m > [22m[2mshould handle garage name with only special characters
[22m[39mAuth record created successfully

[90mstdout[2m | tests/api/employees/edge-cases.test.ts[2m > [22m[2mPOST /api/employees - Edge Cases Tests[2m > [22m[2mDatabase Constraint Violations[2m > [22m[2mshould handle duplicate email in database (if constraint exists)
[22m[39mFetching parent user details for UID: 123e4567-e89b-12d3-a456-426614174000

[90mstdout[2m | tests/api/employees/edge-cases.test.ts[2m > [22m[2mPOST /api/employees - Edge Cases Tests[2m > [22m[2mDatabase Constraint Violations[2m > [22m[2mshould handle duplicate email in database (if constraint exists)
[22m[39mParent user data: {
  garageUid: [32m'garage-uid-123'[39m,
  garageId: [32m'GARAGE001'[39m,
  garageName: [32m'Test Garage'[39m
}
Generated login ID: john.doe@testgarage

[90mstdout[2m | tests/api/employees/edge-cases.test.ts[2m > [22m[2mPOST /api/employees - Edge Cases Tests[2m > [22m[2mDatabase Constraint Violations[2m > [22m[2mshould handle duplicate email in database (if constraint exists)
[22m[39mInserting new user data: {
  user_uid: [32m'***'[39m,
  garage_uid: [32m'garage-uid-123'[39m,
  garage_id: [32m'GARAGE001'[39m,
  garage_name: [32m'Test Garage'[39m,
  first_name: [32m'John'[39m,
  last_name: [32m'Doe'[39m,
  login_id: [32m'john.doe@testgarage'[39m,
  user_role: [32m'mechanic'[39m,
  email: [32m'existing@example.com'[39m,
  phone_number: [32m'+1234567890'[39m,
  is_active: [33mtrue[39m,
  created_at: [32m'2026-01-16T16:33:18.731Z'[39m,
  updated_at: [32m'2026-01-16T16:33:18.731Z'[39m
}

[90mstdout[2m | tests/api/employees/edge-cases.test.ts[2m > [22m[2mPOST /api/employees - Edge Cases Tests[2m > [22m[2mDatabase Constraint Violations[2m > [22m[2mshould handle duplicate email in database (if constraint exists)
[22m[39mUser created successfully: { userUid: [32m'9b4f0e82-6d57-4e44-82ba-d9ce086e2f4b'[39m }
Inserting auth data...

[90mstdout[2m | tests/api/employees/edge-cases.test.ts[2m > [22m[2mPOST /api/employees - Edge Cases Tests[2m > [22m[2mTransaction Rollback Scenarios[2m > [22m[2mshould rollback user insert when auth insert fails
[22m[39mFetching parent user details for UID: 123e4567-e89b-12d3-a456-426614174000

[90mstdout[2m | tests/api/employees/edge-cases.test.ts[2m > [22m[2mPOST /api/employees - Edge Cases Tests[2m > [22m[2mTransaction Rollback Scenarios[2m > [22m[2mshould rollback user insert when auth insert fails
[22m[39mParent user data: {
  garageUid: [32m'garage-uid-123'[39m,
  garageId: [32m'GARAGE001'[39m,
  garageName: [32m'Test Garage'[39m
}
Generated login ID: john.doe@testgarage

[90mstdout[2m | tests/api/employees/security.test.ts[2m > [22m[2mPOST /api/employees - Security Tests[2m > [22m[2mAuthentication and Authorization[2m > [22m[2mshould allow requests without authentication (VULNERABILITY)
[22m[39mFetching parent user details for UID: 123e4567-e89b-12d3-a456-426614174000

[90mstdout[2m | tests/api/employees/edge-cases.test.ts[2m > [22m[2mPOST /api/employees - Edge Cases Tests[2m > [22m[2mTransaction Rollback Scenarios[2m > [22m[2mshould rollback user insert when auth insert fails
[22m[39mInserting new user data: {
  user_uid: [32m'***'[39m,
  garage_uid: [32m'garage-uid-123'[39m,
  garage_id: [32m'GARAGE001'[39m,
  garage_name: [32m'Test Garage'[39m,
  first_name: [32m'John'[39m,
  last_name: [32m'Doe'[39m,
  login_id: [32m'john.doe@testgarage'[39m,
  user_role: [32m'mechanic'[39m,
  email: [32m'john.doe@example.com'[39m,
  phone_number: [32m'+1234567890'[39m,
  is_active: [33mtrue[39m,
  created_at: [32m'2026-01-16T16:33:18.732Z'[39m,
  updated_at: [32m'2026-01-16T16:33:18.732Z'[39m
}

[90mstdout[2m | tests/api/employees/edge-cases.test.ts[2m > [22m[2mPOST /api/employees - Edge Cases Tests[2m > [22m[2mTransaction Rollback Scenarios[2m > [22m[2mshould rollback user insert when auth insert fails
[22m[39mUser created successfully: { userUid: [32m'81f1dfcd-0129-4be7-8809-611f68f14ab0'[39m }
Inserting auth data...

[90mstdout[2m | tests/api/employees/security.test.ts[2m > [22m[2mPOST /api/employees - Security Tests[2m > [22m[2mAuthentication and Authorization[2m > [22m[2mshould allow requests without authentication (VULNERABILITY)
[22m[39mParent user data: {
  garageUid: [32m'garage-uid-123'[39m,
  garageId: [32m'GARAGE001'[39m,
  garageName: [32m'Test Garage'[39m
}
Generated login ID: john.doe@testgarage

[90mstdout[2m | tests/api/employees/security.test.ts[2m > [22m[2mPOST /api/employees - Security Tests[2m > [22m[2mAuthentication and Authorization[2m > [22m[2mshould allow requests without authentication (VULNERABILITY)
[22m[39mInserting new user data: {
  user_uid: [32m'***'[39m,
  garage_uid: [32m'garage-uid-123'[39m,
  garage_id: [32m'GARAGE001'[39m,
  garage_name: [32m'Test Garage'[39m,
  first_name: [32m'John'[39m,
  last_name: [32m'Doe'[39m,
  login_id: [32m'john.doe@testgarage'[39m,
  user_role: [32m'mechanic'[39m,
  email: [32m'john.doe@example.com'[39m,
  phone_number: [32m'+1234567890'[39m,
  is_active: [33mtrue[39m,
  created_at: [32m'2026-01-16T16:33:18.732Z'[39m,
  updated_at: [32m'2026-01-16T16:33:18.732Z'[39m
}

[90mstdout[2m | tests/api/employees/security.test.ts[2m > [22m[2mPOST /api/employees - Security Tests[2m > [22m[2mAuthentication and Authorization[2m > [22m[2mshould allow requests without authentication (VULNERABILITY)
[22m[39mUser created successfully: { userUid: [32m'5bbff655-60c7-4399-8bd6-d362d8a4a1c5'[39m }
Inserting auth data...

[90mstdout[2m | tests/api/employees/security.test.ts[2m > [22m[2mPOST /api/employees - Security Tests[2m > [22m[2mAuthentication and Authorization[2m > [22m[2mshould allow requests without authentication (VULNERABILITY)
[22m[39mAuth record created successfully

[90mstdout[2m | tests/api/employees/edge-cases.test.ts[2m > [22m[2mPOST /api/employees - Edge Cases Tests[2m > [22m[2mTransaction Rollback Scenarios[2m > [22m[2mshould handle rollback failure
[22m[39mFetching parent user details for UID: 123e4567-e89b-12d3-a456-426614174000

[90mstdout[2m | tests/api/employees/edge-cases.test.ts[2m > [22m[2mPOST /api/employees - Edge Cases Tests[2m > [22m[2mTransaction Rollback Scenarios[2m > [22m[2mshould handle rollback failure
[22m[39mParent user data: {
  garageUid: [32m'garage-uid-123'[39m,
  garageId: [32m'GARAGE001'[39m,
  garageName: [32m'Test Garage'[39m
}
Generated login ID: john.doe@testgarage

[90mstdout[2m | tests/api/employees/edge-cases.test.ts[2m > [22m[2mPOST /api/employees - Edge Cases Tests[2m > [22m[2mTransaction Rollback Scenarios[2m > [22m[2mshould handle rollback failure
[22m[39mInserting new user data: {
  user_uid: [32m'***'[39m,
  garage_uid: [32m'garage-uid-123'[39m,
  garage_id: [32m'GARAGE001'[39m,
  garage_name: [32m'Test Garage'[39m,
  first_name: [32m'John'[39m,
  last_name: [32m'Doe'[39m,
  login_id: [32m'john.doe@testgarage'[39m,
  user_role: [32m'mechanic'[39m,
  email: [32m'john.doe@example.com'[39m,
  phone_number: [32m'+1234567890'[39m,
  is_active: [33mtrue[39m,
  created_at: [32m'2026-01-16T16:33:18.733Z'[39m,
  updated_at: [32m'2026-01-16T16:33:18.733Z'[39m
}

[90mstdout[2m | tests/api/employees/edge-cases.test.ts[2m > [22m[2mPOST /api/employees - Edge Cases Tests[2m > [22m[2mTransaction Rollback Scenarios[2m > [22m[2mshould handle rollback failure
[22m[39mUser created successfully: { userUid: [32m'd13e69b4-acc1-477b-929f-ff72d908f231'[39m }
Inserting auth data...

[90mstdout[2m | tests/api/employees/security.test.ts[2m > [22m[2mPOST /api/employees - Security Tests[2m > [22m[2mAuthentication and Authorization[2m > [22m[2mshould allow adding employees to any garage (VULNERABILITY)
[22m[39mFetching parent user details for UID: 99999999-9999-9999-9999-999999999999

[90mstdout[2m | tests/api/employees/security.test.ts[2m > [22m[2mPOST /api/employees - Security Tests[2m > [22m[2mAuthentication and Authorization[2m > [22m[2mshould allow adding employees to any garage (VULNERABILITY)
[22m[39mParent user data: {
  garageUid: [32m'garage-uid-123'[39m,
  garageId: [32m'GARAGE001'[39m,
  garageName: [32m'Test Garage'[39m
}
Generated login ID: john.doe@testgarage

[90mstdout[2m | tests/api/employees/security.test.ts[2m > [22m[2mPOST /api/employees - Security Tests[2m > [22m[2mAuthentication and Authorization[2m > [22m[2mshould allow adding employees to any garage (VULNERABILITY)
[22m[39mInserting new user data: {
  user_uid: [32m'***'[39m,
  garage_uid: [32m'garage-uid-123'[39m,
  garage_id: [32m'GARAGE001'[39m,
  garage_name: [32m'Test Garage'[39m,
  first_name: [32m'John'[39m,
  last_name: [32m'Doe'[39m,
  login_id: [32m'john.doe@testgarage'[39m,
  user_role: [32m'mechanic'[39m,
  email: [32m'john.doe@example.com'[39m,
  phone_number: [32m'+1234567890'[39m,
  is_active: [33mtrue[39m,
  created_at: [32m'2026-01-16T16:33:18.733Z'[39m,
  updated_at: [32m'2026-01-16T16:33:18.733Z'[39m
}

[90mstdout[2m | tests/api/employees/security.test.ts[2m > [22m[2mPOST /api/employees - Security Tests[2m > [22m[2mAuthentication and Authorization[2m > [22m[2mshould allow adding employees to any garage (VULNERABILITY)
[22m[39mUser created successfully: { userUid: [32m'0b362fe6-7a12-41e0-82f6-b9e1d0ade060'[39m }
Inserting auth data...

[90mstdout[2m | tests/api/employees/security.test.ts[2m > [22m[2mPOST /api/employees - Security Tests[2m > [22m[2mAuthentication and Authorization[2m > [22m[2mshould allow adding employees to any garage (VULNERABILITY)
[22m[39mAuth record created successfully

 [31m❯[39m tests/api/employees/edge-cases.test.ts [2m([22m[2m29 tests[22m[2m | [22m[31m7 failed[39m[2m)[22m[32m 42[2mms[22m[39m
[31m       [31m×[31m should handle empty string after trimming in firstName[39m[32m 11[2mms[22m[39m
[31m       [31m×[31m should handle empty string after trimming in lastName[39m[32m 2[2mms[22m[39m
       [32m✓[39m should handle empty string after trimming in email[32m 0[2mms[22m[39m
       [32m✓[39m should handle empty string after trimming in phoneNumber[32m 0[2mms[22m[39m
[31m       [31m×[31m should handle whitespace-only parentUserUid[39m[32m 1[2mms[22m[39m
       [32m✓[39m should handle single character firstName[32m 3[2mms[22m[39m
       [32m✓[39m should handle single character lastName[32m 1[2mms[22m[39m
       [32m✓[39m should handle emoji in firstName (VULNERABILITY)[32m 1[2mms[22m[39m
       [32m✓[39m should handle zero-width characters[32m 1[2mms[22m[39m
       [32m✓[39m should handle null bytes[32m 1[2mms[22m[39m
       [32m✓[39m should handle right-to-left override character[32m 1[2mms[22m[39m
       [32m✓[39m should reject duplicate login_id (same name, same garage)[32m 1[2mms[22m[39m
       [32m✓[39m should handle case sensitivity variations[32m 1[2mms[22m[39m
[31m       [31m×[31m should handle whitespace variations in names[39m[32m 3[2mms[22m[39m
       [32m✓[39m should process garage name with special characters[32m 1[2mms[22m[39m
       [32m✓[39m should process garage name with numbers[32m 1[2mms[22m[39m
       [32m✓[39m should process garage name with multiple words[32m 1[2mms[22m[39m
       [32m✓[39m should handle exactly 10 digit phone number[32m 1[2mms[22m[39m
       [32m✓[39m should handle phone number with extension[32m 0[2mms[22m[39m
       [32m✓[39m should handle phone number with leading zeros[32m 1[2mms[22m[39m
       [32m✓[39m should handle null values in request body[32m 0[2mms[22m[39m
       [32m✓[39m should handle undefined values in request body[32m 0[2mms[22m[39m
[31m       [31m×[31m should handle invalid JSON in request body[39m[32m 1[2mms[22m[39m
       [32m✓[39m should handle timezone variations in timestamps[32m 1[2mms[22m[39m
       [32m✓[39m should handle empty garage name in parent user[32m 1[2mms[22m[39m
       [32m✓[39m should handle garage name with only special characters[32m 1[2mms[22m[39m
[31m       [31m×[31m should handle duplicate email in database (if constraint exists)[39m[32m 1[2mms[22m[39m
[31m       [31m×[31m should rollback user insert when auth insert fails[39m[32m 1[2mms[22m[39m
       [32m✓[39m should handle rollback failure[32m 1[2mms[22m[39m
[90mstdout[2m | tests/api/employees/security.test.ts[2m > [22m[2mPOST /api/employees - Security Tests[2m > [22m[2mRate Limiting[2m > [22m[2mshould allow rapid consecutive requests (VULNERABILITY)
[22m[39mFetching parent user details for UID: 123e4567-e89b-12d3-a456-426614174000
Fetching parent user details for UID: 123e4567-e89b-12d3-a456-426614174000
Fetching parent user details for UID: 123e4567-e89b-12d3-a456-426614174000
Fetching parent user details for UID: 123e4567-e89b-12d3-a456-426614174000
Fetching parent user details for UID: 123e4567-e89b-12d3-a456-426614174000
Fetching parent user details for UID: 123e4567-e89b-12d3-a456-426614174000
Fetching parent user details for UID: 123e4567-e89b-12d3-a456-426614174000
Fetching parent user details for UID: 123e4567-e89b-12d3-a456-426614174000
Fetching parent user details for UID: 123e4567-e89b-12d3-a456-426614174000
Fetching parent user details for UID: 123e4567-e89b-12d3-a456-426614174000
Fetching parent user details for UID: 123e4567-e89b-12d3-a456-426614174000
Fetching parent user details for UID: 123e4567-e89b-12d3-a456-426614174000
Fetching parent user details for UID: 123e4567-e89b-12d3-a456-426614174000
Fetching parent user details for UID: 123e4567-e89b-12d3-a456-426614174000
Fetching parent user details for UID: 123e4567-e89b-12d3-a456-426614174000
Fetching parent user details for UID: 123e4567-e89b-12d3-a456-426614174000
Fetching parent user details for UID: 123e4567-e89b-12d3-a456-426614174000
Fetching parent user details for UID: 123e4567-e89b-12d3-a456-426614174000
Fetching parent user details for UID: 123e4567-e89b-12d3-a456-426614174000
Fetching parent user details for UID: 123e4567-e89b-12d3-a456-426614174000
Fetching parent user details for UID: 123e4567-e89b-12d3-a456-426614174000
Fetching parent user details for UID: 123e4567-e89b-12d3-a456-426614174000
Fetching parent user details for UID: 123e4567-e89b-12d3-a456-426614174000
Fetching parent user details for UID: 123e4567-e89b-12d3-a456-426614174000
Fetching parent user details for UID: 123e4567-e89b-12d3-a456-426614174000
Fetching parent user details for UID: 123e4567-e89b-12d3-a456-426614174000
Fetching parent user details for UID: 123e4567-e89b-12d3-a456-426614174000
Fetching parent user details for UID: 123e4567-e89b-12d3-a456-426614174000
Fetching parent user details for UID: 123e4567-e89b-12d3-a456-426614174000
Fetching parent user details for UID: 123e4567-e89b-12d3-a456-426614174000
Fetching parent user details for UID: 123e4567-e89b-12d3-a456-426614174000
Fetching parent user details for UID: 123e4567-e89b-12d3-a456-426614174000
Fetching parent user details for UID: 123e4567-e89b-12d3-a456-426614174000
Fetching parent user details for UID: 123e4567-e89b-12d3-a456-426614174000
Fetching parent user details for UID: 123e4567-e89b-12d3-a456-426614174000
Fetching parent user details for UID: 123e4567-e89b-12d3-a456-426614174000
Fetching parent user details for UID: 123e4567-e89b-12d3-a456-426614174000
Fetching parent user details for UID: 123e4567-e89b-12d3-a456-426614174000
Fetching parent user details for UID: 123e4567-e89b-12d3-a456-426614174000
Fetching parent user details for UID: 123e4567-e89b-12d3-a456-426614174000
Fetching parent user details for UID: 123e4567-e89b-12d3-a456-426614174000
Fetching parent user details for UID: 123e4567-e89b-12d3-a456-426614174000
Fetching parent user details for UID: 123e4567-e89b-12d3-a456-426614174000
Fetching parent user details for UID: 123e4567-e89b-12d3-a456-426614174000
Fetching parent user details for UID: 123e4567-e89b-12d3-a456-426614174000
Fetching parent user details for UID: 123e4567-e89b-12d3-a456-426614174000
Fetching parent user details for UID: 123e4567-e89b-12d3-a456-426614174000
Fetching parent user details for UID: 123e4567-e89b-12d3-a456-426614174000
Fetching parent user details for UID: 123e4567-e89b-12d3-a456-426614174000
Fetching parent user details for UID: 123e4567-e89b-12d3-a456-426614174000
Fetching parent user details for UID: 123e4567-e89b-12d3-a456-426614174000
Fetching parent user details for UID: 123e4567-e89b-12d3-a456-426614174000
Fetching parent user details for UID: 123e4567-e89b-12d3-a456-426614174000
Fetching parent user details for UID: 123e4567-e89b-12d3-a456-426614174000
Fetching parent user details for UID: 123e4567-e89b-12d3-a456-426614174000
Fetching parent user details for UID: 123e4567-e89b-12d3-a456-426614174000
Fetching parent user details for UID: 123e4567-e89b-12d3-a456-426614174000
Fetching parent user details for UID: 123e4567-e89b-12d3-a456-426614174000
Fetching parent user details for UID: 123e4567-e89b-12d3-a456-426614174000
Fetching parent user details for UID: 123e4567-e89b-12d3-a456-426614174000
Fetching parent user details for UID: 123e4567-e89b-12d3-a456-426614174000
Fetching parent user details for UID: 123e4567-e89b-12d3-a456-426614174000
Fetching parent user details for UID: 123e4567-e89b-12d3-a456-426614174000
Fetching parent user details for UID: 123e4567-e89b-12d3-a456-426614174000
Fetching parent user details for UID: 123e4567-e89b-12d3-a456-426614174000
Fetching parent user details for UID: 123e4567-e89b-12d3-a456-426614174000
Fetching parent user details for UID: 123e4567-e89b-12d3-a456-426614174000
Fetching parent user details for UID: 123e4567-e89b-12d3-a456-426614174000
Fetching parent user details for UID: 123e4567-e89b-12d3-a456-426614174000
Fetching parent user details for UID: 123e4567-e89b-12d3-a456-426614174000
Fetching parent user details for UID: 123e4567-e89b-12d3-a456-426614174000
Fetching parent user details for UID: 123e4567-e89b-12d3-a456-426614174000
Fetching parent user details for UID: 123e4567-e89b-12d3-a456-426614174000
Fetching parent user details for UID: 123e4567-e89b-12d3-a456-426614174000
Fetching parent user details for UID: 123e4567-e89b-12d3-a456-426614174000
Fetching parent user details for UID: 123e4567-e89b-12d3-a456-426614174000
Fetching parent user details for UID: 123e4567-e89b-12d3-a456-426614174000
Fetching parent user details for UID: 123e4567-e89b-12d3-a456-426614174000
Fetching parent user details for UID: 123e4567-e89b-12d3-a456-426614174000
Fetching parent user details for UID: 123e4567-e89b-12d3-a456-426614174000
Fetching parent user details for UID: 123e4567-e89b-12d3-a456-426614174000
Fetching parent user details for UID: 123e4567-e89b-12d3-a456-426614174000
Fetching parent user details for UID: 123e4567-e89b-12d3-a456-426614174000
Fetching parent user details for UID: 123e4567-e89b-12d3-a456-426614174000
Fetching parent user details for UID: 123e4567-e89b-12d3-a456-426614174000
Fetching parent user details for UID: 123e4567-e89b-12d3-a456-426614174000
Fetching parent user details for UID: 123e4567-e89b-12d3-a456-426614174000
Fetching parent user details for UID: 123e4567-e89b-12d3-a456-426614174000
Fetching parent user details for UID: 123e4567-e89b-12d3-a456-426614174000
Fetching parent user details for UID: 123e4567-e89b-12d3-a456-426614174000
Fetching parent user details for UID: 123e4567-e89b-12d3-a456-426614174000
Fetching parent user details for UID: 123e4567-e89b-12d3-a456-426614174000
Fetching parent user details for UID: 123e4567-e89b-12d3-a456-426614174000
Fetching parent user details for UID: 123e4567-e89b-12d3-a456-426614174000
Fetching parent user details for UID: 123e4567-e89b-12d3-a456-426614174000
Fetching parent user details for UID: 123e4567-e89b-12d3-a456-426614174000
Fetching parent user details for UID: 123e4567-e89b-12d3-a456-426614174000
Fetching parent user details for UID: 123e4567-e89b-12d3-a456-426614174000
Fetching parent user details for UID: 123e4567-e89b-12d3-a456-426614174000
Fetching parent user details for UID: 123e4567-e89b-12d3-a456-426614174000
Parent user data: {
  garageUid: [32m'garage-uid-123'[39m,
  garageId: [32m'GARAGE001'[39m,
  garageName: [32m'Test Garage'[39m
}
Generated login ID: john.doe@testgarage
Parent user data: {
  garageUid: [32m'garage-uid-123'[39m,
  garageId: [32m'GARAGE001'[39m,
  garageName: [32m'Test Garage'[39m
}
Generated login ID: john.doe@testgarage
Parent user data: {
  garageUid: [32m'garage-uid-123'[39m,
  garageId: [32m'GARAGE001'[39m,
  garageName: [32m'Test Garage'[39m
}
Generated login ID: john.doe@testgarage
Parent user data: {
  garageUid: [32m'garage-uid-123'[39m,
  garageId: [32m'GARAGE001'[39m,
  garageName: [32m'Test Garage'[39m
}
Generated login ID: john.doe@testgarage
Parent user data: {
  garageUid: [32m'garage-uid-123'[39m,
  garageId: [32m'GARAGE001'[39m,
  garageName: [32m'Test Garage'[39m
}
Generated login ID: john.doe@testgarage
Parent user data: {
  garageUid: [32m'garage-uid-123'[39m,
  garageId: [32m'GARAGE001'[39m,
  garageName: [32m'Test Garage'[39m
}
Generated login ID: john.doe@testgarage
Parent user data: {
  garageUid: [32m'garage-uid-123'[39m,
  garageId: [32m'GARAGE001'[39m,
  garageName: [32m'Test Garage'[39m
}
Generated login ID: john.doe@testgarage
Parent user data: {
  garageUid: [32m'garage-uid-123'[39m,
  garageId: [32m'GARAGE001'[39m,
  garageName: [32m'Test Garage'[39m
}
Generated login ID: john.doe@testgarage
Parent user data: {
  garageUid: [32m'garage-uid-123'[39m,
  garageId: [32m'GARAGE001'[39m,
  garageName: [32m'Test Garage'[39m
}
Generated login ID: john.doe@testgarage
Parent user data: {
  garageUid: [32m'garage-uid-123'[39m,
  garageId: [32m'GARAGE001'[39m,
  garageName: [32m'Test Garage'[39m
}
Generated login ID: john.doe@testgarage
Parent user data: {
  garageUid: [32m'garage-uid-123'[39m,
  garageId: [32m'GARAGE001'[39m,
  garageName: [32m'Test Garage'[39m
}
Generated login ID: john.doe@testgarage
Parent user data: {
  garageUid: [32m'garage-uid-123'[39m,
  garageId: [32m'GARAGE001'[39m,
  garageName: [32m'Test Garage'[39m
}
Generated login ID: john.doe@testgarage
Parent user data: {
  garageUid: [32m'garage-uid-123'[39m,
  garageId: [32m'GARAGE001'[39m,
  garageName: [32m'Test Garage'[39m
}
Generated login ID: john.doe@testgarage
Parent user data: {
  garageUid: [32m'garage-uid-123'[39m,
  garageId: [32m'GARAGE001'[39m,
  garageName: [32m'Test Garage'[39m
}
Generated login ID: john.doe@testgarage
Parent user data: {
  garageUid: [32m'garage-uid-123'[39m,
  garageId: [32m'GARAGE001'[39m,
  garageName: [32m'Test Garage'[39m
}
Generated login ID: john.doe@testgarage
Parent user data: {
  garageUid: [32m'garage-uid-123'[39m,
  garageId: [32m'GARAGE001'[39m,
  garageName: [32m'Test Garage'[39m
}
Generated login ID: john.doe@testgarage
Parent user data: {
  garageUid: [32m'garage-uid-123'[39m,
  garageId: [32m'GARAGE001'[39m,
  garageName: [32m'Test Garage'[39m
}
Generated login ID: john.doe@testgarage
Parent user data: {
  garageUid: [32m'garage-uid-123'[39m,
  garageId: [32m'GARAGE001'[39m,
  garageName: [32m'Test Garage'[39m
}
Generated login ID: john.doe@testgarage
Parent user data: {
  garageUid: [32m'garage-uid-123'[39m,
  garageId: [32m'GARAGE001'[39m,
  garageName: [32m'Test Garage'[39m
}
Generated login ID: john.doe@testgarage
Parent user data: {
  garageUid: [32m'garage-uid-123'[39m,
  garageId: [32m'GARAGE001'[39m,
  garageName: [32m'Test Garage'[39m
}
Generated login ID: john.doe@testgarage
Parent user data: {
  garageUid: [32m'garage-uid-123'[39m,
  garageId: [32m'GARAGE001'[39m,
  garageName: [32m'Test Garage'[39m
}
Generated login ID: john.doe@testgarage
Parent user data: {
  garageUid: [32m'garage-uid-123'[39m,
  garageId: [32m'GARAGE001'[39m,
  garageName: [32m'Test Garage'[39m
}
Generated login ID: john.doe@testgarage
Parent user data: {
  garageUid: [32m'garage-uid-123'[39m,
  garageId: [32m'GARAGE001'[39m,
  garageName: [32m'Test Garage'[39m
}
Generated login ID: john.doe@testgarage
Parent user data: {
  garageUid: [32m'garage-uid-123'[39m,
  garageId: [32m'GARAGE001'[39m,
  garageName: [32m'Test Garage'[39m
}
Generated login ID: john.doe@testgarage
Parent user data: {
  garageUid: [32m'garage-uid-123'[39m,
  garageId: [32m'GARAGE001'[39m,
  garageName: [32m'Test Garage'[39m
}
Generated login ID: john.doe@testgarage
Parent user data: {
  garageUid: [32m'garage-uid-123'[39m,
  garageId: [32m'GARAGE001'[39m,
  garageName: [32m'Test Garage'[39m
}
Generated login ID: john.doe@testgarage
Parent user data: {
  garageUid: [32m'garage-uid-123'[39m,
  garageId: [32m'GARAGE001'[39m,
  garageName: [32m'Test Garage'[39m
}
Generated login ID: john.doe@testgarage
Parent user data: {
  garageUid: [32m'garage-uid-123'[39m,
  garageId: [32m'GARAGE001'[39m,
  garageName: [32m'Test Garage'[39m
}
Generated login ID: john.doe@testgarage
Parent user data: {
  garageUid: [32m'garage-uid-123'[39m,
  garageId: [32m'GARAGE001'[39m,
  garageName: [32m'Test Garage'[39m
}
Generated login ID: john.doe@testgarage
Parent user data: {
  garageUid: [32m'garage-uid-123'[39m,
  garageId: [32m'GARAGE001'[39m,
  garageName: [32m'Test Garage'[39m
}
Generated login ID: john.doe@testgarage
Parent user data: {
  garageUid: [32m'garage-uid-123'[39m,
  garageId: [32m'GARAGE001'[39m,
  garageName: [32m'Test Garage'[39m
}
Generated login ID: john.doe@testgarage
Parent user data: {
  garageUid: [32m'garage-uid-123'[39m,
  garageId: [32m'GARAGE001'[39m,
  garageName: [32m'Test Garage'[39m
}
Generated login ID: john.doe@testgarage
Parent user data: {
  garageUid: [32m'garage-uid-123'[39m,
  garageId: [32m'GARAGE001'[39m,
  garageName: [32m'Test Garage'[39m
}
Generated login ID: john.doe@testgarage
Parent user data: {
  garageUid: [32m'garage-uid-123'[39m,
  garageId: [32m'GARAGE001'[39m,
  garageName: [32m'Test Garage'[39m
}
Generated login ID: john.doe@testgarage
Parent user data: {
  garageUid: [32m'garage-uid-123'[39m,
  garageId: [32m'GARAGE001'[39m,
  garageName: [32m'Test Garage'[39m
}
Generated login ID: john.doe@testgarage
Parent user data: {
  garageUid: [32m'garage-uid-123'[39m,
  garageId: [32m'GARAGE001'[39m,
  garageName: [32m'Test Garage'[39m
}
Generated login ID: john.doe@testgarage
Parent user data: {
  garageUid: [32m'garage-uid-123'[39m,
  garageId: [32m'GARAGE001'[39m,
  garageName: [32m'Test Garage'[39m
}
Generated login ID: john.doe@testgarage
Parent user data: {
  garageUid: [32m'garage-uid-123'[39m,
  garageId: [32m'GARAGE001'[39m,
  garageName: [32m'Test Garage'[39m
}
Generated login ID: john.doe@testgarage
Parent user data: {
  garageUid: [32m'garage-uid-123'[39m,
  garageId: [32m'GARAGE001'[39m,
  garageName: [32m'Test Garage'[39m
}
Generated login ID: john.doe@testgarage
Parent user data: {
  garageUid: [32m'garage-uid-123'[39m,
  garageId: [32m'GARAGE001'[39m,
  garageName: [32m'Test Garage'[39m
}
Generated login ID: john.doe@testgarage
Parent user data: {
  garageUid: [32m'garage-uid-123'[39m,
  garageId: [32m'GARAGE001'[39m,
  garageName: [32m'Test Garage'[39m
}
Generated login ID: john.doe@testgarage
Parent user data: {
  garageUid: [32m'garage-uid-123'[39m,
  garageId: [32m'GARAGE001'[39m,
  garageName: [32m'Test Garage'[39m
}
Generated login ID: john.doe@testgarage
Parent user data: {
  garageUid: [32m'garage-uid-123'[39m,
  garageId: [32m'GARAGE001'[39m,
  garageName: [32m'Test Garage'[39m
}
Generated login ID: john.doe@testgarage
Parent user data: {
  garageUid: [32m'garage-uid-123'[39m,
  garageId: [32m'GARAGE001'[39m,
  garageName: [32m'Test Garage'[39m
}
Generated login ID: john.doe@testgarage
Parent user data: {
  garageUid: [32m'garage-uid-123'[39m,
  garageId: [32m'GARAGE001'[39m,
  garageName: [32m'Test Garage'[39m
}
Generated login ID: john.doe@testgarage
Parent user data: {
  garageUid: [32m'garage-uid-123'[39m,
  garageId: [32m'GARAGE001'[39m,
  garageName: [32m'Test Garage'[39m
}
Generated login ID: john.doe@testgarage
Parent user data: {
  garageUid: [32m'garage-uid-123'[39m,
  garageId: [32m'GARAGE001'[39m,
  garageName: [32m'Test Garage'[39m
}
Generated login ID: john.doe@testgarage
Parent user data: {
  garageUid: [32m'garage-uid-123'[39m,
  garageId: [32m'GARAGE001'[39m,
  garageName: [32m'Test Garage'[39m
}
Generated login ID: john.doe@testgarage
Parent user data: {
  garageUid: [32m'garage-uid-123'[39m,
  garageId: [32m'GARAGE001'[39m,
  garageName: [32m'Test Garage'[39m
}
Generated login ID: john.doe@testgarage
Parent user data: {
  garageUid: [32m'garage-uid-123'[39m,
  garageId: [32m'GARAGE001'[39m,
  garageName: [32m'Test Garage'[39m
}
Generated login ID: john.doe@testgarage
Parent user data: {
  garageUid: [32m'garage-uid-123'[39m,
  garageId: [32m'GARAGE001'[39m,
  garageName: [32m'Test Garage'[39m
}
Generated login ID: john.doe@testgarage
Parent user data: {
  garageUid: [32m'garage-uid-123'[39m,
  garageId: [32m'GARAGE001'[39m,
  garageName: [32m'Test Garage'[39m
}
Generated login ID: john.doe@testgarage
Parent user data: {
  garageUid: [32m'garage-uid-123'[39m,
  garageId: [32m'GARAGE001'[39m,
  garageName: [32m'Test Garage'[39m
}
Generated login ID: john.doe@testgarage
Parent user data: {
  garageUid: [32m'garage-uid-123'[39m,
  garageId: [32m'GARAGE001'[39m,
  garageName: [32m'Test Garage'[39m
}
Generated login ID: john.doe@testgarage
Parent user data: {
  garageUid: [32m'garage-uid-123'[39m,
  garageId: [32m'GARAGE001'[39m,
  garageName: [32m'Test Garage'[39m
}
Generated login ID: john.doe@testgarage
Parent user data: {
  garageUid: [32m'garage-uid-123'[39m,
  garageId: [32m'GARAGE001'[39m,
  garageName: [32m'Test Garage'[39m
}
Generated login ID: john.doe@testgarage
Parent user data: {
  garageUid: [32m'garage-uid-123'[39m,
  garageId: [32m'GARAGE001'[39m,
  garageName: [32m'Test Garage'[39m
}
Generated login ID: john.doe@testgarage
Parent user data: {
  garageUid: [32m'garage-uid-123'[39m,
  garageId: [32m'GARAGE001'[39m,
  garageName: [32m'Test Garage'[39m
}
Generated login ID: john.doe@testgarage
Parent user data: {
  garageUid: [32m'garage-uid-123'[39m,
  garageId: [32m'GARAGE001'[39m,
  garageName: [32m'Test Garage'[39m
}
Generated login ID: john.doe@testgarage
Parent user data: {
  garageUid: [32m'garage-uid-123'[39m,
  garageId: [32m'GARAGE001'[39m,
  garageName: [32m'Test Garage'[39m
}
Generated login ID: john.doe@testgarage
Parent user data: {
  garageUid: [32m'garage-uid-123'[39m,
  garageId: [32m'GARAGE001'[39m,
  garageName: [32m'Test Garage'[39m
}
Generated login ID: john.doe@testgarage
Parent user data: {
  garageUid: [32m'garage-uid-123'[39m,
  garageId: [32m'GARAGE001'[39m,
  garageName: [32m'Test Garage'[39m
}
Generated login ID: john.doe@testgarage
Parent user data: {
  garageUid: [32m'garage-uid-123'[39m,
  garageId: [32m'GARAGE001'[39m,
  garageName: [32m'Test Garage'[39m
}
Generated login ID: john.doe@testgarage
Parent user data: {
  garageUid: [32m'garage-uid-123'[39m,
  garageId: [32m'GARAGE001'[39m,
  garageName: [32m'Test Garage'[39m
}
Generated login ID: john.doe@testgarage
Parent user data: {
  garageUid: [32m'garage-uid-123'[39m,
  garageId: [32m'GARAGE001'[39m,
  garageName: [32m'Test Garage'[39m
}
Generated login ID: john.doe@testgarage
Parent user data: {
  garageUid: [32m'garage-uid-123'[39m,
  garageId: [32m'GARAGE001'[39m,
  garageName: [32m'Test Garage'[39m
}
Generated login ID: john.doe@testgarage
Parent user data: {
  garageUid: [32m'garage-uid-123'[39m,
  garageId: [32m'GARAGE001'[39m,
  garageName: [32m'Test Garage'[39m
}
Generated login ID: john.doe@testgarage
Parent user data: {
  garageUid: [32m'garage-uid-123'[39m,
  garageId: [32m'GARAGE001'[39m,
  garageName: [32m'Test Garage'[39m
}
Generated login ID: john.doe@testgarage
Parent user data: {
  garageUid: [32m'garage-uid-123'[39m,
  garageId: [32m'GARAGE001'[39m,
  garageName: [32m'Test Garage'[39m
}
Generated login ID: john.doe@testgarage
Parent user data: {
  garageUid: [32m'garage-uid-123'[39m,
  garageId: [32m'GARAGE001'[39m,
  garageName: [32m'Test Garage'[39m
}
Generated login ID: john.doe@testgarage
Parent user data: {
  garageUid: [32m'garage-uid-123'[39m,
  garageId: [32m'GARAGE001'[39m,
  garageName: [32m'Test Garage'[39m
}
Generated login ID: john.doe@testgarage
Parent user data: {
  garageUid: [32m'garage-uid-123'[39m,
  garageId: [32m'GARAGE001'[39m,
  garageName: [32m'Test Garage'[39m
}
Generated login ID: john.doe@testgarage
Parent user data: {
  garageUid: [32m'garage-uid-123'[39m,
  garageId: [32m'GARAGE001'[39m,
  garageName: [32m'Test Garage'[39m
}
Generated login ID: john.doe@testgarage
Parent user data: {
  garageUid: [32m'garage-uid-123'[39m,
  garageId: [32m'GARAGE001'[39m,
  garageName: [32m'Test Garage'[39m
}
Generated login ID: john.doe@testgarage
Parent user data: {
  garageUid: [32m'garage-uid-123'[39m,
  garageId: [32m'GARAGE001'[39m,
  garageName: [32m'Test Garage'[39m
}
Generated login ID: john.doe@testgarage
Parent user data: {
  garageUid: [32m'garage-uid-123'[39m,
  garageId: [32m'GARAGE001'[39m,
  garageName: [32m'Test Garage'[39m
}
Generated login ID: john.doe@testgarage
Parent user data: {
  garageUid: [32m'garage-uid-123'[39m,
  garageId: [32m'GARAGE001'[39m,
  garageName: [32m'Test Garage'[39m
}
Generated login ID: john.doe@testgarage
Parent user data: {
  garageUid: [32m'garage-uid-123'[39m,
  garageId: [32m'GARAGE001'[39m,
  garageName: [32m'Test Garage'[39m
}
Generated login ID: john.doe@testgarage
Parent user data: {
  garageUid: [32m'garage-uid-123'[39m,
  garageId: [32m'GARAGE001'[39m,
  garageName: [32m'Test Garage'[39m
}
Generated login ID: john.doe@testgarage
Parent user data: {
  garageUid: [32m'garage-uid-123'[39m,
  garageId: [32m'GARAGE001'[39m,
  garageName: [32m'Test Garage'[39m
}
Generated login ID: john.doe@testgarage
Parent user data: {
  garageUid: [32m'garage-uid-123'[39m,
  garageId: [32m'GARAGE001'[39m,
  garageName: [32m'Test Garage'[39m
}
Generated login ID: john.doe@testgarage
Parent user data: {
  garageUid: [32m'garage-uid-123'[39m,
  garageId: [32m'GARAGE001'[39m,
  garageName: [32m'Test Garage'[39m
}
Generated login ID: john.doe@testgarage
Parent user data: {
  garageUid: [32m'garage-uid-123'[39m,
  garageId: [32m'GARAGE001'[39m,
  garageName: [32m'Test Garage'[39m
}
Generated login ID: john.doe@testgarage
Parent user data: {
  garageUid: [32m'garage-uid-123'[39m,
  garageId: [32m'GARAGE001'[39m,
  garageName: [32m'Test Garage'[39m
}
Generated login ID: john.doe@testgarage
Parent user data: {
  garageUid: [32m'garage-uid-123'[39m,
  garageId: [32m'GARAGE001'[39m,
  garageName: [32m'Test Garage'[39m
}
Generated login ID: john.doe@testgarage
Parent user data: {
  garageUid: [32m'garage-uid-123'[39m,
  garageId: [32m'GARAGE001'[39m,
  garageName: [32m'Test Garage'[39m
}
Generated login ID: john.doe@testgarage
Parent user data: {
  garageUid: [32m'garage-uid-123'[39m,
  garageId: [32m'GARAGE001'[39m,
  garageName: [32m'Test Garage'[39m
}
Generated login ID: john.doe@testgarage
Parent user data: {
  garageUid: [32m'garage-uid-123'[39m,
  garageId: [32m'GARAGE001'[39m,
  garageName: [32m'Test Garage'[39m
}
Generated login ID: john.doe@testgarage
Parent user data: {
  garageUid: [32m'garage-uid-123'[39m,
  garageId: [32m'GARAGE001'[39m,
  garageName: [32m'Test Garage'[39m
}
Generated login ID: john.doe@testgarage
Parent user data: {
  garageUid: [32m'garage-uid-123'[39m,
  garageId: [32m'GARAGE001'[39m,
  garageName: [32m'Test Garage'[39m
}
Generated login ID: john.doe@testgarage
Parent user data: {
  garageUid: [32m'garage-uid-123'[39m,
  garageId: [32m'GARAGE001'[39m,
  garageName: [32m'Test Garage'[39m
}
Generated login ID: john.doe@testgarage
Parent user data: {
  garageUid: [32m'garage-uid-123'[39m,
  garageId: [32m'GARAGE001'[39m,
  garageName: [32m'Test Garage'[39m
}
Generated login ID: john.doe@testgarage
Parent user data: {
  garageUid: [32m'garage-uid-123'[39m,
  garageId: [32m'GARAGE001'[39m,
  garageName: [32m'Test Garage'[39m
}
Generated login ID: john.doe@testgarage
Parent user data: {
  garageUid: [32m'garage-uid-123'[39m,
  garageId: [32m'GARAGE001'[39m,
  garageName: [32m'Test Garage'[39m
}
Generated login ID: john.doe@testgarage
Parent user data: {
  garageUid: [32m'garage-uid-123'[39m,
  garageId: [32m'GARAGE001'[39m,
  garageName: [32m'Test Garage'[39m
}
Generated login ID: john.doe@testgarage
Parent user data: {
  garageUid: [32m'garage-uid-123'[39m,
  garageId: [32m'GARAGE001'[39m,
  garageName: [32m'Test Garage'[39m
}
Generated login ID: john.doe@testgarage
Parent user data: {
  garageUid: [32m'garage-uid-123'[39m,
  garageId: [32m'GARAGE001'[39m,
  garageName: [32m'Test Garage'[39m
}
Generated login ID: john.doe@testgarage
Parent user data: {
  garageUid: [32m'garage-uid-123'[39m,
  garageId: [32m'GARAGE001'[39m,
  garageName: [32m'Test Garage'[39m
}
Generated login ID: john.doe@testgarage
Parent user data: {
  garageUid: [32m'garage-uid-123'[39m,
  garageId: [32m'GARAGE001'[39m,
  garageName: [32m'Test Garage'[39m
}
Generated login ID: john.doe@testgarage
Parent user data: {
  garageUid: [32m'garage-uid-123'[39m,
  garageId: [32m'GARAGE001'[39m,
  garageName: [32m'Test Garage'[39m
}
Generated login ID: john.doe@testgarage
Inserting new user data: {
  user_uid: [32m'***'[39m,
  garage_uid: [32m'garage-uid-123'[39m,
  garage_id: [32m'GARAGE001'[39m,
  garage_name: [32m'Test Garage'[39m,
  first_name: [32m'John'[39m,
  last_name: [32m'Doe'[39m,
  login_id: [32m'john.doe@testgarage'[39m,
  user_role: [32m'mechanic'[39m,
  email: [32m'john.doe@example.com'[39m,
  phone_number: [32m'+1234567890'[39m,
  is_active: [33mtrue[39m,
  created_at: [32m'2026-01-16T16:33:18.747Z'[39m,
  updated_at: [32m'2026-01-16T16:33:18.747Z'[39m
}
Inserting new user data: {
  user_uid: [32m'***'[39m,
  garage_uid: [32m'garage-uid-123'[39m,
  garage_id: [32m'GARAGE001'[39m,
  garage_name: [32m'Test Garage'[39m,
  first_name: [32m'John'[39m,
  last_name: [32m'Doe'[39m,
  login_id: [32m'john.doe@testgarage'[39m,
  user_role: [32m'mechanic'[39m,
  email: [32m'john.doe@example.com'[39m,
  phone_number: [32m'+1234567890'[39m,
  is_active: [33mtrue[39m,
  created_at: [32m'2026-01-16T16:33:18.747Z'[39m,
  updated_at: [32m'2026-01-16T16:33:18.747Z'[39m
}
Inserting new user data: {
  user_uid: [32m'***'[39m,
  garage_uid: [32m'garage-uid-123'[39m,
  garage_id: [32m'GARAGE001'[39m,
  garage_name: [32m'Test Garage'[39m,
  first_name: [32m'John'[39m,
  last_name: [32m'Doe'[39m,
  login_id: [32m'john.doe@testgarage'[39m,
  user_role: [32m'mechanic'[39m,
  email: [32m'john.doe@example.com'[39m,
  phone_number: [32m'+1234567890'[39m,
  is_active: [33mtrue[39m,
  created_at: [32m'2026-01-16T16:33:18.747Z'[39m,
  updated_at: [32m'2026-01-16T16:33:18.747Z'[39m
}
Inserting new user data: {
  user_uid: [32m'***'[39m,
  garage_uid: [32m'garage-uid-123'[39m,
  garage_id: [32m'GARAGE001'[39m,
  garage_name: [32m'Test Garage'[39m,
  first_name: [32m'John'[39m,
  last_name: [32m'Doe'[39m,
  login_id: [32m'john.doe@testgarage'[39m,
  user_role: [32m'mechanic'[39m,
  email: [32m'john.doe@example.com'[39m,
  phone_number: [32m'+1234567890'[39m,
  is_active: [33mtrue[39m,
  created_at: [32m'2026-01-16T16:33:18.747Z'[39m,
  updated_at: [32m'2026-01-16T16:33:18.747Z'[39m
}
Inserting new user data: {
  user_uid: [32m'***'[39m,
  garage_uid: [32m'garage-uid-123'[39m,
  garage_id: [32m'GARAGE001'[39m,
  garage_name: [32m'Test Garage'[39m,
  first_name: [32m'John'[39m,
  last_name: [32m'Doe'[39m,
  login_id: [32m'john.doe@testgarage'[39m,
  user_role: [32m'mechanic'[39m,
  email: [32m'john.doe@example.com'[39m,
  phone_number: [32m'+1234567890'[39m,
  is_active: [33mtrue[39m,
  created_at: [32m'2026-01-16T16:33:18.747Z'[39m,
  updated_at: [32m'2026-01-16T16:33:18.747Z'[39m
}
Inserting new user data: {
  user_uid: [32m'***'[39m,
  garage_uid: [32m'garage-uid-123'[39m,
  garage_id: [32m'GARAGE001'[39m,
  garage_name: [32m'Test Garage'[39m,
  first_name: [32m'John'[39m,
  last_name: [32m'Doe'[39m,
  login_id: [32m'john.doe@testgarage'[39m,
  user_role: [32m'mechanic'[39m,
  email: [32m'john.doe@example.com'[39m,
  phone_number: [32m'+1234567890'[39m,
  is_active: [33mtrue[39m,
  created_at: [32m'2026-01-16T16:33:18.747Z'[39m,
  updated_at: [32m'2026-01-16T16:33:18.747Z'[39m
}
Inserting new user data: {
  user_uid: [32m'***'[39m,
  garage_uid: [32m'garage-uid-123'[39m,
  garage_id: [32m'GARAGE001'[39m,
  garage_name: [32m'Test Garage'[39m,
  first_name: [32m'John'[39m,
  last_name: [32m'Doe'[39m,
  login_id: [32m'john.doe@testgarage'[39m,
  user_role: [32m'mechanic'[39m,
  email: [32m'john.doe@example.com'[39m,
  phone_number: [32m'+1234567890'[39m,
  is_active: [33mtrue[39m,
  created_at: [32m'2026-01-16T16:33:18.747Z'[39m,
  updated_at: [32m'2026-01-16T16:33:18.747Z'[39m
}
Inserting new user data: {
  user_uid: [32m'***'[39m,
  garage_uid: [32m'garage-uid-123'[39m,
  garage_id: [32m'GARAGE001'[39m,
  garage_name: [32m'Test Garage'[39m,
  first_name: [32m'John'[39m,
  last_name: [32m'Doe'[39m,
  login_id: [32m'john.doe@testgarage'[39m,
  user_role: [32m'mechanic'[39m,
  email: [32m'john.doe@example.com'[39m,
  phone_number: [32m'+1234567890'[39m,
  is_active: [33mtrue[39m,
  created_at: [32m'2026-01-16T16:33:18.747Z'[39m,
  updated_at: [32m'2026-01-16T16:33:18.747Z'[39m
}
Inserting new user data: {
  user_uid: [32m'***'[39m,
  garage_uid: [32m'garage-uid-123'[39m,
  garage_id: [32m'GARAGE001'[39m,
  garage_name: [32m'Test Garage'[39m,
  first_name: [32m'John'[39m,
  last_name: [32m'Doe'[39m,
  login_id: [32m'john.doe@testgarage'[39m,
  user_role: [32m'mechanic'[39m,
  email: [32m'john.doe@example.com'[39m,
  phone_number: [32m'+1234567890'[39m,
  is_active: [33mtrue[39m,
  created_at: [32m'2026-01-16T16:33:18.747Z'[39m,
  updated_at: [32m'2026-01-16T16:33:18.747Z'[39m
}
Inserting new user data: {
  user_uid: [32m'***'[39m,
  garage_uid: [32m'garage-uid-123'[39m,
  garage_id: [32m'GARAGE001'[39m,
  garage_name: [32m'Test Garage'[39m,
  first_name: [32m'John'[39m,
  last_name: [32m'Doe'[39m,
  login_id: [32m'john.doe@testgarage'[39m,
  user_role: [32m'mechanic'[39m,
  email: [32m'john.doe@example.com'[39m,
  phone_number: [32m'+1234567890'[39m,
  is_active: [33mtrue[39m,
  created_at: [32m'2026-01-16T16:33:18.747Z'[39m,
  updated_at: [32m'2026-01-16T16:33:18.747Z'[39m
}
Inserting new user data: {
  user_uid: [32m'***'[39m,
  garage_uid: [32m'garage-uid-123'[39m,
  garage_id: [32m'GARAGE001'[39m,
  garage_name: [32m'Test Garage'[39m,
  first_name: [32m'John'[39m,
  last_name: [32m'Doe'[39m,
  login_id: [32m'john.doe@testgarage'[39m,
  user_role: [32m'mechanic'[39m,
  email: [32m'john.doe@example.com'[39m,
  phone_number: [32m'+1234567890'[39m,
  is_active: [33mtrue[39m,
  created_at: [32m'2026-01-16T16:33:18.747Z'[39m,
  updated_at: [32m'2026-01-16T16:33:18.747Z'[39m
}
Inserting new user data: {
  user_uid: [32m'***'[39m,
  garage_uid: [32m'garage-uid-123'[39m,
  garage_id: [32m'GARAGE001'[39m,
  garage_name: [32m'Test Garage'[39m,
  first_name: [32m'John'[39m,
  last_name: [32m'Doe'[39m,
  login_id: [32m'john.doe@testgarage'[39m,
  user_role: [32m'mechanic'[39m,
  email: [32m'john.doe@example.com'[39m,
  phone_number: [32m'+1234567890'[39m,
  is_active: [33mtrue[39m,
  created_at: [32m'2026-01-16T16:33:18.747Z'[39m,
  updated_at: [32m'2026-01-16T16:33:18.747Z'[39m
}
Inserting new user data: {
  user_uid: [32m'***'[39m,
  garage_uid: [32m'garage-uid-123'[39m,
  garage_id: [32m'GARAGE001'[39m,
  garage_name: [32m'Test Garage'[39m,
  first_name: [32m'John'[39m,
  last_name: [32m'Doe'[39m,
  login_id: [32m'john.doe@testgarage'[39m,
  user_role: [32m'mechanic'[39m,
  email: [32m'john.doe@example.com'[39m,
  phone_number: [32m'+1234567890'[39m,
  is_active: [33mtrue[39m,
  created_at: [32m'2026-01-16T16:33:18.748Z'[39m,
  updated_at: [32m'2026-01-16T16:33:18.748Z'[39m
}
Inserting new user data: {
  user_uid: [32m'***'[39m,
  garage_uid: [32m'garage-uid-123'[39m,
  garage_id: [32m'GARAGE001'[39m,
  garage_name: [32m'Test Garage'[39m,
  first_name: [32m'John'[39m,
  last_name: [32m'Doe'[39m,
  login_id: [32m'john.doe@testgarage'[39m,
  user_role: [32m'mechanic'[39m,
  email: [32m'john.doe@example.com'[39m,
  phone_number: [32m'+1234567890'[39m,
  is_active: [33mtrue[39m,
  created_at: [32m'2026-01-16T16:33:18.748Z'[39m,
  updated_at: [32m'2026-01-16T16:33:18.748Z'[39m
}
Inserting new user data: {
  user_uid: [32m'***'[39m,
  garage_uid: [32m'garage-uid-123'[39m,
  garage_id: [32m'GARAGE001'[39m,
  garage_name: [32m'Test Garage'[39m,
  first_name: [32m'John'[39m,
  last_name: [32m'Doe'[39m,
  login_id: [32m'john.doe@testgarage'[39m,
  user_role: [32m'mechanic'[39m,
  email: [32m'john.doe@example.com'[39m,
  phone_number: [32m'+1234567890'[39m,
  is_active: [33mtrue[39m,
  created_at: [32m'2026-01-16T16:33:18.748Z'[39m,
  updated_at: [32m'2026-01-16T16:33:18.748Z'[39m
}
Inserting new user data: {
  user_uid: [32m'***'[39m,
  garage_uid: [32m'garage-uid-123'[39m,
  garage_id: [32m'GARAGE001'[39m,
  garage_name: [32m'Test Garage'[39m,
  first_name: [32m'John'[39m,
  last_name: [32m'Doe'[39m,
  login_id: [32m'john.doe@testgarage'[39m,
  user_role: [32m'mechanic'[39m,
  email: [32m'john.doe@example.com'[39m,
  phone_number: [32m'+1234567890'[39m,
  is_active: [33mtrue[39m,
  created_at: [32m'2026-01-16T16:33:18.748Z'[39m,
  updated_at: [32m'2026-01-16T16:33:18.748Z'[39m
}
Inserting new user data: {
  user_uid: [32m'***'[39m,
  garage_uid: [32m'garage-uid-123'[39m,
  garage_id: [32m'GARAGE001'[39m,
  garage_name: [32m'Test Garage'[39m,
  first_name: [32m'John'[39m,
  last_name: [32m'Doe'[39m,
  login_id: [32m'john.doe@testgarage'[39m,
  user_role: [32m'mechanic'[39m,
  email: [32m'john.doe@example.com'[39m,
  phone_number: [32m'+1234567890'[39m,
  is_active: [33mtrue[39m,
  created_at: [32m'2026-01-16T16:33:18.748Z'[39m,
  updated_at: [32m'2026-01-16T16:33:18.748Z'[39m
}
Inserting new user data: {
  user_uid: [32m'***'[39m,
  garage_uid: [32m'garage-uid-123'[39m,
  garage_id: [32m'GARAGE001'[39m,
  garage_name: [32m'Test Garage'[39m,
  first_name: [32m'John'[39m,
  last_name: [32m'Doe'[39m,
  login_id: [32m'john.doe@testgarage'[39m,
  user_role: [32m'mechanic'[39m,
  email: [32m'john.doe@example.com'[39m,
  phone_number: [32m'+1234567890'[39m,
  is_active: [33mtrue[39m,
  created_at: [32m'2026-01-16T16:33:18.748Z'[39m,
  updated_at: [32m'2026-01-16T16:33:18.748Z'[39m
}
Inserting new user data: {
  user_uid: [32m'***'[39m,
  garage_uid: [32m'garage-uid-123'[39m,
  garage_id: [32m'GARAGE001'[39m,
  garage_name: [32m'Test Garage'[39m,
  first_name: [32m'John'[39m,
  last_name: [32m'Doe'[39m,
  login_id: [32m'john.doe@testgarage'[39m,
  user_role: [32m'mechanic'[39m,
  email: [32m'john.doe@example.com'[39m,
  phone_number: [32m'+1234567890'[39m,
  is_active: [33mtrue[39m,
  created_at: [32m'2026-01-16T16:33:18.748Z'[39m,
  updated_at: [32m'2026-01-16T16:33:18.748Z'[39m
}
Inserting new user data: {
  user_uid: [32m'***'[39m,
  garage_uid: [32m'garage-uid-123'[39m,
  garage_id: [32m'GARAGE001'[39m,
  garage_name: [32m'Test Garage'[39m,
  first_name: [32m'John'[39m,
  last_name: [32m'Doe'[39m,
  login_id: [32m'john.doe@testgarage'[39m,
  user_role: [32m'mechanic'[39m,
  email: [32m'john.doe@example.com'[39m,
  phone_number: [32m'+1234567890'[39m,
  is_active: [33mtrue[39m,
  created_at: [32m'2026-01-16T16:33:18.748Z'[39m,
  updated_at: [32m'2026-01-16T16:33:18.748Z'[39m
}
Inserting new user data: {
  user_uid: [32m'***'[39m,
  garage_uid: [32m'garage-uid-123'[39m,
  garage_id: [32m'GARAGE001'[39m,
  garage_name: [32m'Test Garage'[39m,
  first_name: [32m'John'[39m,
  last_name: [32m'Doe'[39m,
  login_id: [32m'john.doe@testgarage'[39m,
  user_role: [32m'mechanic'[39m,
  email: [32m'john.doe@example.com'[39m,
  phone_number: [32m'+1234567890'[39m,
  is_active: [33mtrue[39m,
  created_at: [32m'2026-01-16T16:33:18.748Z'[39m,
  updated_at: [32m'2026-01-16T16:33:18.748Z'[39m
}
Inserting new user data: {
  user_uid: [32m'***'[39m,
  garage_uid: [32m'garage-uid-123'[39m,
  garage_id: [32m'GARAGE001'[39m,
  garage_name: [32m'Test Garage'[39m,
  first_name: [32m'John'[39m,
  last_name: [32m'Doe'[39m,
  login_id: [32m'john.doe@testgarage'[39m,
  user_role: [32m'mechanic'[39m,
  email: [32m'john.doe@example.com'[39m,
  phone_number: [32m'+1234567890'[39m,
  is_active: [33mtrue[39m,
  created_at: [32m'2026-01-16T16:33:18.748Z'[39m,
  updated_at: [32m'2026-01-16T16:33:18.748Z'[39m
}
Inserting new user data: {
  user_uid: [32m'***'[39m,
  garage_uid: [32m'garage-uid-123'[39m,
  garage_id: [32m'GARAGE001'[39m,
  garage_name: [32m'Test Garage'[39m,
  first_name: [32m'John'[39m,
  last_name: [32m'Doe'[39m,
  login_id: [32m'john.doe@testgarage'[39m,
  user_role: [32m'mechanic'[39m,
  email: [32m'john.doe@example.com'[39m,
  phone_number: [32m'+1234567890'[39m,
  is_active: [33mtrue[39m,
  created_at: [32m'2026-01-16T16:33:18.748Z'[39m,
  updated_at: [32m'2026-01-16T16:33:18.748Z'[39m
}
Inserting new user data: {
  user_uid: [32m'***'[39m,
  garage_uid: [32m'garage-uid-123'[39m,
  garage_id: [32m'GARAGE001'[39m,
  garage_name: [32m'Test Garage'[39m,
  first_name: [32m'John'[39m,
  last_name: [32m'Doe'[39m,
  login_id: [32m'john.doe@testgarage'[39m,
  user_role: [32m'mechanic'[39m,
  email: [32m'john.doe@example.com'[39m,
  phone_number: [32m'+1234567890'[39m,
  is_active: [33mtrue[39m,
  created_at: [32m'2026-01-16T16:33:18.748Z'[39m,
  updated_at: [32m'2026-01-16T16:33:18.748Z'[39m
}
Inserting new user data: {
  user_uid: [32m'***'[39m,
  garage_uid: [32m'garage-uid-123'[39m,
  garage_id: [32m'GARAGE001'[39m,
  garage_name: [32m'Test Garage'[39m,
  first_name: [32m'John'[39m,
  last_name: [32m'Doe'[39m,
  login_id: [32m'john.doe@testgarage'[39m,
  user_role: [32m'mechanic'[39m,
  email: [32m'john.doe@example.com'[39m,
  phone_number: [32m'+1234567890'[39m,
  is_active: [33mtrue[39m,
  created_at: [32m'2026-01-16T16:33:18.748Z'[39m,
  updated_at: [32m'2026-01-16T16:33:18.748Z'[39m
}
Inserting new user data: {
  user_uid: [32m'***'[39m,
  garage_uid: [32m'garage-uid-123'[39m,
  garage_id: [32m'GARAGE001'[39m,
  garage_name: [32m'Test Garage'[39m,
  first_name: [32m'John'[39m,
  last_name: [32m'Doe'[39m,
  login_id: [32m'john.doe@testgarage'[39m,
  user_role: [32m'mechanic'[39m,
  email: [32m'john.doe@example.com'[39m,
  phone_number: [32m'+1234567890'[39m,
  is_active: [33mtrue[39m,
  created_at: [32m'2026-01-16T16:33:18.748Z'[39m,
  updated_at: [32m'2026-01-16T16:33:18.748Z'[39m
}
Inserting new user data: {
  user_uid: [32m'***'[39m,
  garage_uid: [32m'garage-uid-123'[39m,
  garage_id: [32m'GARAGE001'[39m,
  garage_name: [32m'Test Garage'[39m,
  first_name: [32m'John'[39m,
  last_name: [32m'Doe'[39m,
  login_id: [32m'john.doe@testgarage'[39m,
  user_role: [32m'mechanic'[39m,
  email: [32m'john.doe@example.com'[39m,
  phone_number: [32m'+1234567890'[39m,
  is_active: [33mtrue[39m,
  created_at: [32m'2026-01-16T16:33:18.748Z'[39m,
  updated_at: [32m'2026-01-16T16:33:18.748Z'[39m
}
Inserting new user data: {
  user_uid: [32m'***'[39m,
  garage_uid: [32m'garage-uid-123'[39m,
  garage_id: [32m'GARAGE001'[39m,
  garage_name: [32m'Test Garage'[39m,
  first_name: [32m'John'[39m,
  last_name: [32m'Doe'[39m,
  login_id: [32m'john.doe@testgarage'[39m,
  user_role: [32m'mechanic'[39m,
  email: [32m'john.doe@example.com'[39m,
  phone_number: [32m'+1234567890'[39m,
  is_active: [33mtrue[39m,
  created_at: [32m'2026-01-16T16:33:18.748Z'[39m,
  updated_at: [32m'2026-01-16T16:33:18.748Z'[39m
}
Inserting new user data: {
  user_uid: [32m'***'[39m,
  garage_uid: [32m'garage-uid-123'[39m,
  garage_id: [32m'GARAGE001'[39m,
  garage_name: [32m'Test Garage'[39m,
  first_name: [32m'John'[39m,
  last_name: [32m'Doe'[39m,
  login_id: [32m'john.doe@testgarage'[39m,
  user_role: [32m'mechanic'[39m,
  email: [32m'john.doe@example.com'[39m,
  phone_number: [32m'+1234567890'[39m,
  is_active: [33mtrue[39m,
  created_at: [32m'2026-01-16T16:33:18.748Z'[39m,
  updated_at: [32m'2026-01-16T16:33:18.748Z'[39m
}
Inserting new user data: {
  user_uid: [32m'***'[39m,
  garage_uid: [32m'garage-uid-123'[39m,
  garage_id: [32m'GARAGE001'[39m,
  garage_name: [32m'Test Garage'[39m,
  first_name: [32m'John'[39m,
  last_name: [32m'Doe'[39m,
  login_id: [32m'john.doe@testgarage'[39m,
  user_role: [32m'mechanic'[39m,
  email: [32m'john.doe@example.com'[39m,
  phone_number: [32m'+1234567890'[39m,
  is_active: [33mtrue[39m,
  created_at: [32m'2026-01-16T16:33:18.748Z'[39m,
  updated_at: [32m'2026-01-16T16:33:18.748Z'[39m
}
Inserting new user data: {
  user_uid: [32m'***'[39m,
  garage_uid: [32m'garage-uid-123'[39m,
  garage_id: [32m'GARAGE001'[39m,
  garage_name: [32m'Test Garage'[39m,
  first_name: [32m'John'[39m,
  last_name: [32m'Doe'[39m,
  login_id: [32m'john.doe@testgarage'[39m,
  user_role: [32m'mechanic'[39m,
  email: [32m'john.doe@example.com'[39m,
  phone_number: [32m'+1234567890'[39m,
  is_active: [33mtrue[39m,
  created_at: [32m'2026-01-16T16:33:18.748Z'[39m,
  updated_at: [32m'2026-01-16T16:33:18.748Z'[39m
}
Inserting new user data: {
  user_uid: [32m'***'[39m,
  garage_uid: [32m'garage-uid-123'[39m,
  garage_id: [32m'GARAGE001'[39m,
  garage_name: [32m'Test Garage'[39m,
  first_name: [32m'John'[39m,
  last_name: [32m'Doe'[39m,
  login_id: [32m'john.doe@testgarage'[39m,
  user_role: [32m'mechanic'[39m,
  email: [32m'john.doe@example.com'[39m,
  phone_number: [32m'+1234567890'[39m,
  is_active: [33mtrue[39m,
  created_at: [32m'2026-01-16T16:33:18.748Z'[39m,
  updated_at: [32m'2026-01-16T16:33:18.748Z'[39m
}
Inserting new user data: {
  user_uid: [32m'***'[39m,
  garage_uid: [32m'garage-uid-123'[39m,
  garage_id: [32m'GARAGE001'[39m,
  garage_name: [32m'Test Garage'[39m,
  first_name: [32m'John'[39m,
  last_name: [32m'Doe'[39m,
  login_id: [32m'john.doe@testgarage'[39m,
  user_role: [32m'mechanic'[39m,
  email: [32m'john.doe@example.com'[39m,
  phone_number: [32m'+1234567890'[39m,
  is_active: [33mtrue[39m,
  created_at: [32m'2026-01-16T16:33:18.748Z'[39m,
  updated_at: [32m'2026-01-16T16:33:18.748Z'[39m
}
Inserting new user data: {
  user_uid: [32m'***'[39m,
  garage_uid: [32m'garage-uid-123'[39m,
  garage_id: [32m'GARAGE001'[39m,
  garage_name: [32m'Test Garage'[39m,
  first_name: [32m'John'[39m,
  last_name: [32m'Doe'[39m,
  login_id: [32m'john.doe@testgarage'[39m,
  user_role: [32m'mechanic'[39m,
  email: [32m'john.doe@example.com'[39m,
  phone_number: [32m'+1234567890'[39m,
  is_active: [33mtrue[39m,
  created_at: [32m'2026-01-16T16:33:18.748Z'[39m,
  updated_at: [32m'2026-01-16T16:33:18.748Z'[39m
}
Inserting new user data: {
  user_uid: [32m'***'[39m,
  garage_uid: [32m'garage-uid-123'[39m,
  garage_id: [32m'GARAGE001'[39m,
  garage_name: [32m'Test Garage'[39m,
  first_name: [32m'John'[39m,
  last_name: [32m'Doe'[39m,
  login_id: [32m'john.doe@testgarage'[39m,
  user_role: [32m'mechanic'[39m,
  email: [32m'john.doe@example.com'[39m,
  phone_number: [32m'+1234567890'[39m,
  is_active: [33mtrue[39m,
  created_at: [32m'2026-01-16T16:33:18.748Z'[39m,
  updated_at: [32m'2026-01-16T16:33:18.748Z'[39m
}
Inserting new user data: {
  user_uid: [32m'***'[39m,
  garage_uid: [32m'garage-uid-123'[39m,
  garage_id: [32m'GARAGE001'[39m,
  garage_name: [32m'Test Garage'[39m,
  first_name: [32m'John'[39m,
  last_name: [32m'Doe'[39m,
  login_id: [32m'john.doe@testgarage'[39m,
  user_role: [32m'mechanic'[39m,
  email: [32m'john.doe@example.com'[39m,
  phone_number: [32m'+1234567890'[39m,
  is_active: [33mtrue[39m,
  created_at: [32m'2026-01-16T16:33:18.748Z'[39m,
  updated_at: [32m'2026-01-16T16:33:18.748Z'[39m
}
Inserting new user data: {
  user_uid: [32m'***'[39m,
  garage_uid: [32m'garage-uid-123'[39m,
  garage_id: [32m'GARAGE001'[39m,
  garage_name: [32m'Test Garage'[39m,
  first_name: [32m'John'[39m,
  last_name: [32m'Doe'[39m,
  login_id: [32m'john.doe@testgarage'[39m,
  user_role: [32m'mechanic'[39m,
  email: [32m'john.doe@example.com'[39m,
  phone_number: [32m'+1234567890'[39m,
  is_active: [33mtrue[39m,
  created_at: [32m'2026-01-16T16:33:18.749Z'[39m,
  updated_at: [32m'2026-01-16T16:33:18.749Z'[39m
}
Inserting new user data: {
  user_uid: [32m'***'[39m,
  garage_uid: [32m'garage-uid-123'[39m,
  garage_id: [32m'GARAGE001'[39m,
  garage_name: [32m'Test Garage'[39m,
  first_name: [32m'John'[39m,
  last_name: [32m'Doe'[39m,
  login_id: [32m'john.doe@testgarage'[39m,
  user_role: [32m'mechanic'[39m,
  email: [32m'john.doe@example.com'[39m,
  phone_number: [32m'+1234567890'[39m,
  is_active: [33mtrue[39m,
  created_at: [32m'2026-01-16T16:33:18.749Z'[39m,
  updated_at: [32m'2026-01-16T16:33:18.749Z'[39m
}
Inserting new user data: {
  user_uid: [32m'***'[39m,
  garage_uid: [32m'garage-uid-123'[39m,
  garage_id: [32m'GARAGE001'[39m,
  garage_name: [32m'Test Garage'[39m,
  first_name: [32m'John'[39m,
  last_name: [32m'Doe'[39m,
  login_id: [32m'john.doe@testgarage'[39m,
  user_role: [32m'mechanic'[39m,
  email: [32m'john.doe@example.com'[39m,
  phone_number: [32m'+1234567890'[39m,
  is_active: [33mtrue[39m,
  created_at: [32m'2026-01-16T16:33:18.749Z'[39m,
  updated_at: [32m'2026-01-16T16:33:18.749Z'[39m
}
Inserting new user data: {
  user_uid: [32m'***'[39m,
  garage_uid: [32m'garage-uid-123'[39m,
  garage_id: [32m'GARAGE001'[39m,
  garage_name: [32m'Test Garage'[39m,
  first_name: [32m'John'[39m,
  last_name: [32m'Doe'[39m,
  login_id: [32m'john.doe@testgarage'[39m,
  user_role: [32m'mechanic'[39m,
  email: [32m'john.doe@example.com'[39m,
  phone_number: [32m'+1234567890'[39m,
  is_active: [33mtrue[39m,
  created_at: [32m'2026-01-16T16:33:18.749Z'[39m,
  updated_at: [32m'2026-01-16T16:33:18.749Z'[39m
}
Inserting new user data: {
  user_uid: [32m'***'[39m,
  garage_uid: [32m'garage-uid-123'[39m,
  garage_id: [32m'GARAGE001'[39m,
  garage_name: [32m'Test Garage'[39m,
  first_name: [32m'John'[39m,
  last_name: [32m'Doe'[39m,
  login_id: [32m'john.doe@testgarage'[39m,
  user_role: [32m'mechanic'[39m,
  email: [32m'john.doe@example.com'[39m,
  phone_number: [32m'+1234567890'[39m,
  is_active: [33mtrue[39m,
  created_at: [32m'2026-01-16T16:33:18.749Z'[39m,
  updated_at: [32m'2026-01-16T16:33:18.749Z'[39m
}
Inserting new user data: {
  user_uid: [32m'***'[39m,
  garage_uid: [32m'garage-uid-123'[39m,
  garage_id: [32m'GARAGE001'[39m,
  garage_name: [32m'Test Garage'[39m,
  first_name: [32m'John'[39m,
  last_name: [32m'Doe'[39m,
  login_id: [32m'john.doe@testgarage'[39m,
  user_role: [32m'mechanic'[39m,
  email: [32m'john.doe@example.com'[39m,
  phone_number: [32m'+1234567890'[39m,
  is_active: [33mtrue[39m,
  created_at: [32m'2026-01-16T16:33:18.749Z'[39m,
  updated_at: [32m'2026-01-16T16:33:18.749Z'[39m
}
Inserting new user data: {
  user_uid: [32m'***'[39m,
  garage_uid: [32m'garage-uid-123'[39m,
  garage_id: [32m'GARAGE001'[39m,
  garage_name: [32m'Test Garage'[39m,
  first_name: [32m'John'[39m,
  last_name: [32m'Doe'[39m,
  login_id: [32m'john.doe@testgarage'[39m,
  user_role: [32m'mechanic'[39m,
  email: [32m'john.doe@example.com'[39m,
  phone_number: [32m'+1234567890'[39m,
  is_active: [33mtrue[39m,
  created_at: [32m'2026-01-16T16:33:18.749Z'[39m,
  updated_at: [32m'2026-01-16T16:33:18.749Z'[39m
}
Inserting new user data: {
  user_uid: [32m'***'[39m,
  garage_uid: [32m'garage-uid-123'[39m,
  garage_id: [32m'GARAGE001'[39m,
  garage_name: [32m'Test Garage'[39m,
  first_name: [32m'John'[39m,
  last_name: [32m'Doe'[39m,
  login_id: [32m'john.doe@testgarage'[39m,
  user_role: [32m'mechanic'[39m,
  email: [32m'john.doe@example.com'[39m,
  phone_number: [32m'+1234567890'[39m,
  is_active: [33mtrue[39m,
  created_at: [32m'2026-01-16T16:33:18.749Z'[39m,
  updated_at: [32m'2026-01-16T16:33:18.749Z'[39m
}
Inserting new user data: {
  user_uid: [32m'***'[39m,
  garage_uid: [32m'garage-uid-123'[39m,
  garage_id: [32m'GARAGE001'[39m,
  garage_name: [32m'Test Garage'[39m,
  first_name: [32m'John'[39m,
  last_name: [32m'Doe'[39m,
  login_id: [32m'john.doe@testgarage'[39m,
  user_role: [32m'mechanic'[39m,
  email: [32m'john.doe@example.com'[39m,
  phone_number: [32m'+1234567890'[39m,
  is_active: [33mtrue[39m,
  created_at: [32m'2026-01-16T16:33:18.749Z'[39m,
  updated_at: [32m'2026-01-16T16:33:18.749Z'[39m
}
Inserting new user data: {
  user_uid: [32m'***'[39m,
  garage_uid: [32m'garage-uid-123'[39m,
  garage_id: [32m'GARAGE001'[39m,
  garage_name: [32m'Test Garage'[39m,
  first_name: [32m'John'[39m,
  last_name: [32m'Doe'[39m,
  login_id: [32m'john.doe@testgarage'[39m,
  user_role: [32m'mechanic'[39m,
  email: [32m'john.doe@example.com'[39m,
  phone_number: [32m'+1234567890'[39m,
  is_active: [33mtrue[39m,
  created_at: [32m'2026-01-16T16:33:18.749Z'[39m,
  updated_at: [32m'2026-01-16T16:33:18.749Z'[39m
}
Inserting new user data: {
  user_uid: [32m'***'[39m,
  garage_uid: [32m'garage-uid-123'[39m,
  garage_id: [32m'GARAGE001'[39m,
  garage_name: [32m'Test Garage'[39m,
  first_name: [32m'John'[39m,
  last_name: [32m'Doe'[39m,
  login_id: [32m'john.doe@testgarage'[39m,
  user_role: [32m'mechanic'[39m,
  email: [32m'john.doe@example.com'[39m,
  phone_number: [32m'+1234567890'[39m,
  is_active: [33mtrue[39m,
  created_at: [32m'2026-01-16T16:33:18.749Z'[39m,
  updated_at: [32m'2026-01-16T16:33:18.749Z'[39m
}
Inserting new user data: {
  user_uid: [32m'***'[39m,
  garage_uid: [32m'garage-uid-123'[39m,
  garage_id: [32m'GARAGE001'[39m,
  garage_name: [32m'Test Garage'[39m,
  first_name: [32m'John'[39m,
  last_name: [32m'Doe'[39m,
  login_id: [32m'john.doe@testgarage'[39m,
  user_role: [32m'mechanic'[39m,
  email: [32m'john.doe@example.com'[39m,
  phone_number: [32m'+1234567890'[39m,
  is_active: [33mtrue[39m,
  created_at: [32m'2026-01-16T16:33:18.749Z'[39m,
  updated_at: [32m'2026-01-16T16:33:18.749Z'[39m
}
Inserting new user data: {
  user_uid: [32m'***'[39m,
  garage_uid: [32m'garage-uid-123'[39m,
  garage_id: [32m'GARAGE001'[39m,
  garage_name: [32m'Test Garage'[39m,
  first_name: [32m'John'[39m,
  last_name: [32m'Doe'[39m,
  login_id: [32m'john.doe@testgarage'[39m,
  user_role: [32m'mechanic'[39m,
  email: [32m'john.doe@example.com'[39m,
  phone_number: [32m'+1234567890'[39m,
  is_active: [33mtrue[39m,
  created_at: [32m'2026-01-16T16:33:18.749Z'[39m,
  updated_at: [32m'2026-01-16T16:33:18.749Z'[39m
}
Inserting new user data: {
  user_uid: [32m'***'[39m,
  garage_uid: [32m'garage-uid-123'[39m,
  garage_id: [32m'GARAGE001'[39m,
  garage_name: [32m'Test Garage'[39m,
  first_name: [32m'John'[39m,
  last_name: [32m'Doe'[39m,
  login_id: [32m'john.doe@testgarage'[39m,
  user_role: [32m'mechanic'[39m,
  email: [32m'john.doe@example.com'[39m,
  phone_number: [32m'+1234567890'[39m,
  is_active: [33mtrue[39m,
  created_at: [32m'2026-01-16T16:33:18.749Z'[39m,
  updated_at: [32m'2026-01-16T16:33:18.749Z'[39m
}
Inserting new user data: {
  user_uid: [32m'***'[39m,
  garage_uid: [32m'garage-uid-123'[39m,
  garage_id: [32m'GARAGE001'[39m,
  garage_name: [32m'Test Garage'[39m,
  first_name: [32m'John'[39m,
  last_name: [32m'Doe'[39m,
  login_id: [32m'john.doe@testgarage'[39m,
  user_role: [32m'mechanic'[39m,
  email: [32m'john.doe@example.com'[39m,
  phone_number: [32m'+1234567890'[39m,
  is_active: [33mtrue[39m,
  created_at: [32m'2026-01-16T16:33:18.749Z'[39m,
  updated_at: [32m'2026-01-16T16:33:18.749Z'[39m
}
Inserting new user data: {
  user_uid: [32m'***'[39m,
  garage_uid: [32m'garage-uid-123'[39m,
  garage_id: [32m'GARAGE001'[39m,
  garage_name: [32m'Test Garage'[39m,
  first_name: [32m'John'[39m,
  last_name: [32m'Doe'[39m,
  login_id: [32m'john.doe@testgarage'[39m,
  user_role: [32m'mechanic'[39m,
  email: [32m'john.doe@example.com'[39m,
  phone_number: [32m'+1234567890'[39m,
  is_active: [33mtrue[39m,
  created_at: [32m'2026-01-16T16:33:18.749Z'[39m,
  updated_at: [32m'2026-01-16T16:33:18.749Z'[39m
}
Inserting new user data: {
  user_uid: [32m'***'[39m,
  garage_uid: [32m'garage-uid-123'[39m,
  garage_id: [32m'GARAGE001'[39m,
  garage_name: [32m'Test Garage'[39m,
  first_name: [32m'John'[39m,
  last_name: [32m'Doe'[39m,
  login_id: [32m'john.doe@testgarage'[39m,
  user_role: [32m'mechanic'[39m,
  email: [32m'john.doe@example.com'[39m,
  phone_number: [32m'+1234567890'[39m,
  is_active: [33mtrue[39m,
  created_at: [32m'2026-01-16T16:33:18.749Z'[39m,
  updated_at: [32m'2026-01-16T16:33:18.749Z'[39m
}
Inserting new user data: {
  user_uid: [32m'***'[39m,
  garage_uid: [32m'garage-uid-123'[39m,
  garage_id: [32m'GARAGE001'[39m,
  garage_name: [32m'Test Garage'[39m,
  first_name: [32m'John'[39m,
  last_name: [32m'Doe'[39m,
  login_id: [32m'john.doe@testgarage'[39m,
  user_role: [32m'mechanic'[39m,
  email: [32m'john.doe@example.com'[39m,
  phone_number: [32m'+1234567890'[39m,
  is_active: [33mtrue[39m,
  created_at: [32m'2026-01-16T16:33:18.749Z'[39m,
  updated_at: [32m'2026-01-16T16:33:18.749Z'[39m
}
Inserting new user data: {
  user_uid: [32m'***'[39m,
  garage_uid: [32m'garage-uid-123'[39m,
  garage_id: [32m'GARAGE001'[39m,
  garage_name: [32m'Test Garage'[39m,
  first_name: [32m'John'[39m,
  last_name: [32m'Doe'[39m,
  login_id: [32m'john.doe@testgarage'[39m,
  user_role: [32m'mechanic'[39m,
  email: [32m'john.doe@example.com'[39m,
  phone_number: [32m'+1234567890'[39m,
  is_active: [33mtrue[39m,
  created_at: [32m'2026-01-16T16:33:18.749Z'[39m,
  updated_at: [32m'2026-01-16T16:33:18.749Z'[39m
}
Inserting new user data: {
  user_uid: [32m'***'[39m,
  garage_uid: [32m'garage-uid-123'[39m,
  garage_id: [32m'GARAGE001'[39m,
  garage_name: [32m'Test Garage'[39m,
  first_name: [32m'John'[39m,
  last_name: [32m'Doe'[39m,
  login_id: [32m'john.doe@testgarage'[39m,
  user_role: [32m'mechanic'[39m,
  email: [32m'john.doe@example.com'[39m,
  phone_number: [32m'+1234567890'[39m,
  is_active: [33mtrue[39m,
  created_at: [32m'2026-01-16T16:33:18.749Z'[39m,
  updated_at: [32m'2026-01-16T16:33:18.749Z'[39m
}
Inserting new user data: {
  user_uid: [32m'***'[39m,
  garage_uid: [32m'garage-uid-123'[39m,
  garage_id: [32m'GARAGE001'[39m,
  garage_name: [32m'Test Garage'[39m,
  first_name: [32m'John'[39m,
  last_name: [32m'Doe'[39m,
  login_id: [32m'john.doe@testgarage'[39m,
  user_role: [32m'mechanic'[39m,
  email: [32m'john.doe@example.com'[39m,
  phone_number: [32m'+1234567890'[39m,
  is_active: [33mtrue[39m,
  created_at: [32m'2026-01-16T16:33:18.749Z'[39m,
  updated_at: [32m'2026-01-16T16:33:18.749Z'[39m
}
Inserting new user data: {
  user_uid: [32m'***'[39m,
  garage_uid: [32m'garage-uid-123'[39m,
  garage_id: [32m'GARAGE001'[39m,
  garage_name: [32m'Test Garage'[39m,
  first_name: [32m'John'[39m,
  last_name: [32m'Doe'[39m,
  login_id: [32m'john.doe@testgarage'[39m,
  user_role: [32m'mechanic'[39m,
  email: [32m'john.doe@example.com'[39m,
  phone_number: [32m'+1234567890'[39m,
  is_active: [33mtrue[39m,
  created_at: [32m'2026-01-16T16:33:18.749Z'[39m,
  updated_at: [32m'2026-01-16T16:33:18.749Z'[39m
}
Inserting new user data: {
  user_uid: [32m'***'[39m,
  garage_uid: [32m'garage-uid-123'[39m,
  garage_id: [32m'GARAGE001'[39m,
  garage_name: [32m'Test Garage'[39m,
  first_name: [32m'John'[39m,
  last_name: [32m'Doe'[39m,
  login_id: [32m'john.doe@testgarage'[39m,
  user_role: [32m'mechanic'[39m,
  email: [32m'john.doe@example.com'[39m,
  phone_number: [32m'+1234567890'[39m,
  is_active: [33mtrue[39m,
  created_at: [32m'2026-01-16T16:33:18.750Z'[39m,
  updated_at: [32m'2026-01-16T16:33:18.750Z'[39m
}
Inserting new user data: {
  user_uid: [32m'***'[39m,
  garage_uid: [32m'garage-uid-123'[39m,
  garage_id: [32m'GARAGE001'[39m,
  garage_name: [32m'Test Garage'[39m,
  first_name: [32m'John'[39m,
  last_name: [32m'Doe'[39m,
  login_id: [32m'john.doe@testgarage'[39m,
  user_role: [32m'mechanic'[39m,
  email: [32m'john.doe@example.com'[39m,
  phone_number: [32m'+1234567890'[39m,
  is_active: [33mtrue[39m,
  created_at: [32m'2026-01-16T16:33:18.750Z'[39m,
  updated_at: [32m'2026-01-16T16:33:18.750Z'[39m
}
Inserting new user data: {
  user_uid: [32m'***'[39m,
  garage_uid: [32m'garage-uid-123'[39m,
  garage_id: [32m'GARAGE001'[39m,
  garage_name: [32m'Test Garage'[39m,
  first_name: [32m'John'[39m,
  last_name: [32m'Doe'[39m,
  login_id: [32m'john.doe@testgarage'[39m,
  user_role: [32m'mechanic'[39m,
  email: [32m'john.doe@example.com'[39m,
  phone_number: [32m'+1234567890'[39m,
  is_active: [33mtrue[39m,
  created_at: [32m'2026-01-16T16:33:18.750Z'[39m,
  updated_at: [32m'2026-01-16T16:33:18.750Z'[39m
}
Inserting new user data: {
  user_uid: [32m'***'[39m,
  garage_uid: [32m'garage-uid-123'[39m,
  garage_id: [32m'GARAGE001'[39m,
  garage_name: [32m'Test Garage'[39m,
  first_name: [32m'John'[39m,
  last_name: [32m'Doe'[39m,
  login_id: [32m'john.doe@testgarage'[39m,
  user_role: [32m'mechanic'[39m,
  email: [32m'john.doe@example.com'[39m,
  phone_number: [32m'+1234567890'[39m,
  is_active: [33mtrue[39m,
  created_at: [32m'2026-01-16T16:33:18.750Z'[39m,
  updated_at: [32m'2026-01-16T16:33:18.750Z'[39m
}
Inserting new user data: {
  user_uid: [32m'***'[39m,
  garage_uid: [32m'garage-uid-123'[39m,
  garage_id: [32m'GARAGE001'[39m,
  garage_name: [32m'Test Garage'[39m,
  first_name: [32m'John'[39m,
  last_name: [32m'Doe'[39m,
  login_id: [32m'john.doe@testgarage'[39m,
  user_role: [32m'mechanic'[39m,
  email: [32m'john.doe@example.com'[39m,
  phone_number: [32m'+1234567890'[39m,
  is_active: [33mtrue[39m,
  created_at: [32m'2026-01-16T16:33:18.750Z'[39m,
  updated_at: [32m'2026-01-16T16:33:18.750Z'[39m
}
Inserting new user data: {
  user_uid: [32m'***'[39m,
  garage_uid: [32m'garage-uid-123'[39m,
  garage_id: [32m'GARAGE001'[39m,
  garage_name: [32m'Test Garage'[39m,
  first_name: [32m'John'[39m,
  last_name: [32m'Doe'[39m,
  login_id: [32m'john.doe@testgarage'[39m,
  user_role: [32m'mechanic'[39m,
  email: [32m'john.doe@example.com'[39m,
  phone_number: [32m'+1234567890'[39m,
  is_active: [33mtrue[39m,
  created_at: [32m'2026-01-16T16:33:18.750Z'[39m,
  updated_at: [32m'2026-01-16T16:33:18.750Z'[39m
}
Inserting new user data: {
  user_uid: [32m'***'[39m,
  garage_uid: [32m'garage-uid-123'[39m,
  garage_id: [32m'GARAGE001'[39m,
  garage_name: [32m'Test Garage'[39m,
  first_name: [32m'John'[39m,
  last_name: [32m'Doe'[39m,
  login_id: [32m'john.doe@testgarage'[39m,
  user_role: [32m'mechanic'[39m,
  email: [32m'john.doe@example.com'[39m,
  phone_number: [32m'+1234567890'[39m,
  is_active: [33mtrue[39m,
  created_at: [32m'2026-01-16T16:33:18.750Z'[39m,
  updated_at: [32m'2026-01-16T16:33:18.750Z'[39m
}
Inserting new user data: {
  user_uid: [32m'***'[39m,
  garage_uid: [32m'garage-uid-123'[39m,
  garage_id: [32m'GARAGE001'[39m,
  garage_name: [32m'Test Garage'[39m,
  first_name: [32m'John'[39m,
  last_name: [32m'Doe'[39m,
  login_id: [32m'john.doe@testgarage'[39m,
  user_role: [32m'mechanic'[39m,
  email: [32m'john.doe@example.com'[39m,
  phone_number: [32m'+1234567890'[39m,
  is_active: [33mtrue[39m,
  created_at: [32m'2026-01-16T16:33:18.750Z'[39m,
  updated_at: [32m'2026-01-16T16:33:18.750Z'[39m
}
Inserting new user data: {
  user_uid: [32m'***'[39m,
  garage_uid: [32m'garage-uid-123'[39m,
  garage_id: [32m'GARAGE001'[39m,
  garage_name: [32m'Test Garage'[39m,
  first_name: [32m'John'[39m,
  last_name: [32m'Doe'[39m,
  login_id: [32m'john.doe@testgarage'[39m,
  user_role: [32m'mechanic'[39m,
  email: [32m'john.doe@example.com'[39m,
  phone_number: [32m'+1234567890'[39m,
  is_active: [33mtrue[39m,
  created_at: [32m'2026-01-16T16:33:18.750Z'[39m,
  updated_at: [32m'2026-01-16T16:33:18.750Z'[39m
}
Inserting new user data: {
  user_uid: [32m'***'[39m,
  garage_uid: [32m'garage-uid-123'[39m,
  garage_id: [32m'GARAGE001'[39m,
  garage_name: [32m'Test Garage'[39m,
  first_name: [32m'John'[39m,
  last_name: [32m'Doe'[39m,
  login_id: [32m'john.doe@testgarage'[39m,
  user_role: [32m'mechanic'[39m,
  email: [32m'john.doe@example.com'[39m,
  phone_number: [32m'+1234567890'[39m,
  is_active: [33mtrue[39m,
  created_at: [32m'2026-01-16T16:33:18.750Z'[39m,
  updated_at: [32m'2026-01-16T16:33:18.750Z'[39m
}
Inserting new user data: {
  user_uid: [32m'***'[39m,
  garage_uid: [32m'garage-uid-123'[39m,
  garage_id: [32m'GARAGE001'[39m,
  garage_name: [32m'Test Garage'[39m,
  first_name: [32m'John'[39m,
  last_name: [32m'Doe'[39m,
  login_id: [32m'john.doe@testgarage'[39m,
  user_role: [32m'mechanic'[39m,
  email: [32m'john.doe@example.com'[39m,
  phone_number: [32m'+1234567890'[39m,
  is_active: [33mtrue[39m,
  created_at: [32m'2026-01-16T16:33:18.750Z'[39m,
  updated_at: [32m'2026-01-16T16:33:18.750Z'[39m
}
Inserting new user data: {
  user_uid: [32m'***'[39m,
  garage_uid: [32m'garage-uid-123'[39m,
  garage_id: [32m'GARAGE001'[39m,
  garage_name: [32m'Test Garage'[39m,
  first_name: [32m'John'[39m,
  last_name: [32m'Doe'[39m,
  login_id: [32m'john.doe@testgarage'[39m,
  user_role: [32m'mechanic'[39m,
  email: [32m'john.doe@example.com'[39m,
  phone_number: [32m'+1234567890'[39m,
  is_active: [33mtrue[39m,
  created_at: [32m'2026-01-16T16:33:18.750Z'[39m,
  updated_at: [32m'2026-01-16T16:33:18.750Z'[39m
}
Inserting new user data: {
  user_uid: [32m'***'[39m,
  garage_uid: [32m'garage-uid-123'[39m,
  garage_id: [32m'GARAGE001'[39m,
  garage_name: [32m'Test Garage'[39m,
  first_name: [32m'John'[39m,
  last_name: [32m'Doe'[39m,
  login_id: [32m'john.doe@testgarage'[39m,
  user_role: [32m'mechanic'[39m,
  email: [32m'john.doe@example.com'[39m,
  phone_number: [32m'+1234567890'[39m,
  is_active: [33mtrue[39m,
  created_at: [32m'2026-01-16T16:33:18.750Z'[39m,
  updated_at: [32m'2026-01-16T16:33:18.750Z'[39m
}
Inserting new user data: {
  user_uid: [32m'***'[39m,
  garage_uid: [32m'garage-uid-123'[39m,
  garage_id: [32m'GARAGE001'[39m,
  garage_name: [32m'Test Garage'[39m,
  first_name: [32m'John'[39m,
  last_name: [32m'Doe'[39m,
  login_id: [32m'john.doe@testgarage'[39m,
  user_role: [32m'mechanic'[39m,
  email: [32m'john.doe@example.com'[39m,
  phone_number: [32m'+1234567890'[39m,
  is_active: [33mtrue[39m,
  created_at: [32m'2026-01-16T16:33:18.750Z'[39m,
  updated_at: [32m'2026-01-16T16:33:18.750Z'[39m
}
Inserting new user data: {
  user_uid: [32m'***'[39m,
  garage_uid: [32m'garage-uid-123'[39m,
  garage_id: [32m'GARAGE001'[39m,
  garage_name: [32m'Test Garage'[39m,
  first_name: [32m'John'[39m,
  last_name: [32m'Doe'[39m,
  login_id: [32m'john.doe@testgarage'[39m,
  user_role: [32m'mechanic'[39m,
  email: [32m'john.doe@example.com'[39m,
  phone_number: [32m'+1234567890'[39m,
  is_active: [33mtrue[39m,
  created_at: [32m'2026-01-16T16:33:18.750Z'[39m,
  updated_at: [32m'2026-01-16T16:33:18.750Z'[39m
}
Inserting new user data: {
  user_uid: [32m'***'[39m,
  garage_uid: [32m'garage-uid-123'[39m,
  garage_id: [32m'GARAGE001'[39m,
  garage_name: [32m'Test Garage'[39m,
  first_name: [32m'John'[39m,
  last_name: [32m'Doe'[39m,
  login_id: [32m'john.doe@testgarage'[39m,
  user_role: [32m'mechanic'[39m,
  email: [32m'john.doe@example.com'[39m,
  phone_number: [32m'+1234567890'[39m,
  is_active: [33mtrue[39m,
  created_at: [32m'2026-01-16T16:33:18.750Z'[39m,
  updated_at: [32m'2026-01-16T16:33:18.750Z'[39m
}
Inserting new user data: {
  user_uid: [32m'***'[39m,
  garage_uid: [32m'garage-uid-123'[39m,
  garage_id: [32m'GARAGE001'[39m,
  garage_name: [32m'Test Garage'[39m,
  first_name: [32m'John'[39m,
  last_name: [32m'Doe'[39m,
  login_id: [32m'john.doe@testgarage'[39m,
  user_role: [32m'mechanic'[39m,
  email: [32m'john.doe@example.com'[39m,
  phone_number: [32m'+1234567890'[39m,
  is_active: [33mtrue[39m,
  created_at: [32m'2026-01-16T16:33:18.750Z'[39m,
  updated_at: [32m'2026-01-16T16:33:18.750Z'[39m
}
Inserting new user data: {
  user_uid: [32m'***'[39m,
  garage_uid: [32m'garage-uid-123'[39m,
  garage_id: [32m'GARAGE001'[39m,
  garage_name: [32m'Test Garage'[39m,
  first_name: [32m'John'[39m,
  last_name: [32m'Doe'[39m,
  login_id: [32m'john.doe@testgarage'[39m,
  user_role: [32m'mechanic'[39m,
  email: [32m'john.doe@example.com'[39m,
  phone_number: [32m'+1234567890'[39m,
  is_active: [33mtrue[39m,
  created_at: [32m'2026-01-16T16:33:18.750Z'[39m,
  updated_at: [32m'2026-01-16T16:33:18.750Z'[39m
}
Inserting new user data: {
  user_uid: [32m'***'[39m,
  garage_uid: [32m'garage-uid-123'[39m,
  garage_id: [32m'GARAGE001'[39m,
  garage_name: [32m'Test Garage'[39m,
  first_name: [32m'John'[39m,
  last_name: [32m'Doe'[39m,
  login_id: [32m'john.doe@testgarage'[39m,
  user_role: [32m'mechanic'[39m,
  email: [32m'john.doe@example.com'[39m,
  phone_number: [32m'+1234567890'[39m,
  is_active: [33mtrue[39m,
  created_at: [32m'2026-01-16T16:33:18.750Z'[39m,
  updated_at: [32m'2026-01-16T16:33:18.750Z'[39m
}
Inserting new user data: {
  user_uid: [32m'***'[39m,
  garage_uid: [32m'garage-uid-123'[39m,
  garage_id: [32m'GARAGE001'[39m,
  garage_name: [32m'Test Garage'[39m,
  first_name: [32m'John'[39m,
  last_name: [32m'Doe'[39m,
  login_id: [32m'john.doe@testgarage'[39m,
  user_role: [32m'mechanic'[39m,
  email: [32m'john.doe@example.com'[39m,
  phone_number: [32m'+1234567890'[39m,
  is_active: [33mtrue[39m,
  created_at: [32m'2026-01-16T16:33:18.750Z'[39m,
  updated_at: [32m'2026-01-16T16:33:18.750Z'[39m
}
Inserting new user data: {
  user_uid: [32m'***'[39m,
  garage_uid: [32m'garage-uid-123'[39m,
  garage_id: [32m'GARAGE001'[39m,
  garage_name: [32m'Test Garage'[39m,
  first_name: [32m'John'[39m,
  last_name: [32m'Doe'[39m,
  login_id: [32m'john.doe@testgarage'[39m,
  user_role: [32m'mechanic'[39m,
  email: [32m'john.doe@example.com'[39m,
  phone_number: [32m'+1234567890'[39m,
  is_active: [33mtrue[39m,
  created_at: [32m'2026-01-16T16:33:18.750Z'[39m,
  updated_at: [32m'2026-01-16T16:33:18.750Z'[39m
}
Inserting new user data: {
  user_uid: [32m'***'[39m,
  garage_uid: [32m'garage-uid-123'[39m,
  garage_id: [32m'GARAGE001'[39m,
  garage_name: [32m'Test Garage'[39m,
  first_name: [32m'John'[39m,
  last_name: [32m'Doe'[39m,
  login_id: [32m'john.doe@testgarage'[39m,
  user_role: [32m'mechanic'[39m,
  email: [32m'john.doe@example.com'[39m,
  phone_number: [32m'+1234567890'[39m,
  is_active: [33mtrue[39m,
  created_at: [32m'2026-01-16T16:33:18.750Z'[39m,
  updated_at: [32m'2026-01-16T16:33:18.750Z'[39m
}
Inserting new user data: {
  user_uid: [32m'***'[39m,
  garage_uid: [32m'garage-uid-123'[39m,
  garage_id: [32m'GARAGE001'[39m,
  garage_name: [32m'Test Garage'[39m,
  first_name: [32m'John'[39m,
  last_name: [32m'Doe'[39m,
  login_id: [32m'john.doe@testgarage'[39m,
  user_role: [32m'mechanic'[39m,
  email: [32m'john.doe@example.com'[39m,
  phone_number: [32m'+1234567890'[39m,
  is_active: [33mtrue[39m,
  created_at: [32m'2026-01-16T16:33:18.750Z'[39m,
  updated_at: [32m'2026-01-16T16:33:18.750Z'[39m
}
Inserting new user data: {
  user_uid: [32m'***'[39m,
  garage_uid: [32m'garage-uid-123'[39m,
  garage_id: [32m'GARAGE001'[39m,
  garage_name: [32m'Test Garage'[39m,
  first_name: [32m'John'[39m,
  last_name: [32m'Doe'[39m,
  login_id: [32m'john.doe@testgarage'[39m,
  user_role: [32m'mechanic'[39m,
  email: [32m'john.doe@example.com'[39m,
  phone_number: [32m'+1234567890'[39m,
  is_active: [33mtrue[39m,
  created_at: [32m'2026-01-16T16:33:18.750Z'[39m,
  updated_at: [32m'2026-01-16T16:33:18.750Z'[39m
}
Inserting new user data: {
  user_uid: [32m'***'[39m,
  garage_uid: [32m'garage-uid-123'[39m,
  garage_id: [32m'GARAGE001'[39m,
  garage_name: [32m'Test Garage'[39m,
  first_name: [32m'John'[39m,
  last_name: [32m'Doe'[39m,
  login_id: [32m'john.doe@testgarage'[39m,
  user_role: [32m'mechanic'[39m,
  email: [32m'john.doe@example.com'[39m,
  phone_number: [32m'+1234567890'[39m,
  is_active: [33mtrue[39m,
  created_at: [32m'2026-01-16T16:33:18.750Z'[39m,
  updated_at: [32m'2026-01-16T16:33:18.750Z'[39m
}
Inserting new user data: {
  user_uid: [32m'***'[39m,
  garage_uid: [32m'garage-uid-123'[39m,
  garage_id: [32m'GARAGE001'[39m,
  garage_name: [32m'Test Garage'[39m,
  first_name: [32m'John'[39m,
  last_name: [32m'Doe'[39m,
  login_id: [32m'john.doe@testgarage'[39m,
  user_role: [32m'mechanic'[39m,
  email: [32m'john.doe@example.com'[39m,
  phone_number: [32m'+1234567890'[39m,
  is_active: [33mtrue[39m,
  created_at: [32m'2026-01-16T16:33:18.750Z'[39m,
  updated_at: [32m'2026-01-16T16:33:18.750Z'[39m
}
Inserting new user data: {
  user_uid: [32m'***'[39m,
  garage_uid: [32m'garage-uid-123'[39m,
  garage_id: [32m'GARAGE001'[39m,
  garage_name: [32m'Test Garage'[39m,
  first_name: [32m'John'[39m,
  last_name: [32m'Doe'[39m,
  login_id: [32m'john.doe@testgarage'[39m,
  user_role: [32m'mechanic'[39m,
  email: [32m'john.doe@example.com'[39m,
  phone_number: [32m'+1234567890'[39m,
  is_active: [33mtrue[39m,
  created_at: [32m'2026-01-16T16:33:18.751Z'[39m,
  updated_at: [32m'2026-01-16T16:33:18.751Z'[39m
}
Inserting new user data: {
  user_uid: [32m'***'[39m,
  garage_uid: [32m'garage-uid-123'[39m,
  garage_id: [32m'GARAGE001'[39m,
  garage_name: [32m'Test Garage'[39m,
  first_name: [32m'John'[39m,
  last_name: [32m'Doe'[39m,
  login_id: [32m'john.doe@testgarage'[39m,
  user_role: [32m'mechanic'[39m,
  email: [32m'john.doe@example.com'[39m,
  phone_number: [32m'+1234567890'[39m,
  is_active: [33mtrue[39m,
  created_at: [32m'2026-01-16T16:33:18.753Z'[39m,
  updated_at: [32m'2026-01-16T16:33:18.753Z'[39m
}
Inserting new user data: {
  user_uid: [32m'***'[39m,
  garage_uid: [32m'garage-uid-123'[39m,
  garage_id: [32m'GARAGE001'[39m,
  garage_name: [32m'Test Garage'[39m,
  first_name: [32m'John'[39m,
  last_name: [32m'Doe'[39m,
  login_id: [32m'john.doe@testgarage'[39m,
  user_role: [32m'mechanic'[39m,
  email: [32m'john.doe@example.com'[39m,
  phone_number: [32m'+1234567890'[39m,
  is_active: [33mtrue[39m,
  created_at: [32m'2026-01-16T16:33:18.753Z'[39m,
  updated_at: [32m'2026-01-16T16:33:18.753Z'[39m
}
Inserting new user data: {
  user_uid: [32m'***'[39m,
  garage_uid: [32m'garage-uid-123'[39m,
  garage_id: [32m'GARAGE001'[39m,
  garage_name: [32m'Test Garage'[39m,
  first_name: [32m'John'[39m,
  last_name: [32m'Doe'[39m,
  login_id: [32m'john.doe@testgarage'[39m,
  user_role: [32m'mechanic'[39m,
  email: [32m'john.doe@example.com'[39m,
  phone_number: [32m'+1234567890'[39m,
  is_active: [33mtrue[39m,
  created_at: [32m'2026-01-16T16:33:18.753Z'[39m,
  updated_at: [32m'2026-01-16T16:33:18.753Z'[39m
}
Inserting new user data: {
  user_uid: [32m'***'[39m,
  garage_uid: [32m'garage-uid-123'[39m,
  garage_id: [32m'GARAGE001'[39m,
  garage_name: [32m'Test Garage'[39m,
  first_name: [32m'John'[39m,
  last_name: [32m'Doe'[39m,
  login_id: [32m'john.doe@testgarage'[39m,
  user_role: [32m'mechanic'[39m,
  email: [32m'john.doe@example.com'[39m,
  phone_number: [32m'+1234567890'[39m,
  is_active: [33mtrue[39m,
  created_at: [32m'2026-01-16T16:33:18.753Z'[39m,
  updated_at: [32m'2026-01-16T16:33:18.753Z'[39m
}
Inserting new user data: {
  user_uid: [32m'***'[39m,
  garage_uid: [32m'garage-uid-123'[39m,
  garage_id: [32m'GARAGE001'[39m,
  garage_name: [32m'Test Garage'[39m,
  first_name: [32m'John'[39m,
  last_name: [32m'Doe'[39m,
  login_id: [32m'john.doe@testgarage'[39m,
  user_role: [32m'mechanic'[39m,
  email: [32m'john.doe@example.com'[39m,
  phone_number: [32m'+1234567890'[39m,
  is_active: [33mtrue[39m,
  created_at: [32m'2026-01-16T16:33:18.753Z'[39m,
  updated_at: [32m'2026-01-16T16:33:18.753Z'[39m
}
Inserting new user data: {
  user_uid: [32m'***'[39m,
  garage_uid: [32m'garage-uid-123'[39m,
  garage_id: [32m'GARAGE001'[39m,
  garage_name: [32m'Test Garage'[39m,
  first_name: [32m'John'[39m,
  last_name: [32m'Doe'[39m,
  login_id: [32m'john.doe@testgarage'[39m,
  user_role: [32m'mechanic'[39m,
  email: [32m'john.doe@example.com'[39m,
  phone_number: [32m'+1234567890'[39m,
  is_active: [33mtrue[39m,
  created_at: [32m'2026-01-16T16:33:18.753Z'[39m,
  updated_at: [32m'2026-01-16T16:33:18.753Z'[39m
}
Inserting new user data: {
  user_uid: [32m'***'[39m,
  garage_uid: [32m'garage-uid-123'[39m,
  garage_id: [32m'GARAGE001'[39m,
  garage_name: [32m'Test Garage'[39m,
  first_name: [32m'John'[39m,
  last_name: [32m'Doe'[39m,
  login_id: [32m'john.doe@testgarage'[39m,
  user_role: [32m'mechanic'[39m,
  email: [32m'john.doe@example.com'[39m,
  phone_number: [32m'+1234567890'[39m,
  is_active: [33mtrue[39m,
  created_at: [32m'2026-01-16T16:33:18.753Z'[39m,
  updated_at: [32m'2026-01-16T16:33:18.753Z'[39m
}
Inserting new user data: {
  user_uid: [32m'***'[39m,
  garage_uid: [32m'garage-uid-123'[39m,
  garage_id: [32m'GARAGE001'[39m,
  garage_name: [32m'Test Garage'[39m,
  first_name: [32m'John'[39m,
  last_name: [32m'Doe'[39m,
  login_id: [32m'john.doe@testgarage'[39m,
  user_role: [32m'mechanic'[39m,
  email: [32m'john.doe@example.com'[39m,
  phone_number: [32m'+1234567890'[39m,
  is_active: [33mtrue[39m,
  created_at: [32m'2026-01-16T16:33:18.753Z'[39m,
  updated_at: [32m'2026-01-16T16:33:18.753Z'[39m
}
Inserting new user data: {
  user_uid: [32m'***'[39m,
  garage_uid: [32m'garage-uid-123'[39m,
  garage_id: [32m'GARAGE001'[39m,
  garage_name: [32m'Test Garage'[39m,
  first_name: [32m'John'[39m,
  last_name: [32m'Doe'[39m,
  login_id: [32m'john.doe@testgarage'[39m,
  user_role: [32m'mechanic'[39m,
  email: [32m'john.doe@example.com'[39m,
  phone_number: [32m'+1234567890'[39m,
  is_active: [33mtrue[39m,
  created_at: [32m'2026-01-16T16:33:18.753Z'[39m,
  updated_at: [32m'2026-01-16T16:33:18.753Z'[39m
}
Inserting new user data: {
  user_uid: [32m'***'[39m,
  garage_uid: [32m'garage-uid-123'[39m,
  garage_id: [32m'GARAGE001'[39m,
  garage_name: [32m'Test Garage'[39m,
  first_name: [32m'John'[39m,
  last_name: [32m'Doe'[39m,
  login_id: [32m'john.doe@testgarage'[39m,
  user_role: [32m'mechanic'[39m,
  email: [32m'john.doe@example.com'[39m,
  phone_number: [32m'+1234567890'[39m,
  is_active: [33mtrue[39m,
  created_at: [32m'2026-01-16T16:33:18.753Z'[39m,
  updated_at: [32m'2026-01-16T16:33:18.753Z'[39m
}
Inserting new user data: {
  user_uid: [32m'***'[39m,
  garage_uid: [32m'garage-uid-123'[39m,
  garage_id: [32m'GARAGE001'[39m,
  garage_name: [32m'Test Garage'[39m,
  first_name: [32m'John'[39m,
  last_name: [32m'Doe'[39m,
  login_id: [32m'john.doe@testgarage'[39m,
  user_role: [32m'mechanic'[39m,
  email: [32m'john.doe@example.com'[39m,
  phone_number: [32m'+1234567890'[39m,
  is_active: [33mtrue[39m,
  created_at: [32m'2026-01-16T16:33:18.754Z'[39m,
  updated_at: [32m'2026-01-16T16:33:18.754Z'[39m
}
Inserting new user data: {
  user_uid: [32m'***'[39m,
  garage_uid: [32m'garage-uid-123'[39m,
  garage_id: [32m'GARAGE001'[39m,
  garage_name: [32m'Test Garage'[39m,
  first_name: [32m'John'[39m,
  last_name: [32m'Doe'[39m,
  login_id: [32m'john.doe@testgarage'[39m,
  user_role: [32m'mechanic'[39m,
  email: [32m'john.doe@example.com'[39m,
  phone_number: [32m'+1234567890'[39m,
  is_active: [33mtrue[39m,
  created_at: [32m'2026-01-16T16:33:18.754Z'[39m,
  updated_at: [32m'2026-01-16T16:33:18.754Z'[39m
}
Inserting new user data: {
  user_uid: [32m'***'[39m,
  garage_uid: [32m'garage-uid-123'[39m,
  garage_id: [32m'GARAGE001'[39m,
  garage_name: [32m'Test Garage'[39m,
  first_name: [32m'John'[39m,
  last_name: [32m'Doe'[39m,
  login_id: [32m'john.doe@testgarage'[39m,
  user_role: [32m'mechanic'[39m,
  email: [32m'john.doe@example.com'[39m,
  phone_number: [32m'+1234567890'[39m,
  is_active: [33mtrue[39m,
  created_at: [32m'2026-01-16T16:33:18.754Z'[39m,
  updated_at: [32m'2026-01-16T16:33:18.754Z'[39m
}
Inserting new user data: {
  user_uid: [32m'***'[39m,
  garage_uid: [32m'garage-uid-123'[39m,
  garage_id: [32m'GARAGE001'[39m,
  garage_name: [32m'Test Garage'[39m,
  first_name: [32m'John'[39m,
  last_name: [32m'Doe'[39m,
  login_id: [32m'john.doe@testgarage'[39m,
  user_role: [32m'mechanic'[39m,
  email: [32m'john.doe@example.com'[39m,
  phone_number: [32m'+1234567890'[39m,
  is_active: [33mtrue[39m,
  created_at: [32m'2026-01-16T16:33:18.754Z'[39m,
  updated_at: [32m'2026-01-16T16:33:18.754Z'[39m
}
Inserting new user data: {
  user_uid: [32m'***'[39m,
  garage_uid: [32m'garage-uid-123'[39m,
  garage_id: [32m'GARAGE001'[39m,
  garage_name: [32m'Test Garage'[39m,
  first_name: [32m'John'[39m,
  last_name: [32m'Doe'[39m,
  login_id: [32m'john.doe@testgarage'[39m,
  user_role: [32m'mechanic'[39m,
  email: [32m'john.doe@example.com'[39m,
  phone_number: [32m'+1234567890'[39m,
  is_active: [33mtrue[39m,
  created_at: [32m'2026-01-16T16:33:18.754Z'[39m,
  updated_at: [32m'2026-01-16T16:33:18.754Z'[39m
}
User created successfully: { userUid: [32m'c5e315bc-d753-4f27-9788-5cb2378976cb'[39m }
Inserting auth data...
User created successfully: { userUid: [32m'b2b09e9a-0646-4d6e-9d2f-bc6127f6ee71'[39m }
Inserting auth data...
User created successfully: { userUid: [32m'394f41cf-c9c7-45ef-8720-23b77aee2a8e'[39m }
Inserting auth data...
User created successfully: { userUid: [32m'2be3bffc-035e-4dad-b840-0ee8175de4f7'[39m }
Inserting auth data...
User created successfully: { userUid: [32m'f1218e03-97c8-48f0-a0a4-09b65b7d3071'[39m }
Inserting auth data...
User created successfully: { userUid: [32m'961baed1-a559-45aa-a457-02db9e6acdc6'[39m }
Inserting auth data...
User created successfully: { userUid: [32m'2c3f1d8d-86b9-49a6-8899-fea9928ac775'[39m }
Inserting auth data...
User created successfully: { userUid: [32m'9a900799-333c-4e1e-a0cd-f6adb6ac68fb'[39m }
Inserting auth data...
User created successfully: { userUid: [32m'ad4fd036-bc38-49a0-89c7-ba69bbcb7a00'[39m }
Inserting auth data...
User created successfully: { userUid: [32m'14a28e48-bdb4-4b64-9322-218ea1f193f3'[39m }
Inserting auth data...
User created successfully: { userUid: [32m'0814b895-c8ed-4de7-8224-8751694d469c'[39m }
Inserting auth data...
User created successfully: { userUid: [32m'c475d111-4be6-48de-aaf9-1fd9adf29a3f'[39m }
Inserting auth data...
User created successfully: { userUid: [32m'5af683e7-ef56-4e0a-b3ff-3a39226532ad'[39m }
Inserting auth data...
User created successfully: { userUid: [32m'7d11d725-0877-415d-b5ab-9fe8d81e90e2'[39m }
Inserting auth data...
User created successfully: { userUid: [32m'3dd5499b-514a-426d-9deb-ec6c7172dd57'[39m }
Inserting auth data...
User created successfully: { userUid: [32m'a16dcbae-ae46-4bfc-927f-9dd5954e83b8'[39m }
Inserting auth data...
User created successfully: { userUid: [32m'576e96c8-55ab-4292-ab50-bff326c40028'[39m }
Inserting auth data...
User created successfully: { userUid: [32m'abd01390-fc43-4347-a99b-df5f092e7058'[39m }
Inserting auth data...
User created successfully: { userUid: [32m'2474d1f2-422a-4591-b445-c0defb8578ff'[39m }
Inserting auth data...
User created successfully: { userUid: [32m'1b6ee870-7c24-45c4-b2ec-feb85786aa83'[39m }
Inserting auth data...
User created successfully: { userUid: [32m'88fdfa89-ff16-4a82-b3ae-dd930073c8cf'[39m }
Inserting auth data...
User created successfully: { userUid: [32m'44523b1a-0c8e-4fa7-837e-8faa23900f9e'[39m }
Inserting auth data...
User created successfully: { userUid: [32m'073cdca4-b89a-4760-8c27-aa606923d191'[39m }
Inserting auth data...
User created successfully: { userUid: [32m'37d816c1-2219-416b-be1e-cec5daf68449'[39m }
Inserting auth data...
User created successfully: { userUid: [32m'c752cad2-3134-45fd-bebc-3fbf6a540961'[39m }
Inserting auth data...
User created successfully: { userUid: [32m'b6f14601-97c0-47ac-ab79-9e65e789d220'[39m }
Inserting auth data...
User created successfully: { userUid: [32m'fd6b3c55-e452-4f65-8700-db7edc618fe2'[39m }
Inserting auth data...
User created successfully: { userUid: [32m'20a6ed9b-1099-4e66-b259-bf94b9783242'[39m }
Inserting auth data...
User created successfully: { userUid: [32m'abab8f56-a0ba-400d-a3f9-1805cd5a1a00'[39m }
Inserting auth data...
User created successfully: { userUid: [32m'643ad576-4d3e-4b8e-9034-43ed26018569'[39m }
Inserting auth data...
User created successfully: { userUid: [32m'b65582a6-04e3-4214-94bb-f79c1f244267'[39m }
Inserting auth data...
User created successfully: { userUid: [32m'44ce3c2a-e7d4-4efe-af7e-5f64e3b31db6'[39m }
Inserting auth data...
User created successfully: { userUid: [32m'f3088170-34b2-4543-9195-d863346d61ca'[39m }
Inserting auth data...
User created successfully: { userUid: [32m'7486605e-cfbe-4e2b-8f67-0d1018bdc071'[39m }
Inserting auth data...
User created successfully: { userUid: [32m'cdde4865-a59a-484d-a813-367e393886cf'[39m }
Inserting auth data...
User created successfully: { userUid: [32m'ade400dd-8d5f-4576-b296-19e18f868683'[39m }
Inserting auth data...
User created successfully: { userUid: [32m'fdcc464b-5fa1-4180-8dca-548de97aa213'[39m }
Inserting auth data...
User created successfully: { userUid: [32m'9f7319fe-e73f-45a8-a969-3ad3d0c8ca1c'[39m }
Inserting auth data...
User created successfully: { userUid: [32m'68445e1b-f674-408e-8f3e-82725af16b53'[39m }
Inserting auth data...
User created successfully: { userUid: [32m'8e687613-072f-4006-82c7-7bdc1740c983'[39m }
Inserting auth data...
User created successfully: { userUid: [32m'c005153d-ddc9-4694-93de-943e2a8a420f'[39m }
Inserting auth data...
User created successfully: { userUid: [32m'228a4cde-4ca7-4c52-a101-237b84f49dee'[39m }
Inserting auth data...
User created successfully: { userUid: [32m'e578282d-4f5c-4d1f-9d55-d2147838cb47'[39m }
Inserting auth data...
User created successfully: { userUid: [32m'ae413e2e-7fbc-421b-88e5-37f591ad69cd'[39m }
Inserting auth data...
User created successfully: { userUid: [32m'a3b0dae1-3189-44fa-8386-80e1f145e531'[39m }
Inserting auth data...
User created successfully: { userUid: [32m'e541c80d-5994-4595-b81c-f289765ece59'[39m }
Inserting auth data...
User created successfully: { userUid: [32m'a9586d34-e8c6-4304-87bc-9450a29026ee'[39m }
Inserting auth data...
User created successfully: { userUid: [32m'88482344-8583-412f-b951-325193c0d1c2'[39m }
Inserting auth data...
User created successfully: { userUid: [32m'f8757ec9-f81d-42e2-bf59-65071360e6d3'[39m }
Inserting auth data...
User created successfully: { userUid: [32m'8b399d2d-fce2-4ce8-998c-ae724afd1661'[39m }
Inserting auth data...
User created successfully: { userUid: [32m'f304070f-c479-44cb-b084-9df68901c346'[39m }
Inserting auth data...
User created successfully: { userUid: [32m'e0c76d8c-f41d-48c0-80b5-2d926d13d586'[39m }
Inserting auth data...
User created successfully: { userUid: [32m'e48ca582-84f4-4766-8019-2c8514848836'[39m }
Inserting auth data...
User created successfully: { userUid: [32m'033b9272-8357-4e3e-9de1-e8ccb9c37e43'[39m }
Inserting auth data...
User created successfully: { userUid: [32m'9363746f-64b3-4042-8ab3-d124f54d5685'[39m }
Inserting auth data...
User created successfully: { userUid: [32m'002d609a-6255-4735-8ab1-1459ed5ac122'[39m }
Inserting auth data...
User created successfully: { userUid: [32m'33d8543d-bd60-475b-b9a9-13bb8cd06dcf'[39m }
Inserting auth data...
User created successfully: { userUid: [32m'6fb5ff08-19ae-4b49-8267-46af2f570ffc'[39m }
Inserting auth data...
User created successfully: { userUid: [32m'393294dc-ca22-405a-8b37-ddb035bb9356'[39m }
Inserting auth data...
User created successfully: { userUid: [32m'cfc3e6a3-59b8-468f-85e9-2bf5df261c0e'[39m }
Inserting auth data...
User created successfully: { userUid: [32m'43c26602-283f-4bb8-a2da-138fc58c4c1f'[39m }
Inserting auth data...
User created successfully: { userUid: [32m'3b9a6b30-119f-4f73-b8d8-c9ae7006d3ed'[39m }
Inserting auth data...
User created successfully: { userUid: [32m'b09e2aff-27c8-4b5a-b5d4-da28719904b3'[39m }
Inserting auth data...
User created successfully: { userUid: [32m'02b93647-1f4e-4bd4-8ff8-eddcbb092960'[39m }
Inserting auth data...
User created successfully: { userUid: [32m'53cdd427-4ef1-4ff3-a329-0523e9e6caa7'[39m }
Inserting auth data...
User created successfully: { userUid: [32m'e6b4b76e-c735-4c4f-885d-694d3d2218ff'[39m }
Inserting auth data...
User created successfully: { userUid: [32m'f7460fad-03c4-49ea-9ba0-4140bc7e279b'[39m }
Inserting auth data...
User created successfully: { userUid: [32m'0d283ab1-5762-402b-bad8-2a2a24010362'[39m }
Inserting auth data...
User created successfully: { userUid: [32m'78e44240-14a9-42e8-8fd2-0c94a971f7fa'[39m }
Inserting auth data...
User created successfully: { userUid: [32m'7437084f-1976-4d92-b9e8-498086e43311'[39m }
Inserting auth data...
User created successfully: { userUid: [32m'c15902ec-8bae-46c4-967c-4623916b3245'[39m }
Inserting auth data...
User created successfully: { userUid: [32m'b72a6f3a-b982-4646-bdf9-6d85963187ab'[39m }
Inserting auth data...
User created successfully: { userUid: [32m'a02d1d8d-5b1d-4dc3-9cb4-4051281d620c'[39m }
Inserting auth data...
User created successfully: { userUid: [32m'a565d73f-4ce0-4ab6-9d3d-97f939e2c70e'[39m }
Inserting auth data...
User created successfully: { userUid: [32m'2af3dd51-a93a-49bd-9436-d8e79e06b2bd'[39m }
Inserting auth data...
User created successfully: { userUid: [32m'806cfc09-f9bd-4636-86ee-876305cacb0a'[39m }
Inserting auth data...
User created successfully: { userUid: [32m'6d4d546c-f3e5-4ffd-bc7a-3b5ecd1851a3'[39m }
Inserting auth data...
User created successfully: { userUid: [32m'3b2961ca-6952-4846-9f28-0bc608ac7730'[39m }
Inserting auth data...
User created successfully: { userUid: [32m'cc29c568-4c11-4c88-98f9-e4a74fa8f599'[39m }
Inserting auth data...
User created successfully: { userUid: [32m'c18aafe5-8815-4f87-af24-247c90d4684d'[39m }
Inserting auth data...
User created successfully: { userUid: [32m'e3055577-96b0-4519-bac9-dca8aab3f204'[39m }
Inserting auth data...
User created successfully: { userUid: [32m'e6262f8e-544b-4c11-aa11-cd8ec03f6980'[39m }
Inserting auth data...
User created successfully: { userUid: [32m'bfe5762d-c241-40b6-8ae1-27f5a918b919'[39m }
Inserting auth data...
User created successfully: { userUid: [32m'74763e3d-5a41-4869-93a5-14c59e583840'[39m }
Inserting auth data...
User created successfully: { userUid: [32m'3476a8e3-5b0b-4a9e-a712-55b1245f25f1'[39m }
Inserting auth data...
User created successfully: { userUid: [32m'293933f8-20aa-4261-9e67-694be4be6d40'[39m }
Inserting auth data...
User created successfully: { userUid: [32m'670590b9-2be4-4cee-80bc-64f8f45f0b21'[39m }
Inserting auth data...
User created successfully: { userUid: [32m'f44eb8b6-1236-41aa-ae01-b3700edcb336'[39m }
Inserting auth data...
User created successfully: { userUid: [32m'9eaf75cc-a0c4-4913-913b-d3483b6c0687'[39m }
Inserting auth data...
User created successfully: { userUid: [32m'3a60df03-6e6d-4822-a5a2-330a4c666ee2'[39m }
Inserting auth data...
User created successfully: { userUid: [32m'2bee5564-16d0-4462-8924-b37bd42f9735'[39m }
Inserting auth data...
User created successfully: { userUid: [32m'7f967174-f58b-434d-b7b5-26460cbce161'[39m }
Inserting auth data...
User created successfully: { userUid: [32m'8ceabdaf-1656-4763-a214-001b658284ad'[39m }
Inserting auth data...
User created successfully: { userUid: [32m'ea6a8676-3aa0-47fb-b72d-a1fe673f2a54'[39m }
Inserting auth data...
User created successfully: { userUid: [32m'fbbba4c6-d7ac-485a-97b0-8ecd21d6df1f'[39m }
Inserting auth data...
User created successfully: { userUid: [32m'3877e9fa-7ff6-4be6-857e-2086b86620c8'[39m }
Inserting auth data...
User created successfully: { userUid: [32m'fd6adca0-72c7-4bcf-afba-0dcde96d553d'[39m }
Inserting auth data...
User created successfully: { userUid: [32m'0748fdb5-55f4-4848-840f-2c1e458e9fc0'[39m }
Inserting auth data...
User created successfully: { userUid: [32m'ba518169-590e-4b16-b084-f07951e33520'[39m }
Inserting auth data...
User created successfully: { userUid: [32m'338c127f-45b1-4146-b08f-0a4fd5bffd94'[39m }
Inserting auth data...
Auth record created successfully
Auth record created successfully
Auth record created successfully
Auth record created successfully
Auth record created successfully
Auth record created successfully
Auth record created successfully
Auth record created successfully
Auth record created successfully
Auth record created successfully
Auth record created successfully
Auth record created successfully
Auth record created successfully
Auth record created successfully
Auth record created successfully
Auth record created successfully
Auth record created successfully
Auth record created successfully
Auth record created successfully
Auth record created successfully
Auth record created successfully
Auth record created successfully
Auth record created successfully
Auth record created successfully
Auth record created successfully
Auth record created successfully
Auth record created successfully
Auth record created successfully
Auth record created successfully
Auth record created successfully
Auth record created successfully
Auth record created successfully
Auth record created successfully
Auth record created successfully
Auth record created successfully
Auth record created successfully
Auth record created successfully
Auth record created successfully
Auth record created successfully
Auth record created successfully
Auth record created successfully
Auth record created successfully
Auth record created successfully
Auth record created successfully
Auth record created successfully
Auth record created successfully
Auth record created successfully
Auth record created successfully
Auth record created successfully
Auth record created successfully
Auth record created successfully
Auth record created successfully
Auth record created successfully
Auth record created successfully
Auth record created successfully
Auth record created successfully
Auth record created successfully
Auth record created successfully
Auth record created successfully
Auth record created successfully
Auth record created successfully
Auth record created successfully
Auth record created successfully
Auth record created successfully
Auth record created successfully
Auth record created successfully
Auth record created successfully
Auth record created successfully
Auth record created successfully
Auth record created successfully
Auth record created successfully
Auth record created successfully
Auth record created successfully
Auth record created successfully
Auth record created successfully
Auth record created successfully
Auth record created successfully
Auth record created successfully
Auth record created successfully
Auth record created successfully
Auth record created successfully
Auth record created successfully
Auth record created successfully
Auth record created successfully
Auth record created successfully
Auth record created successfully
Auth record created successfully
Auth record created successfully
Auth record created successfully
Auth record created successfully
Auth record created successfully
Auth record created successfully
Auth record created successfully
Auth record created successfully
Auth record created successfully
Auth record created successfully
Auth record created successfully
Auth record created successfully
Auth record created successfully
Auth record created successfully

 [31m❯[39m tests/api/employees/security.test.ts [2m([22m[2m22 tests[22m[2m | [22m[31m4 failed[39m[2m)[22m[32m 60[2mms[22m[39m
[31m       [31m×[31m should handle SQL injection in firstName[39m[32m 12[2mms[22m[39m
       [32m✓[39m should handle SQL injection in lastName[32m 2[2mms[22m[39m
       [32m✓[39m should handle SQL injection in email[32m 1[2mms[22m[39m
       [32m✓[39m should handle SQL injection in phoneNumber[32m 0[2mms[22m[39m
       [32m✓[39m should handle SQL injection in parentUserUid[32m 1[2mms[22m[39m
       [32m✓[39m should handle XSS in firstName (VULNERABILITY)[32m 1[2mms[22m[39m
       [32m✓[39m should handle XSS in lastName (VULNERABILITY)[32m 1[2mms[22m[39m
[31m       [31m×[31m should handle XSS in email (caught by validation)[39m[32m 2[2mms[22m[39m
       [32m✓[39m should handle polyglot XSS payload (VULNERABILITY)[32m 1[2mms[22m[39m
       [32m✓[39m should handle command injection in firstName (VULNERABILITY)[32m 1[2mms[22m[39m
       [32m✓[39m should handle pipe command injection[32m 1[2mms[22m[39m
       [32m✓[39m should handle path traversal in firstName (VULNERABILITY)[32m 1[2mms[22m[39m
       [32m✓[39m should handle URL-encoded path traversal[32m 1[2mms[22m[39m
       [32m✓[39m should handle very long firstName (10,000 characters)[32m 1[2mms[22m[39m
       [32m✓[39m should handle very long lastName (50,000 characters)[32m 2[2mms[22m[39m
[31m       [31m×[31m should handle very long email (causes validation failure)[39m[32m 2[2mms[22m[39m
       [32m✓[39m should handle NoSQL injection in firstName[32m 1[2mms[22m[39m
       [32m✓[39m should handle LDAP injection in firstName[32m 1[2mms[22m[39m
[31m       [31m×[31m should leak database structure in error messages (VULNERABILITY)[39m[32m 2[2mms[22m[39m
       [32m✓[39m should allow requests without authentication (VULNERABILITY)[32m 1[2mms[22m[39m
       [32m✓[39m should allow adding employees to any garage (VULNERABILITY)[32m 1[2mms[22m[39m
       [32m✓[39m should allow rapid consecutive requests (VULNERABILITY)[32m 23[2mms[22m[39m

[2m Test Files [22m [1m[31m4 failed[39m[22m[90m (4)[39m
[2m      Tests [22m [1m[31m20 failed[39m[22m[2m | [22m[1m[32m73 passed[39m[22m[90m (93)[39m
[2m   Start at [22m 22:03:18
[2m   Duration [22m 375ms[2m (transform 149ms, setup 45ms, import 291ms, tests 155ms, environment 609ms)[22m

